01-10 23:03:07.638   582   582 I SurfaceFlinger: isIncludeStatusBarAndNavBar (1)
01-10 23:03:07.638   582   582 I SurfaceFlinger: screenshot (Background for -SurfaceView - com.YourCompany.Proj/com.epicgames.ue4.GameActivity#0)
01-10 23:03:07.638   582   582 I SurfaceFlinger: isIncludeStatusBarAndNavBar (1)
01-10 23:03:07.639   582   582 I SurfaceFlinger: screenshot (SurfaceView - com.YourCompany.Proj/com.epicgames.ue4.GameActivity#0)
01-10 23:03:07.639   582   582 I SurfaceFlinger: isIncludeStatusBarAndNavBar (1)
01-10 23:03:07.639   582   582 I SurfaceFlinger: screenshot (com.YourCompany.Proj/com.epicgames.ue4.GameActivity#1)
01-10 23:03:07.639   582   582 I SurfaceFlinger: isIncludeStatusBarAndNavBar (1)
01-10 23:03:07.639   582   582 I SurfaceFlinger: screenshot (MiuiContrastOverlay#0)
01-10 23:03:07.639   582   582 I SurfaceFlinger: isIncludeStatusBarAndNavBar (1)
01-10 23:03:07.646   815   918 D AAL     : 01-10 11:03:07.381 BL= 104,ESS= 320, 01-10 11:03:07.433 BL= 104,ESS= 318, 01-10 11:03:07.513 BL= 105,ESS= 316, 01-10 11:03:07.595 BL= 105,ESS= 314, 01-10 11:03:07.646 BL= 106,ESS= 314, 
01-10 23:03:07.671   433   443 E PSITrigger: get PSI events detail failed!! errno=25
01-10 23:03:07.682  7950  8158 I System.out: [OkHttp] sendRequest>>
01-10 23:03:07.682  7950  8158 I System.out: [OkHttp] sendRequest<<
01-10 23:03:07.728   573   573 I lowmemorykiller: 8 memory pressure events were skipped after a kill!
01-10 23:03:07.755   582   582 I SurfaceFlinger: screenshot (Letterbox - left#1)
01-10 23:03:07.755   582   582 I SurfaceFlinger: isIncludeStatusBarAndNavBar (1)
01-10 23:03:07.755   582   582 I SurfaceFlinger: screenshot (Background for -SurfaceView - com.YourCompany.Proj/com.epicgames.ue4.GameActivity#0)
01-10 23:03:07.755   582   582 I SurfaceFlinger: isIncludeStatusBarAndNavBar (1)
01-10 23:03:07.755   582   582 I SurfaceFlinger: screenshot (SurfaceView - com.YourCompany.Proj/com.epicgames.ue4.GameActivity#0)
01-10 23:03:07.755   582   582 I SurfaceFlinger: isIncludeStatusBarAndNavBar (1)
01-10 23:03:07.755   582   582 I SurfaceFlinger: screenshot (com.YourCompany.Proj/com.epicgames.ue4.GameActivity#1)
01-10 23:03:07.755   582   582 I SurfaceFlinger: isIncludeStatusBarAndNavBar (1)
01-10 23:03:07.755   582   582 I SurfaceFlinger: screenshot (MiuiContrastOverlay#0)
01-10 23:03:07.755   582   582 I SurfaceFlinger: isIncludeStatusBarAndNavBar (1)
01-10 23:03:07.781   582   625 I BufferQueueProducer: [SurfaceView - com.YourCompany.Proj/com.epicgames.ue4.GameActivity#0](this:0x729a14e800,id:3208,api:1,p:15405,c:582) queueBuffer: fps=34.98 dur=1000.61 max=276.94 min=9.15
01-10 23:03:07.820   516 19115 I hwcomposer: [HWCDisplay] [Display_0 (type:1)] fps:39.049778,dur:1024.33,max:284.71,min:7.53  
01-10 23:03:07.832  7950  8158 I PlayCommon: [1786] awdl.h(198): Successfully uploaded logs.
01-10 23:03:07.835   573   573 I lowmemorykiller: 8 memory pressure events were skipped after a kill!
01-10 23:03:07.871   582   582 I SurfaceFlinger: screenshot (Letterbox - left#1)
01-10 23:03:07.872   582   582 I SurfaceFlinger: isIncludeStatusBarAndNavBar (1)
01-10 23:03:07.872   582   582 I SurfaceFlinger: screenshot (Background for -SurfaceView - com.YourCompany.Proj/com.epicgames.ue4.GameActivity#0)
01-10 23:03:07.872   582   582 I SurfaceFlinger: isIncludeStatusBarAndNavBar (1)
01-10 23:03:07.872   582   582 I SurfaceFlinger: screenshot (SurfaceView - com.YourCompany.Proj/com.epicgames.ue4.GameActivity#0)
01-10 23:03:07.872   582   582 I SurfaceFlinger: isIncludeStatusBarAndNavBar (1)
01-10 23:03:07.872   582   582 I SurfaceFlinger: screenshot (com.YourCompany.Proj/com.epicgames.ue4.GameActivity#1)
01-10 23:03:07.872   582   582 I SurfaceFlinger: isIncludeStatusBarAndNavBar (1)
01-10 23:03:07.872   582   582 I SurfaceFlinger: screenshot (MiuiContrastOverlay#0)
01-10 23:03:07.872   582   582 I SurfaceFlinger: isIncludeStatusBarAndNavBar (1)
01-10 23:03:07.896   815   918 D AAL     : 01-10 11:03:07.696 BL= 106,ESS= 312, 01-10 11:03:07.780 BL= 107,ESS= 310, 01-10 11:03:07.879 BL= 107,ESS= 308, 
01-10 23:03:07.944   573   573 I lowmemorykiller: 8 memory pressure events were skipped after a kill!
01-10 23:03:07.972   582   582 I SurfaceFlinger: screenshot (Letterbox - left#1)
01-10 23:03:07.972   582   582 I SurfaceFlinger: isIncludeStatusBarAndNavBar (1)
01-10 23:03:07.972   582   582 I SurfaceFlinger: screenshot (Background for -SurfaceView - com.YourCompany.Proj/com.epicgames.ue4.GameActivity#0)
01-10 23:03:07.972   582   582 I SurfaceFlinger: isIncludeStatusBarAndNavBar (1)
01-10 23:03:07.972   582   582 I SurfaceFlinger: screenshot (SurfaceView - com.YourCompany.Proj/com.epicgames.ue4.GameActivity#0)
01-10 23:03:07.972   582   582 I SurfaceFlinger: isIncludeStatusBarAndNavBar (1)
01-10 23:03:07.972   582   582 I SurfaceFlinger: screenshot (com.YourCompany.Proj/com.epicgames.ue4.GameActivity#1)
01-10 23:03:07.972   582   582 I SurfaceFlinger: isIncludeStatusBarAndNavBar (1)
01-10 23:03:07.972   582   582 I SurfaceFlinger: screenshot (MiuiContrastOverlay#0)
01-10 23:03:07.972   582   582 I SurfaceFlinger: isIncludeStatusBarAndNavBar (1)
01-10 23:03:08.051   573   573 I lowmemorykiller: 8 memory pressure events were skipped after a kill!
01-10 23:03:08.089   582   582 I SurfaceFlinger: screenshot (Letterbox - left#1)
01-10 23:03:08.089   582   582 I SurfaceFlinger: isIncludeStatusBarAndNavBar (1)
01-10 23:03:08.089   582   582 I SurfaceFlinger: screenshot (Background for -SurfaceView - com.YourCompany.Proj/com.epicgames.ue4.GameActivity#0)
01-10 23:03:08.089   582   582 I SurfaceFlinger: isIncludeStatusBarAndNavBar (1)
01-10 23:03:08.089   582   582 I SurfaceFlinger: screenshot (SurfaceView - com.YourCompany.Proj/com.epicgames.ue4.GameActivity#0)
01-10 23:03:08.089   582   582 I SurfaceFlinger: isIncludeStatusBarAndNavBar (1)
01-10 23:03:08.089   582   582 I SurfaceFlinger: screenshot (com.YourCompany.Proj/com.epicgames.ue4.GameActivity#1)
01-10 23:03:08.089   582   582 I SurfaceFlinger: isIncludeStatusBarAndNavBar (1)
01-10 23:03:08.089   582   582 I SurfaceFlinger: screenshot (MiuiContrastOverlay#0)
01-10 23:03:08.089   582   582 I SurfaceFlinger: isIncludeStatusBarAndNavBar (1)
01-10 23:03:08.179   497   497 D Zygote  : Forked child process 15532
01-10 23:03:08.180  1235  1328 D Boost   : hostingType=service, hostingName={com.miui.core/miui.autoinstall.config.service.AutoInstallService}, callerPackage=com.miui.core, isSystem=true, isBoostNeeded=false.
01-10 23:03:08.181   496   496 D OemNetd : setPidForPackage: packageName=com.miui.core, pid=15532, pid=10093
01-10 23:03:08.181  1235  1328 I ActivityManager: Start proc 15532:com.miui.core/u0a93 for service {com.miui.core/miui.autoinstall.config.service.AutoInstallService} caller=com.miui.core
01-10 23:03:08.193 15532 15532 E com.miui.core: Not starting debugger since process cannot load the jdwp agent.
01-10 23:03:08.201  1235  2878 V ActivityManager: New death recipient com.android.server.am.ActivityManagerService$AppDeathRecipient@4bfd36c for thread android.os.BinderProxy@9a01d35, pid:15532,mApp:null
01-10 23:03:08.205  1235  1452 I MiuiNetworkPolicy: updateUidState uid = 10093, uidState = 11
01-10 23:03:08.205   582   582 I SurfaceFlinger: screenshot (Letterbox - left#1)
01-10 23:03:08.205   582   582 I SurfaceFlinger: isIncludeStatusBarAndNavBar (1)
01-10 23:03:08.205   582   582 I SurfaceFlinger: screenshot (Background for -SurfaceView - com.YourCompany.Proj/com.epicgames.ue4.GameActivity#0)
01-10 23:03:08.205   582   582 I SurfaceFlinger: isIncludeStatusBarAndNavBar (1)
01-10 23:03:08.205   582   582 I SurfaceFlinger: screenshot (SurfaceView - com.YourCompany.Proj/com.epicgames.ue4.GameActivity#0)
01-10 23:03:08.205   582   582 I SurfaceFlinger: isIncludeStatusBarAndNavBar (1)
01-10 23:03:08.206   582   582 I SurfaceFlinger: screenshot (com.YourCompany.Proj/com.epicgames.ue4.GameActivity#1)
01-10 23:03:08.206   582   582 I SurfaceFlinger: isIncludeStatusBarAndNavBar (1)
01-10 23:03:08.206   582   582 I SurfaceFlinger: screenshot (MiuiContrastOverlay#0)
01-10 23:03:08.206   582   582 I SurfaceFlinger: isIncludeStatusBarAndNavBar (1)
01-10 23:03:08.322   582   582 I SurfaceFlinger: screenshot (Letterbox - left#1)
01-10 23:03:08.322   582   582 I SurfaceFlinger: isIncludeStatusBarAndNavBar (1)
01-10 23:03:08.322   582   582 I SurfaceFlinger: screenshot (Background for -SurfaceView - com.YourCompany.Proj/com.epicgames.ue4.GameActivity#0)
01-10 23:03:08.322   582   582 I SurfaceFlinger: isIncludeStatusBarAndNavBar (1)
01-10 23:03:08.322   582   582 I SurfaceFlinger: screenshot (SurfaceView - com.YourCompany.Proj/com.epicgames.ue4.GameActivity#0)
01-10 23:03:08.322   582   582 I SurfaceFlinger: isIncludeStatusBarAndNavBar (1)
01-10 23:03:08.322   582   582 I SurfaceFlinger: screenshot (com.YourCompany.Proj/com.epicgames.ue4.GameActivity#1)
01-10 23:03:08.322   582   582 I SurfaceFlinger: isIncludeStatusBarAndNavBar (1)
01-10 23:03:08.322   582   582 I SurfaceFlinger: screenshot (MiuiContrastOverlay#0)
01-10 23:03:08.322   582   582 I SurfaceFlinger: isIncludeStatusBarAndNavBar (1)
01-10 23:03:08.371   794  1022 E Situation: processEvent, handle:26, flush_action:0
01-10 23:03:08.371  1235  1319 V WindowOrientationListener: Proposed rotation changed!  mDesiredRotation=1, newRotation=1
01-10 23:03:08.375 15532 15532 W ResourceType: CREATING STRING CACHE OF 136 bytes
01-10 23:03:08.373 15532 15532 W com.miui.core: type=1400 audit(0.0:50735): avc: denied { read } for name="u:object_r:vendor_default_prop:s0" dev="tmpfs" ino=370 scontext=u:r:untrusted_app:s0:c93,c256,c512,c768 tcontext=u:object_r:vendor_default_prop:s0 tclass=file permissive=0
01-10 23:03:08.378 15532 15532 E libc    : Access denied finding property "ro.vendor.display.type"
01-10 23:03:08.392 15532 15532 D miuisdk : current sdk level is 23
01-10 23:03:08.392 15532 15532 I miuisdk : initialize without hook
01-10 23:03:08.394 10052 10052 I ADB_SERVICES: service_to_fd shell,v2,raw:ps
01-10 23:03:08.422   582   582 I SurfaceFlinger: screenshot (Letterbox - left#1)
01-10 23:03:08.422   582   582 I SurfaceFlinger: isIncludeStatusBarAndNavBar (1)
01-10 23:03:08.422   582   582 I SurfaceFlinger: screenshot (Background for -SurfaceView - com.YourCompany.Proj/com.epicgames.ue4.GameActivity#0)
01-10 23:03:08.422   582   582 I SurfaceFlinger: isIncludeStatusBarAndNavBar (1)
01-10 23:03:08.423   582   582 I SurfaceFlinger: screenshot (SurfaceView - com.YourCompany.Proj/com.epicgames.ue4.GameActivity#0)
01-10 23:03:08.423   582   582 I SurfaceFlinger: isIncludeStatusBarAndNavBar (1)
01-10 23:03:08.423   582   582 I SurfaceFlinger: screenshot (com.YourCompany.Proj/com.epicgames.ue4.GameActivity#1)
01-10 23:03:08.423   582   582 I SurfaceFlinger: isIncludeStatusBarAndNavBar (1)
01-10 23:03:08.423   582   582 I SurfaceFlinger: screenshot (MiuiContrastOverlay#0)
01-10 23:03:08.423   582   582 I SurfaceFlinger: isIncludeStatusBarAndNavBar (1)
01-10 23:03:08.427 15532 15532 W Linkify.v16: reflect applyLink failed: 
01-10 23:03:08.427 15532 15532 W Linkify.v16: miui.reflect.NoSuchMethodException: Couldn't find method android/text/util/Linkify.applyLink(Ljava/lang/String;IILandroid/text/Spannable;)V
01-10 23:03:08.427 15532 15532 W Linkify.v16: 	at com.miui.internal.os.Native.getMethod(Native Method)
01-10 23:03:08.427 15532 15532 W Linkify.v16: 	at miui.reflect.Method.of(Method.java:35)
01-10 23:03:08.427 15532 15532 W Linkify.v16: 	at com.miui.internal.variable.v16.Android_Text_Util_Linkify_class.<clinit>(Android_Text_Util_Linkify_class.java:70)
01-10 23:03:08.427 15532 15532 W Linkify.v16: 	at java.lang.Class.classForName(Native Method)
01-10 23:03:08.427 15532 15532 W Linkify.v16: 	at java.lang.Class.forName(Class.java:454)
01-10 23:03:08.427 15532 15532 W Linkify.v16: 	at java.lang.Class.forName(Class.java:379)
01-10 23:03:08.427 15532 15532 W Linkify.v16: 	at com.miui.internal.variable.AbsClassFactory.create(AbsClassFactory.java:24)
01-10 23:03:08.427 15532 15532 W Linkify.v16: 	at com.miui.internal.variable.Android_Text_Util_Linkify_class$Factory.<init>(Android_Text_Util_Linkify_class.java:40)
01-10 23:03:08.427 15532 15532 W Linkify.v16: 	at com.miui.internal.variable.Android_Text_Util_Linkify_class$Factory.<init>(Android_Text_Util_Linkify_class.java:26)
01-10 23:03:08.427 15532 15532 W Linkify.v16: 	at com.miui.internal.variable.Android_Text_Util_Linkify_class$Factory$1.createInstance(Android_Text_Util_Linkify_class.java:32)
01-10 23:03:08.427 15532 15532 W Linkify.v16: 	at com.miui.internal.variable.Android_Text_Util_Linkify_class$Factory$1.createInstance(Android_Text_Util_Linkify_class.java:29)
01-10 23:03:08.427 15532 15532 W Linkify.v16: 	at miui.util.SoftReferenceSingleton.get(SoftReferenceSingleton.java:25)
01-10 23:03:08.427 15532 15532 W Linkify.v16: 	at com.miui.internal.variable.Android_Text_Util_Linkify_class$Factory.getInstance(Android_Text_Util_Linkify_class.java:44)
01-10 23:03:08.427 15532 15532 W Linkify.v16: 	at com.miui.internal.initialization.OverrideHelper.doInitialize(OverrideHelper.java:37)
01-10 23:03:08.427 15532 15532 W Linkify.v16: 	at miui.core.SdkManager.initialize(SdkManager.java:99)
01-10 23:03:08.427 15532 15532 W Linkify.v16: 	at com.miui.internal.app.MiuiApplication.<init>(MiuiApplication.java:19)
01-10 23:03:08.427 15532 15532 W Linkify.v16: 	at java.lang.Class.newInstance(Native Method)
01-10 23:03:08.427 15532 15532 W Linkify.v16: 	at android.app.AppComponentFactory.instantiateApplication(AppComponentFactory.java:76)
01-10 23:03:08.427 15532 15532 W Linkify.v16: 	at android.app.Instrumentation.newApplication(Instrumentation.java:1155)
01-10 23:03:08.427 15532 15532 W Linkify.v16: 	at android.app.LoadedApk.makeApplication(LoadedApk.java:1222)
01-10 23:03:08.427 15532 15532 W Linkify.v16: 	at android.app.ActivityThread.handleBindApplication(ActivityThread.java:6562)
01-10 23:03:08.427 15532 15532 W Linkify.v16: 	at android.app.ActivityThread.access$1500(ActivityThread.java:230)
01-10 23:03:08.427 15532 15532 W Linkify.v16: 	at android.app.ActivityThread$H.handleMessage(ActivityThread.java:1911)
01-10 23:03:08.427 15532 15532 W Linkify.v16: 	at android.os.Handler.dispatchMessage(Handler.java:107)
01-10 23:03:08.427 15532 15532 W Linkify.v16: 	at android.os.Looper.loop(Looper.java:224)
01-10 23:03:08.427 15532 15532 W Linkify.v16: 	at android.app.ActivityThread.main(ActivityThread.java:7551)
01-10 23:03:08.427 15532 15532 W Linkify.v16: 	at java.lang.reflect.Method.invoke(Native Method)
01-10 23:03:08.427 15532 15532 W Linkify.v16: 	at com.android.internal.os.RuntimeInit$MethodAndArgsCaller.run(RuntimeInit.java:539)
01-10 23:03:08.427 15532 15532 W Linkify.v16: 	at com.android.internal.os.ZygoteInit.main(ZygoteInit.java:995)
01-10 23:03:08.481 10052 15554 I ADB_SERVICES: post waitpid (pid=15553) status=0000
01-10 23:03:08.482 10052 10052 I ADB_SERVICES: for fd 26, revents = 2011
01-10 23:03:08.482 10052 10052 I ADB_SERVICES: for fd 26, revents = 2011
01-10 23:03:08.482 15532 15532 V TelocationProvider: Read Telocation from /data/user_de/0/com.miui.core/files/idf/telocation.idf
01-10 23:03:08.482 15532 15532 I TelocationProvider: Telocation version :41
01-10 23:03:08.538   582   582 I SurfaceFlinger: screenshot (Letterbox - left#1)
01-10 23:03:08.538   582   582 I SurfaceFlinger: isIncludeStatusBarAndNavBar (1)
01-10 23:03:08.538   582   582 I SurfaceFlinger: screenshot (Background for -SurfaceView - com.YourCompany.Proj/com.epicgames.ue4.GameActivity#0)
01-10 23:03:08.538   582   582 I SurfaceFlinger: isIncludeStatusBarAndNavBar (1)
01-10 23:03:08.538   582   582 I SurfaceFlinger: screenshot (SurfaceView - com.YourCompany.Proj/com.epicgames.ue4.GameActivity#0)
01-10 23:03:08.538   582   582 I SurfaceFlinger: isIncludeStatusBarAndNavBar (1)
01-10 23:03:08.538   582   582 I SurfaceFlinger: screenshot (com.YourCompany.Proj/com.epicgames.ue4.GameActivity#1)
01-10 23:03:08.538   582   582 I SurfaceFlinger: isIncludeStatusBarAndNavBar (1)
01-10 23:03:08.539   582   582 I SurfaceFlinger: screenshot (MiuiContrastOverlay#0)
01-10 23:03:08.539   582   582 I SurfaceFlinger: isIncludeStatusBarAndNavBar (1)
01-10 23:03:08.638   582   582 I SurfaceFlinger: screenshot (Letterbox - left#1)
01-10 23:03:08.638   582   582 I SurfaceFlinger: isIncludeStatusBarAndNavBar (1)
01-10 23:03:08.638   582   582 I SurfaceFlinger: screenshot (Background for -SurfaceView - com.YourCompany.Proj/com.epicgames.ue4.GameActivity#0)
01-10 23:03:08.638   582   582 I SurfaceFlinger: isIncludeStatusBarAndNavBar (1)
01-10 23:03:08.639   582   582 I SurfaceFlinger: screenshot (SurfaceView - com.YourCompany.Proj/com.epicgames.ue4.GameActivity#0)
01-10 23:03:08.639   582   582 I SurfaceFlinger: isIncludeStatusBarAndNavBar (1)
01-10 23:03:08.639   582   582 I SurfaceFlinger: screenshot (com.YourCompany.Proj/com.epicgames.ue4.GameActivity#1)
01-10 23:03:08.639   582   582 I SurfaceFlinger: isIncludeStatusBarAndNavBar (1)
01-10 23:03:08.639   582   582 I SurfaceFlinger: screenshot (MiuiContrastOverlay#0)
01-10 23:03:08.639   582   582 I SurfaceFlinger: isIncludeStatusBarAndNavBar (1)
01-10 23:03:08.655 15532 15532 I FeatureParser: can't find begonia.xml in assets/device_features/,it may be in /system/etc/device_features
01-10 23:03:08.657 15532 15532 W com.miui.core: type=1400 audit(0.0:50736): avc: denied { read } for name="u:object_r:vendor_displayfeature_prop:s0" dev="tmpfs" ino=371 scontext=u:r:untrusted_app:s0:c93,c256,c512,c768 tcontext=u:object_r:vendor_displayfeature_prop:s0 tclass=file permissive=0
01-10 23:03:08.661 15532 15532 E libc    : Access denied finding property "ro.vendor.df.effect.conflict"
01-10 23:03:08.708  1235  1449 D NtpTrustedTime: currentTimeMillis() cache hit
01-10 23:03:08.709   496   496 I netd    : trafficSwapActiveStatsMap() <0.31ms>
01-10 23:03:08.713   496   496 I netd    : tetherGetStats() <1.72ms>
01-10 23:03:08.740  1235  1449 D NtpTrustedTime: currentTimeMillis() cache hit
01-10 23:03:08.743  2739  4174 I TrafficManageService: mina mTrafficStatsReceiver onReceive
01-10 23:03:08.744   496   496 I netd    : bandwidthSetGlobalAlert(131072) <0.46ms>
01-10 23:03:08.746  2739  4174 I TrafficManageService: mina checkNormalTrafficStatus 
01-10 23:03:08.755   582   582 I SurfaceFlinger: screenshot (Letterbox - left#1)
01-10 23:03:08.755   582   582 I SurfaceFlinger: isIncludeStatusBarAndNavBar (1)
01-10 23:03:08.755   582   582 I SurfaceFlinger: screenshot (Background for -SurfaceView - com.YourCompany.Proj/com.epicgames.ue4.GameActivity#0)
01-10 23:03:08.755   582   582 I SurfaceFlinger: isIncludeStatusBarAndNavBar (1)
01-10 23:03:08.755   582   582 I SurfaceFlinger: screenshot (SurfaceView - com.YourCompany.Proj/com.epicgames.ue4.GameActivity#0)
01-10 23:03:08.755   582   582 I SurfaceFlinger: isIncludeStatusBarAndNavBar (1)
01-10 23:03:08.755   582   582 I SurfaceFlinger: screenshot (com.YourCompany.Proj/com.epicgames.ue4.GameActivity#1)
01-10 23:03:08.755   582   582 I SurfaceFlinger: isIncludeStatusBarAndNavBar (1)
01-10 23:03:08.755   582   582 I SurfaceFlinger: screenshot (MiuiContrastOverlay#0)
01-10 23:03:08.755   582   582 I SurfaceFlinger: isIncludeStatusBarAndNavBar (1)
01-10 23:03:08.759   433   443 E PSITrigger: get PSI events detail failed!! errno=25
01-10 23:03:08.759   433   443 E PSITrigger: get PSI events detail failed!! errno=25
01-10 23:03:08.779   815   918 D AAL     : 01-10 11:03:08.702 BL= 108,ESS= 308, 
01-10 23:03:08.782   582  1253 I BufferQueueProducer: [SurfaceView - com.YourCompany.Proj/com.epicgames.ue4.GameActivity#0](this:0x729a14e800,id:3208,api:1,p:15405,c:582) queueBuffer: fps=57.97 dur=1000.47 max=29.26 min=9.34
01-10 23:03:08.837   516 19115 I hwcomposer: [HWCDisplay] [Display_0 (type:1)] fps:59.014191,dur:1016.70,max:33.40,min:14.51  
01-10 23:03:08.855   582   582 I SurfaceFlinger: screenshot (Letterbox - left#1)
01-10 23:03:08.855   582   582 I SurfaceFlinger: isIncludeStatusBarAndNavBar (1)
01-10 23:03:08.855   582   582 I SurfaceFlinger: screenshot (Background for -SurfaceView - com.YourCompany.Proj/com.epicgames.ue4.GameActivity#0)
01-10 23:03:08.855   582   582 I SurfaceFlinger: isIncludeStatusBarAndNavBar (1)
01-10 23:03:08.855   582   582 I SurfaceFlinger: screenshot (SurfaceView - com.YourCompany.Proj/com.epicgames.ue4.GameActivity#0)
01-10 23:03:08.855   582   582 I SurfaceFlinger: isIncludeStatusBarAndNavBar (1)
01-10 23:03:08.855   582   582 I SurfaceFlinger: screenshot (com.YourCompany.Proj/com.epicgames.ue4.GameActivity#1)
01-10 23:03:08.855   582   582 I SurfaceFlinger: isIncludeStatusBarAndNavBar (1)
01-10 23:03:08.855   582   582 I SurfaceFlinger: screenshot (MiuiContrastOverlay#0)
01-10 23:03:08.855   582   582 I SurfaceFlinger: isIncludeStatusBarAndNavBar (1)
01-10 23:03:08.856  6714 15204 W ConnectionTracker: Exception thrown while unbinding
01-10 23:03:08.856  6714 15204 W ConnectionTracker: java.lang.IllegalArgumentException: Service not registered: ls@a1829b0
01-10 23:03:08.856  6714 15204 W ConnectionTracker: 	at android.app.LoadedApk.forgetServiceDispatcher(LoadedApk.java:1759)
01-10 23:03:08.856  6714 15204 W ConnectionTracker: 	at android.app.ContextImpl.unbindService(ContextImpl.java:1787)
01-10 23:03:08.856  6714 15204 W ConnectionTracker: 	at android.content.ContextWrapper.unbindService(ContextWrapper.java:751)
01-10 23:03:08.856  6714 15204 W ConnectionTracker: 	at ci.f(:com.google.android.gms.dynamite_measurementdynamite@204714081@20.47.14 (120400-0):1)
01-10 23:03:08.856  6714 15204 W ConnectionTracker: 	at ci.d(:com.google.android.gms.dynamite_measurementdynamite@204714081@20.47.14 (120400-0):2)
01-10 23:03:08.856  6714 15204 W ConnectionTracker: 	at lt.E(:com.google.android.gms.dynamite_measurementdynamite@204714081@20.47.14 (120400-0):9)
01-10 23:03:08.856  6714 15204 W ConnectionTracker: 	at ld.a(:com.google.android.gms.dynamite_measurementdynamite@204714081@20.47.14 (120400-0):3)
01-10 23:03:08.856  6714 15204 W ConnectionTracker: 	at ef.run(:com.google.android.gms.dynamite_measurementdynamite@204714081@20.47.14 (120400-0):3)
01-10 23:03:08.856  6714 15204 W ConnectionTracker: 	at java.util.concurrent.Executors$RunnableAdapter.call(Executors.java:462)
01-10 23:03:08.856  6714 15204 W ConnectionTracker: 	at java.util.concurrent.FutureTask.run(FutureTask.java:266)
01-10 23:03:08.856  6714 15204 W ConnectionTracker: 	at iy.run(:com.google.android.gms.dynamite_measurementdynamite@204714081@20.47.14 (120400-0):5)
01-10 23:03:08.883   538   597 I libPowerHal: 31: cpu_ctrl set freq: -1 -1 -1 -1
01-10 23:03:08.972   582   582 I SurfaceFlinger: screenshot (Letterbox - left#1)
01-10 23:03:08.972   582   582 I SurfaceFlinger: isIncludeStatusBarAndNavBar (1)
01-10 23:03:08.972   582   582 I SurfaceFlinger: screenshot (Background for -SurfaceView - com.YourCompany.Proj/com.epicgames.ue4.GameActivity#0)
01-10 23:03:08.972   582   582 I SurfaceFlinger: isIncludeStatusBarAndNavBar (1)
01-10 23:03:08.972   582   582 I SurfaceFlinger: screenshot (SurfaceView - com.YourCompany.Proj/com.epicgames.ue4.GameActivity#0)
01-10 23:03:08.972   582   582 I SurfaceFlinger: isIncludeStatusBarAndNavBar (1)
01-10 23:03:08.972   582   582 I SurfaceFlinger: screenshot (com.YourCompany.Proj/com.epicgames.ue4.GameActivity#1)
01-10 23:03:08.972   582   582 I SurfaceFlinger: isIncludeStatusBarAndNavBar (1)
01-10 23:03:08.972   582   582 I SurfaceFlinger: screenshot (MiuiContrastOverlay#0)
01-10 23:03:08.972   582   582 I SurfaceFlinger: isIncludeStatusBarAndNavBar (1)
01-10 23:03:09.073   582   582 I SurfaceFlinger: screenshot (Letterbox - left#1)
01-10 23:03:09.073   582   582 I SurfaceFlinger: isIncludeStatusBarAndNavBar (1)
01-10 23:03:09.073   582   582 I SurfaceFlinger: screenshot (Background for -SurfaceView - com.YourCompany.Proj/com.epicgames.ue4.GameActivity#0)
01-10 23:03:09.073   582   582 I SurfaceFlinger: isIncludeStatusBarAndNavBar (1)
01-10 23:03:09.073   582   582 I SurfaceFlinger: screenshot (SurfaceView - com.YourCompany.Proj/com.epicgames.ue4.GameActivity#0)
01-10 23:03:09.073   582   582 I SurfaceFlinger: isIncludeStatusBarAndNavBar (1)
01-10 23:03:09.073   582   582 I SurfaceFlinger: screenshot (com.YourCompany.Proj/com.epicgames.ue4.GameActivity#1)
01-10 23:03:09.073   582   582 I SurfaceFlinger: isIncludeStatusBarAndNavBar (1)
01-10 23:03:09.073   582   582 I SurfaceFlinger: screenshot (MiuiContrastOverlay#0)
01-10 23:03:09.073   582   582 I SurfaceFlinger: isIncludeStatusBarAndNavBar (1)
01-10 23:03:09.188   582   582 I SurfaceFlinger: screenshot (Letterbox - left#1)
01-10 23:03:09.189   582   582 I SurfaceFlinger: isIncludeStatusBarAndNavBar (1)
01-10 23:03:09.189   582   582 I SurfaceFlinger: screenshot (Background for -SurfaceView - com.YourCompany.Proj/com.epicgames.ue4.GameActivity#0)
01-10 23:03:09.189   582   582 I SurfaceFlinger: isIncludeStatusBarAndNavBar (1)
01-10 23:03:09.189   582   582 I SurfaceFlinger: screenshot (SurfaceView - com.YourCompany.Proj/com.epicgames.ue4.GameActivity#0)
01-10 23:03:09.189   582   582 I SurfaceFlinger: isIncludeStatusBarAndNavBar (1)
01-10 23:03:09.189   582   582 I SurfaceFlinger: screenshot (com.YourCompany.Proj/com.epicgames.ue4.GameActivity#1)
01-10 23:03:09.189   582   582 I SurfaceFlinger: isIncludeStatusBarAndNavBar (1)
01-10 23:03:09.189   582   582 I SurfaceFlinger: screenshot (MiuiContrastOverlay#0)
01-10 23:03:09.189   582   582 I SurfaceFlinger: isIncludeStatusBarAndNavBar (1)
01-10 23:03:09.209  1235  1428 W InputDispatcher: [TouchInput][reader] notifyMotion - eventTime=61649204621000, deviceId=3, source=0x1002, policyFlags=0x0, action=0x0, flags=0x0, downTime=61649204621000, moveCount:0
01-10 23:03:09.209  1235  1427 W InputDispatcher: [TouchInput][dispatcher] findTouchedWindow Result=0, targetChannel 'ba29344 com.YourCompany.Proj/com.epicgames.ue4.GameActivity (server)'
01-10 23:03:09.210   582   625 I BufferQueueProducer: [Sprite#0](this:0x729a023000,id:1564,api:2,p:1235,c:582) queueBuffer: fps=0.09 dur=21561.05 max=20742.78 min=818.26
01-10 23:03:09.210 15405 15405 D ViewRootImpl: [TouchInput][ViewRootImpl] MotionEvent { action=ACTION_DOWN, id[0]=0, pointerCount=1, eventTime=61649204, downTime=61649204 } moveCount:0
01-10 23:03:09.218 15405 15442 D UE4     : [2021.01.10-20.03.09:218][160]LogAndroid: Mobile HDR: YES
01-10 23:03:09.218 15405 15442 D UE4     : [2021.01.10-20.03.09:218][160]LogAndroidWindowUtils: Setting Width=1504 and Height=720 (requested scale = 1.000000)
01-10 23:03:09.225   582   582 I BufferQueueProducer: [FramebufferSurface](this:0x7282501800,id:0,api:1,p:582,c:582) queueBuffer: fps=0.17 dur=5882.62 max=5882.62 min=5882.62
01-10 23:03:09.240   516   682 W hwcomposer: [OVL] (0) No overlay input queue(4)  
01-10 23:03:09.240   516   682 I hwcomposer: [DBQ] (q2:0x7a60640d00) Buffer queue is created with size(3)  
01-10 23:03:09.240   516   682 I hwcomposer: [DBQ] (q2:0x7a60640d00) setConsumerListener  
01-10 23:03:09.240   516   682 I hwcomposer: [DBQ] (q2:0x7a60640d00) Reallocate Slot(0), pool(0 -> 0) size(0 -> 10108800)  
01-10 23:03:09.257   516   682 I hwcomposer: [DBQ] (q2:0x7a60640d00) Reallocate Slot(1), pool(0 -> 0) size(0 -> 10108800)  
01-10 23:03:09.268  1521  1521 D PhoneStatusBar/NavigationBarView: setDisabledFlags back:false home:false recent:false
01-10 23:03:09.271  1521  1521 D PhoneStatusBar/NavigationBarView: onDraw
01-10 23:03:09.274   516   682 I hwcomposer: [DBQ] (q2:0x7a60640d00) Reallocate Slot(2), pool(0 -> 0) size(0 -> 10108800)  
01-10 23:03:09.280   582   625 I BufferQueueProducer: [StatusBar#0](this:0x729a054000,id:3,api:1,p:1521,c:582) queueBuffer: fps=6.94 dur=1872.95 max=1672.53 min=7.37
01-10 23:03:09.282   582   625 I BufferQueueProducer: [NavigationBar#0](this:0x729a14d000,id:3198,api:1,p:1521,c:582) queueBuffer: fps=0.28 dur=7216.12 max=7137.03 min=79.09
01-10 23:03:09.288  1521  1521 D PhoneStatusBar/NavigationBarView: onDraw
01-10 23:03:09.290  1521  1521 D StatusBar: disable<e i a s b h r c s > disable2<q i n g r >
01-10 23:03:09.290  1521  1521 D StatusBarClock:  isNormalMode= true clock visible=true
01-10 23:03:09.292   582   582 I SurfaceFlinger: screenshot (Letterbox - left#1)
01-10 23:03:09.292   582   582 I SurfaceFlinger: isIncludeStatusBarAndNavBar (1)
01-10 23:03:09.292   582   582 I SurfaceFlinger: screenshot (Background for -SurfaceView - com.YourCompany.Proj/com.epicgames.ue4.GameActivity#0)
01-10 23:03:09.292   582   582 I SurfaceFlinger: isIncludeStatusBarAndNavBar (1)
01-10 23:03:09.292   582   582 I SurfaceFlinger: screenshot (SurfaceView - com.YourCompany.Proj/com.epicgames.ue4.GameActivity#0)
01-10 23:03:09.292   582   582 I SurfaceFlinger: isIncludeStatusBarAndNavBar (1)
01-10 23:03:09.292   582   582 I SurfaceFlinger: screenshot (com.YourCompany.Proj/com.epicgames.ue4.GameActivity#1)
01-10 23:03:09.292   582   582 I SurfaceFlinger: isIncludeStatusBarAndNavBar (1)
01-10 23:03:09.292   582   582 I SurfaceFlinger: screenshot (MiuiContrastOverlay#0)
01-10 23:03:09.292   582   582 I SurfaceFlinger: isIncludeStatusBarAndNavBar (1)
01-10 23:03:09.304  1521  1521 D PhoneStatusBar/NavigationBarView: onDraw
01-10 23:03:09.312   815   918 D AAL     : 01-10 11:03:09.296 BL= 108,ESS= 306, 
01-10 23:03:09.321  1521  1521 D PhoneStatusBar/NavigationBarView: onDraw
01-10 23:03:09.326   516   682 I hwcomposer: [OVL] (0) Overlay input(4) was used with queue previously  
01-10 23:03:09.326   516   682 I hwcomposer: [DBQ] (q2:0x7a60640d00) Buffer queue is destroyed  
01-10 23:03:09.326   516   682 I hwcomposer: [DBQ] (q2:0x7a60640d00) Free Slot(0), handle=0x7a6232a080, 10108800 -> 0  
01-10 23:03:09.326   516   682 I hwcomposer: [DBQ] (q2:0x7a60640d00) Free Slot(1), handle=0x7a623292c0, 10108800 -> 0  
01-10 23:03:09.326   516   682 I hwcomposer: [DBQ] (q2:0x7a60640d00) Free Slot(2), handle=0x7a62329b80, 10108800 -> 0  
01-10 23:03:09.337  1521  1521 D PhoneStatusBar/NavigationBarView: onDraw
01-10 23:03:09.353  1521  1521 D PhoneStatusBar/NavigationBarView: onDraw
01-10 23:03:09.365  1235  1428 W InputDispatcher: [TouchInput][reader] notifyMotion - eventTime=61649361984000, deviceId=3, source=0x1002, policyFlags=0x0, action=0x1, flags=0x0, downTime=61649204621000, moveCount:18
01-10 23:03:09.366  1235  1427 W InputDispatcher: [TouchInput][dispatcher] findTouchedWindow Result=0, targetChannel 'ba29344 com.YourCompany.Proj/com.epicgames.ue4.GameActivity (server)'
01-10 23:03:09.366 15405 15405 D ViewRootImpl: [TouchInput][ViewRootImpl] MotionEvent { action=ACTION_UP, id[0]=0, pointerCount=1, eventTime=61649361, downTime=61649204 } moveCount:9
01-10 23:03:09.370  1521  1521 D PhoneStatusBar/NavigationBarView: onDraw
01-10 23:03:09.387  1521  1521 D PhoneStatusBar/NavigationBarView: onDraw
01-10 23:03:09.393   582   582 I SurfaceFlinger: screenshot (Letterbox - left#1)
01-10 23:03:09.393   582   582 I SurfaceFlinger: isIncludeStatusBarAndNavBar (1)
01-10 23:03:09.393   582   582 I SurfaceFlinger: screenshot (Background for -SurfaceView - com.YourCompany.Proj/com.epicgames.ue4.GameActivity#0)
01-10 23:03:09.393   582   582 I SurfaceFlinger: isIncludeStatusBarAndNavBar (1)
01-10 23:03:09.393   582   582 I SurfaceFlinger: screenshot (SurfaceView - com.YourCompany.Proj/com.epicgames.ue4.GameActivity#0)
01-10 23:03:09.393   582   582 I SurfaceFlinger: isIncludeStatusBarAndNavBar (1)
01-10 23:03:09.393   582   582 I SurfaceFlinger: screenshot (com.YourCompany.Proj/com.epicgames.ue4.GameActivity#1)
01-10 23:03:09.393   582   582 I SurfaceFlinger: isIncludeStatusBarAndNavBar (1)
01-10 23:03:09.405  1521  1521 D PhoneStatusBar/NavigationBarView: onDraw
01-10 23:03:09.455  1521  1521 I chatty  : uid=1000(system) com.android.systemui identical 3 lines
01-10 23:03:09.470  1521  1521 D PhoneStatusBar/NavigationBarView: onDraw
01-10 23:03:09.493   582   582 I SurfaceFlinger: screenshot (Letterbox - left#1)
01-10 23:03:09.493   582   582 I SurfaceFlinger: isIncludeStatusBarAndNavBar (1)
01-10 23:03:09.493   582   582 I SurfaceFlinger: screenshot (Background for -SurfaceView - com.YourCompany.Proj/com.epicgames.ue4.GameActivity#0)
01-10 23:03:09.493   582   582 I SurfaceFlinger: isIncludeStatusBarAndNavBar (1)
01-10 23:03:09.493   582   582 I SurfaceFlinger: screenshot (SurfaceView - com.YourCompany.Proj/com.epicgames.ue4.GameActivity#0)
01-10 23:03:09.493   582   582 I SurfaceFlinger: isIncludeStatusBarAndNavBar (1)
01-10 23:03:09.493   582   582 I SurfaceFlinger: screenshot (com.YourCompany.Proj/com.epicgames.ue4.GameActivity#1)
01-10 23:03:09.493   582   582 I SurfaceFlinger: isIncludeStatusBarAndNavBar (1)
01-10 23:03:09.495   815   918 D AAL     : 01-10 11:03:09.479 BL= 108,ESS= 308, 
01-10 23:03:09.523 10052 10052 I ADB_SERVICES: service_to_fd shell,v2,raw:ps
01-10 23:03:09.575 10052 15558 I ADB_SERVICES: post waitpid (pid=15557) status=0000
01-10 23:03:09.575 10052 10052 I ADB_SERVICES: for fd 26, revents = 2010
01-10 23:03:09.575 10052 10052 I ADB_SERVICES: for fd 26, revents = 2011
01-10 23:03:09.607   582   582 I SurfaceFlinger: screenshot (Letterbox - left#1)
01-10 23:03:09.607   582   582 I SurfaceFlinger: isIncludeStatusBarAndNavBar (1)
01-10 23:03:09.607   582   582 I SurfaceFlinger: screenshot (Background for -SurfaceView - com.YourCompany.Proj/com.epicgames.ue4.GameActivity#0)
01-10 23:03:09.607   582   582 I SurfaceFlinger: isIncludeStatusBarAndNavBar (1)
01-10 23:03:09.607   582   582 I SurfaceFlinger: screenshot (SurfaceView - com.YourCompany.Proj/com.epicgames.ue4.GameActivity#0)
01-10 23:03:09.607   582   582 I SurfaceFlinger: isIncludeStatusBarAndNavBar (1)
01-10 23:03:09.607   582   582 I SurfaceFlinger: screenshot (com.YourCompany.Proj/com.epicgames.ue4.GameActivity#1)
01-10 23:03:09.607   582   582 I SurfaceFlinger: isIncludeStatusBarAndNavBar (1)
01-10 23:03:09.723   582   582 I SurfaceFlinger: screenshot (Letterbox - left#1)
01-10 23:03:09.723   582   582 I SurfaceFlinger: isIncludeStatusBarAndNavBar (1)
01-10 23:03:09.723   582   582 I SurfaceFlinger: screenshot (Background for -SurfaceView - com.YourCompany.Proj/com.epicgames.ue4.GameActivity#0)
01-10 23:03:09.723   582   582 I SurfaceFlinger: isIncludeStatusBarAndNavBar (1)
01-10 23:03:09.723   582   582 I SurfaceFlinger: screenshot (SurfaceView - com.YourCompany.Proj/com.epicgames.ue4.GameActivity#0)
01-10 23:03:09.723   582   582 I SurfaceFlinger: isIncludeStatusBarAndNavBar (1)
01-10 23:03:09.723   582   582 I SurfaceFlinger: screenshot (com.YourCompany.Proj/com.epicgames.ue4.GameActivity#1)
01-10 23:03:09.723   582   582 I SurfaceFlinger: isIncludeStatusBarAndNavBar (1)
01-10 23:03:09.758  1235  1428 W InputDispatcher: [TouchInput][reader] notifyMotion - eventTime=61649754594000, deviceId=3, source=0x1002, policyFlags=0x0, action=0x0, flags=0x0, downTime=61649754594000, moveCount:0
01-10 23:03:09.758  1235  1427 W InputDispatcher: [TouchInput][dispatcher] findTouchedWindow Result=0, targetChannel '5a71bed NavigationBar (server)'
01-10 23:03:09.758  1235  1427 W InputDispatcher: [TouchInput][dispatcher] findTouchedWindow Result=0, targetChannel 'd7afe98 StatusBar (server)'
01-10 23:03:09.759  1521  1521 D ViewRootImpl: [TouchInput][ViewRootImpl] MotionEvent { action=ACTION_DOWN, id[0]=0, pointerCount=1, eventTime=61649754, downTime=61649754 } moveCount:0
01-10 23:03:09.759  1521  1521 D ControllerPanelWindowView: dispatchTouchEvent
01-10 23:03:09.759  1521  1521 D systemui_boost: control center panel visible = true;ui thread tid=1521;render thread tid=1983
01-10 23:03:09.759  1521  1521 D systemui_boost: ui thread old priority=0
01-10 23:03:09.759  1521  1521 D systemui_boost: render thread old priority=0
01-10 23:03:09.760  1521  1521 D systemui_boost: thread tid=1521, priority is set to -20
01-10 23:03:09.760  1521  1521 D systemui_boost: thread tid=1983, priority is set to -20
01-10 23:03:09.760  1521  1521 D systemui_boost: ui thread and render thread are boosted
01-10 23:03:09.760  1521  1521 D ControlPanelWindowManager: onExpandChange: true
01-10 23:03:09.760  1235  3850 W ActivityManager: Sending non-protected broadcast com.android.systemui.fsgesture from system 1521:com.android.systemui/1000 pkg com.android.systemui. Callers=
01-10 23:03:09.760  1235  3850 W ActivityManager: Sending non-protected broadcast com.android.systemui.fsgesture from system 1521:com.android.systemui/1000 pkg com.android.systemui. Callers=
01-10 23:03:09.761  1521  1521 D ControllerPanelWindowView: onInterceptTouchEvent :true
01-10 23:03:09.761  1521  1521 D ControllerPanelWindowView: onTouchEvent start, 0
01-10 23:03:09.775  1235  3850 I WindowManager: Relayout Window{3dd173 u0 control_center}: oldVis=8 newVis=0 focusMayChange = true
01-10 23:03:09.775   582   630 I BufferQueue: [unnamed-582-3209](this:0x727b1bb000,id:3209,api:0,p:-1,c:-1) BufferQueue core=(582:/system/bin/surfaceflinger)
01-10 23:03:09.775   582   630 I BufferQueueConsumer: [unnamed-582-3209](this:0x727b1bb000,id:3209,api:0,p:-1,c:582) connect(C): consumer=(582:/system/bin/surfaceflinger) controlledByApp=false
01-10 23:03:09.775   582   630 I BufferQueueConsumer: [unnamed-582-3209](this:0x727b1bb000,id:3209,api:0,p:-1,c:582) setConsumerName: unnamed-582-3209
01-10 23:03:09.775   582   630 I BufferQueueConsumer: [control_center#0](this:0x727b1bb000,id:3209,api:0,p:-1,c:582) setConsumerName: control_center#0
01-10 23:03:09.775   582   630 I BufferQueueConsumer: [control_center#0](this:0x727b1bb000,id:3209,api:0,p:-1,c:582) setDefaultBufferSize: width=1080 height=2340
01-10 23:03:09.777   582   630 I BufferQueueConsumer: [control_center#0](this:0x727b1bb000,id:3209,api:0,p:-1,c:582) setDefaultBufferSize: width=2340 height=1080
01-10 23:03:09.780  1521  1521 E GraphicExt: GraphicExtModuleLoader::CreateGraphicExtInstance false
01-10 23:03:09.786  1521  1521 D QSControlCenterTileLayout: onConfigurationChanged orientation=1  newConfig.orientation=2
01-10 23:03:09.786  1521  1521 D QSControlCenterTileLayout: updateWidth orientation=2
01-10 23:03:09.789  1521  1521 D ControllerPanelWindowView: onApplyWindowInsets: 
01-10 23:03:09.790  1521  1983 D Surface : Surface::connect(this=0x70a09f4000,api=1)
01-10 23:03:09.790   582   630 I BufferQueueProducer: [control_center#0](this:0x727b1bb000,id:3209,api:1,p:1521,c:582) connect(P): api=1 producer=(1521:com.android.systemui) producerControlledByApp=false
01-10 23:03:09.791  1521  1983 D mali_winsys: EGLint new_window_surface(egl_winsys_display *, void *, EGLSurface, EGLConfig, egl_winsys_surface **, EGLBoolean) returns 0x3000
01-10 23:03:09.791  1521  1983 D Surface : Surface::setBufferCount(this=0x70a09f4000,bufferCount=3)
01-10 23:03:09.791  1521  1521 D QSControlCenterTileLayout: onMeasure height:1147  showLines:5
01-10 23:03:09.793  1521  1983 D Surface : Surface::allocateBuffers(this=0x70a09f4000)
01-10 23:03:09.794  1521  1521 D SignalClusterView: updateMobileTypeImage  0
01-10 23:03:09.799   582   630 I BufferQueueProducer: [SurfaceView - com.YourCompany.Proj/com.epicgames.ue4.GameActivity#0](this:0x729a14e800,id:3208,api:1,p:15405,c:582) queueBuffer: fps=58.97 dur=1017.54 max=37.11 min=8.22
01-10 23:03:09.800  1235  1452 I MiuiNetworkPolicy: updateUidState uid = 10102, uidState = 20
01-10 23:03:09.804   497   497 D Zygote  : Forked child process 15559
01-10 23:03:09.810  1235  1328 D Boost   : hostingType=service, hostingName={com.milink.service/com.milink.ui.service.MiLinkTileService}, callerPackage=com.android.systemui, isSystem=true, isBoostNeeded=false.
01-10 23:03:09.810  2739  2739 D SuperPowerSaveManager: onTileStartListening
01-10 23:03:09.812  1521  1521 D PhoneStatusBar/NavigationBarView: setDisabledFlags back:false home:false recent:false
01-10 23:03:09.813  1521  1521 D StatusBar: disable<e i a s b h r c s > disable2<q i n g r >
01-10 23:03:09.813  1521  1521 D StatusBarClock:  isNormalMode= true clock visible=true
01-10 23:03:09.814  1235  1454 E WifiVendorHal: getWifiLinkLayerStats_1_3_Internal(l.927) failed {.code = ERROR_NOT_SUPPORTED, .description = }
01-10 23:03:09.816 15405 15442 D UE4     : [2021.01.10-20.03.09:816][195]LogAndroid: Case APP_CMD_LOST_FOCUS
01-10 23:03:09.816 15405 15442 D UE4     : LogAndroidEvents::EnqueueAppEvent : 10, [width=-1, height=-1], tid = 15442, APP_EVENT_STATE_WINDOW_LOST_FOCUS
01-10 23:03:09.816 15405 15441 D UE4     : [2021.01.10-20.03.09:816][195]LogAndroidEvents: Display: LogAndroidEvents::DequeueAppEvent : 10, [width=-1, height=-1], APP_EVENT_STATE_WINDOW_LOST_FOCUS
01-10 23:03:09.816 15405 15441 D UE4     : FAppEventManager::Tick processing, 10
01-10 23:03:09.817   496   496 D OemNetd : setPidForPackage: packageName=com.milink.service, pid=15559, pid=10102
01-10 23:03:09.817 15405 15405 D UE4     : [GameActivity] === Restoring Transparent Bars due to Visibility Change ===
01-10 23:03:09.817 15405 15405 D UE4     : [GameActivity] === Restoring Transparent Bars ===
01-10 23:03:09.817  1235  1328 I ActivityManager: Start proc 15559:com.milink.service/u0a102 for service {com.milink.service/com.milink.ui.service.MiLinkTileService} caller=com.android.systemui
01-10 23:03:09.820  1521  1983 D Surface : Surface::disconnect(this=0x70a09f4000,api=1)
01-10 23:03:09.822   582   630 I BufferQueueProducer: [control_center#0](this:0x727b1bb000,id:3209,api:1,p:1521,c:582) disconnect(P): api 1
01-10 23:03:09.822  1521  1983 D Surface : Surface::connect(this=0x70a09f4000,api=1)
01-10 23:03:09.823   582   630 I BufferQueueProducer: [control_center#0](this:0x727b1bb000,id:3209,api:1,p:1521,c:582) connect(P): api=1 producer=(1521:com.android.systemui) producerControlledByApp=false
01-10 23:03:09.824 15559 15559 E .milink.servic: Not starting debugger since process cannot load the jdwp agent.
01-10 23:03:09.827  1521  1983 D mali_winsys: EGLint new_window_surface(egl_winsys_display *, void *, EGLSurface, EGLConfig, egl_winsys_surface **, EGLBoolean) returns 0x3000
01-10 23:03:09.827  1521  1983 D Surface : Surface::setBufferCount(this=0x70a09f4000,bufferCount=3)
01-10 23:03:09.832   582   582 I SurfaceFlinger: screenshot (Letterbox - left#1)
01-10 23:03:09.832   582   582 I SurfaceFlinger: isIncludeStatusBarAndNavBar (1)
01-10 23:03:09.832   582   582 I SurfaceFlinger: screenshot (Background for -SurfaceView - com.YourCompany.Proj/com.epicgames.ue4.GameActivity#0)
01-10 23:03:09.832   582   582 I SurfaceFlinger: isIncludeStatusBarAndNavBar (1)
01-10 23:03:09.832   582   582 I SurfaceFlinger: screenshot (SurfaceView - com.YourCompany.Proj/com.epicgames.ue4.GameActivity#0)
01-10 23:03:09.832   582   582 I SurfaceFlinger: isIncludeStatusBarAndNavBar (1)
01-10 23:03:09.832   582   582 I SurfaceFlinger: screenshot (com.YourCompany.Proj/com.epicgames.ue4.GameActivity#1)
01-10 23:03:09.832   582   582 I SurfaceFlinger: isIncludeStatusBarAndNavBar (1)
01-10 23:03:09.836  1521  1521 D PhoneStatusBar/NavigationBarView: onDraw
01-10 23:03:09.839  8763  8763 D MiShare:MiShareTileService: onServiceConnected
01-10 23:03:09.840  1521  1521 D ControllerPanelWindowView: dispatchTouchEvent
01-10 23:03:09.840  1521  1521 D ControllerPanelWindowView: onTouchEvent start, 2
01-10 23:03:09.840  1521  1521 D ControlPanelWindowManager: setBlurRatio: 0.020771604
01-10 23:03:09.841  1521  1521 D PhoneStatusBar/NavigationBarView: onDraw
01-10 23:03:09.842  1235  3850 V ActivityManager: New death recipient com.android.server.am.ActivityManagerService$AppDeathRecipient@6b07b82 for thread android.os.BinderProxy@7526293, pid:15559,mApp:null
01-10 23:03:09.844  8763  8763 D MiShare:MiShareTileService: onStartListening
01-10 23:03:09.844  8763  8763 D MiShare:MiShareService: registerStateListener
01-10 23:03:09.846   516 19115 I hwcomposer: [HWCDisplay] [Display_0 (type:1)] fps:59.490765,dur:1008.56,max:21.35,min:13.32  
01-10 23:03:09.846   815   918 D AAL     : 01-10 11:03:09.812 BL= 108,ESS= 306, 
01-10 23:03:09.851   497   497 D Zygote  : Forked child process 15577
01-10 23:03:09.851  1235  1452 I MiuiNetworkPolicy: updateUidState uid = 10102, uidState = 6
01-10 23:03:09.853  1521  1521 D ControllerPanelWindowView: dispatchTouchEvent
01-10 23:03:09.853  1235  1328 D Boost   : hostingType=service, hostingName={com.miui.screenrecorder/com.miui.screenrecorder.service.QuickService}, callerPackage=com.android.systemui, isSystem=true, isBoostNeeded=false.
01-10 23:03:09.853  1521  1521 D ControllerPanelWindowView: onTouchEvent start, 2
01-10 23:03:09.853   582   582 E Layer   : setupBlurSurface setupBlurSurface control_center#0
01-10 23:03:09.854  1521  1521 D ControlPanelWindowManager: setBlurRatio: 0.073245674
01-10 23:03:09.854   496   496 D OemNetd : setPidForPackage: packageName=com.miui.screenrecorder, pid=15577, pid=1000
01-10 23:03:09.854  1235  1328 I ActivityManager: Start proc 15577:com.miui.screenrecorder/1000 for service {com.miui.screenrecorder/com.miui.screenrecorder.service.QuickService} caller=com.android.systemui
01-10 23:03:09.855  1521  1521 D PhoneStatusBar/NavigationBarView: onDraw
01-10 23:03:09.872  1521  1521 D ControllerPanelWindowView: dispatchTouchEvent
01-10 23:03:09.873  1521  1521 D ControllerPanelWindowView: onTouchEvent start, 2
01-10 23:03:09.874 15577 15577 E .screenrecorde: Not starting debugger since process cannot load the jdwp agent.
01-10 23:03:09.874  1521  1521 D ControlPanelWindowManager: setBlurRatio: 0.17733334
01-10 23:03:09.876  1521  1521 D PhoneStatusBar/NavigationBarView: onDraw
01-10 23:03:09.887  1521  1521 D ControllerPanelWindowView: dispatchTouchEvent
01-10 23:03:09.887  1521  1521 D ControllerPanelWindowView: onTouchEvent start, 2
01-10 23:03:09.894  4322  4660 D PowerCheckerService: onBatteryChanged, mBatteryLevel = 99, status = 2, level = 99, plug = 1, scale = 100
01-10 23:03:09.897  1521  1521 D MobileSignalController: updateDataType mSelectedDataTypeIcon[0]=2131232929, mSelectedDataActivityIndex=6
01-10 23:03:09.897  2830  2830 D NfcService: Received android.intent.action.BATTERY_CHANGED
01-10 23:03:09.897  1521  1521 D TelephonyIcons: getSignalStrengthIcon: slot=0, inetCondition=1, level=4, roaming=false, signalstrength=SignalStrength:{mCdma=CellSignalStrengthCdma: cdmaDbm=2147483647 cdmaEcio=2147483647 evdoDbm=2147483647 evdoEcio=2147483647 evdoSnr=2147483647 miuiLevel=0 level=0,mGsm=CellSignalStrengthGsm: rssi=2147483647 ber=2147483647 mTa=2147483647 miuiLevel=0 mLevel=0,mWcdma=CellSignalStrengthWcdma: ss=2147483647 ber=2147483647 rscp=2147483647 ecno=2147483647 miuiLevel=0 level=0,mTdscdma=CellSignalStrengthTdscdma: rssi=2147483647 ber=2147483647 rscp=2147483647 miuiLevel=0 level=0,mLte=CellSignalStrengthLte: rssi=2147483647 rsrp=-102 rsrq=-15 rssnr=15 cqi=0 ta=0 miuiLevel=4 level=2,mNr=CellSignalStrengthNr:{ csiRsrp = 2147483647 csiRsrq = 2147483647 csiSinr = 2147483647 ssRsrp = 2147483647 ssRsrq = 2147483647 ssSinr = 2147483647 miuiLevel = 0 level = 0 },primary=CellSignalStrengthLte}, phoneId=0, mMtkLevel=-1, mMtkRsrpOnly=true, mMtkLteRsrpThreshold=null, mMtkLteRssnrThreshold=null
01-10 23:03:09.895  2739  2739 I BatteryInfoReceiver: ACTION_BATTERY_CHANGED
01-10 23:03:09.899 15405 15405 D UE4     : [GameActivity] Battery: status = 2, rawlevel = 99, scale = 100
01-10 23:03:09.899 15405 15405 D UE4     : nativeBatteryEvent(stat = 2, lvl = 99  temp = 29.30 C)
01-10 23:03:09.899  1521  1521 D TelephonyIcons: null signal icon name: drawable/stat_sys_signal_null
01-10 23:03:09.899  1521  1521 D TelephonyIcons: getDataTypeIcon sub=0
01-10 23:03:09.902  1521  1521 D SlaveWifiSignalController: notifyListeners: false
01-10 23:03:09.907  1521  1521 D MobileSignalController: updateDataType mSelectedDataTypeIcon[0]=2131232929, mSelectedDataActivityIndex=6
01-10 23:03:09.908  1521  1521 D TelephonyIcons: getSignalStrengthIcon: slot=0, inetCondition=1, level=4, roaming=false, signalstrength=SignalStrength:{mCdma=CellSignalStrengthCdma: cdmaDbm=2147483647 cdmaEcio=2147483647 evdoDbm=2147483647 evdoEcio=2147483647 evdoSnr=2147483647 miuiLevel=0 level=0,mGsm=CellSignalStrengthGsm: rssi=2147483647 ber=2147483647 mTa=2147483647 miuiLevel=0 mLevel=0,mWcdma=CellSignalStrengthWcdma: ss=2147483647 ber=2147483647 rscp=2147483647 ecno=2147483647 miuiLevel=0 level=0,mTdscdma=CellSignalStrengthTdscdma: rssi=2147483647 ber=2147483647 rscp=2147483647 miuiLevel=0 level=0,mLte=CellSignalStrengthLte: rssi=2147483647 rsrp=-102 rsrq=-15 rssnr=15 cqi=0 ta=0 miuiLevel=4 level=2,mNr=CellSignalStrengthNr:{ csiRsrp = 2147483647 csiRsrq = 2147483647 csiSinr = 2147483647 ssRsrp = 2147483647 ssRsrq = 2147483647 ssSinr = 2147483647 miuiLevel = 0 level = 0 },primary=CellSignalStrengthLte}, phoneId=0, mMtkLevel=-1, mMtkRsrpOnly=true, mMtkLteRsrpThreshold=null, mMtkLteRssnrThreshold=null
01-10 23:03:09.909  1521  1521 D TelephonyIcons: null signal icon name: drawable/stat_sys_signal_null
01-10 23:03:09.910  1521  1521 D TelephonyIcons: getDataTypeIcon sub=0
01-10 23:03:09.911  1521  1521 D SlaveWifiSignalController: notifyListeners: false
01-10 23:03:09.920   497   497 D Zygote  : Forked child process 15596
01-10 23:03:09.920  1521  1521 D ControllerPanelWindowView: showContent
01-10 23:03:09.921  1235  1481 V ActivityManager: New death recipient com.android.server.am.ActivityManagerService$AppDeathRecipient@b82c932 for thread android.os.BinderProxy@ea91683, pid:15577,mApp:null
01-10 23:03:09.921  1521  1521 D ControlPanelWindowManager: setBlurRatio: 0.32090425
01-10 23:03:09.923  1235  1328 D Boost   : hostingType=service, hostingName={com.google.android.apps.wellbeing/com.google.android.apps.wellbeing.screen.ui.GrayscaleTileService}, callerPackage=com.android.systemui, isSystem=true, isBoostNeeded=false.
01-10 23:03:09.925   496   496 D OemNetd : setPidForPackage: packageName=com.google.android.apps.wellbeing, pid=15596, pid=10049
01-10 23:03:09.926  1521  1521 D PhoneStatusBar/NavigationBarView: onDraw
01-10 23:03:09.926  1235  1328 I ActivityManager: Start proc 15596:com.google.android.apps.wellbeing/u0a49 for service {com.google.android.apps.wellbeing/com.google.android.apps.wellbeing.screen.ui.GrayscaleTileService} caller=com.android.systemui
01-10 23:03:09.930  1235  1452 I MiuiNetworkPolicy: updateUidState uid = 10049, uidState = 20
