--------- beginning of system
01-09 20:05:41.710  1235  1328 D Boost   : hostingType=service, hostingName={com.milink.service/com.milink.ui.service.MiLinkTileService}, callerPackage=com.android.systemui, isSystem=true, isBoostNeeded=false.
01-09 20:05:41.724  1235  1328 I ActivityManager: Start proc 29515:com.milink.service/u0a102 for service {com.milink.service/com.milink.ui.service.MiLinkTileService} caller=com.android.systemui
01-09 20:05:41.756  1235  3850 V ActivityManager: New death recipient com.android.server.am.ActivityManagerService$AppDeathRecipient@d31155a for thread android.os.BinderProxy@3b38b, pid:29515,mApp:null
01-09 20:05:41.786  1235  1328 D Boost   : hostingType=service, hostingName={com.miui.screenrecorder/com.miui.screenrecorder.service.QuickService}, callerPackage=com.android.systemui, isSystem=true, isBoostNeeded=false.
01-09 20:05:41.789  1235  1328 I ActivityManager: Start proc 29550:com.miui.screenrecorder/1000 for service {com.miui.screenrecorder/com.miui.screenrecorder.service.QuickService} caller=com.android.systemui
01-09 20:05:41.825  1235  3850 V ActivityManager: New death recipient com.android.server.am.ActivityManagerService$AppDeathRecipient@72c957b for thread android.os.BinderProxy@ba94f98, pid:29550,mApp:null
01-09 20:05:41.869  1235  1328 D Boost   : hostingType=service, hostingName={com.google.android.apps.wellbeing/com.google.android.apps.wellbeing.screen.ui.GrayscaleTileService}, callerPackage=com.android.systemui, isSystem=true, isBoostNeeded=false.
01-09 20:05:41.870  1235  1328 I ActivityManager: Start proc 29571:com.google.android.apps.wellbeing/u0a49 for service {com.google.android.apps.wellbeing/com.google.android.apps.wellbeing.screen.ui.GrayscaleTileService} caller=com.android.systemui
01-09 20:05:41.898  1235  2881 V ActivityManager: New death recipient com.android.server.am.ActivityManagerService$AppDeathRecipient@db715e5 for thread android.os.BinderProxy@3be48ba, pid:29571,mApp:null
01-09 20:05:41.901  1235  1315 I ActivityTaskManager: START u0 {flg=0x10000000 cmp=com.YourCompany.Proj/com.epicgames.ue4.SplashActivity} from uid 2000
01-09 20:05:41.952  1235  1322 D WindowOrientationListener: WindowOrientationListener enabled clearCurrentRotation=true
01-09 20:05:41.962  1235  1328 D Boost   : hostingType=activity, hostingName={com.YourCompany.Proj/com.epicgames.ue4.SplashActivity}, callerPackage=null, isSystem=true, isBoostNeeded=false.
01-09 20:05:41.963  1235  1328 I ActivityManager: Start proc 29608:com.YourCompany.Proj/u0a481 for activity {com.YourCompany.Proj/com.epicgames.ue4.SplashActivity} caller=null
01-09 20:05:42.061  1235  2881 V ActivityManager: New death recipient com.android.server.am.ActivityManagerService$AppDeathRecipient@c865128 for thread android.os.BinderProxy@edaee41, pid:29608,mApp:null
01-09 20:05:42.284 29202 29202 W Activity: Slow Operation: Activity com.hutchgames.hilldash2/com.prime31.UnityPlayerNativeActivity onPause took 363ms
01-09 20:05:42.305  1235  2878 I Timeline: Timeline: App_transition_ready time:17151899
01-09 20:05:42.309 29202 29202 W Looper  : Slow Looper main: doFrame is 386ms late because of 1 msg, msg 1 took 387ms (seq=103 late=6ms h=android.app.ActivityThread$H w=159)
01-09 20:05:42.318  1235  2881 I ActivityTaskManager: START u0 {act=android.content.pm.action.REQUEST_PERMISSIONS pkg=com.google.android.permissioncontroller cmp=com.google.android.permissioncontroller/com.android.packageinstaller.permission.ui.GrantPermissionsActivity (has extras)} from uid 10449
01-09 20:05:42.339  1235  1235 V SettingsProvider: Notifying for 0: content://settings/secure/screen_buttons_state
01-09 20:05:42.342  1235  1235 V SettingsProvider: Notifying for 0: content://settings/secure/gb_notification
01-09 20:05:42.347  1235  1235 V SettingsProvider: Notifying for 0: content://settings/secure/enabled_accessibility_services
01-09 20:05:42.348  1235  1235 W WindowManager: removeWindowToken: Attempted to remove non-existing token: android.os.Binder@71067a8
01-09 20:05:42.352  1235  1235 V SettingsProvider: Notifying for 0: content://settings/secure/accessibility_enabled
01-09 20:05:42.359  1235  1235 V SettingsProvider: Notifying for 0: content://settings/secure/enabled_notification_listeners
01-09 20:05:42.372  1235  1235 V SettingsProvider: Notifying for 0: content://settings/secure/enabled_accessibility_services
01-09 20:05:42.387  1235  1326 D ProcessManager: add temp remove audio inactive uid : 10449
01-09 20:05:42.670 29608 29608 I Timeline: Timeline: Activity_launch_request time:17152263
01-09 20:05:42.671  1235  2881 I ActivityTaskManager: START u0 {flg=0x10000 cmp=com.YourCompany.Proj/com.epicgames.ue4.GameActivity (has extras)} from uid 10481
01-09 20:05:42.690  1235  2878 I Timeline: Timeline: App_transition_ready time:17152283
01-09 20:05:42.743  1235  4316 I AutoStartManagerService: MIUILOG- Reject service :Intent { act=android.content.SyncAdapter cmp=ru.yandex.disk/.sync.OfflineSyncService (has extras) } userId : 0 uid : 10296
01-09 20:05:42.746  1235  4316 I AutoStartManagerService: MIUILOG- Reject service :Intent { act=android.content.SyncAdapter cmp=ru.yandex.disk/.sync.PhotoSyncService (has extras) } userId : 0 uid : 10296
01-09 20:05:42.757  1235  4316 W ContextImpl: Calling a method in the system process without a qualified user: android.app.ContextImpl.sendBroadcast:1056 com.android.server.content.SyncStorageEngine.setMasterSyncAutomatically:990 com.android.server.content.ContentService.setMasterSyncAutomaticallyAsUser:1073 android.content.IContentService$Stub.onTransact:911 android.os.Binder.execTransactInternal:1021 
01-09 20:05:42.768  1235  1235 V SettingsProvider: Notifying for 0: content://settings/secure/gb_boosting
01-09 20:05:42.770  1235  1235 V SettingsProvider: Notifying for 0: content://settings/secure/quick_reply
01-09 20:05:42.940  1235  1337 V DisplayPowerController: Brightness [60] reason changing to: 'temporary', previous reason: 'automatic'.
01-09 20:05:42.983  1235  1494 D ProcessManager: real remove inactive uid : 10449 flag : 1
01-09 20:05:43.029  1235  1519 I AutoStartManagerService: MIUILOG- Reject service :Intent { act=android.content.SyncAdapter cmp=com.google.android.apps.docs.editors.docs/com.google.android.apps.docs.sync.syncadapter.DocsSyncAdapterService (has extras) } userId : 0 uid : 10168
01-09 20:05:43.029  1235  1519 E SyncManager: Bind attempt failed - target: ComponentInfo{com.google.android.apps.docs.editors.docs/com.google.android.apps.docs.sync.syncadapter.DocsSyncAdapterService}
01-09 20:05:43.029  1235  1519 E SyncManager: Job params not found for 101245
01-09 20:05:43.087  1235  1519 I AutoStartManagerService: MIUILOG- Reject service :Intent { act=android.content.SyncAdapter cmp=com.google.android.apps.books/com.google.android.apps.play.books.service.SyncService (has extras) } userId : 0 uid : 10183
01-09 20:05:43.087  1235  1519 E SyncManager: Bind attempt failed - target: ComponentInfo{com.google.android.apps.books/com.google.android.apps.play.books.service.SyncService}
01-09 20:05:43.087  1235  1519 E SyncManager: Job params not found for 105538
01-09 20:05:43.093  1235  1235 V SettingsProvider: Notifying for 0: content://settings/system/screen_brightness
01-09 20:05:43.093  1235  1337 D AutomaticBrightnessController: updateAutoBrightness: mScreenAutoBrightness=60, newScreenAutoBrightness=318
01-09 20:05:43.093  1235  1337 V DisplayPowerController: Brightness [318] reason changing to: 'automatic [ auto_adj ]', previous reason: 'temporary'.
01-09 20:05:43.096  1235  1235 V SettingsProvider: Notifying for 0: content://settings/system/screen_brightness
01-09 20:05:43.102  1235  1235 V SettingsProvider: Notifying for 0: content://settings/system/screen_auto_brightness_adj
01-09 20:05:43.107  1235  1235 V SettingsProvider: Notifying for 0: content://settings/system/contrast_alpha
01-09 20:05:43.111  1235  1322 I Timeline: Timeline: App_transition_stopped time:17152705
01-09 20:05:43.305  1235  1328 D Boost   : hostingType=content provider, hostingName={com.google.android.gsf/com.google.android.gsf.subscribedfeeds.SubscribedFeedsProvider}, callerPackage=com.google.android.gms, isSystem=true, isBoostNeeded=false.
01-09 20:05:43.307  1235  1328 I ActivityManager: Start proc 29689:com.google.process.gapps/u0a23 for content provider {com.google.android.gsf/com.google.android.gsf.subscribedfeeds.SubscribedFeedsProvider} caller=com.google.android.gms
01-09 20:05:43.330  1235  4375 V ActivityManager: New death recipient com.android.server.am.ActivityManagerService$AppDeathRecipient@34c9274 for thread android.os.BinderProxy@5f1e39d, pid:29689,mApp:null
01-09 20:05:43.580 25929 29682 W BpBinder: Slow Binder: BpBinder transact took 310 ms, interface=android.app.IActivityManager, code=20 oneway=false
01-09 20:05:43.910 29608 29608 W Looper  : Slow Looper main: Long Msg: seq=9 plan=20:05:42.691  late=1ms wall=1215ms running=0ms h=android.app.ActivityThread$H w=159
01-09 20:05:43.912 29608 29608 W Looper  : Slow Looper main: Activity com.YourCompany.Proj/com.epicgames.ue4.GameActivity is 1219ms late (wall=1ms running=0ms ClientTransaction{ callbacks=[android.app.servertransaction.TopResumedActivityChangeItem] }) because of 4 msg, msg 4 took 1215ms (seq=9 late=1ms h=android.app.ActivityThread$H w=159)
01-09 20:05:44.008  1235  3850 I WindowManager: Relayout Window{39791bc u0 com.YourCompany.Proj/com.epicgames.ue4.GameActivity}: oldVis=4 newVis=0 focusMayChange = true
01-09 20:05:44.061  1235  1322 I Timeline: Timeline: Activity_windows_visible id: ActivityRecord{754ccd0 u0 com.YourCompany.Proj/com.epicgames.ue4.GameActivity t46} time:17153654
01-09 20:05:44.119  1235  1319 V WindowOrientationListener: Proposed rotation changed!  newRotation=0
01-09 20:05:44.293  1235  1328 D Boost   : hostingType=service, hostingName={com.miui.notes/com.miui.notes.cloudservice.NotesSyncService}, callerPackage=android, isSystem=true, isBoostNeeded=false.
01-09 20:05:44.293  1235  1328 I ActivityManager: Start proc 29792:com.miui.notes:sync/u0a109 for service {com.miui.notes/com.miui.notes.cloudservice.NotesSyncService} caller=android
01-09 20:05:44.312  1235  2857 V ActivityManager: New death recipient com.android.server.am.ActivityManagerService$AppDeathRecipient@8a514e0 for thread android.os.BinderProxy@fe65399, pid:29792,mApp:null
01-09 20:05:44.430  1235  1519 I AutoStartManagerService: MIUILOG- Reject service :Intent { act=android.content.SyncAdapter cmp=ru.yandex.disk/.sync.OfflineSyncService (has extras) } userId : 0 uid : 10296
01-09 20:05:44.430  1235  1519 E SyncManager: Bind attempt failed - target: ComponentInfo{ru.yandex.disk/ru.yandex.disk.sync.OfflineSyncService}
01-09 20:05:44.443  1235  1519 I AutoStartManagerService: MIUILOG- Reject service :Intent { act=android.content.SyncAdapter cmp=ru.yandex.disk/.sync.PhotoSyncService (has extras) } userId : 0 uid : 10296
01-09 20:05:44.443  1235  1519 E SyncManager: Bind attempt failed - target: ComponentInfo{ru.yandex.disk/ru.yandex.disk.sync.PhotoSyncService}
01-09 20:05:44.457  1235  1519 I AutoStartManagerService: MIUILOG- Reject service :Intent { act=android.content.SyncAdapter cmp=com.google.android.apps.tasks/.sync.SyncService (has extras) } userId : 0 uid : 10361
01-09 20:05:44.457  1235  1519 E SyncManager: Bind attempt failed - target: ComponentInfo{com.google.android.apps.tasks/com.google.android.apps.tasks.sync.SyncService}
01-09 20:05:44.494  1235  1519 I AutoStartManagerService: MIUILOG- Reject service :Intent { act=android.content.SyncAdapter cmp=com.google.android.apps.docs/.sync.syncadapter.DocsSyncAdapterService (has extras) } userId : 0 uid : 10155
01-09 20:05:44.494  1235  1519 E SyncManager: Bind attempt failed - target: ComponentInfo{com.google.android.apps.docs/com.google.android.apps.docs.sync.syncadapter.DocsSyncAdapterService}
01-09 20:05:44.520  1235  1328 D Boost   : hostingType=service, hostingName={com.google.android.syncadapters.calendar/com.google.android.syncadapters.calendar.CalendarSyncAdapterService}, callerPackage=android, isSystem=true, isBoostNeeded=false.
01-09 20:05:44.521  1235  1328 I ActivityManager: Start proc 29816:com.google.android.syncadapters.calendar/u0a100 for service {com.google.android.syncadapters.calendar/com.google.android.syncadapters.calendar.CalendarSyncAdapterService} caller=android
01-09 20:05:44.536  1235  4375 V ActivityManager: New death recipient com.android.server.am.ActivityManagerService$AppDeathRecipient@b734f21 for thread android.os.BinderProxy@6baef46, pid:29816,mApp:null
01-09 20:05:44.602 29792 29792 I SystemConfig: Non-xml file /system/etc/permissions/pms_sysapp_removable_system_list.txt in /system/etc/permissions directory, ignoring
01-09 20:05:44.602 29792 29792 I SystemConfig: Non-xml file /system/etc/permissions/pms_sysapp_removable_vendor_list.txt in /system/etc/permissions directory, ignoring
01-09 20:05:44.662  1235  1519 I AutoStartManagerService: MIUILOG- Reject service :Intent { act=android.content.SyncAdapter cmp=com.google.android.apps.docs.editors.docs/com.google.android.apps.docs.sync.syncadapter.DocsSyncAdapterService (has extras) } userId : 0 uid : 10168
01-09 20:05:44.663  1235  1519 E SyncManager: Bind attempt failed - target: ComponentInfo{com.google.android.apps.docs.editors.docs/com.google.android.apps.docs.sync.syncadapter.DocsSyncAdapterService}
01-09 20:05:44.699  1235  1519 I AutoStartManagerService: MIUILOG- Reject service :Intent { act=android.content.SyncAdapter cmp=com.google.android.apps.docs/.sync.syncadapter.DocsSyncAdapterService (has extras) } userId : 0 uid : 10155
01-09 20:05:44.699  1235  1519 E SyncManager: Bind attempt failed - target: ComponentInfo{com.google.android.apps.docs/com.google.android.apps.docs.sync.syncadapter.DocsSyncAdapterService}
01-09 20:05:44.709 29792 29792 W SystemConfig: No directory /product_services/etc/sysconfig, skipping
01-09 20:05:44.709 29792 29792 W SystemConfig: No directory /product_services/etc/permissions, skipping
01-09 20:05:44.762  1235  1328 D Boost   : hostingType=service, hostingName={com.miui.micloudsync/com.miui.micloudsync.wifi.WifiSyncService}, callerPackage=android, isSystem=true, isBoostNeeded=false.
01-09 20:05:44.762  1235  1328 I ActivityManager: Start proc 29857:com.miui.micloudsync:sync/u0a78 for service {com.miui.micloudsync/com.miui.micloudsync.wifi.WifiSyncService} caller=android
01-09 20:05:44.790  1235  3850 V ActivityManager: New death recipient com.android.server.am.ActivityManagerService$AppDeathRecipient@20b3a42 for thread android.os.BinderProxy@b941a53, pid:29857,mApp:null
01-09 20:05:44.802  1235  1328 D Boost   : hostingType=service, hostingName={com.miui.phrase/com.miui.cloudsync.PhraseSyncService}, callerPackage=android, isSystem=true, isBoostNeeded=false.
01-09 20:05:44.805  1235  1328 I ActivityManager: Start proc 29876:com.miui.phrase/u0a134 for service {com.miui.phrase/com.miui.cloudsync.PhraseSyncService} caller=android
01-09 20:05:44.823  1235  1328 D Boost   : hostingType=content provider, hostingName={com.miui.cloudservice/com.miui.cloudservice.stat.StatProvider}, callerPackage=com.miui.notes, isSystem=true, isBoostNeeded=false.
01-09 20:05:44.823  1235  1328 I ActivityManager: Start proc 29890:com.miui.cloudservice/u0a78 for content provider {com.miui.cloudservice/com.miui.cloudservice.stat.StatProvider} caller=com.miui.notes
01-09 20:05:44.838  1235  3850 V ActivityManager: New death recipient com.android.server.am.ActivityManagerService$AppDeathRecipient@578e0a8 for thread android.os.BinderProxy@2db07c1, pid:29876,mApp:null
01-09 20:05:44.858  1235  2013 V ActivityManager: New death recipient com.android.server.am.ActivityManagerService$AppDeathRecipient@c7e5ea7 for thread android.os.BinderProxy@ecf5f54, pid:29890,mApp:null
01-09 20:05:44.863  1235  1328 D Boost   : hostingType=content provider, hostingName={com.android.providers.calendar/com.android.providers.calendar.CalendarProvider2}, callerPackage=com.google.android.syncadapters.calendar, isSystem=true, isBoostNeeded=false.
01-09 20:05:44.867  1235  1328 I ActivityManager: Start proc 29915:com.android.providers.calendar/u0a20 for content provider {com.android.providers.calendar/com.android.providers.calendar.CalendarProvider2} caller=com.google.android.syncadapters.calendar
01-09 20:05:44.899  1235  2857 V ActivityManager: New death recipient com.android.server.am.ActivityManagerService$AppDeathRecipient@a8070b5 for thread android.os.BinderProxy@c05534a, pid:29915,mApp:null
01-09 20:05:44.978 29857 29857 I SystemConfig: Non-xml file /system/etc/permissions/pms_sysapp_removable_system_list.txt in /system/etc/permissions directory, ignoring
01-09 20:05:44.978 29857 29857 I SystemConfig: Non-xml file /system/etc/permissions/pms_sysapp_removable_vendor_list.txt in /system/etc/permissions directory, ignoring
01-09 20:05:44.996 29857 29857 W SystemConfig: No directory /product_services/etc/sysconfig, skipping
01-09 20:05:44.997 29857 29857 W SystemConfig: No directory /product_services/etc/permissions, skipping
01-09 20:05:45.195 29816 29883 W BpBinder: Slow Binder: BpBinder transact took 382 ms, interface=android.app.IActivityManager, code=20 oneway=false
01-09 20:05:45.195 29890 29890 I SystemConfig: Non-xml file /system/etc/permissions/pms_sysapp_removable_system_list.txt in /system/etc/permissions directory, ignoring
01-09 20:05:45.196 29890 29890 I SystemConfig: Non-xml file /system/etc/permissions/pms_sysapp_removable_vendor_list.txt in /system/etc/permissions directory, ignoring
01-09 20:05:45.233 29890 29890 W SystemConfig: No directory /product_services/etc/sysconfig, skipping
01-09 20:05:45.234 29890 29890 W SystemConfig: No directory /product_services/etc/permissions, skipping
01-09 20:05:45.305 29876 29946 W BpBinder: Slow Binder: BpBinder transact took 271 ms, interface=android.app.IActivityManager, code=20 oneway=false
01-09 20:05:45.306 29857 29945 W BpBinder: Slow Binder: BpBinder transact took 271 ms, interface=android.app.IActivityManager, code=20 oneway=false
01-09 20:05:45.307 29792 29872 W BpBinder: Slow Binder: BpBinder transact took 517 ms, interface=android.app.IActivityManager, code=20 oneway=false
--------- beginning of main
01-09 20:05:45.320 29890 29961 D OpenApiStatProvider: insert: 
01-09 20:05:45.323 29890 29962 D OpenApiStatProvider: insert: 
01-09 20:05:45.323 29890 29890 I MiCloudSDKDependencyUtil: MiCloudSDK environment: 31
01-09 20:05:45.320 29890 29890 W Binder:29890_2: type=1400 audit(0.0:19899): avc: denied { read } for name="u:object_r:vendor_displayfeature_prop:s0" dev="tmpfs" ino=371 scontext=u:r:platform_app:s0:c512,c768 tcontext=u:object_r:vendor_displayfeature_prop:s0 tclass=file permissive=0
01-09 20:05:45.327 29890 29921 E libc    : Access denied finding property "ro.vendor.df.effect.conflict"
01-09 20:05:45.335 29857 29944 I ActivityThread: com.miui.cloudservice.sync.SyncLogProvider acquiringCount 2
01-09 20:05:45.336 29890 29890 V CloudApp: has telephony feature
01-09 20:05:45.339   433   443 E PSITrigger: get PSI events detail failed!! errno=25
01-09 20:05:45.343   497   497 D Zygote  : Forked child process 29969
01-09 20:05:45.345  1235  1328 D Boost   : hostingType=content provider, hostingName={com.miui.cloudservice/com.miui.cloudservice.sync.SyncLogProvider}, callerPackage=com.miui.micloudsync, isSystem=true, isBoostNeeded=false.
01-09 20:05:45.347   496  1581 D OemNetd : setPidForPackage: packageName=com.miui.cloudservice, pid=29969, pid=10078
01-09 20:05:45.347  1235  1328 I ActivityManager: Start proc 29969:com.miui.cloudservice:synclog/u0a78 for content provider {com.miui.cloudservice/com.miui.cloudservice.sync.SyncLogProvider} caller=com.miui.micloudsync
01-09 20:05:45.351 29890 29978 V xiaomi  : [Thread:7203] sdk_version = 3_7_2
01-09 20:05:45.356 29890 29966 I FindDeviceGPN: getLastNotificationState: NotificationState{count=-1, lastTime=N/A}. 
01-09 20:05:45.357 29969 29969 E service:synclo: Not starting debugger since process cannot load the jdwp agent.
01-09 20:05:45.358  1235  1452 I MiuiNetworkPolicy: updateUidState uid = 10124, uidState = 20
01-09 20:05:45.359 29296 29433 W fb4a.ProcessAnrErrorMonitor: Starting process monitor checks for process 'com.facebook.katana'
01-09 20:05:45.359 29296 29433 W fb4a.MultiSignalANRDetectorLacrima: Started monitoring
01-09 20:05:45.360 29890 29890 I ##XLogger##: com.miui.cloudservice.sync.IntelligentSyncServi@IPV6@SourceFile:1, thread:2--IntelligentSyncService, Schedule an intelligent sync job.
01-09 20:05:45.368  1235  1957 V ActivityManager: New death recipient com.android.server.am.ActivityManagerService$AppDeathRecipient@37ea34e for thread android.os.BinderProxy@f017c6f, pid:29969,mApp:null
01-09 20:05:45.371   501   568 D AudioALSAStreamOut: standby(), flag 4
01-09 20:05:45.371   501   568 D AudioALSAStreamOut: standbyStreamOut(), halRequest 0, mDestroy 0, flag 4
01-09 20:05:45.371   501   568 D AudioALSAStreamOut: close(), flags 4
01-09 20:05:45.371   501   568 D AudioALSAPlaybackHandlerFast: +close()
01-09 20:05:45.371   501   568 D AudioALSAHardwareResourceManager: +stopOutputDevice(), mOutputDevices = 0x2, mStartOutputDevicesCount = 1
01-09 20:05:45.371   501   568 D AudioSmartPaController: +dspOnBoardSpeakerOff()
01-09 20:05:45.371   501   568 D AudioALSAVoiceWakeUpController: updateSpeakerPlaybackStatus(), isSpeakerPlaying = 0
01-09 20:05:45.371   497   497 D Zygote  : Forked child process 29993
01-09 20:05:45.372   501   568 D AudioALSAPlaybackHandlerBase: -closePcmDriver(), mPcm = 0x0
01-09 20:05:45.372   501   568 D AudioDspStreamManager: +removePlaybackHandler(), playbackHandler = 4049379584 0xf15ca100
01-09 20:05:45.372   501   568 D AudioDspStreamManager: checkPlaybackStatus ret = 0 mDspStreamState = 1 dspstartflag = 0
01-09 20:05:45.373  1235  1328 D Boost   : hostingType=service, hostingName={com.xiaomi.simactivate.service/com.xiaomi.activate.ActivateService}, callerPackage=com.miui.cloudservice, isSystem=true, isBoostNeeded=false.
01-09 20:05:45.373 29890 29996 V xiaomi  : [Thread:7206] (Local) begin execute onCommandResult, command=register, resultCode=0, reason=null
01-09 20:05:45.378  3789  3789 W PushService: [Tid:2] onStart() with intent.Action = null, chid = null, pkg = null|com.miui.cloudservice
01-09 20:05:45.379   496  1581 D OemNetd : setPidForPackage: packageName=com.xiaomi.simactivate.service, pid=29993, pid=10124
01-09 20:05:45.379  1235  1328 I ActivityManager: Start proc 29993:com.xiaomi.simactivate.service/u0a124 for service {com.xiaomi.simactivate.service/com.xiaomi.activate.ActivateService} caller=com.miui.cloudservice
01-09 20:05:45.385 29890 29966 I FindDeviceGPN: ns: NotificationState{count=-1, lastTime=N/A}, open: true. 
01-09 20:05:45.385 29890 29966 I FindDeviceGPN: saveLastNotificationState: NotificationState{count=-1, lastTime=N/A}. 
01-09 20:05:45.385  3789  3789 W PushService: [Tid:2] onStart() with intent.Action = null, chid = null, pkg = null|com.miui.cloudservice
01-09 20:05:45.386 29993 29993 E ctivate.servic: Not starting debugger since process cannot load the jdwp agent.
01-09 20:05:45.393  1235  1957 V ActivityManager: New death recipient com.android.server.am.ActivityManagerService$AppDeathRecipient@ca5a65a for thread android.os.BinderProxy@ed3708b, pid:29993,mApp:null
01-09 20:05:45.398  1235  1452 I MiuiNetworkPolicy: updateUidState uid = 10124, uidState = 9
01-09 20:05:45.408 29816 29883 V NativeCrypto: Registering com/google/android/gms/org/conscrypt/NativeCrypto's 286 native methods...
01-09 20:05:45.411   582   582 I SurfaceFlinger: screenshot (control_center#0)
01-09 20:05:45.411   582   582 I SurfaceFlinger: isIncludeStatusBarAndNavBar (1)
01-09 20:05:45.412   582   582 I SurfaceFlinger: screenshot (MiuiContrastOverlay#0)
01-09 20:05:45.412   582   582 I SurfaceFlinger: isIncludeStatusBarAndNavBar (1)
01-09 20:05:45.441 29816 29883 D NetworkSecurityConfig: No Network Security Config specified, using platform default
01-09 20:05:45.443 29816 29883 I ProviderInstaller: Installed default security provider GmsCore_OpenSSL
01-09 20:05:45.444 29816 29883 W AbstractGoogleClient: Application name is not set. Call Builder#setApplicationName.
01-09 20:05:45.449   501   568 D AudioALSADeviceConfigManager: ApplyDeviceTurnoffSequenceByName(), DeviceName = PLAYBACK4_TO_I2S3 descriptor->DeviceStatusCounter = 1
01-09 20:05:45.449   501   568 D AudioALSADeviceConfigManager: ApplyDeviceTurnoffSequenceByName(), DeviceName = I2S0_TO_CAPTURE4 descriptor->DeviceStatusCounter = 1
01-09 20:05:45.450   501   568 D AudioDspStreamManager: setDspRuntimeEn(), task_scene = 9, condition = 0
01-09 20:05:45.450   501   568 D audio_messenger_ipi: hal send, task: 9, msg_id: 0x13, ack_type: 1, p1: 0x0, p2: 0x0
01-09 20:05:45.453   501   568 D aurisys_lib_manager: delete_aurisys_lib_manager(), manager 0xf15bc330
01-09 20:05:45.453   501   568 D audio_messenger_ipi: audio_ipi_dma_cbk_deregister(), task 9
01-09 20:05:45.453   501   568 D AudioALSAPlaybackHandlerBase: ClosePCMDumpDSP() flag 4, task_scene = 9
01-09 20:05:45.453   501   568 D AudioDspStreamManager: -stopPlaybackTask(), mDspTaskPlaybackActive = 0, mPlaybackUlPcm = 0x0 mPlaybackDlPcm = 0x0, mDspPcm = 0x0
01-09 20:05:45.453   501   568 D AudioALSADeviceConfigManager: ApplyDeviceTurnoffSequenceByName(), DeviceName = PLAYBACK2_TO_CAPTURE6 descriptor->DeviceStatusCounter = 1
01-09 20:05:45.453   501   568 D AudioALSADeviceConfigManager: ApplyDeviceTurnoffSequenceByName(), DeviceName = PLAYBACK2_TO_DSPDL descriptor->DeviceStatusCounter = 1
01-09 20:05:45.454   501   568 D AudioALSAPlaybackHandlerBase: DestroyAurisysLibManager()
01-09 20:05:45.454   501   568 E         : misound_arsi_destroy_handler misound_arsi_destroy_handler
01-09 20:05:45.454   501   568 D aurisys_lib_handler: aurisys_arsi_destroy_handler(), lib_name misound, 0xf1554480, arsi_destroy_handler, arsi_handler = 0xebf89480, retval = 0
01-09 20:05:45.454   501   568 D aurisys_lib_manager: delete_aurisys_lib_manager(), manager 0xf15b9310
01-09 20:05:45.454   501   568 D AudioALSAPlaybackHandlerFast: -close()
01-09 20:05:45.488 28046 28046 W aqyh    : Failed to find local clusters.
01-09 20:05:45.511   582   582 I SurfaceFlinger: screenshot (control_center#0)
01-09 20:05:45.511   582   582 I SurfaceFlinger: isIncludeStatusBarAndNavBar (1)
01-09 20:05:45.511   582   582 I SurfaceFlinger: screenshot (MiuiContrastOverlay#0)
01-09 20:05:45.511   582   582 I SurfaceFlinger: isIncludeStatusBarAndNavBar (1)
01-09 20:05:45.520 29890 29959 W ui.cloudservic: Long monitor contention with owner main (29890) at boolean android.os.BinderProxy.transactNative(int, android.os.Parcel, android.os.Parcel, int)(BinderProxy.java:-2) waiters=0 in java.io.File android.app.ContextImpl.getFilesDir() for 159ms
01-09 20:05:45.524 28046 28089 D StrictMode: StrictMode policy violation: android.os.strictmode.DiskReadViolation
01-09 20:05:45.524 28046 28089 D StrictMode: 	at android.os.StrictMode$AndroidBlockGuardPolicy.onReadFromDisk(StrictMode.java:1562)
01-09 20:05:45.524 28046 28089 D StrictMode: 	at libcore.io.BlockGuardOs.access(BlockGuardOs.java:69)
01-09 20:05:45.524 28046 28089 D StrictMode: 	at libcore.io.ForwardingOs.access(ForwardingOs.java:73)
01-09 20:05:45.524 28046 28089 D StrictMode: 	at android.app.ActivityThread$AndroidOs.access(ActivityThread.java:7439)
01-09 20:05:45.524 28046 28089 D StrictMode: 	at java.io.UnixFileSystem.checkAccess(UnixFileSystem.java:281)
01-09 20:05:45.524 28046 28089 D StrictMode: 	at java.io.File.exists(File.java:815)
01-09 20:05:45.524 28046 28089 D StrictMode: 	at android.app.ContextImpl.ensurePrivateDirExists(ContextImpl.java:656)
01-09 20:05:45.524 28046 28089 D StrictMode: 	at android.app.ContextImpl.ensurePrivateDirExists(ContextImpl.java:647)
01-09 20:05:45.524 28046 28089 D StrictMode: 	at android.app.ContextImpl.getPreferencesDir(ContextImpl.java:603)
01-09 20:05:45.524 28046 28089 D StrictMode: 	at android.app.ContextImpl.getSharedPreferencesPath(ContextImpl.java:798)
01-09 20:05:45.524 28046 28089 D StrictMode: 	at android.app.ContextImpl.getSharedPreferences(ContextImpl.java:450)
01-09 20:05:45.524 28046 28089 D StrictMode: 	at android.content.ContextWrapper.getSharedPreferences(ContextWrapper.java:188)
01-09 20:05:45.524 28046 28089 D StrictMode: 	at nyd.a(Unknown Source:14)
01-09 20:05:45.524 28046 28089 D StrictMode: 	at nwv.a(Unknown Source:5)
01-09 20:05:45.524 28046 28089 D StrictMode: 	at bhve.e(Unknown Source:2)
01-09 20:05:45.524 28046 28089 D StrictMode: 	at bhvf.run(PG:9)
01-09 20:05:45.524 28046 28089 D StrictMode: 	at bctf.run(PG:1)
01-09 20:05:45.524 28046 28089 D StrictMode: 	at java.util.concurrent.ThreadPoolExecutor.runWorker(ThreadPoolExecutor.java:1167)
01-09 20:05:45.524 28046 28089 D StrictMode: 	at java.util.concurrent.ThreadPoolExecutor$Worker.run(ThreadPoolExecutor.java:641)
01-09 20:05:45.524 28046 28089 D StrictMode: 	at bcrq.run(Unknown Source:5)
01-09 20:05:45.524 28046 28089 D StrictMode: 	at java.lang.Thread.run(Thread.java:919)
01-09 20:05:45.526 28046 28089 D StrictMode: StrictMode policy violation: android.os.strictmode.DiskReadViolation
01-09 20:05:45.526 28046 28089 D StrictMode: 	at android.os.StrictMode$AndroidBlockGuardPolicy.onReadFromDisk(StrictMode.java:1562)
01-09 20:05:45.526 28046 28089 D StrictMode: 	at android.app.SharedPreferencesImpl.awaitLoadedLocked(SharedPreferencesImpl.java:261)
01-09 20:05:45.526 28046 28089 D StrictMode: 	at android.app.SharedPreferencesImpl.getLong(SharedPreferencesImpl.java:314)
01-09 20:05:45.526 28046 28089 D StrictMode: 	at nwv.a(Unknown Source:5)
01-09 20:05:45.526 28046 28089 D StrictMode: 	at bhve.e(Unknown Source:2)
01-09 20:05:45.526 28046 28089 D StrictMode: 	at bhvf.run(PG:9)
01-09 20:05:45.526 28046 28089 D StrictMode: 	at bctf.run(PG:1)
01-09 20:05:45.526 28046 28089 D StrictMode: 	at java.util.concurrent.ThreadPoolExecutor.runWorker(ThreadPoolExecutor.java:1167)
01-09 20:05:45.526 28046 28089 D StrictMode: 	at java.util.concurrent.ThreadPoolExecutor$Worker.run(ThreadPoolExecutor.java:641)
01-09 20:05:45.526 28046 28089 D StrictMode: 	at bcrq.run(Unknown Source:5)
01-09 20:05:45.526 28046 28089 D StrictMode: 	at java.lang.Thread.run(Thread.java:919)
01-09 20:05:45.526 29890 29996 W ui.cloudservic: Long monitor contention with owner main (29890) at boolean libcore.io.Linux.access(java.lang.String, int)(Linux.java:-2) waiters=0 in void miui.cloud.common.d.a(int, java.lang.String, java.lang.String) for 151ms
01-09 20:05:45.526 29890 29996 I ##XLogger##: com.miui.cloudservice.push.MiPushMessageReceiver::a@SourceFile:8, thread:7206--onCommandResult is called, command: register, resultCode: 0, reason: null, category: null
01-09 20:05:45.527 29890 29890 I ##XLogger##: com.miui.cloudservice.sync.IntelligentSyncServi@IPV6@SourceFile:6, thread:2--IntelligentSyncService, There has been existing an intelligent job! Do not schedule again.
01-09 20:05:45.528 29890 29966 I ##XLogger##: com.miui.cloudservice.sync.banner.BannerJobServi@IPV6@SourceFile:4, thread:7197--banner periodic already set
01-09 20:05:45.529 29890 29996 I ##XLogger##: com.miui.cloudservice.push.MiPushMessageReceiver::a@SourceFile:36, thread:7206--register_success
01-09 20:05:45.530 29890 29996 V xiaomi  : [Thread:7206] ASSEMBLE_PUSH : assemble push register
01-09 20:05:45.534 28046 28089 D StrictMode: StrictMode policy violation: android.os.strictmode.DiskReadViolation
01-09 20:05:45.534 28046 28089 D StrictMode: 	at android.os.StrictMode$AndroidBlockGuardPolicy.onReadFromDisk(StrictMode.java:1562)
01-09 20:05:45.534 28046 28089 D StrictMode: 	at libcore.io.BlockGuardOs.access(BlockGuardOs.java:69)
01-09 20:05:45.534 28046 28089 D StrictMode: 	at libcore.io.ForwardingOs.access(ForwardingOs.java:73)
01-09 20:05:45.534 28046 28089 D StrictMode: 	at android.app.ActivityThread$AndroidOs.access(ActivityThread.java:7439)
01-09 20:05:45.534 28046 28089 D StrictMode: 	at java.io.UnixFileSystem.checkAccess(UnixFileSystem.java:281)
01-09 20:05:45.534 28046 28089 D StrictMode: 	at java.io.File.exists(File.java:815)
01-09 20:05:45.534 28046 28089 D StrictMode: 	at android.app.ContextImpl.ensurePrivateDirExists(ContextImpl.java:656)
01-09 20:05:45.534 28046 28089 D StrictMode: 	at android.app.ContextImpl.ensurePrivateDirExists(ContextImpl.java:647)
01-09 20:05:45.534 28046 28089 D StrictMode: 	at android.app.ContextImpl.getPreferencesDir(ContextImpl.java:603)
01-09 20:05:45.534 28046 28089 D StrictMode: 	at android.app.ContextImpl.getSharedPreferencesPath(ContextImpl.java:798)
01-09 20:05:45.534 28046 28089 D StrictMode: 	at android.app.ContextImpl.getSharedPreferences(ContextImpl.java:450)
01-09 20:05:45.534 28046 28089 D StrictMode: 	at android.content.ContextWrapper.getSharedPreferences(ContextWrapper.java:188)
01-09 20:05:45.534 28046 28089 D StrictMode: 	at nyb.a(Unknown Source:14)
01-09 20:05:45.534 28046 28089 D StrictMode: 	at nwv.a(Unknown Source:14)
01-09 20:05:45.534 28046 28089 D StrictMode: 	at bhve.e(Unknown Source:2)
01-09 20:05:45.534 28046 28089 D StrictMode: 	at bhvf.run(PG:9)
01-09 20:05:45.534 28046 28089 D StrictMode: 	at bctf.run(PG:1)
01-09 20:05:45.534 28046 28089 D StrictMode: 	at java.util.concurrent.ThreadPoolExecutor.runWorker(ThreadPoolExecutor.java:1167)
01-09 20:05:45.534 28046 28089 D StrictMode: 	at java.util.concurrent.ThreadPoolExecutor$Worker.run(ThreadPoolExecutor.java:641)
01-09 20:05:45.534 28046 28089 D StrictMode: 	at bcrq.run(Unknown Source:5)
01-09 20:05:45.534 28046 28089 D StrictMode: 	at java.lang.Thread.run(Thread.java:919)
01-09 20:05:45.534 28046 28089 D StrictMode: StrictMode policy violation: android.os.strictmode.DiskReadViolation
01-09 20:05:45.534 28046 28089 D StrictMode: 	at android.os.StrictMode$AndroidBlockGuardPolicy.onReadFromDisk(StrictMode.java:1562)
01-09 20:05:45.534 28046 28089 D StrictMode: 	at android.app.SharedPreferencesImpl.awaitLoadedLocked(SharedPreferencesImpl.java:261)
01-09 20:05:45.534 28046 28089 D StrictMode: 	at android.app.SharedPreferencesImpl.getLong(SharedPreferencesImpl.java:314)
01-09 20:05:45.534 28046 28089 D StrictMode: 	at nwv.a(Unknown Source:14)
01-09 20:05:45.534 28046 28089 D StrictMode: 	at bhve.e(Unknown Source:2)
01-09 20:05:45.534 28046 28089 D StrictMode: 	at bhvf.run(PG:9)
01-09 20:05:45.534 28046 28089 D StrictMode: 	at bctf.run(PG:1)
01-09 20:05:45.534 28046 28089 D StrictMode: 	at java.util.concurrent.ThreadPoolExecutor.runWorker(ThreadPoolExecutor.java:1167)
01-09 20:05:45.534 28046 28089 D StrictMode: 	at java.util.concurrent.ThreadPoolExecutor$Worker.run(ThreadPoolExecutor.java:641)
01-09 20:05:45.534 28046 28089 D StrictMode: 	at bcrq.run(Unknown Source:5)
01-09 20:05:45.534 28046 28089 D StrictMode: 	at java.lang.Thread.run(Thread.java:919)
01-09 20:05:45.537 29890 29890 I ##XLogger##: com.miui.cloudservice.securitypush.SecurityPushReceiver::onReceive@SourceFile:2, thread:2--receive: action.sync_security_context_to_mipush_client
01-09 20:05:45.540 28046 28090 D StrictMode: StrictMode policy violation: android.os.strictmode.DiskReadViolation
01-09 20:05:45.540 28046 28090 D StrictMode: 	at android.os.StrictMode$AndroidBlockGuardPolicy.onReadFromDisk(StrictMode.java:1562)
01-09 20:05:45.540 28046 28090 D StrictMode: 	at libcore.io.BlockGuardOs.access(BlockGuardOs.java:69)
01-09 20:05:45.540 28046 28090 D StrictMode: 	at libcore.io.ForwardingOs.access(ForwardingOs.java:73)
01-09 20:05:45.540 28046 28090 D StrictMode: 	at android.app.ActivityThread$AndroidOs.access(ActivityThread.java:7439)
01-09 20:05:45.540 28046 28090 D StrictMode: 	at java.io.UnixFileSystem.checkAccess(UnixFileSystem.java:281)
01-09 20:05:45.540 28046 28090 D StrictMode: 	at java.io.File.exists(File.java:815)
01-09 20:05:45.540 28046 28090 D StrictMode: 	at android.app.ContextImpl.ensurePrivateDirExists(ContextImpl.java:656)
01-09 20:05:45.540 28046 28090 D StrictMode: 	at android.app.ContextImpl.ensurePrivateDirExists(ContextImpl.java:647)
01-09 20:05:45.540 28046 28090 D StrictMode: 	at android.app.ContextImpl.getPreferencesDir(ContextImpl.java:603)
01-09 20:05:45.540 28046 28090 D StrictMode: 	at android.app.ContextImpl.getSharedPreferencesPath(ContextImpl.java:798)
01-09 20:05:45.540 28046 28090 D StrictMode: 	at android.app.ContextImpl.getSharedPreferences(ContextImpl.java:450)
01-09 20:05:45.540 28046 28090 D StrictMode: 	at android.content.ContextWrapper.getSharedPreferences(ContextWrapper.java:188)
01-09 20:05:45.540 28046 28090 D StrictMode: 	at nxx.c(PG:4)
01-09 20:05:45.540 28046 28090 D StrictMode: 	at nxo.e(PG:1)
01-09 20:05:45.540 28046 28090 D StrictMode: 	at nxk.g(PG:1)
01-09 20:05:45.540 28046 28090 D StrictMode: 	at nxk.b(PG:2)
01-09 20:05:45.540 28046 28090 D StrictMode: 	at nww.a(Unknown Source:2)
01-09 20:05:45.540 28046 28090 D StrictMode: 	at bhvd.e(Unknown Source:2)
01-09 20:05:45.540 28046 28090 D StrictMode: 	at bhvf.run(PG:9)
01-09 20:05:45.540 28046 28090 D StrictMode: 	at bctf.run(PG:1)
01-09 20:05:45.540 28046 28090 D StrictMode: 	at java.util.concurrent.ThreadPoolExecutor.runWorker(ThreadPoolExecutor.java:1167)
01-09 20:05:45.540 28046 28090 D StrictMode: 	at java.util.concurrent.ThreadPoolExecutor$Worker.run(ThreadPoolExecutor.java:641)
01-09 20:05:45.540 28046 28090 D StrictMode: 	at bcrq.run(Unknown Source:5)
01-09 20:05:45.540 28046 28090 D StrictMode: 	at java.lang.Thread.run(Thread.java:919)
01-09 20:05:45.541 28046 28090 D StrictMode: StrictMode policy violation: android.os.strictmode.DiskReadViolation
01-09 20:05:45.541 28046 28090 D StrictMode: 	at android.os.StrictMode$AndroidBlockGuardPolicy.onReadFromDisk(StrictMode.java:1562)
01-09 20:05:45.541 28046 28090 D StrictMode: 	at android.app.SharedPreferencesImpl.awaitLoadedLocked(SharedPreferencesImpl.java:261)
01-09 20:05:45.541 28046 28090 D StrictMode: 	at android.app.SharedPreferencesImpl.getStringSet(SharedPreferencesImpl.java:297)
01-09 20:05:45.541 28046 28090 D StrictMode: 	at nxo.e(PG:3)
01-09 20:05:45.541 28046 28090 D StrictMode: 	at nxk.g(PG:1)
01-09 20:05:45.541 28046 28090 D StrictMode: 	at nxk.b(PG:2)
01-09 20:05:45.541 28046 28090 D StrictMode: 	at nww.a(Unknown Source:2)
01-09 20:05:45.541 28046 28090 D StrictMode: 	at bhvd.e(Unknown Source:2)
01-09 20:05:45.541 28046 28090 D StrictMode: 	at bhvf.run(PG:9)
01-09 20:05:45.541 28046 28090 D StrictMode: 	at bctf.run(PG:1)
01-09 20:05:45.541 28046 28090 D StrictMode: 	at java.util.concurrent.ThreadPoolExecutor.runWorker(ThreadPoolExecutor.java:1167)
01-09 20:05:45.541 28046 28090 D StrictMode: 	at java.util.concurrent.ThreadPoolExecutor$Worker.run(ThreadPoolExecutor.java:641)
01-09 20:05:45.541 28046 28090 D StrictMode: 	at bcrq.run(Unknown Source:5)
01-09 20:05:45.541 28046 28090 D StrictMode: 	at java.lang.Thread.run(Thread.java:919)
01-09 20:05:45.541 29890 29996 V xiaomi  : [Thread:7206] receive an intent from server, action=com.xiaomi.mipush.RECEIVE_MESSAGE
01-09 20:05:45.541 29890 29996 V xiaomi  : receiving an empty message, drop
01-09 20:05:45.543 29969 29969 W ResourceType: CREATING STRING CACHE OF 24 bytes
01-09 20:05:45.550  3789  3789 W PushService: [Tid:2] onStart() with intent.Action = com.xiaomi.mipush.SEND_MESSAGE, chid = null, pkg = null|com.miui.cloudservice
01-09 20:05:45.551  3789  4275 W PushService: [Tid:304] [Job] Handle intent action = com.xiaomi.mipush.SEND_MESSAGE
01-09 20:05:45.551  3789  4275 W PushService: [Tid:304] try send mi push message. packagename:com.miui.cloudservice action:Notification
01-09 20:05:45.552 29890 29966 W JobInfo : Requested backoff +1s0ms for job 29 is too small; raising to +10s0ms
01-09 20:05:45.552 29969 29969 D miuisdk : current sdk level is 23
01-09 20:05:45.552 29969 29969 I miuisdk : initialize without hook
01-09 20:05:45.556  3789  3789 W PushService: [Tid:2] onStart() with intent.Action = action_cr_config, chid = null, pkg = null|com.miui.cloudservice
01-09 20:05:45.557  3789  4275 W PushService: [Tid:304] [Job] Handle intent action = action_cr_config
01-09 20:05:45.557 29890 30019 E ##XLogger##: com.miui.cloudservice.cloudcontrol.@IPV6@SourceFile:2, thread:7208--cloud config is not expired , request canceled
01-09 20:05:45.559 29890 30024 I ##XLogger##: com.miui.cloudservice.securitypush.@IPV6@SourceFile:1, thread:7212--called
01-09 20:05:45.560 29890 30024 I ##XLogger##: com.miui.cloudservice.securitypush.@IPV6@SourceFile:10, thread:7212--alias complex here
01-09 20:05:45.561 29890 30024 I ##XLogger##: com.miui.cloudservice.securitypush.@IPV6@SourceFile:8, thread:7212--alias simple here
01-09 20:05:45.562 29890 30024 I ##XLogger##: com.miui.cloudservice.securitypush.@IPV6@SourceFile:14, thread:7212--set alias simple
01-09 20:05:45.563 29890 29996 V xiaomi  : [Thread:7206] (Local) begin execute onCommandResult, command=set-alias, resultCode=0, reason=null
01-09 20:05:45.565 29890 29996 I ##XLogger##: com.miui.cloudservice.push.MiPushMessageReceiver::a@SourceFile:8, thread:7206--onCommandResult is called, command: set-alias, resultCode: 0, reason: null, category: null
01-09 20:05:45.566 29890 29996 I ##XLogger##: com.miui.cloudservice.push.MiPushMessageReceiver::a@SourceFile:36, thread:7206--set_alias_success, *********************************0b235d
01-09 20:05:45.568 29890 30024 I ##XLogger##: com.miui.cloudservice.securitypush.@IPV6@SourceFile:17, thread:7212--set alias complex
01-09 20:05:45.571 29890 29996 V xiaomi  : [Thread:7206] receive an intent from server, action=com.xiaomi.mipush.RECEIVE_MESSAGE
01-09 20:05:45.571 29890 29996 V xiaomi  : receiving an empty message, drop
01-09 20:05:45.571 29890 29996 V xiaomi  : [Thread:7206] (Local) begin execute onCommandResult, command=set-alias, resultCode=0, reason=null
01-09 20:05:45.572 29890 29996 I ##XLogger##: com.miui.cloudservice.push.MiPushMessageReceiver::a@SourceFile:8, thread:7206--onCommandResult is called, command: set-alias, resultCode: 0, reason: null, category: null
01-09 20:05:45.572 29890 29890 I ##XLogger##: com.miui.cloudservice.securitypush.SecurityPushReceiver::onReceive@SourceFile:2, thread:2--receive: action.sync_security_context_to_mipush_client
01-09 20:05:45.573 29890 29996 I ##XLogger##: com.miui.cloudservice.push.MiPushMessageReceiver::a@SourceFile:36, thread:7206--set_alias_success, ******************************************d80b235d
01-09 20:05:45.574 29890 29996 V xiaomi  : [Thread:7206] receive an intent from server, action=com.xiaomi.mipush.RECEIVE_MESSAGE
01-09 20:05:45.574 29890 29996 V xiaomi  : receiving an empty message, drop
01-09 20:05:45.575 29890 30024 I ##XLogger##: com.miui.cloudservice.securitypush.@IPV6@SourceFile:1, thread:7212--called
01-09 20:05:45.576 29890 30024 I ##XLogger##: com.miui.cloudservice.securitypush.@IPV6@SourceFile:10, thread:7212--alias complex here
01-09 20:05:45.577 29969 29969 W Linkify.v16: reflect applyLink failed: 
01-09 20:05:45.577 29969 29969 W Linkify.v16: miui.reflect.NoSuchMethodException: Couldn't find method android/text/util/Linkify.applyLink(Ljava/lang/String;IILandroid/text/Spannable;)V
01-09 20:05:45.577 29969 29969 W Linkify.v16: 	at com.miui.internal.os.Native.getMethod(Native Method)
01-09 20:05:45.577 29969 29969 W Linkify.v16: 	at miui.reflect.Method.of(Method.java:35)
01-09 20:05:45.577 29969 29969 W Linkify.v16: 	at com.miui.internal.variable.v16.Android_Text_Util_Linkify_class.<clinit>(Android_Text_Util_Linkify_class.java:70)
01-09 20:05:45.577 29969 29969 W Linkify.v16: 	at java.lang.Class.classForName(Native Method)
01-09 20:05:45.577 29969 29969 W Linkify.v16: 	at java.lang.Class.forName(Class.java:454)
01-09 20:05:45.577 29969 29969 W Linkify.v16: 	at java.lang.Class.forName(Class.java:379)
01-09 20:05:45.577 29969 29969 W Linkify.v16: 	at com.miui.internal.variable.AbsClassFactory.create(AbsClassFactory.java:24)
01-09 20:05:45.577 29969 29969 W Linkify.v16: 	at com.miui.internal.variable.Android_Text_Util_Linkify_class$Factory.<init>(Android_Text_Util_Linkify_class.java:40)
01-09 20:05:45.577 29969 29969 W Linkify.v16: 	at com.miui.internal.variable.Android_Text_Util_Linkify_class$Factory.<init>(Android_Text_Util_Linkify_class.java:26)
01-09 20:05:45.577 29969 29969 W Linkify.v16: 	at com.miui.internal.variable.Android_Text_Util_Linkify_class$Factory$1.createInstance(Android_Text_Util_Linkify_class.java:32)
01-09 20:05:45.577 29969 29969 W Linkify.v16: 	at com.miui.internal.variable.Android_Text_Util_Linkify_class$Factory$1.createInstance(Android_Text_Util_Linkify_class.java:29)
01-09 20:05:45.577 29969 29969 W Linkify.v16: 	at miui.util.SoftReferenceSingleton.get(SoftReferenceSingleton.java:25)
01-09 20:05:45.577 29969 29969 W Linkify.v16: 	at com.miui.internal.variable.Android_Text_Util_Linkify_class$Factory.getInstance(Android_Text_Util_Linkify_class.java:44)
01-09 20:05:45.577 29969 29969 W Linkify.v16: 	at com.miui.internal.initialization.OverrideHelper.doInitialize(OverrideHelper.java:37)
01-09 20:05:45.577 29969 29969 W Linkify.v16: 	at miui.core.SdkManager.initialize(SdkManager.java:99)
01-09 20:05:45.577 29969 29969 W Linkify.v16: 	at java.lang.reflect.Method.invoke(Native Method)
01-09 20:05:45.577 29969 29969 W Linkify.v16: 	at e.b.a.e(SourceFile:2)
01-09 20:05:45.577 29969 29969 W Linkify.v16: 	at e.b.a.<init>(SourceFile:3)
01-09 20:05:45.577 29969 29969 W Linkify.v16: 	at com.miui.cloudservice.Application.<init>(SourceFile:1)
01-09 20:05:45.577 29969 29969 W Linkify.v16: 	at java.lang.Class.newInstance(Native Method)
01-09 20:05:45.577 29969 29969 W Linkify.v16: 	at android.app.AppComponentFactory.instantiateApplication(AppComponentFactory.java:76)
01-09 20:05:45.577 29969 29969 W Linkify.v16: 	at androidx.core.app.CoreComponentFactory.instantiateApplication(SourceFile:1)
01-09 20:05:45.577 29969 29969 W Linkify.v16: 	at android.app.Instrumentation.newApplication(Instrumentation.java:1155)
01-09 20:05:45.577 29969 29969 W Linkify.v16: 	at android.app.LoadedApk.makeApplication(LoadedApk.java:1222)
01-09 20:05:45.577 29969 29969 W Linkify.v16: 	at android.app.ActivityThread.handleBindApplication(ActivityThread.java:6562)
01-09 20:05:45.577 29969 29969 W Linkify.v16: 	at android.app.ActivityThread.access$1500(ActivityThread.java:230)
01-09 20:05:45.577 29969 29969 W Linkify.v16: 	at android.app.ActivityThread$H.handleMessage(ActivityThread.java:1911)
01-09 20:05:45.577 29969 29969 W Linkify.v16: 	at android.os.Handler.dispatchMessage(Handler.java:107)
01-09 20:05:45.577 29969 29969 W Linkify.v16: 	at android.os.Looper.loop(Looper.java:224)
01-09 20:05:45.577 29969 29969 W Linkify.v16: 	at android.app.ActivityThread.main(ActivityThread.java:7551)
01-09 20:05:45.577 29969 29969 W Linkify.v16: 	at java.lang.reflect.Method.invoke(Native Method)
01-09 20:05:45.577 29969 29969 W Linkify.v16: 	at com.android.internal.os.RuntimeInit$MethodAndArgsCaller.run(RuntimeInit.java:539)
01-09 20:05:45.577 29969 29969 W Linkify.v16: 	at com.android.internal.os.ZygoteInit.main(ZygoteInit.java:995)
01-09 20:05:45.577 29890 30024 I ##XLogger##: com.miui.cloudservice.securitypush.@IPV6@SourceFile:8, thread:7212--alias simple here
01-09 20:05:45.578 29890 30024 I ##XLogger##: com.miui.cloudservice.securitypush.@IPV6@SourceFile:14, thread:7212--set alias simple
01-09 20:05:45.582 29890 30024 I ##XLogger##: com.miui.cloudservice.securitypush.@IPV6@SourceFile:17, thread:7212--set alias complex
01-09 20:05:45.583 29890 29996 V xiaomi  : [Thread:7206] (Local) begin execute onCommandResult, command=set-alias, resultCode=0, reason=null
01-09 20:05:45.584 29890 29996 I ##XLogger##: com.miui.cloudservice.push.MiPushMessageReceiver::a@SourceFile:8, thread:7206--onCommandResult is called, command: set-alias, resultCode: 0, reason: null, category: null
01-09 20:05:45.585 29890 29996 I ##XLogger##: com.miui.cloudservice.push.MiPushMessageReceiver::a@SourceFile:36, thread:7206--set_alias_success, *********************************0b235d
01-09 20:05:45.585 29890 29996 V xiaomi  : [Thread:7206] receive an intent from server, action=com.xiaomi.mipush.RECEIVE_MESSAGE
01-09 20:05:45.585 29890 29996 V xiaomi  : receiving an empty message, drop
01-09 20:05:45.585 29890 29996 V xiaomi  : [Thread:7206] (Local) begin execute onCommandResult, command=set-alias, resultCode=0, reason=null
01-09 20:05:45.586 29890 29996 I ##XLogger##: com.miui.cloudservice.push.MiPushMessageReceiver::a@SourceFile:8, thread:7206--onCommandResult is called, command: set-alias, resultCode: 0, reason: null, category: null
01-09 20:05:45.587  1235  1452 I MiuiNetworkPolicy: updateUidState uid = 10104, uidState = 11
01-09 20:05:45.589 29890 29996 I ##XLogger##: com.miui.cloudservice.push.MiPushMessageReceiver::a@SourceFile:36, thread:7206--set_alias_success, ******************************************d80b235d
01-09 20:05:45.590 29890 29996 V xiaomi  : [Thread:7206] receive an intent from server, action=com.xiaomi.mipush.RECEIVE_MESSAGE
01-09 20:05:45.590 29890 29996 V xiaomi  : receiving an empty message, drop
01-09 20:05:45.597  1235  1452 I MiuiNetworkPolicy: updateUidState uid = 10104, uidState = 20
01-09 20:05:45.607   497   497 D Zygote  : Forked child process 30031
01-09 20:05:45.609  1235  1328 D Boost   : hostingType=service, hostingName={com.mi.globalbrowser/miui.browser.cloud.BrowserSyncService}, callerPackage=android, isSystem=true, isBoostNeeded=false.
01-09 20:05:45.609   496  1581 D OemNetd : setPidForPackage: packageName=com.mi.globalbrowser, pid=30031, pid=10061
01-09 20:05:45.609  1235  1328 I ActivityManager: Start proc 30031:com.mi.globalbrowser/u0a61 for service {com.mi.globalbrowser/miui.browser.cloud.BrowserSyncService} caller=android
01-09 20:05:45.612   582   582 I SurfaceFlinger: screenshot (control_center#0)
01-09 20:05:45.612   582   582 I SurfaceFlinger: isIncludeStatusBarAndNavBar (1)
01-09 20:05:45.612   582   582 I SurfaceFlinger: screenshot (MiuiContrastOverlay#0)
01-09 20:05:45.612   582   582 I SurfaceFlinger: isIncludeStatusBarAndNavBar (1)
01-09 20:05:45.618 30031 30031 E i.globalbrowse: Not starting debugger since process cannot load the jdwp agent.
