01-15 17:19:59.574  1521  1521 D TelephonyIcons: getSignalStrengthIcon: slot=0, inetCondition=1, level=4, roaming=false, signalstrength=SignalStrength:{mCdma=CellSignalStrengthCdma: cdmaDbm=2147483647 cdmaEcio=2147483647 evdoDbm=2147483647 evdoEcio=2147483647 evdoSnr=2147483647 miuiLevel=0 level=0,mGsm=CellSignalStrengthGsm: rssi=2147483647 ber=2147483647 mTa=2147483647 miuiLevel=0 mLevel=0,mWcdma=CellSignalStrengthWcdma: ss=2147483647 ber=2147483647 rscp=2147483647 ecno=2147483647 miuiLevel=0 level=0,mTdscdma=CellSignalStrengthTdscdma: rssi=2147483647 ber=2147483647 rscp=2147483647 miuiLevel=0 level=0,mLte=CellSignalStrengthLte: rssi=2147483647 rsrp=-101 rsrq=-13 rssnr=70 cqi=0 ta=0 miuiLevel=4 level=3,mNr=CellSignalStrengthNr:{ csiRsrp = 2147483647 csiRsrq = 2147483647 csiSinr = 2147483647 ssRsrp = 2147483647 ssRsrq = 2147483647 ssSinr = 2147483647 miuiLevel = 0 level = 0 },primary=CellSignalStrengthLte}, phoneId=0, mMtkLevel=-1, mMtkRsrpOnly=true, mMtkLteRsrpThreshold=null, mMtkLteRssnrThreshold=null
01-15 17:19:59.574  1521  1521 D TelephonyIcons: null signal icon name: drawable/stat_sys_signal_null
01-15 17:19:59.574  1521  1521 D TelephonyIcons: getDataTypeIcon sub=0
01-15 17:19:59.575  1521  1521 D SignalClusterView: updateMobileTypeImage  0
01-15 17:19:59.575  1521  1521 D SlaveWifiSignalController: notifyListeners: false
01-15 17:19:59.576  1521  1521 V KeyguardUpdateMonitor: *** register callback for com.android.systemui.BatteryMeterView$1@c8f1c82
01-15 17:19:59.576  1521  1521 V KeyguardUpdateMonitor: *** unregister callback for null
01-15 17:19:59.583  1521  1521 D SignalClusterView: updateMobileTypeImage  0
01-15 17:19:59.585  1521  1521 I chatty  : uid=1000(system) com.android.systemui identical 4 lines
01-15 17:19:59.585  1521  1521 D SignalClusterView: updateMobileTypeImage  0
01-15 17:19:59.586  1521  1521 W StatusBar: removeNotification for unknown key: 0|android|0|com.android.server.wm.AlertWindowNotification - com.miui.notes|1000
01-15 17:19:59.586  1521  1521 D StatusBar: removeNotification null
01-15 17:19:59.602 25501 21122 W NetworkScheduler: Error inserting flex_time=1486000 job_id=-1 period=2973000 source=16 requires_charging=0 preferred_network_type=1 target_class=com.google.android.gms.measurement.PackageMeasurementTaskService user_id=0 target_package=com.google.android.gms tag=Measurement.PackageMeasurementTaskService.UPLOAD_TASK_TAG task_type=0 required_idleness_state=0 service_kind=0 source_version=204714000 persistence_level=1 preferred_charging_state=1 required_network_type=0 runtime=1610720399599 retry_strategy={"maximum_backoff_seconds":{"3600":0},"initial_backoff_seconds":{"30":0},"retry_policy":{"0":0}} last_runtime=0, error message: UNIQUE constraint failed: pending_ops.tag, pending_ops.target_class, pending_ops.target_package, pending_ops.user_id (code 2067 SQLITE_CONSTRAINT_UNIQUE) [CONTEXT service_id=218 ]
01-15 17:19:59.616 27991 27991 I FeatureParser: can't find begonia.xml in assets/device_features/,it may be in /system/etc/device_features
01-15 17:19:59.619  1521  1521 D SignalClusterView: updateMobileTypeImage  0
01-15 17:19:59.620  1521  1521 I chatty  : uid=1000(system) com.android.systemui identical 1 line
01-15 17:19:59.624  1521  1521 D SignalClusterView: updateMobileTypeImage  0
01-15 17:19:59.625 27991 27991 E libc    : Access denied finding property "ro.vendor.df.effect.conflict"
01-15 17:19:59.625  1521  1521 D SignalClusterView: updateMobileTypeImage  0
01-15 17:19:59.621 27991 27991 W ourCompany.Proj: type=1400 audit(0.0:167792): avc: denied { read } for name="u:object_r:vendor_displayfeature_prop:s0" dev="tmpfs" ino=371 scontext=u:r:untrusted_app_27:s0:c243,c257,c512,c768 tcontext=u:object_r:vendor_displayfeature_prop:s0 tclass=file permissive=0
01-15 17:19:59.629  1235  1461 D SlaveWifiManager: getWifiSlaveConnectionInfo
01-15 17:19:59.630  1235  1453 D SlaveWifiService: Slave message handler : 155633
01-15 17:19:59.630  1235  1461 D SlaveWifiManager: getWifiSlaveConnectionInfo
01-15 17:19:59.630  1235  1453 D SlaveWifiService: Slave message handler : 155633
01-15 17:19:59.633  1521  1521 D SignalClusterView: updateMobileTypeImage  0
01-15 17:19:59.633 27991 28012 V UE4     : [NetworkChangedManager] Network Available: 131
01-15 17:19:59.633  1521  1521 D SignalClusterView: updateMobileTypeImage  0
01-15 17:19:59.634  1521  1521 I chatty  : uid=1000(system) com.android.systemui identical 7 lines
01-15 17:19:59.634  1521  1521 D SignalClusterView: updateMobileTypeImage  0
01-15 17:19:59.634 27991 28012 V UE4     : [NetworkChangedManager] No network state set yet, setting naive network state checking connection fully.
01-15 17:19:59.635  1521  1521 D PhoneStatusBarTintController: updateSamplingListener unregister 
01-15 17:19:59.635  1521  1521 D PhoneStatusBarTintController: updateSamplingListener register
01-15 17:19:59.635 27991 28012 V UE4     : [NetworkChangedManager] Network connectivity changed. New connectivity state: CONNECTION_AVAILABLE
01-15 17:19:59.636 27991 28012 V UE4     : [NetworkChangedManager] Network Capabilities changed, has Internet: true
01-15 17:19:59.636 27991 28013 V UE4     : [NetworkChangedManager] Verifying internet connection with host: https://example.com/
01-15 17:19:59.641  1521  1521 D SignalClusterView: updateMobileTypeImage  0
01-15 17:19:59.642  1521  1521 D SignalClusterView: updateMobileTypeImage  0
01-15 17:19:59.649 27991 28013 D NetworkSecurityConfig: No Network Security Config specified, using platform default
01-15 17:19:59.653  1521  1521 D SignalClusterView: updateMobileTypeImage  0
01-15 17:19:59.653 27991 28013 I System.out: [okhttp]:check permission begin!
01-15 17:19:59.653 27991 28013 W System  : ClassLoader referenced unknown path: system/framework/mediatek-cta.jar
01-15 17:19:59.655 27991 28013 I System.out: [okhttp] e:java.lang.ClassNotFoundException: com.mediatek.cta.CtaUtils
01-15 17:19:59.658   496 28017 E ResolverController: No valid NAT64 prefix (131, <unspecified>/0)
01-15 17:19:59.660 27991 28013 I System.out: [socket]:check permission begin!
01-15 17:19:59.660 27991 28013 W System  : ClassLoader referenced unknown path: system/framework/mediatek-cta.jar
01-15 17:19:59.661 27991 28013 I System.out: [socket] e:java.lang.ClassNotFoundException: com.mediatek.cta.CtaUtils
01-15 17:19:59.665   582   582 I SurfaceFlinger: screenshot (Letterbox - left#1)
01-15 17:19:59.665   582   582 I SurfaceFlinger: isIncludeStatusBarAndNavBar (1)
01-15 17:19:59.665   582   582 I SurfaceFlinger: screenshot (NavigationBar#0)
01-15 17:19:59.665   582   582 I SurfaceFlinger: isIncludeStatusBarAndNavBar (1)
01-15 17:19:59.681 27991 27991 D ForceDarkHelper: updateByCheckExcludeList: pkg: com.YourCompany.Proj activity: com.epicgames.ue4.SplashActivity@2c20665
01-15 17:19:59.688 27991 27991 I Timeline: Timeline: Activity_launch_request time:251608857
01-15 17:19:59.689  1235  2870 I ActivityTaskManager: START u0 {flg=0x10000 cmp=com.YourCompany.Proj/com.epicgames.ue4.GameActivity (has extras)} from uid 10499
01-15 17:19:59.682 27991 27991 I chatty  : uid=10499(com.YourCompany.Proj) identical 1 line
01-15 17:19:59.682 27991 27991 D ForceDarkHelper: updateByCheckExcludeList: pkg: com.YourCompany.Proj activity: com.epicgames.ue4.SplashActivity@2c20665
01-15 17:19:59.689  1235  2870 D MiuiMultiWindowAdapter: MiuiMultiWindowAdapter::getFreeformBlackList::sSmallWindowBlackList = [com.miui.securitycenter, com.miui.weather2, com.miui.miservice, com.android.calendar, com.xiaomi.calendar, com.android.contacts, com.miui.mishare.connectivity, com.android.settings, com.android.printspooler, com.miui.backup, com.miui.huanji, com.miui.calculator, com.android.deskclock, com.android.thememanager, com.mfashiongallery.emag, com.miui.virtualsim, com.miui.smarttravel, com.mi.health, com.android.camera, com.lbe.security.miui, com.miui.cleanmaster, com.miui.newhome, com.miui.voiceassist, com.android.phone, com.miui.yellowpage, com.android.updater, com.miui.tsmclient, com.miui.securitycore, com.xiaomi.account, com.xiaomi.shop, com.xiaomi.smarthome, com.mipay.wallet, com.xiaomi.youpin, com.xiaomi.hm.health, com.miui.bugreport, com.xiaomi.mibrain.speech, com.xiaomi.mimoji, com.xiaomi.scanner, com.duokan.phone.remotecontroller, com.miui.hybrid, com.android.incallui, com.miui.video, com.miui.videoplayer, com.miui.player, com.miui.fm, com.miui.packageinstaller, com.mi.android.globallauncher, com.mi.android.globallauncher-poco, com.google.android.dialer, com.google.android.apps.magazines, com.miui.compass, com.miui.greenguard, com.kiteguard, com.google.android.apps.prodcasts, com.google.ar.lens, com.xiangkan.android, com.android.bankabc, com.sohu.inputmethod.sogou, com.tencent.mtt, com.shyz.toutiao, com.netease.mc.mi, com.outfit7.talkingtomgoldrun.mi, com.doudz.mi, com.wepie.snake.new.mi, cn.jj, com.standddz002.mi, com.miHoYo.bh3.mi, com.qqgame.hlddz, com.happyelements.AndroidAnimal, com.minitech.miniworld.TMobile.mi, com.mfp.jelly.xiaomi, com.lilithgames.afk.mi, com.tencent.peng, com.teenpatti.hd.gold, blockpuzzle.jewelgames.jewelslegend, com.playgendary.tanks, com.chillingo.robberybobfree.android.row, com.episodeinteractive.android.catalog, com.playrix.township, com.ansangha.drdriving, com.google.android.youtube, com.gbits.atm.mi, com.tencent.tetris, com.sukhavati.gotoplaying.bubble.BubbleShooter.mint, com.youzu.bs.mi]
01-15 17:19:59.690   538   598 I power@1.3-impl: powerHintInternal hint:8, data:1
01-15 17:19:59.693  1235  2870 D PowerHalWrapper: <amsBoostResume> last:com.YourCompany.Proj, next:com.YourCompany.Proj 
01-15 17:19:59.694 32546 32546 E adbd    : failed to connect to socket 'tcp:6666': Connection refused
01-15 17:19:59.696  1235  1454 E WifiVendorHal: getWifiLinkLayerStats_1_3_Internal(l.927) failed {.code = ERROR_NOT_SUPPORTED, .description = }
01-15 17:19:59.705  1701  1701 D RecentsImpl: mActivityStateObserver com.epicgames.ue4.SplashActivity
01-15 17:19:59.706 27991 27991 W Looper  : Slow Looper main: Activity com.YourCompany.Proj/com.epicgames.ue4.SplashActivity is 345ms late (wall=0ms running=0ms ClientTransaction{ callbacks=[android.app.servertransaction.TopResumedActivityChangeItem] }) because of 3 msg, msg 2 took 269ms (seq=2 late=6ms h=android.app.ActivityThread$H w=110), msg 3 took 75ms (seq=3 late=271ms h=android.app.ActivityThread$H w=159)
01-15 17:19:59.709  1235  2012 D PowerHalWrapper: amsBoostNotify pid:27991,activity:com.epicgames.ue4.GameActivity, package:com.YourCompany.Proj, mProcessCreatePackcom.YourCompany.Proj 
01-15 17:19:59.710  1235  2012 I Timeline: Timeline: App_transition_ready time:251608879
01-15 17:19:59.711 27991 27991 W ActivityThread: handleWindowVisibility: no activity for token android.os.BinderProxy@1adaf3a
01-15 17:19:59.718   815   918 D AAL     : 01-15 05:19:59.635 BL= 392,ESS= 256, 01-15 05:19:59.652 BL= 392,ESS= 257, 01-15 05:19:59.668 BL= 391,ESS= 257, 01-15 05:19:59.684 BL= 391,ESS= 258, 01-15 05:19:59.718 BL= 390,ESS= 258, 
01-15 17:19:59.781   582   582 I SurfaceFlinger: screenshot (Letterbox - left#1)
01-15 17:19:59.781   582   582 I SurfaceFlinger: isIncludeStatusBarAndNavBar (1)
01-15 17:19:59.781   582   582 I SurfaceFlinger: screenshot (Letterbox - left#2)
01-15 17:19:59.781   582   582 I SurfaceFlinger: isIncludeStatusBarAndNavBar (1)
01-15 17:19:59.781   582   582 I SurfaceFlinger: screenshot (NavigationBar#0)
01-15 17:19:59.781   582   582 I SurfaceFlinger: isIncludeStatusBarAndNavBar (1)
01-15 17:19:59.793  1235  1322 I Timeline: Timeline: App_transition_ready time:251608962
01-15 17:19:59.812  1701  1981 W ziparchive: Unable to open '/data/app/com.YourCompany.Proj-27I4HkUlx60EbCLtP7Q1RQ==/base.apk': No such file or directory
01-15 17:19:59.812  1701  1981 E com.miui.home: Failed to open APK '/data/app/com.YourCompany.Proj-27I4HkUlx60EbCLtP7Q1RQ==/base.apk' I/O error
01-15 17:19:59.813  1701  1981 E ResourcesManager: failed to add asset path /data/app/com.YourCompany.Proj-27I4HkUlx60EbCLtP7Q1RQ==/base.apk
01-15 17:19:59.813  1701  1981 W PackageManager: Failure retrieving resources for com.YourCompany.Proj
01-15 17:19:59.813  1701  1981 W ziparchive: Unable to open '/data/app/com.YourCompany.Proj-27I4HkUlx60EbCLtP7Q1RQ==/base.apk': No such file or directory
01-15 17:19:59.813  1701  1981 E com.miui.home: Failed to open APK '/data/app/com.YourCompany.Proj-27I4HkUlx60EbCLtP7Q1RQ==/base.apk' I/O error
01-15 17:19:59.813  1701  1981 E ResourcesManager: failed to add asset path /data/app/com.YourCompany.Proj-27I4HkUlx60EbCLtP7Q1RQ==/base.apk
01-15 17:19:59.813  1701  1981 W PackageManager: Failure retrieving resources for com.YourCompany.Proj
01-15 17:19:59.813  1701  1981 W ziparchive: Unable to open '/data/app/com.YourCompany.Proj-27I4HkUlx60EbCLtP7Q1RQ==/base.apk': No such file or directory
01-15 17:19:59.813  1701  1981 E com.miui.home: Failed to open APK '/data/app/com.YourCompany.Proj-27I4HkUlx60EbCLtP7Q1RQ==/base.apk' I/O error
01-15 17:19:59.813  1701  1981 E ResourcesManager: failed to add asset path /data/app/com.YourCompany.Proj-27I4HkUlx60EbCLtP7Q1RQ==/base.apk
01-15 17:19:59.813  1701  1981 W PackageManager: Failure retrieving resources for com.YourCompany.Proj
01-15 17:19:59.813  1701  1981 W ziparchive: Unable to open '/data/app/com.YourCompany.Proj-27I4HkUlx60EbCLtP7Q1RQ==/base.apk': No such file or directory
01-15 17:19:59.813  1701  1981 E com.miui.home: Failed to open APK '/data/app/com.YourCompany.Proj-27I4HkUlx60EbCLtP7Q1RQ==/base.apk' I/O error
01-15 17:19:59.813  1701  1981 E ResourcesManager: failed to add asset path /data/app/com.YourCompany.Proj-27I4HkUlx60EbCLtP7Q1RQ==/base.apk
01-15 17:19:59.813  1701  1981 W PackageManager: Failure retrieving resources for com.YourCompany.Proj
01-15 17:19:59.813  1701  1981 W ziparchive: Unable to open '/data/app/com.YourCompany.Proj-27I4HkUlx60EbCLtP7Q1RQ==/base.apk': No such file or directory
01-15 17:19:59.813  1701  1981 E com.miui.home: Failed to open APK '/data/app/com.YourCompany.Proj-27I4HkUlx60EbCLtP7Q1RQ==/base.apk' I/O error
01-15 17:19:59.813  1701  1981 E ResourcesManager: failed to add asset path /data/app/com.YourCompany.Proj-27I4HkUlx60EbCLtP7Q1RQ==/base.apk
01-15 17:19:59.813  1701  1981 W PackageManager: Failure retrieving resources for com.YourCompany.Proj
01-15 17:19:59.863   516   602 I hwcomposer: [HWCDisplay] [Display_0 (type:1)] fps:54.348553,dur:1011.99,max:81.49,min:13.98  
01-15 17:19:59.884   815   918 D AAL     : 01-15 05:19:59.768 BL= 389,ESS= 258, 01-15 05:19:59.784 BL= 389,ESS= 260, 01-15 05:19:59.801 BL= 388,ESS= 260, 01-15 05:19:59.851 BL= 387,ESS= 260, 01-15 05:19:59.884 BL= 386,ESS= 262, 
01-15 17:19:59.897   582   582 I SurfaceFlinger: screenshot (Letterbox - left#1)
01-15 17:19:59.897   582   582 I SurfaceFlinger: isIncludeStatusBarAndNavBar (1)
01-15 17:19:59.897   582   582 I SurfaceFlinger: screenshot (Letterbox - left#2)
01-15 17:19:59.897   582   582 I SurfaceFlinger: isIncludeStatusBarAndNavBar (1)
01-15 17:19:59.897   582   582 I SurfaceFlinger: screenshot (NavigationBar#0)
01-15 17:19:59.897   582   582 I SurfaceFlinger: isIncludeStatusBarAndNavBar (1)
01-15 17:19:59.907 27991 27991 D UE4     : Used memory before allocating anything was 152.18MB
01-15 17:20:00.000  1521  1521 D KeyguardUpdateMonitor: handleTimeUpdate
01-15 17:20:00.014   582   582 I SurfaceFlinger: screenshot (Letterbox - left#1)
01-15 17:20:00.014   582   582 I SurfaceFlinger: isIncludeStatusBarAndNavBar (1)
01-15 17:20:00.014   582   582 I SurfaceFlinger: screenshot (Letterbox - left#2)
01-15 17:20:00.014   582   582 I SurfaceFlinger: isIncludeStatusBarAndNavBar (1)
01-15 17:20:00.014   582   582 I SurfaceFlinger: screenshot (NavigationBar#0)
01-15 17:20:00.014   582   582 I SurfaceFlinger: isIncludeStatusBarAndNavBar (1)
01-15 17:20:00.080 24625 26732 W FA      : setCurrentScreen cannot be called while no activity active
01-15 17:20:00.085   815   918 D AAL     : 01-15 05:19:59.935 BL= 385,ESS= 262, 01-15 05:19:59.984 BL= 384,ESS= 264, 01-15 05:20:00.018 BL= 383,ESS= 264, 01-15 05:20:00.068 BL= 382,ESS= 264, 01-15 05:20:00.085 BL= 382,ESS= 266, 
01-15 17:20:00.101  1235  2012 E WifiService: Permission violation - getScanResults not allowed for uid=10173, packageName=com.vkontakte.android, reason=java.lang.SecurityException: Location mode is disabled for the device
01-15 17:20:00.109  1235  1322 I PowerHalWrapper: <setRotation> do boost with 0ms 
01-15 17:20:00.112  1235  1322 I Timeline: Timeline: App_transition_ready time:251609280
01-15 17:20:00.114   582   582 I SurfaceFlinger: screenshot (Letterbox - left#1)
01-15 17:20:00.114   582   582 I SurfaceFlinger: isIncludeStatusBarAndNavBar (1)
01-15 17:20:00.114   582   582 I SurfaceFlinger: screenshot (Letterbox - left#2)
01-15 17:20:00.114   582   582 I SurfaceFlinger: isIncludeStatusBarAndNavBar (1)
01-15 17:20:00.125   582   582 I BufferQueue: [ScreenshotSurface#0](this:0x72685f9000,id:14194,api:2,p:-1,c:-1) ~BufferQueueCore
01-15 17:20:00.125   582   582 D RefBase : RefBase: Explicit destruction, weak count = 0 (in 0x72685fa458)
01-15 17:20:00.125   582   582 W RefBase : CallStack::getCurrentInternal not linked, returning null
01-15 17:20:00.125   582   582 W RefBase : CallStack::logStackInternal not linked
01-15 17:20:00.135 27991 28013 I System.out: [OkHttp] sendRequest>>
01-15 17:20:00.135 27991 28013 I System.out: [OkHttp] sendRequest<<
01-15 17:20:00.137  1235  2012 E WifiService: Permission violation - getScanResults not allowed for uid=10173, packageName=com.vkontakte.android, reason=java.lang.SecurityException: Location mode is disabled for the device
01-15 17:20:00.231   582   582 I SurfaceFlinger: screenshot (Letterbox - left#1)
01-15 17:20:00.231   582   582 I SurfaceFlinger: isIncludeStatusBarAndNavBar (1)
01-15 17:20:00.231   582   582 I SurfaceFlinger: screenshot (Letterbox - left#2)
01-15 17:20:00.231   582   582 I SurfaceFlinger: isIncludeStatusBarAndNavBar (1)
01-15 17:20:00.235   815   918 D AAL     : 01-15 05:20:00.101 BL= 381,ESS= 266, 01-15 05:20:00.152 BL= 380,ESS= 266, 01-15 05:20:00.184 BL= 380,ESS= 268, 01-15 05:20:00.201 BL= 379,ESS= 268, 01-15 05:20:00.235 BL= 378,ESS= 268, 
01-15 17:20:00.240  1235  1321 W ActivityTaskManager: Launch timeout has expired, giving up wake lock!
01-15 17:20:00.319 27991 27991 D UE4     : In the JNI_OnLoad function
01-15 17:20:00.320 27991 27991 D UE4     : [JNI] - Failed to determine if app purchasing is enabled!
01-15 17:20:00.321 27991 27991 D UE4     : Path found as '/storage/emulated/0'
01-15 17:20:00.321 27991 27991 D UE4     : Font Path found as '/system/fonts/'
01-15 17:20:00.321 27991 27991 D UE4     : In the JNI_OnLoad function 5
01-15 17:20:00.326 27991 27991 D OVRPlugin: JNI_OnLoad
01-15 17:20:00.330 27991 27991 D ForceDarkHelper: updateByCheckExcludeList: pkg: com.YourCompany.Proj activity: com.epicgames.ue4.GameActivity@3903697
01-15 17:20:00.333 27991 27991 I chatty  : uid=10499(com.YourCompany.Proj) identical 2 lines
01-15 17:20:00.333 27991 27991 D ForceDarkHelper: updateByCheckExcludeList: pkg: com.YourCompany.Proj activity: com.epicgames.ue4.GameActivity@3903697
01-15 17:20:00.333  1235  1235 W Binder:1235_A: type=1400 audit(0.0:167793): avc: denied { read open } for path="/mnt/media_rw/40A8-68D9/Android/obb" dev="mmcblk0p1" ino=3890075 scontext=u:r:system_server:s0 tcontext=u:object_r:vfat:s0 tclass=dir permissive=0
01-15 17:20:00.410 27991 28013 V UE4     : [NetworkChangedManager] Connectivity hasn't changed. Current state: CONNECTION_AVAILABLE
01-15 17:20:00.410 27991 28013 V UE4     : [NetworkChangedManager] Full network check complete. State: CONNECTION_AVAILABLE
01-15 17:20:00.418   815   918 D AAL     : 01-15 05:20:00.284 BL= 377,ESS= 270, 01-15 05:20:00.318 BL= 376,ESS= 270, 01-15 05:20:00.368 BL= 375,ESS= 270, 01-15 05:20:00.384 BL= 375,ESS= 272, 01-15 05:20:00.418 BL= 374,ESS= 272, 
01-15 17:20:00.466 27991 28030 D UE4     : Entering native app glue main function
01-15 17:20:00.466 27991 28030 D UE4     : Created event thread
01-15 17:20:00.466 27991 28030 D UE4     : Entered AndroidMain()
01-15 17:20:00.466 27991 28031 D UE4     : Entering event processing thread engine entry point
01-15 17:20:00.466 27991 28031 D UE4     : Prepared looper for event thread
01-15 17:20:00.466 27991 28031 D UE4     : Passed callback initialization
01-15 17:20:00.466 27991 28031 D UE4     : Passed sensor initialization
01-15 17:20:00.467 27991 28030 D UE4     : Controller interface supported
01-15 17:20:00.476 27991 27991 I SurfaceFactory: [static] sSurfaceFactory = com.mediatek.view.impl.SurfaceFactoryImpl@4d37084
01-15 17:20:00.483 27991 27991 D ViewRootImpl[GameActivity]: hardware acceleration = true , fakeHwAccelerated = false, sRendererDisabled = false, forceHwAccelerated = false, sSystemRendererDisabled = false
01-15 17:20:00.485   582  2228 I SurfaceFlinger: [SF client] NEW(0x7268521380) for (1235:system_server)
01-15 17:20:00.489 27991 27991 D UE4     : [GameActivity] Target SDK is 28.  This may cause issues if permissions are denied by the user.
01-15 17:20:00.489 27991 27991 E PermissionHelper: GVRTransition2DActivity.getActivity() failed. Trying to get GameActivity.
01-15 17:20:00.490 27991 27991 D PermissionHelper: checkPermission: android.permission.WRITE_EXTERNAL_STORAGE has granted
01-15 17:20:00.504   582   582 I SurfaceFlinger: screenshot (Letterbox - left#1)
01-15 17:20:00.504   582   582 I SurfaceFlinger: isIncludeStatusBarAndNavBar (1)
01-15 17:20:00.504   582   582 I SurfaceFlinger: screenshot (Letterbox - left#2)
01-15 17:20:00.504   582   582 I SurfaceFlinger: isIncludeStatusBarAndNavBar (1)
01-15 17:20:00.568 27991 27991 D ForceDarkHelper: updateByCheckExcludeList: pkg: com.YourCompany.Proj activity: com.epicgames.ue4.GameActivity@3903697
01-15 17:20:00.570 27991 27991 D UE4     : [GameActivity] Vulkan version: 1.1.0
01-15 17:20:00.570 27991 27991 D UE4     : [GameActivity] Vulkan level: 1
01-15 17:20:00.571 27991 27991 D UE4     : [GameActivity] Found DepthBufferPreference = 0
01-15 17:20:00.571 27991 27991 D UE4     : [GameActivity] Found bPackageDataInsideApk = 0
01-15 17:20:00.571 27991 27991 D UE4     : [GameActivity] Found ProjectName = Proj
01-15 17:20:00.571 27991 27991 D UE4     : [GameActivity] Found AppType = 
01-15 17:20:00.571 27991 27991 D UE4     : [GameActivity] Found bHasOBBFiles = 0
01-15 17:20:00.571 27991 27991 D UE4     : [GameActivity] Found bVerifyOBBOnStartUp = false
01-15 17:20:00.571 27991 27991 D UE4     : [GameActivity] UI hiding set to true
01-15 17:20:00.571 27991 27991 D UE4     : [GameActivity] BuildConfiguration set to Development
01-15 17:20:00.571 27991 27991 D UE4     : [GameActivity] UseExternalFilesDir set to false
01-15 17:20:00.571 27991 27991 D UE4     : [GameActivity] PublicLogFiles set to false
01-15 17:20:00.571 27991 27991 D UE4     : [GameActivity] AllowIMU set to true
01-15 17:20:00.571 27991 27991 D UE4     : [GameActivity] SupportsVulkan set to false
01-15 17:20:00.572 27991 27991 D UE4     : [GameActivity] No Oculus Mobile mode detected.
01-15 17:20:00.573 27991 27991 D UE4     : [GameActivity] Using commandline from: /storage/emulated/0/UE4Game/Proj/UE4CommandLine.txt
01-15 17:20:00.573 27991 27991 D UE4     : [GameActivity] Parsing commandline: ../../../Proj/Proj.uproject  /Game/Proj/Maps/Transit -Messaging -SessionId=184E1D134937108BCA8818BE9BCAF4CB -SessionOwner="misha" -SessionName="Launch On Device" -iterative
01-15 17:20:00.574 27991 27991 I GPUD    : @gpudInitialize: successfully initialized with 1, dbg=0 mmdump_dbg=0
01-15 17:20:00.586   815   918 D AAL     : 01-15 05:20:00.451 BL= 373,ESS= 272, 01-15 05:20:00.485 BL= 373,ESS= 274, 01-15 05:20:00.503 BL= 372,ESS= 274, 01-15 05:20:00.535 BL= 371,ESS= 274, 01-15 05:20:00.586 BL= 370,ESS= 276, 
01-15 17:20:00.588 27991 27991 I GED     : [GT]_get_procNameprocess pid(27991)
01-15 17:20:00.588 27991 27991 I GED     : [GT]_getprocess name(com.YourCompany.Proj)
01-15 17:20:00.588 27991 27991 I         : [GT] ret(1) gt_status(00000000) aniso_debug_level(0) gt_aniso_max_level(16) ani so mask(00000001) tri mask(00000002)
01-15 17:20:00.590  8116 26914 I System.out: [okhttp]:check permission begin!
01-15 17:20:00.590  8116 26914 W System  : ClassLoader referenced unknown path: system/framework/mediatek-cta.jar
01-15 17:20:00.590  8116 26914 I System.out: [okhttp] e:java.lang.ClassNotFoundException: com.mediatek.cta.CtaUtils
01-15 17:20:00.591  8116 26914 I System.out: [OkHttp] sendRequest>>
01-15 17:20:00.591  8116 26914 I System.out: [OkHttp] sendRequest<<
01-15 17:20:00.594 27991 27991 D UE4     : [GameActivity] Hardware: MT6785V/CC
01-15 17:20:00.594 27991 27991 D UE4     : [GameActivity] ro.hardware: mt6785
01-15 17:20:00.595 27991 27991 D UE4     : [GameActivity] Memory: 5498 MB
01-15 17:20:00.598 27991 27991 D UE4     : [GameActivity] UseAffinity: false
01-15 17:20:00.598 27991 27991 D UE4     : [GameActivity] BigCoreMask: 0xffff
01-15 17:20:00.598 27991 27991 D UE4     : [GameActivity] LittleCoreMask: 0x0
01-15 17:20:00.598 27991 27991 D UE4     : [GameActivity] APK path: /data/app/com.YourCompany.Proj-Ke01JVEQXYQ60abl3uEehg==/base.apk
01-15 17:20:00.598 27991 27991 D UE4     : [GameActivity] OBB in APK: false
01-15 17:20:00.600 27991 27991 D UE4     : InternalFilePath found as '/data/user/0/com.YourCompany.Proj/files'
01-15 17:20:00.600 27991 27991 D UE4     : ExternalFilePath found as '/storage/emulated/0/Android/data/com.YourCompany.Proj/files'
01-15 17:20:00.600 27991 27991 D UE4     : App is running in Landscape
01-15 17:20:00.600 27991 27991 D UE4     : [GameActivity] Android version is 10
01-15 17:20:00.600 27991 27991 D UE4     : [GameActivity] Android manufacturer is Xiaomi
01-15 17:20:00.600 27991 27991 D UE4     : [GameActivity] Android model is Redmi Note 8 Pro
01-15 17:20:00.600 27991 27991 D UE4     : [GameActivity] Android build number is QP1A.190711.020
01-15 17:20:00.600 27991 27991 D UE4     : [GameActivity] OS language is set to ru_RU
01-15 17:20:00.600 27991 27991 D UE4     : [GameActivity] Debugger attached is false
01-15 17:20:00.602 27991 27991 D ForceDarkHelper: updateByCheckExcludeList: pkg: com.YourCompany.Proj activity: com.epicgames.ue4.GameActivity@3903697
01-15 17:20:00.629 27991 27991 I chatty  : uid=10499(com.YourCompany.Proj) identical 2 lines
01-15 17:20:00.630 27991 27991 D ForceDarkHelper: updateByCheckExcludeList: pkg: com.YourCompany.Proj activity: com.epicgames.ue4.GameActivity@3903697
01-15 17:20:00.631   582   582 I SurfaceFlinger: screenshot (Letterbox - left#1)
01-15 17:20:00.631   582   582 I SurfaceFlinger: isIncludeStatusBarAndNavBar (1)
01-15 17:20:00.631   582   582 I SurfaceFlinger: screenshot (Letterbox - left#2)
01-15 17:20:00.631   582   582 I SurfaceFlinger: isIncludeStatusBarAndNavBar (1)
01-15 17:20:00.634 27991 27991 D ForceDarkHelper: updateByCheckExcludeList: pkg: com.YourCompany.Proj activity: com.epicgames.ue4.GameActivity@3903697
01-15 17:20:00.634 27991 27991 I chatty  : uid=10499(com.YourCompany.Proj) identical 2 lines
01-15 17:20:00.636 27991 27991 D ForceDarkHelper: updateByCheckExcludeList: pkg: com.YourCompany.Proj activity: com.epicgames.ue4.GameActivity@3903697
01-15 17:20:00.662 27991 27991 W PopupManager: You have not specified a View to use as content view for popups. Falling back to the Activity content view. Note that this may not work as expected in multi-screen environments
01-15 17:20:00.664 27991 27991 D UE4     : [GameActivity] googleClient is valid
01-15 17:20:00.664 27991 27991 D UE4     : [GameActivity] ==============> GameActive.onCreate complete!
01-15 17:20:00.666 27991 27991 D UE4     : [GameActivity] Creating console command broadcast listener
01-15 17:20:00.666 27991 28031 D UE4     : LogAndroidEvents::EnqueueAppEvent : 9, [width=-1, height=-1], tid = 28031, APP_EVENT_STATE_ON_START
01-15 17:20:00.668 27991 27991 D UE4     : [GameActivity] ==================================> Inside onStart function in GameActivity
01-15 17:20:00.668 27991 27991 V UE4     : [GameApp] App in foreground
01-15 17:20:00.670 27991 28031 D UE4     : Case APP_CMD_RESUME
01-15 17:20:00.670 27991 27991 D UE4     : [GameActivity] === Restoring Transparent Bars ===
01-15 17:20:00.670 27991 28031 D UE4     : LogAndroidEvents::EnqueueAppEvent : 7, [width=-1, height=-1], tid = 28031, APP_EVENT_STATE_ON_RESUME
01-15 17:20:00.670 27991 27991 D UE4     : [GameActivity] ==============> [JAVA] AndroidThunkJava_KeepScreenOn(false) - Enabled screen saver
01-15 17:20:00.670 27991 27991 D UE4     : [GameActivity] ==============> [JAVA] AndroidThunkJava_DisableScreenCapture(false) - Enabled screen captures
01-15 17:20:00.670 27991 27991 D UE4     : [GameActivity] Registering sensor listeners
01-15 17:20:00.671  1235  2012 D SensorService: Calling batch handle==2 flags=0rate=20000000 timeout== 0
01-15 17:20:00.671  1235  2012 D SensorService: SensorDevice::batch: ident=0x70ad5aac80, handle=0x00000002, flags=0, period_ns=20000000 timeout=0
01-15 17:20:00.671  1235  2012 D SensorService: 	>>> curr_period=9223372036854775807 min_period=20000000 curr_timeout=0 min_timeout=0
01-15 17:20:00.671  1235  2012 D SensorService: 	>>> actuating h/w BATCH 0x00000002 20000000 0
01-15 17:20:00.671   794  1023 I Accelerometer: batch: handle:0, flag:0,samplingPeriodNs:20000000 maxBatchReportLatencyNs:0

01-15 17:20:00.672  1235  2012 D SensorService: Calling activate on 2
01-15 17:20:00.672  1235  2012 D SensorService: SensorDevice::activate: ident=0x70ad5aac80, handle=0x00000002, enabled=1, count=1
01-15 17:20:00.672  1235  2012 D SensorService: enable index=0
01-15 17:20:00.672  1235  2012 D SensorService: 	>>> actuating h/w activate handle=2 enabled=1
01-15 17:20:00.672   794  1023 I Accelerometer: enable: handle:0, en:1

01-15 17:20:00.673  1235  2012 D SensorService: Calling batch handle==3 flags=0rate=20000000 timeout== 0
01-15 17:20:00.673  1235  2012 D SensorService: SensorDevice::batch: ident=0x70ad5aac80, handle=0x00000003, flags=0, period_ns=20000000 timeout=0
01-15 17:20:00.673  1235  2012 D SensorService: 	>>> curr_period=9223372036854775807 min_period=20000000 curr_timeout=0 min_timeout=0
01-15 17:20:00.673  1235  2012 D SensorService: 	>>> actuating h/w BATCH 0x00000003 20000000 0
01-15 17:20:00.674   794  1023 I Magnetic: batch: handle:1, flag:0, samplingPeriodNs:20000000,maxBatchReportLatencyNs:0

01-15 17:20:00.674  1235  2012 D SensorService: Calling activate on 3
01-15 17:20:00.674  1235  2012 D SensorService: SensorDevice::activate: ident=0x70ad5aac80, handle=0x00000003, enabled=1, count=1
01-15 17:20:00.674  1235  2012 D SensorService: enable index=0
01-15 17:20:00.674  1235  2012 D SensorService: 	>>> actuating h/w activate handle=3 enabled=1
01-15 17:20:00.674   794  1023 I Magnetic: enable: handle:1, en:1 

01-15 17:20:00.674  1235  2012 D SensorService: Calling batch handle==5 flags=0rate=20000000 timeout== 0
01-15 17:20:00.674  1235  2012 D SensorService: SensorDevice::batch: ident=0x70ad5aac80, handle=0x00000005, flags=0, period_ns=20000000 timeout=0
01-15 17:20:00.674  1235  2012 D SensorService: 	>>> curr_period=9223372036854775807 min_period=20000000 curr_timeout=0 min_timeout=0
01-15 17:20:00.674  1235  2012 D SensorService: 	>>> actuating h/w BATCH 0x00000005 20000000 0
01-15 17:20:00.674   794  1023 I Gyroscope: batch: handle:3, flag:0,samplingPeriodNs:20000000 maxBatchReportLatencyNs:0

01-15 17:20:00.675  1235  2012 D SensorService: Calling activate on 5
01-15 17:20:00.675  1235  2012 D SensorService: SensorDevice::activate: ident=0x70ad5aac80, handle=0x00000005, enabled=1, count=1
01-15 17:20:00.675  1235  2012 D SensorService: enable index=0
01-15 17:20:00.675  1235  2012 D SensorService: 	>>> actuating h/w activate handle=5 enabled=1
01-15 17:20:00.675   794  1023 I Gyroscope: enable: handle:3, en:1

01-15 17:20:00.676 27991 27991 D UE4     : App is running in Landscape
01-15 17:20:00.676 27991 27991 D UE4     : [GameActivity] === Restoring Transparent Bars ===
01-15 17:20:00.676 27991 27991 D UE4     : [GameActivity] ==============> Resuming main init
01-15 17:20:00.679 27991 28030 D UE4     : APK Commandline: ../../../Proj/Proj.uproject  /Game/Proj/Maps/Transit -Messaging -SessionId=184E1D134937108BCA8818BE9BCAF4CB -SessionOwner="misha" -SessionName="Launch On Device" -iterative
01-15 17:20:00.679 27991 28030 D UE4     : Override Commandline: ../../../Proj/Proj.uproject  /Game/Proj/Maps/Transit -Messaging -SessionId=184E1D134937108BCA8818BE9BCAF4CB -SessionOwner="misha" -SessionName="Launch On Device" -iterative
01-15 17:20:00.679 27991 28030 D UE4     : Final commandline: ../../../Proj/Proj.uproject  /Game/Proj/Maps/Transit -Messaging -SessionId=184E1D134937108BCA8818BE9BCAF4CB -SessionOwner="misha" -SessionName="Launch On Device" -iterative
01-15 17:20:00.679 27991 28030 D UE4     : Created sync event
01-15 17:20:00.687 27991 27991 D UE4     : [GameActivity] ==============> GameActive.onResume complete!
01-15 17:20:00.687 27991 27991 V PhoneWindow: DecorView setVisiblity: visibility = 4, Parent = null, this = DecorView@2c99d0a[]
01-15 17:20:00.689 27991 27991 D ViewRootImpl[GameActivity]: hardware acceleration = true , fakeHwAccelerated = false, sRendererDisabled = false, forceHwAccelerated = false, sSystemRendererDisabled = false
01-15 17:20:00.693 27991 27991 V PhoneWindow: DecorView setVisiblity: visibility = 0, Parent = android.view.ViewRootImpl@cc587f1, this = DecorView@2c99d0a[GameActivity]
01-15 17:20:00.694  1701  1701 D RecentsImpl: mActivityStateObserver com.epicgames.ue4.GameActivity
01-15 17:20:00.694 27991 27991 W Looper  : Slow Looper main: Activity com.YourCompany.Proj/com.epicgames.ue4.GameActivity is 984ms late (wall=0ms running=0ms ClientTransaction{ callbacks=[android.app.servertransaction.TopResumedActivityChangeItem] }) because of 3 msg, msg 3 took 983ms (seq=8 late=1ms h=android.app.ActivityThread$H w=159)
01-15 17:20:00.697   582  2228 I BufferQueue: [unnamed-582-14195](this:0x72685fa800,id:14195,api:0,p:-1,c:-1) BufferQueue core=(582:/system/bin/surfaceflinger)
01-15 17:20:00.697   582  2228 I BufferQueueConsumer: [unnamed-582-14195](this:0x72685fa800,id:14195,api:0,p:-1,c:582) connect(C): consumer=(582:/system/bin/surfaceflinger) controlledByApp=false
01-15 17:20:00.697   582  2228 I BufferQueueConsumer: [unnamed-582-14192](this:0x72685fa800,id:14195,api:0,p:-1,c:582) setConsumerName: unnamed-582-14192
01-15 17:20:00.697   582  2228 I BufferQueueConsumer: [com.YourCompany.Proj/com.epicgames.ue4.GameActivity#0](this:0x72685fa800,id:14195,api:0,p:-1,c:582) setConsumerName: com.YourCompany.Proj/com.epicgames.ue4.GameActivity#0
01-15 17:20:00.697   582  2228 I BufferQueueConsumer: [com.YourCompany.Proj/com.epicgames.ue4.GameActivity#0](this:0x72685fa800,id:14195,api:0,p:-1,c:582) setDefaultBufferSize: width=1 height=1
01-15 17:20:00.700   582  2228 I BufferQueueConsumer: [com.YourCompany.Proj/com.epicgames.ue4.GameActivity#0](this:0x72685fa800,id:14195,api:0,p:-1,c:582) setDefaultBufferSize: width=2264 height=1080
01-15 17:20:00.700  1235  2012 I Timeline: Timeline: App_transition_ready time:251609868
01-15 17:20:00.702  1235  2012 I Timeline: Timeline: App_transition_ready time:251609870
01-15 17:20:00.705 27991 27991 E GraphicExt: Can't load libboost_ext_fwk
01-15 17:20:00.705 27991 27991 E GraphicExt: GraphicExtModuleLoader::CreateGraphicExtInstance false
01-15 17:20:00.705   582   625 W ServiceManager: Permission failure: android.permission.ACCESS_SURFACE_FLINGER from uid=10499 pid=27991
01-15 17:20:00.705   582   625 D PermissionCache: checking android.permission.ACCESS_SURFACE_FLINGER for uid=10499 => denied (197 us)
01-15 17:20:00.708 27991 28014 I GED     : [GT]_get_procNameprocess pid(27991)
01-15 17:20:00.708 27991 28014 I GED     : [GT]_getprocess name(com.YourCompany.Proj)
01-15 17:20:00.708 27991 28014 I         : [GT] ret(1) gt_status(00000000) aniso_debug_level(0) gt_aniso_max_level(16) ani so mask(00000001) tri mask(00000002)
01-15 17:20:00.710 27991 28014 D Surface : Surface::connect(this=0x71b43e4000,api=1)
01-15 17:20:00.711   582   625 I BufferQueueProducer: [com.YourCompany.Proj/com.epicgames.ue4.GameActivity#0](this:0x72685fa800,id:14195,api:1,p:27991,c:582) connect(P): api=1 producer=(27991:com.YourCompany.Proj) producerControlledByApp=false
01-15 17:20:00.711 27991 28014 D mali_winsys: EGLint new_window_surface(egl_winsys_display *, void *, EGLSurface, EGLConfig, egl_winsys_surface **, EGLBoolean) returns 0x3000
01-15 17:20:00.712 27991 28014 D Surface : Surface::setBufferCount(this=0x71b43e4000,bufferCount=3)
01-15 17:20:00.713 27991 28014 D Surface : Surface::allocateBuffers(this=0x71b43e4000)
01-15 17:20:00.725   389   389 I hwservicemanager: getTransport: Cannot find entry android.hardware.graphics.mapper@3.0::IMapper/default in either framework or device manifest.
01-15 17:20:00.725 27991 28014 W Gralloc3: mapper 3.x is not supported
01-15 17:20:00.727 27991 28014 E gralloc : Arm Module v1.0
01-15 17:20:00.728 27991 28014 E ion     : ioctl c0044901 failed with code -1: Invalid argument
01-15 17:20:00.728 27991 28014 W gralloc : WARNING: internal format modifier bits not mutually exclusive. AFBC basic bit is always set, so extended AFBC support bits must always be checked.
01-15 17:20:00.737   582   582 I SurfaceFlinger: screenshot (Letterbox - left#1)
01-15 17:20:00.737   582   582 I SurfaceFlinger: isIncludeStatusBarAndNavBar (1)
01-15 17:20:00.737   582   582 I SurfaceFlinger: screenshot (Letterbox - left#2)
01-15 17:20:00.737   582   582 I SurfaceFlinger: isIncludeStatusBarAndNavBar (1)
01-15 17:20:00.738  1235  1337 V DisplayPowerController: Brightness [20] reason changing to: 'automatic [ dim ]', previous reason: 'automatic'.
01-15 17:20:00.752   519   519 D lights  : write_int open fd=7
01-15 17:20:00.752   815   918 D AAL     : 01-15 05:20:00.635 BL= 369,ESS= 276, 01-15 05:20:00.668 BL= 368,ESS= 276, 01-15 05:20:00.685 BL= 368,ESS= 278, 01-15 05:20:00.719 BL= 367,ESS= 278, 01-15 05:20:00.752 BL= 366,ESS= 278, 
01-15 17:20:00.758  1235  1957 I WindowManager: Relayout Window{c9fb434 u0 com.YourCompany.Proj/com.epicgames.ue4.GameActivity}: oldVis=4 newVis=0 focusMayChange = true
01-15 17:20:00.758   582  2228 I BufferQueue: [unnamed-582-14196](this:0x726878a000,id:14196,api:0,p:-1,c:-1) BufferQueue core=(582:/system/bin/surfaceflinger)
01-15 17:20:00.758   582  2228 I BufferQueueConsumer: [unnamed-582-14196](this:0x726878a000,id:14196,api:0,p:-1,c:582) connect(C): consumer=(582:/system/bin/surfaceflinger) controlledByApp=false
01-15 17:20:00.758   582  2228 I BufferQueueConsumer: [unnamed-582-14193](this:0x726878a000,id:14196,api:0,p:-1,c:582) setConsumerName: unnamed-582-14193
01-15 17:20:00.758   582  2228 I BufferQueueConsumer: [com.YourCompany.Proj/com.epicgames.ue4.GameActivity#1](this:0x726878a000,id:14196,api:0,p:-1,c:582) setConsumerName: com.YourCompany.Proj/com.epicgames.ue4.GameActivity#1
01-15 17:20:00.758   582  2228 I BufferQueueConsumer: [com.YourCompany.Proj/com.epicgames.ue4.GameActivity#1](this:0x726878a000,id:14196,api:0,p:-1,c:582) setDefaultBufferSize: width=2264 height=1080
01-15 17:20:00.760  1235  1957 I Timeline: Timeline: App_transition_ready time:251609929
01-15 17:20:00.765 27991 27991 E GraphicExt: GraphicExtModuleLoader::CreateGraphicExtInstance false
01-15 17:20:00.767   815   918 D AAL     : onBacklightChanged: 394/1023 -> 365/1023(phy:730/4095)
01-15 17:20:00.768 27991 28014 D Surface : Surface::connect(this=0x709fdb1000,api=1)
01-15 17:20:00.768   582   630 I BufferQueueProducer: [com.YourCompany.Proj/com.epicgames.ue4.GameActivity#1](this:0x726878a000,id:14196,api:1,p:27991,c:582) connect(P): api=1 producer=(27991:com.YourCompany.Proj) producerControlledByApp=false
01-15 17:20:00.768   519   519 D lights  : write_int open fd=7
01-15 17:20:00.769 27991 28014 D mali_winsys: EGLint new_window_surface(egl_winsys_display *, void *, EGLSurface, EGLConfig, egl_winsys_surface **, EGLBoolean) returns 0x3000
01-15 17:20:00.769 27991 28014 D Surface : Surface::setBufferCount(this=0x709fdb1000,bufferCount=3)
01-15 17:20:00.771 27991 27991 D SurfaceView: UPDATE null, mIsCastMode = false
01-15 17:20:00.772   582   625 I SurfaceFlinger: [SF client] NEW(0x729a187b80) for (27991:com.YourCompany.Proj)
01-15 17:20:00.772   582   625 I BufferQueue: [unnamed-582-14197](this:0x729a024800,id:14197,api:0,p:-1,c:-1) BufferQueue core=(582:/system/bin/surfaceflinger)
01-15 17:20:00.772   582   625 I BufferQueueConsumer: [unnamed-582-14197](this:0x729a024800,id:14197,api:0,p:-1,c:582) connect(C): consumer=(582:/system/bin/surfaceflinger) controlledByApp=false
01-15 17:20:00.772   582   625 I BufferQueueConsumer: [unnamed-582-14194](this:0x729a024800,id:14197,api:0,p:-1,c:582) setConsumerName: unnamed-582-14194
01-15 17:20:00.772   582   625 I BufferQueueConsumer: [Bounds for - com.YourCompany.Proj/com.epicgames.ue4.GameActivity#0](this:0x729a024800,id:14197,api:0,p:-1,c:582) setConsumerName: Bounds for - com.YourCompany.Proj/com.epicgames.ue4.GameActivity#0
01-15 17:20:00.773 27991 27991 E GraphicExt: GraphicExtModuleLoader::CreateGraphicExtInstance false
01-15 17:20:00.773   582   630 I SurfaceFlinger: [SF client] NEW(0x7268520c00) for (27991:com.YourCompany.Proj)
01-15 17:20:00.774   582   630 I BufferQueue: [unnamed-582-14198](this:0x727af5a800,id:14198,api:0,p:-1,c:-1) BufferQueue core=(582:/system/bin/surfaceflinger)
01-15 17:20:00.774   582   630 I BufferQueueConsumer: [unnamed-582-14198](this:0x727af5a800,id:14198,api:0,p:-1,c:582) connect(C): consumer=(582:/system/bin/surfaceflinger) controlledByApp=false
01-15 17:20:00.774   582   630 I BufferQueueConsumer: [unnamed-582-14195](this:0x727af5a800,id:14198,api:0,p:-1,c:582) setConsumerName: unnamed-582-14195
01-15 17:20:00.774   582   630 I BufferQueueConsumer: [SurfaceView - com.YourCompany.Proj/com.epicgames.ue4.GameActivity#0](this:0x727af5a800,id:14198,api:0,p:-1,c:582) setConsumerName: SurfaceView - com.YourCompany.Proj/com.epicgames.ue4.GameActivity#0
01-15 17:20:00.774   582   630 I BufferQueueConsumer: [SurfaceView - com.YourCompany.Proj/com.epicgames.ue4.GameActivity#0](this:0x727af5a800,id:14198,api:0,p:-1,c:582) setDefaultBufferSize: width=2264 height=1080
01-15 17:20:00.775 27991 27991 E GraphicExt: GraphicExtModuleLoader::CreateGraphicExtInstance false
01-15 17:20:00.775 27991 27991 D ViewRootImpl: setSurfaceViewCreated, created:true
01-15 17:20:00.775 27991 28031 D UE4     : Case APP_CMD_INIT_WINDOW
01-15 17:20:00.776 27991 28031 D UE4     : LogAndroidEvents::EnqueueAppEvent : 0, [width=2264, height=1080], tid = 28031, APP_EVENT_STATE_WINDOW_CREATED
01-15 17:20:00.784   815   918 D AAL     : onBacklightChanged: 365/1023 -> 324/1023(phy:648/4095)
01-15 17:20:00.785   519   519 D lights  : write_int open fd=7
01-15 17:20:00.792  1235  1322 I Timeline: Timeline: App_transition_ready time:251609961
01-15 17:20:00.793 27991 27991 D UE4     : [GameActivity] === Thermal status changed to 0
01-15 17:20:00.798  1235  1957 I Timeline: Timeline: App_transition_ready time:251609966
01-15 17:20:00.798  1521  1521 D EventBus: [1521, u0] send(AppTransitionFinishedEvent)
01-15 17:20:00.798  1521  1521 D EventBus: [1521, u0]  -> ForcedResizableInfoActivityController [0xe5d95f1, P1] onBusEvent(AppTransitionFinishedEvent)
01-15 17:20:00.798  1521  1521 D EventBus: [1521, u0] onBusEvent(AppTransitionFinishedEvent) duration: 10 microseconds, avg: 44
01-15 17:20:00.798  1235  1957 I Timeline: Timeline: Activity_windows_visible id: ActivityRecord{d1bbd4 u0 com.YourCompany.Proj/com.epicgames.ue4.GameActivity t543} time:251609967
01-15 17:20:00.798  1521  1521 D EventBus: [1521, u0] send(AppTransitionFinishedEvent)
01-15 17:20:00.798  1235  1957 I Timeline: Timeline: App_transition_stopped time:251609967
01-15 17:20:00.798  1521  1521 D EventBus: [1521, u0]  -> ForcedResizableInfoActivityController [0xe5d95f1, P1] onBusEvent(AppTransitionFinishedEvent)
01-15 17:20:00.798  1521  1521 D EventBus: [1521, u0] onBusEvent(AppTransitionFinishedEvent) duration: 9 microseconds, avg: 44
01-15 17:20:00.798  1235  1326 I ActivityTaskManager: Displayed com.YourCompany.Proj/com.epicgames.ue4.GameActivity: +1s788ms
01-15 17:20:00.798  1521  1521 D EventBus: [1521, u0] send(AppTransitionFinishedEvent)
01-15 17:20:00.798  1521  1521 D EventBus: [1521, u0]  -> ForcedResizableInfoActivityController [0xe5d95f1, P1] onBusEvent(AppTransitionFinishedEvent)
01-15 17:20:00.799  1521  1521 D EventBus: [1521, u0] onBusEvent(AppTransitionFinishedEvent) duration: 5 microseconds, avg: 44
01-15 17:20:00.801   815   918 D AAL     : onBacklightChanged: 324/1023 -> 283/1023(phy:566/4095)
01-15 17:20:00.802   519   519 D lights  : write_int open fd=7
01-15 17:20:00.803   433   443 E PSITrigger: get PSI events detail failed!! errno=25
01-15 17:20:00.808  1235  1322 D Surface : lockCanvas
01-15 17:20:00.812   582   630 I BufferQueueProducer: [Splash Screen com.YourCompany.Proj#0](this:0x72685fd800,id:14193,api:2,p:1235,c:582) queueBuffer: fps=1.70 dur=1762.96 max=1547.58 min=19.12
01-15 17:20:00.813  1235  1322 D View    : [Warning] assignParent to null: this = DecorView@7a3f87c[Proj]
01-15 17:20:00.815 27991 28031 D UE4     : LogAndroidEvents::EnqueueAppEvent : 11, [width=-1, height=-1], tid = 28031, APP_EVENT_STATE_WINDOW_GAINED_FOCUS
01-15 17:20:00.815 27991 28031 D UE4     : LogAndroidEvents::EnqueueAppEvent : 14, [width=-1, height=-1], tid = 28031, APP_EVENT_STATE_APP_ACTIVATED
01-15 17:20:00.815 27991 28031 D UE4     : LogAndroidEvents::EnqueueAppEvent : 15, [width=-1, height=-1], tid = 28031, APP_EVENT_RUN_CALLBACK
01-15 17:20:00.817 27991 27991 D UE4     : [GameActivity] === Restoring Transparent Bars due to Visibility Change ===
01-15 17:20:00.817 27991 27991 D UE4     : [GameActivity] === Restoring Transparent Bars ===
01-15 17:20:00.818   815   918 D AAL     : onBacklightChanged: 283/1023 -> 242/1023(phy:484/4095)
01-15 17:20:00.819  1235  1322 D Surface : lockCanvas
01-15 17:20:00.820 22920 22920 I GoogleInputMethodService: GoogleInputMethodService.onFinishInput():3341 
01-15 17:20:00.820 22920 22920 I GoogleInputMethodService: GoogleInputMethodService.onStartInput():1906 
01-15 17:20:00.822   519   519 D lights  : write_int open fd=7
01-15 17:20:00.834  1235  1322 D Surface : Surface::disconnect(this=0x704df42000,api=2)
01-15 17:20:00.834   815   918 D AAL     : onBacklightChanged: 242/1023 -> 201/1023(phy:402/4095)
01-15 17:20:00.834   582   630 I BufferQueueProducer: [Splash Screen com.YourCompany.Proj#0](this:0x72685fd800,id:14193,api:2,p:1235,c:582) disconnect(P): api 2
01-15 17:20:00.835   519   519 D lights  : write_int open fd=7
01-15 17:20:00.836   815   918 D AAL     : 01-15 05:20:00.769 BL= 339,ESS= 280, 01-15 05:20:00.785 BL= 301,ESS= 280, 01-15 05:20:00.802 BL= 262,ESS= 280, 01-15 05:20:00.820 BL= 224,ESS= 280, 01-15 05:20:00.836 BL= 186,ESS= 280, 
01-15 17:20:00.840  1235  2169 I GED     : ged_boost_gpu_freq, level 100, eOrigin 2, final_idx 27, oppidx_max 27, oppidx_min 0
01-15 17:20:00.842   582   582 I SurfaceFlinger: screenshot (Letterbox - left#2)
01-15 17:20:00.842   582   582 I SurfaceFlinger: isIncludeStatusBarAndNavBar (1)
01-15 17:20:00.842   582   582 I SurfaceFlinger: screenshot (Background for -SurfaceView - com.YourCompany.Proj/com.epicgames.ue4.GameActivity#0)
01-15 17:20:00.842   582   582 I SurfaceFlinger: isIncludeStatusBarAndNavBar (1)
01-15 17:20:00.843   582   582 I SurfaceFlinger: screenshot (com.YourCompany.Proj/com.epicgames.ue4.GameActivity#1)
01-15 17:20:00.843   582   582 I SurfaceFlinger: isIncludeStatusBarAndNavBar (1)
01-15 17:20:00.843   582   582 I SurfaceFlinger: screenshot (com.YourCompany.Proj/com.epicgames.ue4.GameActivity#0)
01-15 17:20:00.843   582   582 I SurfaceFlinger: isIncludeStatusBarAndNavBar (1)
01-15 17:20:00.851   815   918 D AAL     : onBacklightChanged: 201/1023 -> 160/1023(phy:320/4095)
01-15 17:20:00.852   582   582 I BufferQueue: [Splash Screen com.YourCompany.Proj#0](this:0x72685fd800,id:14193,api:2,p:-1,c:-1) ~BufferQueueCore
01-15 17:20:00.852   519   519 D lights  : write_int open fd=7
01-15 17:20:00.852   582   582 D RefBase : RefBase: Explicit destruction, weak count = 0 (in 0x72685fec58)
01-15 17:20:00.852   582   582 W RefBase : CallStack::getCurrentInternal not linked, returning null
01-15 17:20:00.852   582   582 W RefBase : CallStack::logStackInternal not linked
01-15 17:20:00.853   538   598 I power@1.3-impl: powerHintInternal hint:8, data:0
01-15 17:20:00.854  1235  1957 D PowerHalWrapper: amsBoostStop AMS_BOOST_PACK_SWITCH:false, AMS_BOOST_ACT_SWITCH:true, AMS_BOOST_PROCESS_CREATE:false 
01-15 17:20:00.857  1521  1521 D EventBus: [1521, u0] send(AppTransitionFinishedEvent)
01-15 17:20:00.858  1521  1521 D EventBus: [1521, u0]  -> ForcedResizableInfoActivityController [0xe5d95f1, P1] onBusEvent(AppTransitionFinishedEvent)
01-15 17:20:00.858  1521  1521 D EventBus: [1521, u0] onBusEvent(AppTransitionFinishedEvent) duration: 11 microseconds, avg: 44
01-15 17:20:00.867   815   918 D AAL     : onBacklightChanged: 160/1023 -> 119/1023(phy:238/4095)
01-15 17:20:00.869   519   519 D lights  : write_int open fd=7
01-15 17:20:00.870   516   602 I hwcomposer: [HWCDisplay] [Display_0 (type:1)] fps:29.791815,dur:1006.99,max:367.82,min:7.40  
01-15 17:20:00.884   815   918 D AAL     : onBacklightChanged: 119/1023 -> 77/1023(phy:154/4095)
01-15 17:20:00.886   519   519 D lights  : write_int open fd=7
01-15 17:20:00.901   815   918 D AAL     : onBacklightChanged: 77/1023 -> 36/1023(phy:72/4095)
01-15 17:20:00.901   519   519 D lights  : write_int open fd=7
01-15 17:20:00.911   433   443 E PSITrigger: get PSI events detail failed!! errno=25
01-15 17:20:00.917   815   918 D AAL     : onBacklightChanged: 36/1023 -> 20/1023(phy:40/4095)
01-15 17:20:00.919   815   918 D AAL     : 01-15 05:20:00.851 BL= 148,ESS= 280, 01-15 05:20:00.869 BL= 110,ESS= 280, 01-15 05:20:00.885 BL=  71,ESS= 280, 01-15 05:20:00.902 BL=  33,ESS= 280, 01-15 05:20:00.919 BL=  18,ESS= 278, 
01-15 17:20:00.948 27991 28030 D UE4     : EGL Extensions: 
