01-09 20:05:46.271 29857 29944 V Pdc4Utils: requestServer started at http://pdc.micloud.xiaomi.net/mic/pdc/v4.1/apps/calendar/spaces/default/records  isGet : true
01-09 20:05:46.271   751  7025 D DrmManagerService(Native): Entering DrmManagerService::openDecryptSession 1
01-09 20:05:46.271   751  7025 D DrmManagerService(Native): isProtectedCallAllowed result[0]
01-09 20:05:46.272 30031 30186 E SyncContentUtils: loadResumeTime: error cursor is null or query fail
01-09 20:05:46.273   751  7025 D DrmMtkUtil: getProcessName() : path : [/proc/25238/cmdline]
01-09 20:05:46.273 30031 30186 D SyncContentUtils: loadResumeTime: authority: _all
01-09 20:05:46.273   751  7025 D DrmManagerService(Native): isProtectedCallAllowed2 result[1]
01-09 20:05:46.274   751  7025 D         : readBytes[8] FileHeader[]
01-09 20:05:46.274 29890 29962 D MiCloudProvider: query sync pause
01-09 20:05:46.277 29857 29944 I Micloud : com.xiaomi.micloudsdk.request.utils.CloudRelocationUtils::updateRequestHost@SourceFile:317, thread:7180--Original URL: http://pdc.micloud.xiaomi.net/mic/pdc/v4.1/apps/calendar/spaces/default/records. 
01-09 20:05:46.278   516   602 I hwcomposer: [HWCDisplay] [Display_0 (type:1)] fps:58.958832,dur:1000.70,max:35.94,min:15.06  
01-09 20:05:46.279 29857 29944 I Micloud : com.xiaomi.micloudsdk.request.utils.CloudRelocationUtils::updateRequestHost@SourceFile:322, thread:7180--New URL: https://us.pdc.micloud.xiaomi.net. 
01-09 20:05:46.280 29857 29944 I Micloud : com.xiaomi.micloudsdk.request.utils.CloudRelocationUtils::updateRequestHost@SourceFile:329, thread:7180--Final URL: https://us.pdc.micloud.xiaomi.net/mic/pdc/v4.1/apps/calendar/spaces/default/records. 
01-09 20:05:46.283 30031 30186 E SyncContentUtils: loadResumeTime: error cursor is null or query fail
01-09 20:05:46.286   751  7025 D DrmManagerService(Native): Entering DrmManagerService::openDecryptSession 1
01-09 20:05:46.286   751  7025 D DrmManagerService(Native): isProtectedCallAllowed result[0]
01-09 20:05:46.286   751  7025 D DrmMtkUtil: getProcessName() : path : [/proc/25238/cmdline]
01-09 20:05:46.286   751  7025 D DrmManagerService(Native): isProtectedCallAllowed2 result[1]
01-09 20:05:46.286   751  7025 D         : readBytes[8] FileHeader[]
01-09 20:05:46.287 30031 30186 V MiCloudSyncAdapterBase: onPerformSync: getting auth token. authority: com.miui.browser.global
01-09 20:05:46.313 30189 30189 D ApplicationLoaders: Returning zygote-cached class loader: /system/framework/android.hidl.base-V1.0-java.jar
01-09 20:05:46.313 30189 30189 D ApplicationLoaders: Returning zygote-cached class loader: /system/framework/android.hidl.manager-V1.0-java.jar
01-09 20:05:46.313 30189 30189 D ApplicationLoaders: Returning zygote-cached class loader: /system/framework/android.hidl.base-V1.0-java.jar
01-09 20:05:46.347 30031 30175 W BpBinder: Slow Binder: BpBinder transact took 209 ms, interface=android.app.IActivityManager, code=20 oneway=false
01-09 20:05:46.351 30189 30189 I FeatureParser: can't find begonia.xml in assets/device_features/,it may be in /system/etc/device_features
01-09 20:05:46.354 30189 30189 E libc    : Access denied finding property "ro.vendor.df.effect.conflict"
01-09 20:05:46.348 30189 30189 W artnerbookmarks: type=1400 audit(0.0:19903): avc: denied { read } for name="u:object_r:vendor_displayfeature_prop:s0" dev="tmpfs" ino=371 scontext=u:r:priv_app:s0:c512,c768 tcontext=u:object_r:vendor_displayfeature_prop:s0 tclass=file permissive=0
01-09 20:05:46.362   582   582 I SurfaceFlinger: screenshot (control_center#0)
01-09 20:05:46.362   582   582 I SurfaceFlinger: isIncludeStatusBarAndNavBar (1)
01-09 20:05:46.362   582   582 I SurfaceFlinger: screenshot (MiuiContrastOverlay#0)
01-09 20:05:46.362   582   582 I SurfaceFlinger: isIncludeStatusBarAndNavBar (1)
01-09 20:05:46.366   766  1002 E APEExtractor: getAPEInfo not ape 20482
01-09 20:05:46.380   766  1002 I SampleTable: There are reordered frames present.
01-09 20:05:46.382 30137 30137 D miuisdk : current sdk level is 23
01-09 20:05:46.382 30137 30137 I miuisdk : initialize without hook
01-09 20:05:46.387   751  7025 D DrmManagerService(Native): Entering DrmManagerService::openDecryptSession 1
01-09 20:05:46.387   751  7025 D DrmManagerService(Native): isProtectedCallAllowed result[1]
01-09 20:05:46.387   751  7025 D DrmManagerService(Native): isProtectedCallAllowed2 result[1]
01-09 20:05:46.388   751  7025 D         : readBytes[8] FileHeader[]
01-09 20:05:46.389   751  7494 D DrmManagerService(Native): Entering DrmManagerService::openDecryptSession 1
01-09 20:05:46.389   751  7494 D DrmManagerService(Native): isProtectedCallAllowed result[1]
01-09 20:05:46.389   751  7494 D DrmManagerService(Native): isProtectedCallAllowed2 result[1]
01-09 20:05:46.389   751  7494 D         : readBytes[8] FileHeader[]
01-09 20:05:46.396  1235  1315 W BackupManagerService: dataChanged but no participant pkg='com.google.android.syncadapters.calendar' uid=10100
01-09 20:05:46.396  1235  2872 W BackupManagerService: dataChanged but no participant pkg='com.google.android.syncadapters.calendar' uid=10100
01-09 20:05:46.398   766  1549 E APEExtractor: getAPEInfo not ape 20482
01-09 20:05:46.402  1235  1452 I MiuiNetworkPolicy: updateUidState uid = 10100, uidState = 11
01-09 20:05:46.408  1235  2872 I ActivityManager: Killing 28261:com.google.android.tts/u0a72 (adj 985): empty #17
01-09 20:05:46.408  1235  1329 I libprocessgroup: Successfully killed process cgroup uid 10072 pid 28261 in 0ms
01-09 20:05:46.408  1235  1452 I MiuiNetworkPolicy: updateUidState uid = 10100, uidState = 20
01-09 20:05:46.412  1235  1519 I AutoStartManagerService: MIUILOG- Reject service :Intent { act=android.content.SyncAdapter cmp=com.whatsapp/.contact.sync.ContactsSyncAdapterService (has extras) } userId : 0 uid : 10185
01-09 20:05:46.412  1235  1519 E SyncManager: Bind attempt failed - target: ComponentInfo{com.whatsapp/com.whatsapp.contact.sync.ContactsSyncAdapterService}
01-09 20:05:46.414 30137 30137 W Linkify.v16: reflect applyLink failed: 
01-09 20:05:46.414 30137 30137 W Linkify.v16: miui.reflect.NoSuchMethodException: Couldn't find method android/text/util/Linkify.applyLink(Ljava/lang/String;IILandroid/text/Spannable;)V
01-09 20:05:46.414 30137 30137 W Linkify.v16: 	at com.miui.internal.os.Native.getMethod(Native Method)
01-09 20:05:46.414 30137 30137 W Linkify.v16: 	at miui.reflect.Method.of(Method.java:35)
01-09 20:05:46.414 30137 30137 W Linkify.v16: 	at com.miui.internal.variable.v16.Android_Text_Util_Linkify_class.<clinit>(Android_Text_Util_Linkify_class.java:70)
01-09 20:05:46.414 30137 30137 W Linkify.v16: 	at java.lang.Class.classForName(Native Method)
01-09 20:05:46.414 30137 30137 W Linkify.v16: 	at java.lang.Class.forName(Class.java:454)
01-09 20:05:46.414 30137 30137 W Linkify.v16: 	at java.lang.Class.forName(Class.java:379)
01-09 20:05:46.414 30137 30137 W Linkify.v16: 	at com.miui.internal.variable.AbsClassFactory.create(AbsClassFactory.java:24)
01-09 20:05:46.414 30137 30137 W Linkify.v16: 	at com.miui.internal.variable.Android_Text_Util_Linkify_class$Factory.<init>(Android_Text_Util_Linkify_class.java:40)
01-09 20:05:46.414 30137 30137 W Linkify.v16: 	at com.miui.internal.variable.Android_Text_Util_Linkify_class$Factory.<init>(Android_Text_Util_Linkify_class.java:26)
01-09 20:05:46.414 30137 30137 W Linkify.v16: 	at com.miui.internal.variable.Android_Text_Util_Linkify_class$Factory$1.createInstance(Android_Text_Util_Linkify_class.java:32)
01-09 20:05:46.414 30137 30137 W Linkify.v16: 	at com.miui.internal.variable.Android_Text_Util_Linkify_class$Factory$1.createInstance(Android_Text_Util_Linkify_class.java:29)
01-09 20:05:46.414 30137 30137 W Linkify.v16: 	at miui.util.SoftReferenceSingleton.get(SoftReferenceSingleton.java:25)
01-09 20:05:46.414 30137 30137 W Linkify.v16: 	at com.miui.internal.variable.Android_Text_Util_Linkify_class$Factory.getInstance(Android_Text_Util_Linkify_class.java:44)
01-09 20:05:46.414 30137 30137 W Linkify.v16: 	at com.miui.internal.initialization.OverrideHelper.doInitialize(OverrideHelper.java:37)
01-09 20:05:46.414 30137 30137 W Linkify.v16: 	at miui.core.SdkManager.initialize(SdkManager.java:99)
01-09 20:05:46.414 30137 30137 W Linkify.v16: 	at java.lang.reflect.Method.invoke(Native Method)
01-09 20:05:46.414 30137 30137 W Linkify.v16: 	at miui.external.Application.e(Application.java:4)
01-09 20:05:46.414 30137 30137 W Linkify.v16: 	at miui.external.Application.<init>(Application.java:3)
01-09 20:05:46.414 30137 30137 W Linkify.v16: 	at com.xiaomi.account.Application.<init>(Application.java:1)
01-09 20:05:46.414 30137 30137 W Linkify.v16: 	at java.lang.Class.newInstance(Native Method)
01-09 20:05:46.414 30137 30137 W Linkify.v16: 	at android.app.AppComponentFactory.instantiateApplication(AppComponentFactory.java:76)
01-09 20:05:46.414 30137 30137 W Linkify.v16: 	at androidx.core.app.CoreComponentFactory.instantiateApplication(CoreComponentFactory.java:1)
01-09 20:05:46.414 30137 30137 W Linkify.v16: 	at android.app.Instrumentation.newApplication(Instrumentation.java:1155)
01-09 20:05:46.414 30137 30137 W Linkify.v16: 	at android.app.LoadedApk.makeApplication(LoadedApk.java:1222)
01-09 20:05:46.414 30137 30137 W Linkify.v16: 	at android.app.ActivityThread.handleBindApplication(ActivityThread.java:6562)
01-09 20:05:46.414 30137 30137 W Linkify.v16: 	at android.app.ActivityThread.access$1500(ActivityThread.java:230)
01-09 20:05:46.414 30137 30137 W Linkify.v16: 	at android.app.ActivityThread$H.handleMessage(ActivityThread.java:1911)
01-09 20:05:46.414 30137 30137 W Linkify.v16: 	at android.os.Handler.dispatchMessage(Handler.java:107)
01-09 20:05:46.414 30137 30137 W Linkify.v16: 	at android.os.Looper.loop(Looper.java:224)
01-09 20:05:46.414 30137 30137 W Linkify.v16: 	at android.app.ActivityThread.main(ActivityThread.java:7551)
01-09 20:05:46.414 30137 30137 W Linkify.v16: 	at java.lang.reflect.Method.invoke(Native Method)
01-09 20:05:46.414 30137 30137 W Linkify.v16: 	at com.android.internal.os.RuntimeInit$MethodAndArgsCaller.run(RuntimeInit.java:539)
01-09 20:05:46.414 30137 30137 W Linkify.v16: 	at com.android.internal.os.ZygoteInit.main(ZygoteInit.java:995)
01-09 20:05:46.416 25238 29149 W ConnectionTracker: Exception thrown while unbinding
01-09 20:05:46.416 25238 29149 W ConnectionTracker: java.lang.IllegalArgumentException: Service not registered: ls@6a0fa3e
01-09 20:05:46.416 25238 29149 W ConnectionTracker: 	at android.app.LoadedApk.forgetServiceDispatcher(LoadedApk.java:1759)
01-09 20:05:46.416 25238 29149 W ConnectionTracker: 	at android.app.ContextImpl.unbindService(ContextImpl.java:1787)
01-09 20:05:46.416 25238 29149 W ConnectionTracker: 	at android.content.ContextWrapper.unbindService(ContextWrapper.java:751)
01-09 20:05:46.416 25238 29149 W ConnectionTracker: 	at ci.f(:com.google.android.gms.dynamite_measurementdynamite@204714081@20.47.14 (120400-0):1)
01-09 20:05:46.416 25238 29149 W ConnectionTracker: 	at ci.d(:com.google.android.gms.dynamite_measurementdynamite@204714081@20.47.14 (120400-0):2)
01-09 20:05:46.416 25238 29149 W ConnectionTracker: 	at lt.E(:com.google.android.gms.dynamite_measurementdynamite@204714081@20.47.14 (120400-0):9)
01-09 20:05:46.416 25238 29149 W ConnectionTracker: 	at ld.a(:com.google.android.gms.dynamite_measurementdynamite@204714081@20.47.14 (120400-0):3)
01-09 20:05:46.416 25238 29149 W ConnectionTracker: 	at ef.run(:com.google.android.gms.dynamite_measurementdynamite@204714081@20.47.14 (120400-0):3)
01-09 20:05:46.416 25238 29149 W ConnectionTracker: 	at java.util.concurrent.Executors$RunnableAdapter.call(Executors.java:462)
01-09 20:05:46.416 25238 29149 W ConnectionTracker: 	at java.util.concurrent.FutureTask.run(FutureTask.java:266)
01-09 20:05:46.416 25238 29149 W ConnectionTracker: 	at iy.run(:com.google.android.gms.dynamite_measurementdynamite@204714081@20.47.14 (120400-0):5)
01-09 20:05:46.418   766  1549 I SampleTable: There are reordered frames present.
01-09 20:05:46.421   769  1834 D StagefrightMetadataRetriever: setDataSource fd=11 (/storage/emulated/0/Pictures/Telegram/IMG_20201105_225039_733.MOV), offset=0, length=7432206
01-09 20:05:46.429  1235  1519 I AutoStartManagerService: MIUILOG- Reject service :Intent { act=android.content.SyncAdapter cmp=com.google.android.apps.tachyon/.contacts.sync.SyncService (has extras) } userId : 0 uid : 10147
01-09 20:05:46.429  1235  1519 E SyncManager: Bind attempt failed - target: ComponentInfo{com.google.android.apps.tachyon/com.google.android.apps.tachyon.contacts.sync.SyncService}
01-09 20:05:46.430   751  7494 D DrmManagerService(Native): Entering DrmManagerService::openDecryptSession 1
01-09 20:05:46.430   751  7494 D DrmManagerService(Native): isProtectedCallAllowed result[0]
01-09 20:05:46.430   751  7494 D DrmMtkUtil: getProcessName() : path : [/proc/25238/cmdline]
01-09 20:05:46.430   751  7494 D DrmManagerService(Native): isProtectedCallAllowed2 result[1]
01-09 20:05:46.430   751  7494 D         : readBytes[8] FileHeader[]
01-09 20:05:46.431   433   443 E PSITrigger: get PSI events detail failed!! errno=25
01-09 20:05:46.434   751  7494 D DrmManagerService(Native): Entering DrmManagerService::openDecryptSession 1
01-09 20:05:46.434   751  7494 D DrmManagerService(Native): isProtectedCallAllowed result[0]
01-09 20:05:46.434   751  7494 D DrmMtkUtil: getProcessName() : path : [/proc/25238/cmdline]
01-09 20:05:46.434   751  7494 D DrmManagerService(Native): isProtectedCallAllowed2 result[1]
01-09 20:05:46.434   751  7494 D         : readBytes[8] FileHeader[]
01-09 20:05:46.437   818  1948 D BufferPoolAccessor: bufferpool2 0x3168726030 : 0(0 size) total buffers - 0(0 size) used buffers - 6/11 (recycle/alloc) - 5/11 (fetch/transfer)
01-09 20:05:46.437  1235  2872 V ActivityManager: Death received in com.android.server.am.ActivityManagerService$AppDeathRecipient@18eaa4a for thread android.os.BinderProxy@dd3dbb, mPid:28261,mApp:ProcessRecord{6feb46d 28261:com.google.android.tts/u0a72}
01-09 20:05:46.437   818  1948 D BufferPoolAccessor: Destruction - bufferpool2 0x3168726030 cached: 0/0M, 0/0% in use; allocs: 11, 55% recycled; transfers: 11, 55% unfetced
01-09 20:05:46.437  1235  2872 W ActivityManager: Scheduling restart of crashed service com.google.android.tts/.service.GoogleTTSService in 1000ms
01-09 20:05:46.438 28223 28223 I TextToSpeech: Asked to disconnect from ComponentInfo{com.google.android.tts/com.google.android.tts.service.GoogleTTSService}
01-09 20:05:46.440  1235  1452 I MiuiNetworkPolicy: removeUidState uid = 10072
01-09 20:05:46.440  1235  1452 I MiuiNetworkPolicy: updateUidState uid = 10069, uidState = 20
01-09 20:05:46.446   497   497 D Zygote  : Forked child process 30221
01-09 20:05:46.446   497   497 I Zygote  : Process 28261 exited due to signal 9 (Killed)
01-09 20:05:46.449  1235  1328 D Boost   : hostingType=service, hostingName={com.google.android.contacts/androidx.work.impl.background.systemjob.SystemJobService}, callerPackage=android, isSystem=true, isBoostNeeded=false.
01-09 20:05:46.450   496  1581 D OemNetd : setPidForPackage: packageName=com.google.android.contacts, pid=30221, pid=10069
01-09 20:05:46.450  1235  1328 I ActivityManager: Start proc 30221:com.google.android.contacts/u0a69 for service {com.google.android.contacts/androidx.work.impl.background.systemjob.SystemJobService} caller=android
01-09 20:05:46.450   766  1549 E APEExtractor: getAPEInfo not ape 20482
01-09 20:05:46.454 30221 30221 E ndroid.contact: Not starting debugger since process cannot load the jdwp agent.
01-09 20:05:46.459   766  1549 I SampleTable: There are reordered frames present.
01-09 20:05:46.462  1235  2857 V ActivityManager: New death recipient com.android.server.am.ActivityManagerService$AppDeathRecipient@9a4b923 for thread android.os.BinderProxy@f9dae20, pid:30221,mApp:null
01-09 20:05:46.463   582   582 I SurfaceFlinger: screenshot (control_center#0)
01-09 20:05:46.463   582   582 I SurfaceFlinger: isIncludeStatusBarAndNavBar (1)
01-09 20:05:46.463   582   582 I SurfaceFlinger: screenshot (MiuiContrastOverlay#0)
01-09 20:05:46.463   582   582 I SurfaceFlinger: isIncludeStatusBarAndNavBar (1)
01-09 20:05:46.466  1235  1452 I MiuiNetworkPolicy: updateUidState uid = 10069, uidState = 9
01-09 20:05:46.469 30137 30137 I miuisdk : loading module: com.xiaomi.micloud.sdk
01-09 20:05:46.481 30031 30109 I System.out: [okhttp]:check permission begin!
01-09 20:05:46.481 30031 30109 W System  : ClassLoader referenced unknown path: system/framework/mediatek-cta.jar
01-09 20:05:46.482 30031 30109 I System.out: [okhttp] e:java.lang.ClassNotFoundException: com.mediatek.cta.CtaUtils
01-09 20:05:46.482 30031 30109 I System.out: [OkHttp] sendRequest>>
01-09 20:05:46.482 30031 30109 I System.out: [OkHttp] sendRequest<<
01-09 20:05:46.499 30137 30137 I SystemConfig: Non-xml file /system/etc/permissions/pms_sysapp_removable_system_list.txt in /system/etc/permissions directory, ignoring
01-09 20:05:46.499 30137 30137 I SystemConfig: Non-xml file /system/etc/permissions/pms_sysapp_removable_vendor_list.txt in /system/etc/permissions directory, ignoring
01-09 20:05:46.545 30137 30137 W SystemConfig: No directory /product_services/etc/sysconfig, skipping
01-09 20:05:46.545 30137 30137 W SystemConfig: No directory /product_services/etc/permissions, skipping
01-09 20:05:46.545 30137 30137 W System  : ClassLoader referenced unknown path: /system/framework/mediatek-cta.jar
01-09 20:05:46.546 30137 30137 W CtaManagerFactory: CtaManagerFactoryImpl not found
01-09 20:05:46.556 30137 30137 W :accountservic: ClassLoaderContext classpath size mismatch. expected=0, found=1 (PCL[] | PCL[/system/app/XiaomiAccount/XiaomiAccount.apk*3100948585]{PCL[/system/framework/gson.jar*3282485003]#PCL[/system/framework/miuipushsdkshared.jar*3367207055]#PCL[/system/framework/security-device-credential-sdk.jar*2838363309]#PCL[/system/priv-app/RtMiCloudSDK/RtMiCloudSDK.apk*3312936997]#PCL[/system/framework/org.apache.http.legacy.jar*1503167394]})
01-09 20:05:46.562 30137 30137 W :accountservic: Found duplicate classes, falling back to extracting from APK : /system/priv-app/RtMiCloudSDK/RtMiCloudSDK.apk
01-09 20:05:46.562 30137 30137 W :accountservic: NOTE: This wastes RAM and hurts startup performance.
01-09 20:05:46.562 30137 30137 W :accountservic: Found duplicated class when checking oat files: 'Lcom/xiaomi/accountsdk/activate/ActivateIntent;' in /system/priv-app/RtMiCloudSDK/RtMiCloudSDK.apk and /system/priv-app/RtMiCloudSDK/RtMiCloudSDK.apk
01-09 20:05:46.562 30137 30137 W :accountservic: 
01-09 20:05:46.568 30137 30137 D miuisdk : process com.xiaomi.micloud.sdk successful
01-09 20:05:46.568 30137 30137 D miuisdk : process modules finished
01-09 20:05:46.575 30137 30137 I FeatureParser: can't find begonia.xml in assets/device_features/,it may be in /system/etc/device_features
01-09 20:05:46.572 30137 30137 W :accountservice: type=1400 audit(0.0:19904): avc: denied { read } for name="u:object_r:vendor_displayfeature_prop:s0" dev="tmpfs" ino=371 scontext=u:r:platform_app:s0:c512,c768 tcontext=u:object_r:vendor_displayfeature_prop:s0 tclass=file permissive=0
01-09 20:05:46.577 30137 30137 E libc    : Access denied finding property "ro.vendor.df.effect.conflict"
01-09 20:05:46.578   582   582 I SurfaceFlinger: screenshot (control_center#0)
01-09 20:05:46.578   582   582 I SurfaceFlinger: isIncludeStatusBarAndNavBar (1)
01-09 20:05:46.578   582   582 I SurfaceFlinger: screenshot (MiuiContrastOverlay#0)
01-09 20:05:46.578   582   582 I SurfaceFlinger: isIncludeStatusBarAndNavBar (1)
01-09 20:05:46.596 30137 30137 W com.facebook.UserSettingsManager: Please set a value for AutoLogAppEventsEnabled. Set the flag to TRUE if you want to collect app install, app launch and in-app purchase events automatically. To request user consent before collecting data, set the flag value to FALSE, then change to TRUE once user consent is received. Learn more: https://developers.facebook.com/docs/app-events/getting-started-app-events-android#disable-auto-events.
01-09 20:05:46.596 30137 30137 W com.facebook.UserSettingsManager: You haven't set a value for AdvertiserIDCollectionEnabled. Set the flag to TRUE if you want to collect Advertiser ID for better advertising and analytics results. To request user consent before collecting data, set the flag value to FALSE, then change to TRUE once user consent is received. Learn more: https://developers.facebook.com/docs/app-events/getting-started-app-events-android#disable-auto-events.
01-09 20:05:46.607 25501 29782 W .gms.persisten: Long monitor contention with owner lowpool[172] (28026) at boolean com.google.android.gms.clearcut.uploader.QosUploaderChimeraService.e(java.lang.String)(:com.google.android.gms@204714037@20.47.14 (120400-349456378):1) waiters=0 in boolean com.google.android.gms.clearcut.uploader.QosUploaderChimeraService.e(java.lang.String) for 2.401s
01-09 20:05:46.609 30221 30221 I FeatureParser: can't find begonia.xml in assets/device_features/,it may be in /system/etc/device_features
01-09 20:05:46.604 30221 30221 W ndroid.contacts: type=1400 audit(0.0:19905): avc: denied { read } for name="u:object_r:vendor_displayfeature_prop:s0" dev="tmpfs" ino=371 scontext=u:r:untrusted_app:s0:c69,c256,c512,c768 tcontext=u:object_r:vendor_displayfeature_prop:s0 tclass=file permissive=0
01-09 20:05:46.611 30221 30221 E libc    : Access denied finding property "ro.vendor.df.effect.conflict"
01-09 20:05:46.611 25501 28026 I NetworkScheduler.Stats: Task com.google.android.gms/com.google.android.gms.clearcut.uploader.QosUploaderService finished executing. cause:1 result: 1 elapsed_millis: 2471 uptime_millis: 2471 exec_start_elapsed_seconds: 25810 [CONTEXT service_id=218 ]
01-09 20:05:46.642 29296 29511 I mobileconfig: No OTA resource found
01-09 20:05:46.643 29296 29511 I mobileconfig: Using asset manager to stream (sessionless: YES) params_map.txt
01-09 20:05:46.643   582   582 I BufferQueueProducer: [FramebufferSurface](this:0x7282501800,id:0,api:1,p:582,c:582) queueBuffer: fps=59.08 dur=1015.55 max=35.91 min=15.22
01-09 20:05:46.663 30137 30246 D NetworkSecurityConfig: Using Network Security Config from resource network_security_config debugBuild: false
01-09 20:05:46.669 30137 30247 I System.out: [okhttp]:check permission begin!
01-09 20:05:46.669 30137 30247 W System  : ClassLoader referenced unknown path: system/framework/mediatek-cta.jar
01-09 20:05:46.669 30137 30247 I System.out: [okhttp] e:java.lang.ClassNotFoundException: com.mediatek.cta.CtaUtils
01-09 20:05:46.670 30137 30246 I System.out: [okhttp]:check permission begin!
01-09 20:05:46.670 30137 30246 W System  : ClassLoader referenced unknown path: system/framework/mediatek-cta.jar
01-09 20:05:46.670 30137 30246 I System.out: [okhttp] e:java.lang.ClassNotFoundException: com.mediatek.cta.CtaUtils
01-09 20:05:46.673   496 30269 E ResolverController: No valid NAT64 prefix (101, <unspecified>/0)
01-09 20:05:46.675 30137 30246 I System.out: [socket]:check permission begin!
01-09 20:05:46.675 30137 30246 W System  : ClassLoader referenced unknown path: system/framework/mediatek-cta.jar
01-09 20:05:46.676 30137 30246 I System.out: [socket] e:java.lang.ClassNotFoundException: com.mediatek.cta.CtaUtils
01-09 20:05:46.678   496 30268 E ResolverController: No valid NAT64 prefix (101, <unspecified>/0)
01-09 20:05:46.678 30137 30247 I System.out: [socket]:check permission begin!
01-09 20:05:46.679 30137 30247 W System  : ClassLoader referenced unknown path: system/framework/mediatek-cta.jar
01-09 20:05:46.679   582   582 I SurfaceFlinger: screenshot (control_center#0)
01-09 20:05:46.679   582   582 I SurfaceFlinger: isIncludeStatusBarAndNavBar (1)
01-09 20:05:46.679   582   582 I SurfaceFlinger: screenshot (MiuiContrastOverlay#0)
01-09 20:05:46.679   582   582 I SurfaceFlinger: isIncludeStatusBarAndNavBar (1)
01-09 20:05:46.680 30137 30247 I System.out: [socket] e:java.lang.ClassNotFoundException: com.mediatek.cta.CtaUtils
01-09 20:05:46.691 29857 29857 I RemoteMethodInvoker: RemoteMethodInvoker connects remote service .XiaomiAccountService
01-09 20:05:46.692 29792 29792 I RemoteMethodInvoker: RemoteMethodInvoker connects remote service .XiaomiAccountService
01-09 20:05:46.693 30031 30031 I RemoteMethodInvoker: RemoteMethodInvoker connects remote service .XiaomiAccountService
01-09 20:05:46.693 29876 29876 I RemoteMethodInvoker: RemoteMethodInvoker connects remote service .XiaomiAccountService
01-09 20:05:46.693 25501 29788 I NetworkScheduler.Stats: Task com.google.android.gms/com.google.android.gms.stats.PlatformStatsCollectorService started execution. cause:5 exec_start_elapsed_seconds: 25812 [CONTEXT service_id=218 ]
01-09 20:05:46.694 29857 29857 I RemoteMethodInvoker: RemoteMethodInvoker connects remote service .XiaomiAccountService
01-09 20:05:46.695 25501 29788 I NetworkScheduler.Stats: Task com.google.android.gms/com.google.android.gms.stats.PlatformStatsCollectorService finished executing. cause:5 result: 2 elapsed_millis: 34 uptime_millis: 35 exec_start_elapsed_seconds: 25812 [CONTEXT service_id=218 ]
01-09 20:05:46.705  1235  1452 I MiuiNetworkPolicy: updateUidState uid = 10143, uidState = 11
01-09 20:05:46.711  1235  1901 I ActivityManager: Killing 28223:com.google.android.dialer/u0a40 (adj 985): empty #17
01-09 20:05:46.712  1235  1329 I libprocessgroup: Successfully killed process cgroup uid 10040 pid 28223 in 0ms
01-09 20:05:46.713 30137 30263 I DynamicDumpReceiver: Dynamic receiver registered
01-09 20:05:46.713  1235  1452 I MiuiNetworkPolicy: updateUidState uid = 10143, uidState = 20
01-09 20:05:46.719   582  2187 I BufferQueueProducer: [control_center#0](this:0x727c61f000,id:1146,api:1,p:1521,c:582) queueBuffer: fps=58.88 dur=1019.06 max=34.35 min=6.12
01-09 20:05:46.734 25929 25929 D BoundBrokerSvc: onBind: Intent { act=com.google.android.gms.people.contactssync.service.START pkg=com.google.android.gms }
01-09 20:05:46.734 25929 25929 D BoundBrokerSvc: Loading bound service for intent: Intent { act=com.google.android.gms.people.contactssync.service.START pkg=com.google.android.gms }
01-09 20:05:46.758 25501 29782 I NetworkScheduler.Stats: Task com.google.android.gms/com.google.android.gms.clearcut.uploader.QosUploaderService finished executing. cause:1 result: 1 elapsed_millis: 2563 uptime_millis: 2563 exec_start_elapsed_seconds: 25810 [CONTEXT service_id=218 ]
01-09 20:05:46.768 25501 29782 I NetworkScheduler.Stats: Task com.google.android.gms/com.google.android.gms.mdi.download.service.MddGcmTaskService started execution. cause:5 exec_start_elapsed_seconds: 25812 [CONTEXT service_id=218 ]
01-09 20:05:46.769 25929 25929 D BoundBrokerSvc: onBind: Intent { act=com.google.android.mdd.service.START cmp=com.google.android.gms/.chimera.GmsBoundBrokerService }
01-09 20:05:46.769 25929 25929 D BoundBrokerSvc: Loading bound service for intent: Intent { act=com.google.android.mdd.service.START cmp=com.google.android.gms/.chimera.GmsBoundBrokerService }
01-09 20:05:46.775 25929 25945 I PeopleChimeraService: onService. callbacks = abbm@669127b, request = com.google.android.gms.common.internal.GetServiceRequest@4808898
01-09 20:05:46.782  1235  2857 W Binder  : Outgoing transactions from this process must be FLAG_ONEWAY
01-09 20:05:46.782  1235  2857 W Binder  : java.lang.Throwable
01-09 20:05:46.782  1235  2857 W Binder  : 	at android.os.BinderProxy.transact(BinderProxy.java:481)
01-09 20:05:46.782  1235  2857 W Binder  : 	at android.content.ContentProviderProxy.getType(ContentProviderNative.java:456)
01-09 20:05:46.782  1235  2857 W Binder  : 	at com.android.server.am.ActivityManagerService.getProviderMimeType(ActivityManagerService.java:8001)
01-09 20:05:46.782  1235  2857 W Binder  : 	at android.app.IActivityManager$Stub.onTransact(IActivityManager.java:3324)
01-09 20:05:46.782  1235  2857 W Binder  : 	at com.android.server.am.ActivityManagerService.onTransact(ActivityManagerService.java:2840)
01-09 20:05:46.782  1235  2857 W Binder  : 	at android.os.Binder.execTransactInternal(Binder.java:1021)
01-09 20:05:46.782  1235  2857 W Binder  : 	at android.os.Binder.execTransact(Binder.java:994)
01-09 20:05:46.784  1235  1452 I MiuiNetworkPolicy: updateUidState uid = 10011, uidState = 9
01-09 20:05:46.788 25929 25945 I PeopleChimeraService: onService. callbacks = abbm@c6c5b57, request = com.google.android.gms.common.internal.GetServiceRequest@a419644
01-09 20:05:46.792 25929 25945 I PeopleChimeraService: onService. callbacks = abbm@c2fa062, request = com.google.android.gms.common.internal.GetServiceRequest@f155f3
01-09 20:05:46.795   582   582 I SurfaceFlinger: screenshot (control_center#0)
01-09 20:05:46.795   582   582 I SurfaceFlinger: isIncludeStatusBarAndNavBar (1)
01-09 20:05:46.795   582   582 I SurfaceFlinger: screenshot (MiuiContrastOverlay#0)
01-09 20:05:46.795   582   582 I SurfaceFlinger: isIncludeStatusBarAndNavBar (1)
01-09 20:05:46.805 29233 30165 I System.out: [OkHttp] sendRequest>>
01-09 20:05:46.805 29233 30165 I System.out: [OkHttp] sendRequest<<
01-09 20:05:46.806 25929 25929 D BoundBrokerSvc: onBind: Intent { act=com.google.android.mobstore.service.START pkg=com.google.android.gms }
01-09 20:05:46.806 25929 25929 D BoundBrokerSvc: Loading bound service for intent: Intent { act=com.google.android.mobstore.service.START pkg=com.google.android.gms }
01-09 20:05:46.811 20572 20572 E adbd    : failed to connect to socket 'tcp:6666': Connection refused
01-09 20:05:46.812 27764 29812 I ContactsProvider: Contacts query: CPID=30221, CallingPackage = com.google.android.contacts User=0
01-09 20:05:46.816 25501 28026 I NetworkScheduler.Stats: Task com.google.android.gms/com.google.android.gms.tapandpay.gcmtask.TapAndPayGcmTaskService started execution. cause:5 exec_start_elapsed_seconds: 25813 [CONTEXT service_id=218 ]
01-09 20:05:46.835 25501 28026 I NetworkScheduler.Stats: Task com.google.android.gms/com.google.android.gms.tapandpay.gcmtask.TapAndPayGcmTaskService finished executing. cause:5 result: 1 elapsed_millis: 39 uptime_millis: 39 exec_start_elapsed_seconds: 25813 [CONTEXT service_id=218 ]
01-09 20:05:46.886 25501 29782 I NetworkScheduler.Stats: Task com.google.android.gms/com.google.android.gms.mdi.download.service.MddGcmTaskService finished executing. cause:5 result: 1 elapsed_millis: 158 uptime_millis: 158 exec_start_elapsed_seconds: 25812 [CONTEXT service_id=218 ]
01-09 20:05:46.895   582   582 I SurfaceFlinger: screenshot (control_center#0)
01-09 20:05:46.895   582   582 I SurfaceFlinger: isIncludeStatusBarAndNavBar (1)
01-09 20:05:46.895   582   582 I SurfaceFlinger: screenshot (MiuiContrastOverlay#0)
01-09 20:05:46.895   582   582 I SurfaceFlinger: isIncludeStatusBarAndNavBar (1)
01-09 20:05:46.926 30031 30186 I System.out: begin to call ****** send due to user permission
01-09 20:05:46.926  1235  1329 I libprocessgroup: removeProcessGroup path:/acct/uid_10040/pid_28223 uid:10040 pid:28223 errno:16
01-09 20:05:46.940 27764 29812 I ContactsProvider: Contacts query: CPID=30221, CallingPackage = com.google.android.contacts User=0
01-09 20:05:46.956 30031 30186 I System.out: [apache]:check permission begin!
01-09 20:05:46.956 30031 30186 W System  : ClassLoader referenced unknown path: system/framework/mediatek-cta.jar
01-09 20:05:46.961 30031 30186 I System.out: [apache] e:java.lang.ClassNotFoundException: com.mediatek.cta.CtaUtils
01-09 20:05:46.976   496 30317 E ResolverController: No valid NAT64 prefix (101, <unspecified>/0)
01-09 20:05:46.976 30031 30186 I System.out: [socket]:check permission begin!
01-09 20:05:46.977 30031 30186 W System  : ClassLoader referenced unknown path: system/framework/mediatek-cta.jar
01-09 20:05:46.977 30031 30186 I System.out: [socket] e:java.lang.ClassNotFoundException: com.mediatek.cta.CtaUtils
01-09 20:05:46.995  1235  1316 V ActivityManager: Death received in com.android.server.am.ActivityManagerService$AppDeathRecipient@bf73d60 for thread android.os.BinderProxy@5389219, mPid:28223,mApp:ProcessRecord{a3736d5 28223:com.google.android.dialer/u0a40}
01-09 20:05:46.996   497   497 I Zygote  : Process 28223 exited due to signal 9 (Killed)
01-09 20:05:46.997   582   582 I SurfaceFlinger: screenshot (control_center#0)
01-09 20:05:46.997   582   582 I SurfaceFlinger: isIncludeStatusBarAndNavBar (1)
01-09 20:05:46.997   582   582 I SurfaceFlinger: screenshot (MiuiContrastOverlay#0)
01-09 20:05:46.997   582   582 I SurfaceFlinger: isIncludeStatusBarAndNavBar (1)
01-09 20:05:46.992   569   569 W Binder:569_5: type=1400 audit(0.0:19906): avc: denied { write } for name="logd" dev="tmpfs" ino=2108 scontext=u:r:audioserver:s0 tcontext=u:object_r:logd_socket:s0 tclass=sock_file permissive=0
01-09 20:05:47.000  1235  1452 I MiuiNetworkPolicy: removeUidState uid = 10040
01-09 20:05:47.010 27764 29812 I ContactsProvider: Contacts query: CPID=30221, CallingPackage = com.google.android.contacts User=0
01-09 20:05:47.012 30137 30247 I System.out: [OkHttp] sendRequest>>
01-09 20:05:47.012 30137 30247 I System.out: [OkHttp] sendRequest<<
01-09 20:05:47.017 30137 30246 I System.out: [OkHttp] sendRequest>>
01-09 20:05:47.017 30137 30246 I System.out: [OkHttp] sendRequest<<
01-09 20:05:47.025 29876 29946 D NetworkSecurityConfig: Using Network Security Config from resource network_security_config debugBuild: false
01-09 20:05:47.039 29296 29511 I mobileconfig: Params map streaming - readbytes: 319434/319434
01-09 20:05:47.039 29296 29511 I mobileconfig: Successfully parsed (sessionless: YES) params_map.txt
01-09 20:05:47.042 29296 29511 I mobileconfig: Read one query hash from asset, it is = 697dac9ab06b7863a5153940b98c8df170e977439f066c3fc9b03fa0cb90a375
01-09 20:05:47.050 29857 29945 D NetworkSecurityConfig: Using Network Security Config from resource network_security_config debugBuild: false
01-09 20:05:47.053  1235  1449 D NtpTrustedTime: currentTimeMillis() cache hit
01-09 20:05:47.053   496  1581 I netd    : trafficSwapActiveStatsMap() <0.16ms>
01-09 20:05:47.055   496  1581 I netd    : tetherGetStats() <0.80ms>
01-09 20:05:47.057 29876 29946 I System.out: begin to call ****** send due to user permission
01-09 20:05:47.059 29876 29946 I System.out: [apache]:check permission begin!
01-09 20:05:47.059 29876 29946 W System  : ClassLoader referenced unknown path: system/framework/mediatek-cta.jar
01-09 20:05:47.060 29792 29872 D NetworkSecurityConfig: Using Network Security Config from resource network_security_config debugBuild: false
01-09 20:05:47.060 29876 29946 I System.out: [apache] e:java.lang.ClassNotFoundException: com.mediatek.cta.CtaUtils
01-09 20:05:47.063 30031 30076 I FA      : Tag Manager is not found and thus will not be used
01-09 20:05:47.065 29296 29511 I mobileconfig: Initialized MobileConfig - directory: /data/user/0/com.facebook.katana/files, appVersion: 300.2.0.58.129, paramHash: 90b5c6cb8f49f2d1ba6a319385afd3db:8d4181d55b7166ae563ecd062cbd7a2c, readOnly: false bufferPathPostfix: 
01-09 20:05:47.068  1235  1449 D NtpTrustedTime: currentTimeMillis() cache hit
01-09 20:05:47.069   496  1581 I netd    : bandwidthSetGlobalAlert(131072) <0.17ms>
01-09 20:05:47.069  2739  4174 I TrafficManageService: mina mTrafficStatsReceiver onReceive
01-09 20:05:47.071  2739  4174 I TrafficManageService: mina checkNormalTrafficStatus 
01-09 20:05:47.078 27764 29812 I ContactsProvider: Contacts query: CPID=30221, CallingPackage = com.google.android.contacts User=0
01-09 20:05:47.089   496 30325 E ResolverController: No valid NAT64 prefix (101, <unspecified>/0)
01-09 20:05:47.095 29876 29946 I System.out: [socket]:check permission begin!
01-09 20:05:47.095 29876 29946 W System  : ClassLoader referenced unknown path: system/framework/mediatek-cta.jar
01-09 20:05:47.095 29876 29946 I System.out: [socket] e:java.lang.ClassNotFoundException: com.mediatek.cta.CtaUtils
01-09 20:05:47.112   582   582 I SurfaceFlinger: screenshot (control_center#0)
01-09 20:05:47.112   582   582 I SurfaceFlinger: isIncludeStatusBarAndNavBar (1)
01-09 20:05:47.112   582   582 I SurfaceFlinger: screenshot (MiuiContrastOverlay#0)
01-09 20:05:47.112   582   582 I SurfaceFlinger: isIncludeStatusBarAndNavBar (1)
01-09 20:05:47.128 29792 29872 I System.out: begin to call ****** send due to user permission
01-09 20:05:47.129 29857 29945 I System.out: begin to call ****** send due to user permission
01-09 20:05:47.131 29857 29945 I System.out: [apache]:check permission begin!
01-09 20:05:47.131 29857 29945 W System  : ClassLoader referenced unknown path: system/framework/mediatek-cta.jar
01-09 20:05:47.132 29857 29944 I System.out: begin to call ****** send due to user permission
01-09 20:05:47.132 29857 29944 I System.out: [apache]:check permission begin!
01-09 20:05:47.132 29857 29944 W System  : ClassLoader referenced unknown path: system/framework/mediatek-cta.jar
01-09 20:05:47.133 29857 29944 I System.out: [apache] e:java.lang.ClassNotFoundException: com.mediatek.cta.CtaUtils
01-09 20:05:47.133 29792 29872 I System.out: [apache]:check permission begin!
01-09 20:05:47.135  1235  1452 I MiuiNetworkPolicy: updateUidState uid = 10069, uidState = 11
01-09 20:05:47.135  1235  1452 I MiuiNetworkPolicy: updateUidState uid = 10011, uidState = 11
01-09 20:05:47.137 29792 29872 W System  : ClassLoader referenced unknown path: system/framework/mediatek-cta.jar
01-09 20:05:47.138 29792 29872 I System.out: [apache] e:java.lang.ClassNotFoundException: com.mediatek.cta.CtaUtils
01-09 20:05:47.140  1235  1901 I ActivityManager: Killing 28341:ru.uec.strelka/u0a174 (adj 985): empty #17
01-09 20:05:47.140  1235  1329 I libprocessgroup: Successfully killed process cgroup uid 10174 pid 28341 in 0ms
01-09 20:05:47.141  1235  1452 I MiuiNetworkPolicy: updateUidState uid = 10069, uidState = 20
01-09 20:05:47.141  1235  1452 I MiuiNetworkPolicy: updateUidState uid = 10011, uidState = 16
01-09 20:05:47.143 29857 29945 I System.out: [apache] e:java.lang.ClassNotFoundException: com.mediatek.cta.CtaUtils
01-09 20:05:47.147   496 30329 E ResolverController: No valid NAT64 prefix (101, <unspecified>/0)
01-09 20:05:47.150 29857 29944 I System.out: [socket]:check permission begin!
01-09 20:05:47.150 29857 29944 W System  : ClassLoader referenced unknown path: system/framework/mediatek-cta.jar
01-09 20:05:47.151  1235  1519 I AutoStartManagerService: MIUILOG- Reject service :Intent { act=android.content.SyncAdapter cmp=com.yandex.mobile.realty/com.yandex.passport.internal.core.sync.SyncService (has extras) } userId : 0 uid : 10464
01-09 20:05:47.151 29857 29944 I System.out: [socket] e:java.lang.ClassNotFoundException: com.mediatek.cta.CtaUtils
01-09 20:05:47.151  1235  1519 E SyncManager: Bind attempt failed - target: ComponentInfo{com.yandex.mobile.realty/com.yandex.passport.internal.core.sync.SyncService}
01-09 20:05:47.151 29296 29489 I mobileconfig: No OTA resource found
01-09 20:05:47.151 29296 29489 I mobileconfig: Using asset manager to stream (sessionless: NO) params_map.txt
01-09 20:05:47.160  1235  1519 I AutoStartManagerService: MIUILOG- Reject service :Intent { act=android.content.SyncAdapter cmp=ru.yandex.yandexmaps/com.yandex.passport.internal.core.sync.SyncService (has extras) } userId : 0 uid : 10192
01-09 20:05:47.160  1235  1519 E SyncManager: Bind attempt failed - target: ComponentInfo{ru.yandex.yandexmaps/com.yandex.passport.internal.core.sync.SyncService}
01-09 20:05:47.170  1235  1957 V ActivityManager: Death received in com.android.server.am.ActivityManagerService$AppDeathRecipient@220a2a8 for thread android.os.BinderProxy@f64a1c1, mPid:28341,mApp:ProcessRecord{7ff94fa 28341:ru.uec.strelka/u0a174}
01-09 20:05:47.170   497   497 I Zygote  : Process 28341 exited due to signal 9 (Killed)
01-09 20:05:47.176  1235  1452 I MiuiNetworkPolicy: removeUidState uid = 10174
01-09 20:05:47.177  1235  1519 I AutoStartManagerService: MIUILOG- Reject service :Intent { act=android.content.SyncAdapter cmp=ru.yandex.money/com.yandex.passport.internal.core.sync.SyncService (has extras) } userId : 0 uid : 10152
01-09 20:05:47.177  1235  1519 E SyncManager: Bind attempt failed - target: ComponentInfo{ru.yandex.money/com.yandex.passport.internal.core.sync.SyncService}
01-09 20:05:47.186 27764 29812 I ContactsProvider: Contacts query: CPID=30221, CallingPackage = com.google.android.contacts User=0
01-09 20:05:47.187  1235  1452 I MiuiNetworkPolicy: updateUidState uid = 10125, uidState = 6
01-09 20:05:47.192  1235  1452 I MiuiNetworkPolicy: updateUidState uid = 10125, uidState = 7
01-09 20:05:47.199  1235  1452 I MiuiNetworkPolicy: updateUidState uid = 10426, uidState = 9
01-09 20:05:47.211 27764 29812 I ContactsProvider: Contacts query: CPID=30221, CallingPackage = com.google.android.contacts User=0
01-09 20:05:47.212   582   582 I SurfaceFlinger: screenshot (control_center#0)
01-09 20:05:47.212   582   582 I SurfaceFlinger: isIncludeStatusBarAndNavBar (1)
01-09 20:05:47.212   582   582 I SurfaceFlinger: screenshot (MiuiContrastOverlay#0)
01-09 20:05:47.212   582   582 I SurfaceFlinger: isIncludeStatusBarAndNavBar (1)
01-09 20:05:47.224 30137 30247 I System.out: [okhttp]:check permission begin!
01-09 20:05:47.224 30137 30247 W System  : ClassLoader referenced unknown path: system/framework/mediatek-cta.jar
01-09 20:05:47.225 30137 30247 I System.out: [okhttp] e:java.lang.ClassNotFoundException: com.mediatek.cta.CtaUtils
01-09 20:05:47.225 30137 30247 I System.out: [OkHttp] sendRequest>>
01-09 20:05:47.225 30137 30247 I System.out: [OkHttp] sendRequest<<
01-09 20:05:47.235 27764 29812 I ContactsProvider: Contacts query: CPID=30221, CallingPackage = com.google.android.contacts User=0
01-09 20:05:47.240 29296 29489 I mobileconfig: Params map streaming - readbytes: 319434/319434
01-09 20:05:47.240 29296 29489 I mobileconfig: Successfully parsed (sessionless: NO) params_map.txt
01-09 20:05:47.241 29296 29489 I mobileconfig: Read one query hash from asset, it is = 697dac9ab06b7863a5153940b98c8df170e977439f066c3fc9b03fa0cb90a375
01-09 20:05:47.243 29296 29489 I mobileconfig: Initialized MobileConfig - directory: /data/user/0/com.facebook.katana/files, appVersion: 300.2.0.58.129, paramHash: 90b5c6cb8f49f2d1ba6a319385afd3db:8d4181d55b7166ae563ecd062cbd7a2c, readOnly: false bufferPathPostfix: 
01-09 20:05:47.243 29296 29489 I mobileconfig: Read RN schema map size: 2229
01-09 20:05:47.254 27764 29812 I ContactsProvider: Contacts query: CPID=30221, CallingPackage = com.google.android.contacts User=0
01-09 20:05:47.257 20572 20572 I ADB_SERVICES: service_to_fd shell,v2,raw:ps
01-09 20:05:47.268  1235  1452 I MiuiNetworkPolicy: updateUidState uid = 10125, uidState = 6
01-09 20:05:47.274  1235  1452 I MiuiNetworkPolicy: updateUidState uid = 10125, uidState = 7
01-09 20:05:47.282  1235  1452 I MiuiNetworkPolicy: updateUidState uid = 10426, uidState = 11
01-09 20:05:47.285   496 30330 E ResolverController: No valid NAT64 prefix (101, <unspecified>/0)
01-09 20:05:47.286   496 30328 E ResolverController: No valid NAT64 prefix (101, <unspecified>/0)
01-09 20:05:47.287 29792 29872 I System.out: [socket]:check permission begin!
01-09 20:05:47.287 29792 29872 W System  : ClassLoader referenced unknown path: system/framework/mediatek-cta.jar
01-09 20:05:47.288 29857 29945 I System.out: [socket]:check permission begin!
01-09 20:05:47.288 29857 29945 W System  : ClassLoader referenced unknown path: system/framework/mediatek-cta.jar
01-09 20:05:47.288 29792 29872 I System.out: [socket] e:java.lang.ClassNotFoundException: com.mediatek.cta.CtaUtils
01-09 20:05:47.290 29857 29945 I System.out: [socket] e:java.lang.ClassNotFoundException: com.mediatek.cta.CtaUtils
01-09 20:05:47.294   516   602 I hwcomposer: [HWCDisplay] [Display_0 (type:1)] fps:60.045242,dur:1015.90,max:18.31,min:15.06  
01-09 20:05:47.296  1235  1452 I MiuiNetworkPolicy: updateUidState uid = 10426, uidState = 20
01-09 20:05:47.297 27764 29812 I ContactsProvider: Contacts query: CPID=30221, CallingPackage = com.google.android.contacts User=0
01-09 20:05:47.300   751  7494 D DrmManagerService(Native): Entering DrmManagerService::openDecryptSession 1
01-09 20:05:47.300   751  7494 D DrmManagerService(Native): isProtectedCallAllowed result[1]
01-09 20:05:47.301   751  7494 D DrmManagerService(Native): isProtectedCallAllowed2 result[1]
01-09 20:05:47.301   751  7494 D         : readBytes[8] FileHeader[]
01-09 20:05:47.304   751  7494 D DrmManagerService(Native): Entering DrmManagerService::openDecryptSession 1
01-09 20:05:47.304   751  7494 D DrmManagerService(Native): isProtectedCallAllowed result[1]
01-09 20:05:47.304   751  7494 D DrmManagerService(Native): isProtectedCallAllowed2 result[1]
01-09 20:05:47.304   751  7494 D         : readBytes[8] FileHeader[]
01-09 20:05:47.305  1235  1519 I AutoStartManagerService: MIUILOG- Reject service :Intent { act=android.content.SyncAdapter cmp=ru.yandex.music/com.yandex.passport.internal.core.sync.SyncService (has extras) } userId : 0 uid : 10297
01-09 20:05:47.306  1235  1519 E SyncManager: Bind attempt failed - target: ComponentInfo{ru.yandex.music/com.yandex.passport.internal.core.sync.SyncService}
01-09 20:05:47.312   582   582 I SurfaceFlinger: screenshot (control_center#0)
01-09 20:05:47.312   582   582 I SurfaceFlinger: isIncludeStatusBarAndNavBar (1)
01-09 20:05:47.312   582   582 I SurfaceFlinger: screenshot (MiuiContrastOverlay#0)
01-09 20:05:47.312   582   582 I SurfaceFlinger: isIncludeStatusBarAndNavBar (1)
01-09 20:05:47.314 20572 30336 I ADB_SERVICES: post waitpid (pid=30335) status=0000
01-09 20:05:47.314 20572 20572 I ADB_SERVICES: for fd 25, revents = 2010
01-09 20:05:47.314 20572 20572 I ADB_SERVICES: for fd 25, revents = 2011
01-09 20:05:47.317 25501 28948 W NetworkScheduler: Error inserting flex_time=3000 job_id=-1 period=8000 source=16 requires_charging=0 preferred_network_type=1 target_class=com.google.android.gms.measurement.PackageMeasurementTaskService user_id=0 target_package=com.google.android.gms tag=Measurement.PackageMeasurementTaskService.UPLOAD_TASK_TAG task_type=0 required_idleness_state=0 service_kind=0 source_version=204714000 persistence_level=1 preferred_charging_state=1 required_network_type=0 runtime=1610211947305 retry_strategy={"maximum_backoff_seconds":{"3600":0},"initial_backoff_seconds":{"30":0},"retry_policy":{"0":0}} last_runtime=0, error message: UNIQUE constraint failed: pending_ops.tag, pending_ops.target_class, pending_ops.target_package, pending_ops.user_id (code 2067 SQLITE_CONSTRAINT_UNIQUE) [CONTEXT service_id=218 ]
01-09 20:05:47.318  1235  1519 I AutoStartManagerService: MIUILOG- Reject service :Intent { act=android.content.SyncAdapter cmp=ru.yandex.disk/.sync.OfflineSyncService (has extras) } userId : 0 uid : 10296
01-09 20:05:47.319  1235  1519 E SyncManager: Bind attempt failed - target: ComponentInfo{ru.yandex.disk/ru.yandex.disk.sync.OfflineSyncService}
01-09 20:05:47.319 27764 29812 I ContactsProvider: Contacts query: CPID=30221, CallingPackage = com.google.android.contacts User=0
01-09 20:05:47.328  1235  1519 I AutoStartManagerService: MIUILOG- Reject service :Intent { act=android.content.SyncAdapter cmp=ru.yandex.uber/com.yandex.passport.internal.core.sync.SyncService (has extras) } userId : 0 uid : 10440
01-09 20:05:47.328  1235  1519 E SyncManager: Bind attempt failed - target: ComponentInfo{ru.yandex.uber/com.yandex.passport.internal.core.sync.SyncService}
01-09 20:05:47.328   766 14217 E APEExtractor: getAPEInfo not ape 20483
01-09 20:05:47.336  1235  1519 I AutoStartManagerService: MIUILOG- Reject service :Intent { act=android.content.SyncAdapter cmp=ru.yandex.disk/.sync.PhotoSyncService (has extras) } userId : 0 uid : 10296
01-09 20:05:47.336  1235  1519 E SyncManager: Bind attempt failed - target: ComponentInfo{ru.yandex.disk/ru.yandex.disk.sync.PhotoSyncService}
01-09 20:05:47.343  1235  1519 I AutoStartManagerService: MIUILOG- Reject service :Intent { act=android.content.SyncAdapter cmp=ru.yandex.taxi/com.yandex.passport.internal.core.sync.SyncService (has extras) } userId : 0 uid : 10256
01-09 20:05:47.343  1235  1519 E SyncManager: Bind attempt failed - target: ComponentInfo{ru.yandex.taxi/com.yandex.passport.internal.core.sync.SyncService}
01-09 20:05:47.352  1235  1519 I AutoStartManagerService: MIUILOG- Reject service :Intent { act=android.content.SyncAdapter cmp=ru.yandex.disk/com.yandex.passport.internal.core.sync.SyncService (has extras) } userId : 0 uid : 10296
01-09 20:05:47.352  1235  1519 E SyncManager: Bind attempt failed - target: ComponentInfo{ru.yandex.disk/com.yandex.passport.internal.core.sync.SyncService}
01-09 20:05:47.354   766 14217 I SampleTable: There are reordered frames present.
01-09 20:05:47.355   769 12111 D StagefrightMetadataRetriever: setDataSource fd=11 (/storage/emulated/0/Pictures/Telegram/IMG_20200505_194214_561.MOV), offset=0, length=9720942
01-09 20:05:47.359 27764 29812 I ContactsProvider: Contacts query: CPID=30221, CallingPackage = com.google.android.contacts User=0
01-09 20:05:47.359  1235  1519 I AutoStartManagerService: MIUILOG- Reject service :Intent { act=android.content.SyncAdapter cmp=com.yandex.mobile.realty/com.yandex.passport.internal.core.sync.SyncService (has extras) } userId : 0 uid : 10464
01-09 20:05:47.359  1235  1519 E SyncManager: Bind attempt failed - target: ComponentInfo{com.yandex.mobile.realty/com.yandex.passport.internal.core.sync.SyncService}
01-09 20:05:47.365   751  7494 D DrmManagerService(Native): Entering DrmManagerService::openDecryptSession 1
01-09 20:05:47.365   751  7494 D DrmManagerService(Native): isProtectedCallAllowed result[0]
01-09 20:05:47.365   751  7494 D DrmMtkUtil: getProcessName() : path : [/proc/25238/cmdline]
01-09 20:05:47.365   751  7494 D DrmManagerService(Native): isProtectedCallAllowed2 result[1]
01-09 20:05:47.365   751  7494 D         : readBytes[8] FileHeader[]
01-09 20:05:47.367  1235  1519 I AutoStartManagerService: MIUILOG- Reject service :Intent { act=android.content.SyncAdapter cmp=ru.yandex.yandexmaps/com.yandex.passport.internal.core.sync.SyncService (has extras) } userId : 0 uid : 10192
