01-09 20:05:45.622  1235  4316 V ActivityManager: New death recipient com.android.server.am.ActivityManagerService$AppDeathRecipient@3a5e9dc for thread android.os.BinderProxy@70dcae5, pid:30031,mApp:null
01-09 20:05:45.628   582   582 I BufferQueueProducer: [FramebufferSurface](this:0x7282501800,id:0,api:1,p:582,c:582) queueBuffer: fps=59.94 dur=1001.05 max=18.28 min=15.32
01-09 20:05:45.628 29969 29969 I miuisdk : loading module: com.miui.system
01-09 20:05:45.630  1235  1452 I MiuiNetworkPolicy: updateUidState uid = 10061, uidState = 9
01-09 20:05:45.632  1235  1452 I MiuiNetworkPolicy: updateUidState uid = 10011, uidState = 11
01-09 20:05:45.659 29969 29969 I SystemConfig: Non-xml file /system/etc/permissions/pms_sysapp_removable_system_list.txt in /system/etc/permissions directory, ignoring
01-09 20:05:45.659 29969 29969 I SystemConfig: Non-xml file /system/etc/permissions/pms_sysapp_removable_vendor_list.txt in /system/etc/permissions directory, ignoring
01-09 20:05:45.660 29993 29993 W ResourceType: CREATING STRING CACHE OF 24 bytes
01-09 20:05:45.669 29993 29993 D miuisdk : current sdk level is 23
01-09 20:05:45.669 29993 29993 I miuisdk : initialize without hook
01-09 20:05:45.682 29816 30038 I System.out: [okhttp]:check permission begin!
01-09 20:05:45.682 29816 30038 W System  : ClassLoader referenced unknown path: system/framework/mediatek-cta.jar
01-09 20:05:45.683 29816 30038 I System.out: [okhttp] e:java.lang.ClassNotFoundException: com.mediatek.cta.CtaUtils
01-09 20:05:45.685   496 30052 E ResolverController: No valid NAT64 prefix (101, <unspecified>/0)
01-09 20:05:45.686 29816 30038 I System.out: [socket]:check permission begin!
01-09 20:05:45.686 29816 30038 W System  : ClassLoader referenced unknown path: system/framework/mediatek-cta.jar
01-09 20:05:45.687 29816 30038 I System.out: [socket] e:java.lang.ClassNotFoundException: com.mediatek.cta.CtaUtils
01-09 20:05:45.695 29993 29993 W Linkify.v16: reflect applyLink failed: 
01-09 20:05:45.695 29993 29993 W Linkify.v16: miui.reflect.NoSuchMethodException: Couldn't find method android/text/util/Linkify.applyLink(Ljava/lang/String;IILandroid/text/Spannable;)V
01-09 20:05:45.695 29993 29993 W Linkify.v16: 	at com.miui.internal.os.Native.getMethod(Native Method)
01-09 20:05:45.695 29993 29993 W Linkify.v16: 	at miui.reflect.Method.of(Method.java:35)
01-09 20:05:45.695 29993 29993 W Linkify.v16: 	at com.miui.internal.variable.v16.Android_Text_Util_Linkify_class.<clinit>(Android_Text_Util_Linkify_class.java:70)
01-09 20:05:45.695 29993 29993 W Linkify.v16: 	at java.lang.Class.classForName(Native Method)
01-09 20:05:45.695 29993 29993 W Linkify.v16: 	at java.lang.Class.forName(Class.java:454)
01-09 20:05:45.695 29993 29993 W Linkify.v16: 	at java.lang.Class.forName(Class.java:379)
01-09 20:05:45.695 29993 29993 W Linkify.v16: 	at com.miui.internal.variable.AbsClassFactory.create(AbsClassFactory.java:24)
01-09 20:05:45.695 29993 29993 W Linkify.v16: 	at com.miui.internal.variable.Android_Text_Util_Linkify_class$Factory.<init>(Android_Text_Util_Linkify_class.java:40)
01-09 20:05:45.695 29993 29993 W Linkify.v16: 	at com.miui.internal.variable.Android_Text_Util_Linkify_class$Factory.<init>(Android_Text_Util_Linkify_class.java:26)
01-09 20:05:45.695 29993 29993 W Linkify.v16: 	at com.miui.internal.variable.Android_Text_Util_Linkify_class$Factory$1.createInstance(Android_Text_Util_Linkify_class.java:32)
01-09 20:05:45.695 29993 29993 W Linkify.v16: 	at com.miui.internal.variable.Android_Text_Util_Linkify_class$Factory$1.createInstance(Android_Text_Util_Linkify_class.java:29)
01-09 20:05:45.695 29993 29993 W Linkify.v16: 	at miui.util.SoftReferenceSingleton.get(SoftReferenceSingleton.java:25)
01-09 20:05:45.695 29993 29993 W Linkify.v16: 	at com.miui.internal.variable.Android_Text_Util_Linkify_class$Factory.getInstance(Android_Text_Util_Linkify_class.java:44)
01-09 20:05:45.695 29993 29993 W Linkify.v16: 	at com.miui.internal.initialization.OverrideHelper.doInitialize(OverrideHelper.java:37)
01-09 20:05:45.695 29993 29993 W Linkify.v16: 	at miui.core.SdkManager.initialize(SdkManager.java:99)
01-09 20:05:45.695 29993 29993 W Linkify.v16: 	at java.lang.reflect.Method.invoke(Native Method)
01-09 20:05:45.695 29993 29993 W Linkify.v16: 	at miui.external.Application.initializeSdk(Application.java:85)
01-09 20:05:45.695 29993 29993 W Linkify.v16: 	at miui.external.Application.<init>(Application.java:55)
01-09 20:05:45.695 29993 29993 W Linkify.v16: 	at com.xiaomi.activate.Application.<init>(Application.java:9)
01-09 20:05:45.695 29993 29993 W Linkify.v16: 	at java.lang.Class.newInstance(Native Method)
01-09 20:05:45.695 29993 29993 W Linkify.v16: 	at android.app.AppComponentFactory.instantiateApplication(AppComponentFactory.java:76)
01-09 20:05:45.695 29993 29993 W Linkify.v16: 	at android.app.Instrumentation.newApplication(Instrumentation.java:1155)
01-09 20:05:45.695 29993 29993 W Linkify.v16: 	at android.app.LoadedApk.makeApplication(LoadedApk.java:1222)
01-09 20:05:45.695 29993 29993 W Linkify.v16: 	at android.app.ActivityThread.handleBindApplication(ActivityThread.java:6562)
01-09 20:05:45.695 29993 29993 W Linkify.v16: 	at android.app.ActivityThread.access$1500(ActivityThread.java:230)
01-09 20:05:45.695 29993 29993 W Linkify.v16: 	at android.app.ActivityThread$H.handleMessage(ActivityThread.java:1911)
01-09 20:05:45.695 29993 29993 W Linkify.v16: 	at android.os.Handler.dispatchMessage(Handler.java:107)
01-09 20:05:45.695 29993 29993 W Linkify.v16: 	at android.os.Looper.loop(Looper.java:224)
01-09 20:05:45.695 29993 29993 W Linkify.v16: 	at android.app.ActivityThread.main(ActivityThread.java:7551)
01-09 20:05:45.695 29993 29993 W Linkify.v16: 	at java.lang.reflect.Method.invoke(Native Method)
01-09 20:05:45.695 29993 29993 W Linkify.v16: 	at com.android.internal.os.RuntimeInit$MethodAndArgsCaller.run(RuntimeInit.java:539)
01-09 20:05:45.695 29993 29993 W Linkify.v16: 	at com.android.internal.os.ZygoteInit.main(ZygoteInit.java:995)
01-09 20:05:45.697 29969 29969 W SystemConfig: No directory /product_services/etc/sysconfig, skipping
01-09 20:05:45.697 29969 29969 W SystemConfig: No directory /product_services/etc/permissions, skipping
01-09 20:05:45.697 29969 29969 W System  : ClassLoader referenced unknown path: /system/framework/mediatek-cta.jar
01-09 20:05:45.698 29969 29969 W CtaManagerFactory: CtaManagerFactoryImpl not found
01-09 20:05:45.700   582  2187 I BufferQueueProducer: [control_center#0](this:0x727c61f000,id:1146,api:1,p:1521,c:582) queueBuffer: fps=59.92 dur=1001.39 max=23.81 min=10.67
01-09 20:05:45.702 29969 29969 D miuisdk : process com.miui.system successful
01-09 20:05:45.702 29969 29969 I miuisdk : loading module: com.xiaomi.micloud.sdk
01-09 20:05:45.718 29969 29969 W service:synclo: ClassLoaderContext classpath size mismatch. expected=0, found=1 (PCL[] | PCL[/data/app/com.miui.cloudservice-ct4x2sQ_Lk2ZYZ6OCPEx4Q==/base.apk*502978641]{PCL[/system/priv-app/RtMiCloudSDK/RtMiCloudSDK.apk*3312936997]#PCL[/system/framework/org.apache.http.legacy.jar*1503167394]})
01-09 20:05:45.719 29969 29969 W service:synclo: Found duplicate classes, falling back to extracting from APK : /system/priv-app/RtMiCloudSDK/RtMiCloudSDK.apk
01-09 20:05:45.719 29969 29969 W service:synclo: NOTE: This wastes RAM and hurts startup performance.
01-09 20:05:45.719 29969 29969 W service:synclo: Found duplicated class when checking oat files: 'Lcom/xiaomi/accountsdk/activate/ActivateIntent;' in /system/priv-app/RtMiCloudSDK/RtMiCloudSDK.apk and /system/priv-app/RtMiCloudSDK/RtMiCloudSDK.apk
01-09 20:05:45.719 29969 29969 W service:synclo: 
01-09 20:05:45.725 29969 29969 D miuisdk : process com.xiaomi.micloud.sdk successful
01-09 20:05:45.725 29969 29969 D miuisdk : process modules finished
01-09 20:05:45.728   582   582 I SurfaceFlinger: screenshot (control_center#0)
01-09 20:05:45.728   582   582 I SurfaceFlinger: isIncludeStatusBarAndNavBar (1)
01-09 20:05:45.728   582   582 I SurfaceFlinger: screenshot (MiuiContrastOverlay#0)
01-09 20:05:45.728   582   582 I SurfaceFlinger: isIncludeStatusBarAndNavBar (1)
01-09 20:05:45.729 29876 29946 W BpBinder: Slow Binder: BpBinder transact took 394 ms, interface=android.app.IActivityManager, code=20 oneway=false
01-09 20:05:45.730 29876 29946 I SyncLogSender: Create sync log sender: file.
01-09 20:05:45.730 29792 29872 W BpBinder: Slow Binder: BpBinder transact took 399 ms, interface=android.app.IActivityManager, code=20 oneway=false
01-09 20:05:45.730 29792 29872 I SyncLogSender: Create sync log sender: file.
01-09 20:05:45.733 29993 29993 I miuisdk : loading module: com.xiaomi.micloud.sdk
01-09 20:05:45.729 29857 29945 W BpBinder: Slow Binder: BpBinder transact took 399 ms, interface=android.app.IActivityManager, code=20 oneway=false
01-09 20:05:45.734 29857 29945 I SyncLogSender: Create sync log sender: file.
01-09 20:05:45.734 29857 29944 W icloudsync:syn: Long monitor contention with owner SyncAdapterThread-1 (29945) at boolean android.os.BinderProxy.transactNative(int, android.os.Parcel, android.os.Parcel, int)(BinderProxy.java:-2) waiters=0 in android.content.IContentProvider android.app.ActivityThread.acquireProvider(android.content.Context, java.lang.String, int, boolean) for 400ms
01-09 20:05:45.735 29969 29969 I AnonymousDeviceIdUtil: not enforced
01-09 20:05:45.739 29857 29944 I SyncLogSender: Create sync log sender: file.
01-09 20:05:45.741 29969 29969 I CloudTelephonyManager: getDeviceId: use no_restrict_imei
01-09 20:05:45.746 29969 29969 I CloudTelephonyManager: getDeviceId: 86
01-09 20:05:45.750 29969 29969 I MiCloudSDKDependencyUtil: MiCloudSDK environment: 31
01-09 20:05:45.754 29876 29946 D SyncInfoProviderBase: queryCount, uri: content://miui.phrase/phrase/synced
01-09 20:05:45.759 29969 30059 I [notes,29792]:SyncLog[notes]: Start Sync:{authority:notes, start:2021-01-09 20:05:44, extras:{micloud_force=false,force=false,ignore_backoff=false,upload=false}}
01-09 20:05:45.758 29876 29946 D SyncInfoProviderBase: queryCount, uri: content://miui.phrase/phrase/unsynced
01-09 20:05:45.760 29857 29945 D SyncInfoProviderBase: queryCount, uri: content://wifi/wifi
01-09 20:05:45.763 29969 29969 V CloudApp: has telephony feature
01-09 20:05:45.763 29993 29993 I SystemConfig: Non-xml file /system/etc/permissions/pms_sysapp_removable_system_list.txt in /system/etc/permissions directory, ignoring
01-09 20:05:45.763 29993 29993 I SystemConfig: Non-xml file /system/etc/permissions/pms_sysapp_removable_vendor_list.txt in /system/etc/permissions directory, ignoring
01-09 20:05:45.764 29876 29946 I MiCloudSdkBuild: MiCloudSdk version: 31
01-09 20:05:45.769 29876 29946 D MiCloudResolver: isSyncPausing: authority: miui.phrase
01-09 20:05:45.770 29792 29872 D SyncInfoProviderBase: queryCountByProjection, uri: content://notes/note?caller_is_syncadapter=true
01-09 20:05:45.770 29876 29946 D MiCloudResolver: getResumeTime: authority: miui.phrase
01-09 20:05:45.771 29876 29946 D SyncContentUtils: isPauseExceptAuthority: authority: miui.phrase
01-09 20:05:45.772 29969 29969 I FeatureParser: can't find begonia.xml in assets/device_features/,it may be in /system/etc/device_features
01-09 20:05:45.775 29969 29969 E libc    : Access denied finding property "ro.vendor.df.effect.conflict"
01-09 20:05:45.775 12657 32080 D NotesProvider: query: context=com.miui.notes.Application@3ccc77
01-09 20:05:45.772 29969 29969 W service:synclog: type=1400 audit(0.0:19900): avc: denied { read } for name="u:object_r:vendor_displayfeature_prop:s0" dev="tmpfs" ino=371 scontext=u:r:platform_app:s0:c512,c768 tcontext=u:object_r:vendor_displayfeature_prop:s0 tclass=file permissive=0
01-09 20:05:45.775 29969 30058 I [com.android.calendar,29857]:SyncLog[com.android.calendar]: Start Sync:{authority:com.android.calendar, start:2021-01-09 20:05:45, extras:{micloud_force=false,force=false,ignore_backoff=false,upload=false}}
01-09 20:05:45.776 29969 30057 I [miui.phrase,29876]:SyncLog[miui.phrase]: Start Sync:{authority:miui.phrase, start:2021-01-09 20:05:45, extras:{micloud_force=false,force=false,ignore_backoff=false,upload=false}}
01-09 20:05:45.776 29969 30057 I [miui.phrase,29876]:SyncLog[miui.phrase]: Before Sync: SyncDataInfo[miui.phrase]  {synced count:0, unsynced count:0, unsynced secret count:-1, unsynced wifi only count:0}
01-09 20:05:45.777 30031 30031 I MultiDex: VM with version 2.1.0 has multidex support
01-09 20:05:45.777 30031 30031 I MultiDex: Installing application
01-09 20:05:45.777 30031 30031 I MultiDex: VM has multidex support, MultiDex support library is disabled.
01-09 20:05:45.777 29969 30060 I [wifi,29857]:SyncLog[wifi]: Start Sync:{authority:wifi, start:2021-01-09 20:05:45, extras:{micloud_force=false,force=false,ignore_backoff=false,upload=false}}
01-09 20:05:45.778 29969 29969 D ##XLogger##: com.miui.cloudservice.stat.l::b@SourceFile:14, thread:2--StatHelper, init stats
01-09 20:05:45.780 29792 29872 D SyncInfoProviderBase: count 4
01-09 20:05:45.780 29890 29921 D MiCloudProvider: query sync pause except
01-09 20:05:45.782 29857 29945 D SyncInfoProviderBase: queryCount, uri: content://wifi/wifi
01-09 20:05:45.784 29857 29944 D SyncInfoProviderBase: queryCount, uri: content://com.android.calendar/events
01-09 20:05:45.785 29792 29872 D SyncInfoProviderBase: queryCountByProjection, uri: content://notes/note?caller_is_syncadapter=true
01-09 20:05:45.786 12657 32080 D NotesProvider: query: context=com.miui.notes.Application@3ccc77
01-09 20:05:45.787 29876 29946 E SyncContentUtils: isPauseExceptAuthority: error cursor is null or query fail, cursor is null?no
01-09 20:05:45.790 29876 29946 D SyncContentUtils: loadResumeTime: authority: miui.phrase
01-09 20:05:45.792 29890 29921 D MiCloudProvider: query sync pause
01-09 20:05:45.794 29792 29872 D SyncInfoProviderBase: count 0
01-09 20:05:45.796 29969 30060 I [wifi,29857]:SyncLog[wifi]: Before Sync: SyncDataInfo[wifi]  {synced count:10, unsynced count:0, unsynced secret count:-1, unsynced wifi only count:0}
01-09 20:05:45.796 29969 29969 I ##XLogger##: com.miui.cloudservice.sync.IntelligentSyncServi@IPV6@SourceFile:1, thread:2--IntelligentSyncService, Schedule an intelligent sync job.
01-09 20:05:45.796 29857 29944 D Cal:D:CalendarSyncInfoProvider: getSyncedCount(): count:3
01-09 20:05:45.797 29857 29945 I MiCloudSdkBuild: MiCloudSdk version: 31
01-09 20:05:45.800 29969 29969 I ##XLogger##: com.miui.cloudservice.sync.IntelligentSyncServi@IPV6@SourceFile:6, thread:2--IntelligentSyncService, There has been existing an intelligent job! Do not schedule again.
01-09 20:05:45.803 29969 30059 I [notes,29792]:SyncLog[notes]: Before Sync: SyncDataInfo[notes]  {synced count:4, unsynced count:0, unsynced secret count:-1, unsynced wifi only count:0}
01-09 20:05:45.803 29876 29946 E SyncContentUtils: loadResumeTime: error cursor is null or query fail
01-09 20:05:45.803 30031 30031 I FirebaseApp: Device unlocked: initializing all Firebase APIs for app [DEFAULT]
01-09 20:05:45.803 29792 29872 I MiCloudSdkBuild: MiCloudSdk version: 31
01-09 20:05:45.805 29993 29993 W SystemConfig: No directory /product_services/etc/sysconfig, skipping
01-09 20:05:45.805 29993 29993 W SystemConfig: No directory /product_services/etc/permissions, skipping
01-09 20:05:45.806 29993 29993 W System  : ClassLoader referenced unknown path: /system/framework/mediatek-cta.jar
01-09 20:05:45.807 29876 29946 D SyncContentUtils: loadResumeTime: authority: _all
01-09 20:05:45.807 29993 29993 W CtaManagerFactory: CtaManagerFactoryImpl not found
01-09 20:05:45.809 29857 29945 D MiCloudResolver: isSyncPausing: authority: wifi
01-09 20:05:45.810 29857 29945 D MiCloudResolver: getResumeTime: authority: wifi
01-09 20:05:45.810 29792 29872 D MiCloudResolver: isSyncPausing: authority: notes
01-09 20:05:45.812 29857 29945 D SyncContentUtils: isPauseExceptAuthority: authority: wifi
01-09 20:05:45.812 29890 29962 D MiCloudProvider: query sync pause
01-09 20:05:45.814 29792 29872 D MiCloudResolver: getResumeTime: authority: notes
01-09 20:05:45.814 29969 30069 E ##XLogger##: com.miui.cloudservice.cloudcontrol.@IPV6@SourceFile:2, thread:7210--cloud config is not expired , request canceled
01-09 20:05:45.815 29993 29993 W ctivate.servic: ClassLoaderContext classpath size mismatch. expected=0, found=1 (PCL[] | PCL[/system/app/XiaomiSimActivateService/XiaomiSimActivateService.apk*564577783]{PCL[/system/framework/gson.jar*3282485003]#PCL[/system/framework/android-support-v13.jar*3857065570]#PCL[/system/framework/security-device-credential-sdk.jar*2838363309]#PCL[/system/priv-app/RtMiCloudSDK/RtMiCloudSDK.apk*3312936997]#PCL[/system/framework/org.apache.http.legacy.jar*1503167394]})
01-09 20:05:45.815 29792 29872 D SyncContentUtils: isPauseExceptAuthority: authority: notes
01-09 20:05:45.816 29993 29993 W ctivate.servic: Found duplicate classes, falling back to extracting from APK : /system/priv-app/RtMiCloudSDK/RtMiCloudSDK.apk
01-09 20:05:45.816 29993 29993 W ctivate.servic: NOTE: This wastes RAM and hurts startup performance.
01-09 20:05:45.816 29993 29993 W ctivate.servic: Found duplicated class when checking oat files: 'Lcom/xiaomi/accountsdk/activate/ActivateIntent;' in /system/priv-app/RtMiCloudSDK/RtMiCloudSDK.apk and /system/priv-app/RtMiCloudSDK/RtMiCloudSDK.apk
01-09 20:05:45.816 29993 29993 W ctivate.servic: 
01-09 20:05:45.816 29857 29944 D SyncInfoProviderBase: queryCount, uri: content://com.android.calendar/events
01-09 20:05:45.818 29876 29946 E SyncContentUtils: loadResumeTime: error cursor is null or query fail
01-09 20:05:45.818 29890 29962 D MiCloudProvider: query sync pause except
01-09 20:05:45.819 29876 29946 V MiCloudSyncAdapterBase: onPerformSync: getting auth token. authority: miui.phrase
01-09 20:05:45.820 29792 29872 E SyncContentUtils: isPauseExceptAuthority: error cursor is null or query fail, cursor is null?no
01-09 20:05:45.820 29890 29962 D MiCloudProvider: query sync pause except
01-09 20:05:45.821 29876 29946 D PhraseSyncAdapter: onPerformMiCloudSync
01-09 20:05:45.823 29792 29872 D SyncContentUtils: loadResumeTime: authority: notes
01-09 20:05:45.824 29857 29945 E SyncContentUtils: isPauseExceptAuthority: error cursor is null or query fail, cursor is null?no
01-09 20:05:45.825 29993 29993 D miuisdk : process com.xiaomi.micloud.sdk successful
01-09 20:05:45.825 29993 29993 I miuisdk : loading module: com.miui.system
01-09 20:05:45.827 29890 29962 D MiCloudProvider: query sync pause
01-09 20:05:45.828   582   582 I SurfaceFlinger: screenshot (control_center#0)
01-09 20:05:45.829   582   582 I SurfaceFlinger: isIncludeStatusBarAndNavBar (1)
01-09 20:05:45.829   582   582 I SurfaceFlinger: screenshot (MiuiContrastOverlay#0)
01-09 20:05:45.829   582   582 I SurfaceFlinger: isIncludeStatusBarAndNavBar (1)
01-09 20:05:45.832 29857 29945 D SyncContentUtils: loadResumeTime: authority: wifi
01-09 20:05:45.834 29890 29962 D MiCloudProvider: query sync pause
01-09 20:05:45.834 29876 29946 D PhraseSyncManager: update size:0
01-09 20:05:45.838 29876 29946 V Pdc4Utils: requestServer started at http://pdc.micloud.xiaomi.net/mic/pdc/v4.1/apps/2882303761517977466/spaces/default/records  isGet : true
01-09 20:05:45.840 29792 29872 E SyncContentUtils: loadResumeTime: error cursor is null or query fail
01-09 20:05:45.842 29857 29945 E SyncContentUtils: loadResumeTime: error cursor is null or query fail
01-09 20:05:45.842 29857 29944 D Cal:D:CalendarSyncInfoProvider: getUnsyncedCount(): count:0
01-09 20:05:45.843 29969 30058 I [com.android.calendar,29857]:SyncLog[com.android.calendar]: Before Sync: SyncDataInfo[com.android.calendar]  {synced count:3, unsynced count:0, unsynced secret count:-1, unsynced wifi only count:0}
01-09 20:05:45.844 29857 29945 D SyncContentUtils: loadResumeTime: authority: _all
01-09 20:05:45.845 29993 29993 D miuisdk : process com.miui.system successful
01-09 20:05:45.845 29993 29993 D miuisdk : process modules finished
01-09 20:05:45.846 29792 29872 D SyncContentUtils: loadResumeTime: authority: _all
01-09 20:05:45.850 29890 29921 D MiCloudProvider: query sync pause
01-09 20:05:45.852 29890 29962 D MiCloudProvider: query sync pause
01-09 20:05:45.855 29857 29945 E SyncContentUtils: loadResumeTime: error cursor is null or query fail
01-09 20:05:45.855 29857 29944 D MiCloudResolver: isSyncPausing: authority: com.android.calendar
01-09 20:05:45.856 29993 29993 I FeatureParser: can't find begonia.xml in assets/device_features/,it may be in /system/etc/device_features
01-09 20:05:45.857 29857 29944 D MiCloudResolver: getResumeTime: authority: com.android.calendar
01-09 20:05:45.857 29857 29944 D SyncContentUtils: isPauseExceptAuthority: authority: com.android.calendar
01-09 20:05:45.857 29857 29945 V MiCloudSyncAdapterBase: onPerformSync: getting auth token. authority: wifi
01-09 20:05:45.859 29993 29993 E libc    : Access denied finding property "ro.vendor.df.effect.conflict"
01-09 20:05:45.852 29993 29993 W ctivate.service: type=1400 audit(0.0:19901): avc: denied { read } for name="u:object_r:vendor_displayfeature_prop:s0" dev="tmpfs" ino=371 scontext=u:r:platform_app:s0:c512,c768 tcontext=u:object_r:vendor_displayfeature_prop:s0 tclass=file permissive=0
01-09 20:05:45.859 29890 29921 D MiCloudProvider: query sync pause except
01-09 20:05:45.860 30031 30031 I FirebaseCrashlytics: Initializing Crashlytics 17.2.2
01-09 20:05:45.861 29792 29872 E SyncContentUtils: loadResumeTime: error cursor is null or query fail
01-09 20:05:45.862 29857 29944 E SyncContentUtils: isPauseExceptAuthority: error cursor is null or query fail, cursor is null?no
01-09 20:05:45.862 29792 29872 V MiCloudSyncAdapterBase: onPerformSync: getting auth token. authority: notes
01-09 20:05:45.867 29792 29872 I NotesSyncAdapter: start onPerformMiCloudSync
01-09 20:05:45.867 29857 29944 D SyncContentUtils: loadResumeTime: authority: com.android.calendar
01-09 20:05:45.869 29890 29962 D MiCloudProvider: query sync pause
01-09 20:05:45.875 29857 29944 E SyncContentUtils: loadResumeTime: error cursor is null or query fail
01-09 20:05:45.877 29857 29944 D SyncContentUtils: loadResumeTime: authority: _all
01-09 20:05:45.879 29890 29962 D MiCloudProvider: query sync pause
01-09 20:05:45.880 29792 29872 I DynamicDumpReceiver: Dynamic receiver registered
01-09 20:05:45.884 29857 29944 E SyncContentUtils: loadResumeTime: error cursor is null or query fail
01-09 20:05:45.885 30031 30031 I FirebaseInitProvider: FirebaseApp initialization successful
01-09 20:05:45.889 29857 29944 V MiCloudSyncAdapterBase: onPerformSync: getting auth token. authority: com.android.calendar
01-09 20:05:45.893 30031 30076 I FA      : App measurement initialized, version: 22048
01-09 20:05:45.894 30031 30076 I FA      : To enable debug logging run: adb shell setprop log.tag.FA VERBOSE
01-09 20:05:45.895 30031 30076 I FA      : To enable faster debug mode event logging run:
01-09 20:05:45.895 30031 30076 I FA      :   adb shell setprop debug.firebase.analytics.app com.mi.globalbrowser
01-09 20:05:45.900 29857 29944 I CalSyncD:CalendarSyncAdapter: perform miCloud sync START
01-09 20:05:45.900 30031 30081 D libcrashlytics: Initializing libcrashlytics version 2.0.5
01-09 20:05:45.902 30031 30081 D libcrashlytics: Initializing native crash handling successful.
01-09 20:05:45.902 30031 30081 I FirebaseCrashlytics: Crashlytics NDK initialization successful
01-09 20:05:45.902 30031 30091 V FA      : Deferring to Google Analytics for Firebase for event data collection. https://goo.gl/J1sWQy
01-09 20:05:45.906 30031 30031 W com.facebook.UserSettingsManager: Please set a value for AutoLogAppEventsEnabled. Set the flag to TRUE if you want to collect app install, app launch and in-app purchase events automatically. To request user consent before collecting data, set the flag value to FALSE, then change to TRUE once user consent is received. Learn more: https://developers.facebook.com/docs/app-events/getting-started-app-events-android#disable-auto-events.
01-09 20:05:45.906 30031 30031 W com.facebook.UserSettingsManager: You haven't set a value for AdvertiserIDCollectionEnabled. Set the flag to TRUE if you want to collect Advertiser ID for better advertising and analytics results. To request user consent before collecting data, set the flag value to FALSE, then change to TRUE once user consent is received. Learn more: https://developers.facebook.com/docs/app-events/getting-started-app-events-android#disable-auto-events.
01-09 20:05:45.908 30031 30103 I DynamiteModule: Considering local module com.google.android.gms.measurement.dynamite:12 and remote module com.google.android.gms.measurement.dynamite:0
01-09 20:05:45.908 30031 30103 I DynamiteModule: Selected local version of com.google.android.gms.measurement.dynamite
01-09 20:05:45.912 29792 29872 W NotesSyncAdapter: isCTAAccepted true
01-09 20:05:45.912 30031 30091 W i.globalbrowse: Unsupported class loader
01-09 20:05:45.919 12657 32080 D NotesProvider: query: context=com.miui.notes.Application@3ccc77
01-09 20:05:45.927 30031 30091 I DynamiteModule: Considering local module com.google.android.gms.ads.dynamite:0 and remote module com.google.android.gms.ads.dynamite:204204100
01-09 20:05:45.927 30031 30091 I DynamiteModule: Selected remote version of com.google.android.gms.ads.dynamite, version >= 204204100
01-09 20:05:45.928 30031 30091 V DynamiteModule: Dynamite loader version >= 2, using loadModule2NoCrashUtils
01-09 20:05:45.929   582   582 I SurfaceFlinger: screenshot (control_center#0)
01-09 20:05:45.929   582   582 I SurfaceFlinger: isIncludeStatusBarAndNavBar (1)
01-09 20:05:45.929   582   582 I SurfaceFlinger: screenshot (MiuiContrastOverlay#0)
01-09 20:05:45.929   582   582 I SurfaceFlinger: isIncludeStatusBarAndNavBar (1)
01-09 20:05:45.929  1235  1452 I MiuiNetworkPolicy: updateUidState uid = 10124, uidState = 5
01-09 20:05:45.930   496  1581 I netd    : firewallSetUidRule(2, 10124, 1) <0.03ms>
01-09 20:05:45.936 29816 30038 I System.out: [OkHttp] sendRequest>>
01-09 20:05:45.938 29816 30038 I System.out: [OkHttp] sendRequest<<
01-09 20:05:45.941 30031 30108 D NetworkSecurityConfig: Using Network Security Config from resource network_security_config debugBuild: false
01-09 20:05:45.947 30031 30108 I System.out: [okhttp]:check permission begin!
01-09 20:05:45.947 30031 30108 W System  : ClassLoader referenced unknown path: system/framework/mediatek-cta.jar
01-09 20:05:45.947 30031 30108 I System.out: [okhttp] e:java.lang.ClassNotFoundException: com.mediatek.cta.CtaUtils
01-09 20:05:45.950 30031 30109 I System.out: [okhttp]:check permission begin!
01-09 20:05:45.950 30031 30109 W System  : ClassLoader referenced unknown path: system/framework/mediatek-cta.jar
01-09 20:05:45.950 30031 30109 I System.out: [okhttp] e:java.lang.ClassNotFoundException: com.mediatek.cta.CtaUtils
01-09 20:05:45.955 30031 30031 W System.err: java.io.FileNotFoundException: /system/build.prop: open failed: EACCES (Permission denied)
01-09 20:05:45.955 30031 30031 W System.err: 	at libcore.io.IoBridge.open(IoBridge.java:496)
01-09 20:05:45.955 30031 30031 W System.err: 	at java.io.FileInputStream.<init>(FileInputStream.java:159)
01-09 20:05:45.955 30031 30031 W System.err: 	at miui.browser.util.DeviceUtils.isMIUI(SourceFile:553)
01-09 20:05:45.955 30031 30031 W System.err: 	at com.android.browser.provider.BrowserProvider2.isNotMIUI(SourceFile:3497)
01-09 20:05:45.955 30031 30031 W System.err: 	at com.android.browser.provider.BrowserProvider2.updateBookmarkHistorySqlsNotMIUI(SourceFile:3502)
01-09 20:05:45.955 30031 30031 W System.err: 	at com.android.browser.provider.BrowserProvider2.onCreate(SourceFile:760)
01-09 20:05:45.955 30031 30031 W System.err: 	at android.content.ContentProvider.attachInfo(ContentProvider.java:2118)
01-09 20:05:45.955 30031 30031 W System.err: 	at android.content.ContentProvider.attachInfo(ContentProvider.java:2092)
01-09 20:05:45.955 30031 30031 W System.err: 	at android.app.ActivityThread.installProvider(ActivityThread.java:7176)
01-09 20:05:45.955 30031 30031 W System.err: 	at android.app.ActivityThread.installContentProviders(ActivityThread.java:6659)
01-09 20:05:45.955 30031 30031 W System.err: 	at android.app.ActivityThread.handleBindApplication(ActivityThread.java:6576)
01-09 20:05:45.955 30031 30031 W System.err: 	at android.app.ActivityThread.access$1500(ActivityThread.java:230)
01-09 20:05:45.955 30031 30031 W System.err: 	at android.app.ActivityThread$H.handleMessage(ActivityThread.java:1911)
01-09 20:05:45.955 30031 30031 W System.err: 	at android.os.Handler.dispatchMessage(Handler.java:107)
01-09 20:05:45.955 30031 30031 W System.err: 	at android.os.Looper.loop(Looper.java:224)
01-09 20:05:45.955 30031 30031 W System.err: 	at android.app.ActivityThread.main(ActivityThread.java:7551)
01-09 20:05:45.955 30031 30031 W System.err: 	at java.lang.reflect.Method.invoke(Native Method)
01-09 20:05:45.955 30031 30031 W System.err: 	at com.android.internal.os.RuntimeInit$MethodAndArgsCaller.run(RuntimeInit.java:539)
01-09 20:05:45.955 30031 30031 W System.err: 	at com.android.internal.os.ZygoteInit.main(ZygoteInit.java:995)
01-09 20:05:45.956   496 30126 E ResolverController: No valid NAT64 prefix (101, <unspecified>/0)
01-09 20:05:45.956 30031 30031 W System.err: Caused by: android.system.ErrnoException: open failed: EACCES (Permission denied)
01-09 20:05:45.956 30031 30031 W System.err: 	at libcore.io.Linux.open(Native Method)
01-09 20:05:45.956 30031 30031 W System.err: 	at libcore.io.ForwardingOs.open(ForwardingOs.java:167)
01-09 20:05:45.956 30031 30031 W System.err: 	at libcore.io.BlockGuardOs.open(BlockGuardOs.java:252)
01-09 20:05:45.956 30031 30031 W System.err: 	at libcore.io.ForwardingOs.open(ForwardingOs.java:167)
01-09 20:05:45.956 30031 30031 W System.err: 	at android.app.ActivityThread$AndroidOs.open(ActivityThread.java:7448)
01-09 20:05:45.956 30031 30031 W System.err: 	at libcore.io.IoBridge.open(IoBridge.java:482)
01-09 20:05:45.956 30031 30031 W System.err: 	... 18 more
01-09 20:05:45.958 30031 30109 I System.out: [socket]:check permission begin!
01-09 20:05:45.958 30031 30109 W System  : ClassLoader referenced unknown path: system/framework/mediatek-cta.jar
01-09 20:05:45.958 30031 30109 I System.out: [socket] e:java.lang.ClassNotFoundException: com.mediatek.cta.CtaUtils
01-09 20:05:45.960   496 30125 E ResolverController: No valid NAT64 prefix (101, <unspecified>/0)
01-09 20:05:45.960 30031 30108 I System.out: [socket]:check permission begin!
01-09 20:05:45.960 30031 30108 W System  : ClassLoader referenced unknown path: system/framework/mediatek-cta.jar
01-09 20:05:45.960 30031 30108 I System.out: [socket] e:java.lang.ClassNotFoundException: com.mediatek.cta.CtaUtils
01-09 20:05:45.961 30031 30093 D FBAudienceNetwork: SDK dex loading time: 74
01-09 20:05:45.965 30031 30105 I System.out: [okhttp]:check permission begin!
01-09 20:05:45.965 30031 30105 W System  : ClassLoader referenced unknown path: system/framework/mediatek-cta.jar
01-09 20:05:45.965 30031 30105 I System.out: [okhttp] e:java.lang.ClassNotFoundException: com.mediatek.cta.CtaUtils
01-09 20:05:45.965 30031 30105 I System.out: [socket]:check permission begin!
01-09 20:05:45.965 30031 30105 W System  : ClassLoader referenced unknown path: system/framework/mediatek-cta.jar
01-09 20:05:45.966 30031 30105 I System.out: [socket] e:java.lang.ClassNotFoundException: com.mediatek.cta.CtaUtils
01-09 20:05:45.975 30031 30091 I DynamiteLoaderV2Impl: [71] AdsFdrDynamite.integ
01-09 20:05:45.977 29857 29945 V WifiSyncManager: uploadWifi: Start uploading...
01-09 20:05:45.980 30031 30091 W i.globalbrowse: ClassLoaderContext type mismatch. expected=PCL, found=DLC (PCL[] | DLC[];PCL[/data/app/com.mi.globalbrowser-83l05FT8MexRpjkPF3DQ5w==/base.apk*2616675666:/data/app/com.mi.globalbrowser-83l05FT8MexRpjkPF3DQ5w==/base.apk!classes2.dex*13934470:/data/app/com.mi.globalbrowser-83l05FT8MexRpjkPF3DQ5w==/base.apk!classes3.dex*2747779280:/data/app/com.mi.globalbrowser-83l05FT8MexRpjkPF3DQ5w==/base.apk!classes4.dex*937334007]{PCL[/system/framework/org.apache.http.legacy.jar*1503167394]#PCL[/system/priv-app/RtMiCloudSDK/RtMiCloudSDK.apk*3312936997]})
01-09 20:05:45.980 30031 30091 W i.globalbrowse: Found duplicate classes, falling back to extracting from APK : /data/user_de/0/com.google.android.gms/app_chimera/m/0000013a/dl-AdsFdrDynamite.integ_204204100100000.apk
01-09 20:05:45.980 30031 30091 W i.globalbrowse: NOTE: This wastes RAM and hurts startup performance.
01-09 20:05:45.980 30031 30091 W i.globalbrowse: Found duplicated class when checking oat files: 'Landroid/support/v4/media/MediaBrowserCompat$CustomActionResultReceiver;' in /data/user_de/0/com.google.android.gms/app_chimera/m/0000013a/dl-AdsFdrDynamite.integ_204204100100000.apk and /data/app/com.mi.globalbrowser-83l05FT8MexRpjkPF3DQ5w==/base.apk
01-09 20:05:45.980 30031 30091 W i.globalbrowse: 
01-09 20:05:45.982 29792 29872 V Pdc4Utils: requestServer started at  https://noteapi.micloud.xiaomi.net/mic/todo/v1/user/records/0  isGet : true
01-09 20:05:45.985 29857 29944 I DynamicDumpReceiver: Dynamic receiver registered
01-09 20:05:46.002 30031 30031 I FeatureParser: can't find begonia.xml in assets/device_features/,it may be in /system/etc/device_features
01-09 20:05:46.004 30031 30031 W i.globalbrowser: type=1400 audit(0.0:19902): avc: denied { read } for name="u:object_r:vendor_displayfeature_prop:s0" dev="tmpfs" ino=371 scontext=u:r:platform_app:s0:c512,c768 tcontext=u:object_r:vendor_displayfeature_prop:s0 tclass=file permissive=0
01-09 20:05:46.007 30031 30031 E libc    : Access denied finding property "ro.vendor.df.effect.conflict"
01-09 20:05:46.008 29857 29945 V WifiSyncManager: uploadWifi: Got 0 dirty messages from database
01-09 20:05:46.008 29857 29945 V WifiSyncManager: uploadWifi: No more dirty messages. Normal exit.
01-09 20:05:46.016 29857 29945 V WifiSyncManager: download: Start downloading...
01-09 20:05:46.021  1235  1452 I MiuiNetworkPolicy: updateUidState uid = 10157, uidState = 9
01-09 20:05:46.021  1235  1452 I MiuiNetworkPolicy: updateUidState uid = 10143, uidState = 20
01-09 20:05:46.021  1235  1452 I MiuiNetworkPolicy: updateUidState uid = 10011, uidState = 16
01-09 20:05:46.024 29857 29944 I CalSyncD:CalendarSyncer: getSyncStateData(): data of version 4.1
01-09 20:05:46.028   497   497 D Zygote  : Forked child process 30137
01-09 20:05:46.034  1235  1328 D Boost   : hostingType=service, hostingName={com.xiaomi.account/com.xiaomi.account.XiaomiAccountService}, callerPackage=com.miui.phrase, isSystem=true, isBoostNeeded=false.
01-09 20:05:46.035   496  1581 D OemNetd : setPidForPackage: packageName=com.xiaomi.account, pid=30137, pid=10143
01-09 20:05:46.036  1235  1328 I ActivityManager: Start proc 30137:com.xiaomi.account:accountservice/u0a143 for service {com.xiaomi.account/com.xiaomi.account.XiaomiAccountService} caller=com.miui.phrase
01-09 20:05:46.038 30137 30137 E :accountservic: Not starting debugger since process cannot load the jdwp agent.
01-09 20:05:46.040 29969 30064 V ActivateStatusReceiver: Updating activate info for sim 0 inserted=true status=3
01-09 20:05:46.045   582   582 I SurfaceFlinger: screenshot (control_center#0)
01-09 20:05:46.045   582   582 I SurfaceFlinger: isIncludeStatusBarAndNavBar (1)
01-09 20:05:46.045   582   582 I SurfaceFlinger: screenshot (MiuiContrastOverlay#0)
01-09 20:05:46.045   582   582 I SurfaceFlinger: isIncludeStatusBarAndNavBar (1)
01-09 20:05:46.051  1235  1315 V ActivityManager: New death recipient com.android.server.am.ActivityManagerService$AppDeathRecipient@6c90194 for thread android.os.BinderProxy@e88f43d, pid:30137,mApp:null
01-09 20:05:46.053  1521  1521 D StatusBar: onNotificationPosted key=0|com.xiaomi.simactivate.service|1001|null|10124 isUpdate=false
01-09 20:05:46.055  1235  1452 I MiuiNetworkPolicy: updateUidState uid = 10143, uidState = 9
01-09 20:05:46.056 29890 29967 V ActivateStatusReceiver: Updating activate info for sim 0 inserted=true status=3
01-09 20:05:46.071  1521  1521 D StatusBar: No peeking: unimportant notification: 0|com.xiaomi.simactivate.service|1001|null|10124
01-09 20:05:46.071 29857 29944 I CalSyncD:CalendarSyncer: getSyncStateData(): data of version 4.1
01-09 20:05:46.075  1235  1452 I MiuiNetworkPolicy: updateUidState uid = 10124, uidState = 11
01-09 20:05:46.076   496  1581 I netd    : firewallSetUidRule(2, 10124, 2) <0.03ms>
01-09 20:05:46.076 29890 29967 V ActivateStatusReceiver: Updating activate info for sim 1 inserted=false status=-1
01-09 20:05:46.077 29969 30064 V ActivateStatusReceiver: Updating activate info for sim 1 inserted=false status=-1
01-09 20:05:46.079 29857 29944 I CalSyncD:CalendarSyncer: getSyncType(): NORMAL
01-09 20:05:46.079 29857 29944 I CalSyncD:CalendarSyncer: getWaterMark(): 122404247746674945
01-09 20:05:46.085  1235  1452 I MiuiNetworkPolicy: updateUidState uid = 10124, uidState = 20
01-09 20:05:46.091  1521  1521 D StatusBar: onNotificationRemoved key=0|com.xiaomi.simactivate.service|1001|null|10124 reason=8
01-09 20:05:46.098 29890 29890 V CloudActivateStatusListener: com.miui.cloudservice.c::onActivateStatusChanged@SourceFile:1, thread:2--onActivateStatusChanged event EVENT_NONE
01-09 20:05:46.098  1521  1521 W StatusBar: removeNotification for unknown key: 0|com.xiaomi.simactivate.service|1001|null|10124
01-09 20:05:46.099  1521  1521 D StatusBar: removeNotification null
01-09 20:05:46.099 30031 30136 D Languages: parseData {"values":[{"key":"en","name":"English","showRedDot":0}],"prior":"en","miuiFirst":true,"displayStyle":0}
01-09 20:05:46.106 29233 30165 I System.out: [okhttp]:check permission begin!
01-09 20:05:46.106 29233 30165 W System  : ClassLoader referenced unknown path: system/framework/mediatek-cta.jar
01-09 20:05:46.107 29233 30165 I System.out: [okhttp] e:java.lang.ClassNotFoundException: com.mediatek.cta.CtaUtils
01-09 20:05:46.109 29969 29969 V CloudActivateStatusListener: com.miui.cloudservice.c::onActivateStatusChanged@SourceFile:1, thread:2--onActivateStatusChanged event EVENT_NONE
01-09 20:05:46.109 30031 30108 I System.out: [OkHttp] sendRequest>>
01-09 20:05:46.109 30031 30108 I System.out: [OkHttp] sendRequest<<
01-09 20:05:46.111 29969 29969 V CloudActivateStatusListener: com.miui.cloudservice.c::onActivateStatusChanged@SourceFile:1, thread:2--onActivateStatusChanged event EVENT_NONE
01-09 20:05:46.112 30031 30109 I System.out: [OkHttp] sendRequest>>
01-09 20:05:46.112 30031 30109 I System.out: [OkHttp] sendRequest<<
01-09 20:05:46.113 29890 29890 V CloudActivateStatusListener: com.miui.cloudservice.c::onActivateStatusChanged@SourceFile:1, thread:2--onActivateStatusChanged event EVENT_NONE
01-09 20:05:46.113 30031 30105 I System.out: [OkHttp] sendRequest>>
01-09 20:05:46.113 30031 30105 I System.out: [OkHttp] sendRequest<<
01-09 20:05:46.116   496 30169 E ResolverController: No valid NAT64 prefix (101, <unspecified>/0)
01-09 20:05:46.116 29857 29944 I CalSyncD:CalendarSyncer: getCalendarId(): target calendar does not exist. accountType:LOCAL, displayName:calendar_displayname_local
01-09 20:05:46.116 29857 29944 I CalSyncD:EventSyncer: hasLocalEvent(): local calendar does not exist
01-09 20:05:46.117 29233 30165 I System.out: [socket]:check permission begin!
01-09 20:05:46.117 29233 30165 W System  : ClassLoader referenced unknown path: system/framework/mediatek-cta.jar
01-09 20:05:46.118 29233 30165 I System.out: [socket] e:java.lang.ClassNotFoundException: com.mediatek.cta.CtaUtils
01-09 20:05:46.120 30031 30031 D OneTrackSdk: log on: false, quick upload on: false
01-09 20:05:46.121 29816 30168 I System.out: [okhttp]:check permission begin!
01-09 20:05:46.122 29816 30168 W System  : ClassLoader referenced unknown path: system/framework/mediatek-cta.jar
01-09 20:05:46.123   751  7025 D DrmManagerService(Native): Entering DrmManagerService::openDecryptSession 1
01-09 20:05:46.123   751  7025 D DrmManagerService(Native): isProtectedCallAllowed result[1]
01-09 20:05:46.123   751  7025 D DrmManagerService(Native): isProtectedCallAllowed2 result[1]
01-09 20:05:46.124   751  7025 D         : readBytes[8] FileHeader[]
01-09 20:05:46.125 29816 30168 I System.out: [okhttp] e:java.lang.ClassNotFoundException: com.mediatek.cta.CtaUtils
01-09 20:05:46.125 29816 30168 I System.out: [OkHttp] sendRequest>>
01-09 20:05:46.125 29816 30168 I System.out: [OkHttp] sendRequest<<
01-09 20:05:46.127 30031 30031 D OneTrackImp: OneTrackImp init : Configuration{appId='28***************39', pluginId='null', channel='null', international=true, region='GB', overrideMiuiRegionSetting=false, mode=APP, GAIDEnable=false, IMSIEnable=false, IMEIEnable=false, ExceptionCatcherEnable=false}
01-09 20:05:46.129 29857 29944 I CalSyncD:CalendarSyncer: getSyncStateData(): data of version 4.1
01-09 20:05:46.130 29857 29944 I CalSyncD:CalendarSyncer: getSyncType(): NORMAL
01-09 20:05:46.130 29857 29944 I CalSyncD:CalendarSyncer: cleanSyncTag(): START
01-09 20:05:46.133   751  7025 D DrmManagerService(Native): Entering DrmManagerService::openDecryptSession 1
01-09 20:05:46.133   751  7025 D DrmManagerService(Native): isProtectedCallAllowed result[1]
01-09 20:05:46.133   751  7025 D DrmManagerService(Native): isProtectedCallAllowed2 result[1]
01-09 20:05:46.133   751  7025 D         : readBytes[8] FileHeader[]
01-09 20:05:46.133 30031 30031 I MiCloudSDKDependencyUtil: MiCloudSDK environment: 31
01-09 20:05:46.138 28428 28492 D [GplLibraryWrapper]: stopLocationUpdates
01-09 20:05:46.139  1235  1452 I MiuiNetworkPolicy: updateUidState uid = 10426, uidState = 11
01-09 20:05:46.145 20572 20572 I ADB_SERVICES: service_to_fd shell,v2,raw:ps
01-09 20:05:46.146   582   582 I SurfaceFlinger: screenshot (control_center#0)
01-09 20:05:46.146   582   582 I SurfaceFlinger: isIncludeStatusBarAndNavBar (1)
01-09 20:05:46.146   582   582 I SurfaceFlinger: screenshot (MiuiContrastOverlay#0)
01-09 20:05:46.146   582   582 I SurfaceFlinger: isIncludeStatusBarAndNavBar (1)
01-09 20:05:46.150  1235  1452 I MiuiNetworkPolicy: updateUidState uid = 10426, uidState = 20
01-09 20:05:46.150  1235  1452 I MiuiNetworkPolicy: updateUidState uid = 10089, uidState = 20
01-09 20:05:46.151 30031 30031 D IRS.EventKeeper: start with debug false
01-09 20:05:46.151 29857 29945 I Micloud : com.xiaomi.micloudsdk.request.utils.CloudRelocationUtils::updateRequestHost@SourceFile:317, thread:7179--Original URL: http://wifiapi.micloud.xiaomi.net/mic/wifi/v3/user/full. 
01-09 20:05:46.155 30031 30180 V xiaomi  : [Thread:7276] sdk_version = 3_7_5
01-09 20:05:46.156 29857 29944 I CalSyncD:CalendarSyncer: cleanSyncTag(): nothing to clean
01-09 20:05:46.157 29857 29944 I CalSyncD:CalendarSyncer: cleanSyncTag(): FINISH
01-09 20:05:46.159 29857 29944 I CalSyncD:CalendarSyncer: uploadCalendar(): START
01-09 20:05:46.162   497   497 D Zygote  : Forked child process 30189
01-09 20:05:46.165  1235  1328 D Boost   : hostingType=content provider, hostingName={com.android.providers.partnerbookmarks/com.android.providers.partnerbookmarks.BrowserPartnerBookmarksProvider}, callerPackage=com.mi.globalbrowser, isSystem=true, isBoostNeeded=false.
01-09 20:05:46.171   496  1581 D OemNetd : setPidForPackage: packageName=com.android.providers.partnerbookmarks, pid=30189, pid=10089
01-09 20:05:46.171  1235  1328 I ActivityManager: Start proc 30189:com.android.providers.partnerbookmarks/u0a89 for content provider {com.android.providers.partnerbookmarks/com.android.providers.partnerbookmarks.BrowserPartnerBookmarksProvider} caller=com.mi.globalbrowser
01-09 20:05:46.172 30031 30195 V xiaomi  : [Thread:7284] (Local) begin execute onCommandResult, command=register, resultCode=0, reason=null
01-09 20:05:46.173 30031 30186 D MiCloudSyncAdapterBase: check_sync_error_refactor
01-09 20:05:46.173  3789  3789 W PushService: [Tid:2] onStart() with intent.Action = null, chid = null, pkg = null|com.mi.globalbrowser
01-09 20:05:46.175 30031 30186 D MiCloudSyncAdapterBase: onPerformSync: ---sync start---
01-09 20:05:46.175 30031 30186 D MiCloudSyncAdapterBase: authority: com.miui.browser.global, extras: Bundle[{}]
01-09 20:05:46.176 30031 30186 D SyncStatUtil: performSyncPhoneState: 
01-09 20:05:46.177 30189 30189 E artnerbookmark: Not starting debugger since process cannot load the jdwp agent.
01-09 20:05:46.178 30031 30195 I ASSEMBLE_PUSH: push register success, regId: a+WBMgFAUFAPn3FAcMpeIbz7ZDbdyd3mJ6vXQxaN0vv8udF0/QDFUdQMBppCvfkn
01-09 20:05:46.179 30031 30195 E ASSEMBLE_PUSH: should not register common push
01-09 20:05:46.179 30031 30195 V xiaomi  : [Thread:7284] ASSEMBLE_PUSH : assemble push register
01-09 20:05:46.179 30031 30195 V xiaomi  : [Thread:7284] receive an intent from server, action=com.xiaomi.mipush.RECEIVE_MESSAGE
01-09 20:05:46.179 30031 30195 V xiaomi  : receiving an empty message, drop
01-09 20:05:46.185 29890 29962 D OpenApiStatProvider: insert: 
01-09 20:05:46.187  1235  3850 V ActivityManager: New death recipient com.android.server.am.ActivityManagerService$AppDeathRecipient@ba4c789 for thread android.os.BinderProxy@6eae38e, pid:30189,mApp:null
01-09 20:05:46.188  3789  3789 W PushService: [Tid:2] onStart() with intent.Action = null, chid = null, pkg = null|com.mi.globalbrowser
01-09 20:05:46.191  1235  1452 I MiuiNetworkPolicy: updateUidState uid = 10089, uidState = 9
01-09 20:05:46.192 29857 29944 I CalSyncD:CalendarSyncer: uploadCalendar(): nothing to upload
01-09 20:05:46.192 29857 29944 I CalSyncD:CalendarSyncer: uploadCalendar(): FINISH
01-09 20:05:46.196 29857 29944 I CalSyncD:EventSyncer: uploadEvents(): START
01-09 20:05:46.198 29857 29945 I Micloud : com.xiaomi.micloudsdk.request.utils.CloudRelocationUtils::updateRequestHost@SourceFile:322, thread:7179--New URL: https://us.wifiapi.micloud.xiaomi.net. 
01-09 20:05:46.198 29857 29945 I Micloud : com.xiaomi.micloudsdk.request.utils.CloudRelocationUtils::updateRequestHost@SourceFile:329, thread:7179--Final URL: https://us.wifiapi.micloud.xiaomi.net/mic/wifi/v3/user/full. 
01-09 20:05:46.201 30031 30186 I SyncLogSender: Create sync log sender: file.
01-09 20:05:46.205  3789  3789 W PushService: [Tid:2] onStart() with intent.Action = com.xiaomi.mipush.SEND_MESSAGE, chid = null, pkg = null|com.mi.globalbrowser
01-09 20:05:46.206 29969 30057 I [com.miui.browser.global,30031]:SyncLog[com.miui.browser.global]: Start Sync:{authority:com.miui.browser.global, start:2021-01-09 20:05:46, extras:{micloud_force=false,force=false,ignore_backoff=false,upload=false}}
01-09 20:05:46.207  3789  4275 W PushService: [Tid:304] [Job] Handle intent action = com.xiaomi.mipush.SEND_MESSAGE
01-09 20:05:46.207  3789  4275 W PushService: [Tid:304] try send mi push message. packagename:com.mi.globalbrowser action:Notification
01-09 20:05:46.211 29857 29944 I CalSyncD:EventSyncer: uploadEvents(): start to upload events of calendar 1
01-09 20:05:46.213  3789  3789 W PushService: [Tid:2] onStart() with intent.Action = action_cr_config, chid = null, pkg = null|com.mi.globalbrowser
01-09 20:05:46.213  3789  4275 W PushService: [Tid:304] [Job] Handle intent action = action_cr_config
01-09 20:05:46.225 20572 30182 I ADB_SERVICES: post waitpid (pid=30178) status=0000
01-09 20:05:46.225 20572 20572 I ADB_SERVICES: for fd 25, revents = 2010
01-09 20:05:46.225 20572 20572 I ADB_SERVICES: for fd 25, revents = 2011
01-09 20:05:46.226   766  1549 E APEExtractor: getAPEInfo not ape 20482
01-09 20:05:46.231 30031 30186 D SyncInfoProviderBase: queryCount, uri: content://com.miui.browser.global/bookmarks
01-09 20:05:46.236 29857 29944 I CalSyncD:EventSyncer: uploadEvents(): nothing to upload in calendar 1
01-09 20:05:46.237 29857 29944 I CalSyncD:EventSyncer: uploadEvents(): FINISH
01-09 20:05:46.237 29857 29944 I CalSyncD:CalendarSyncer: downloadRecords(): START
01-09 20:05:46.239   766  1549 I SampleTable: There are reordered frames present.
01-09 20:05:46.242   769  1834 D StagefrightMetadataRetriever: setDataSource fd=11 (/storage/emulated/0/Download/IMG_7475.MOV), offset=0, length=2807628
01-09 20:05:46.246 30031 30186 D SyncInfoProviderBase: queryCount, uri: content://com.miui.browser.global/historysync
01-09 20:05:46.249 30031 30186 D SyncInfoProviderBase: queryCount, uri: content://com.miui.browser.global/bookmarks
01-09 20:05:46.251 30031 30186 D SyncInfoProviderBase: queryCount, uri: content://com.miui.browser.global/historysync
01-09 20:05:46.254 29969 30057 I [com.miui.browser.global,30031]:SyncLog[com.miui.browser.global]: Before Sync: SyncDataInfo[com.miui.browser.global]  {synced count:9, unsynced count:0, unsynced secret count:-1, unsynced wifi only count:0}
01-09 20:05:46.254 30031 30186 I MiCloudSdkBuild: MiCloudSdk version: 31
01-09 20:05:46.257 30031 30186 D MiCloudResolver: isSyncPausing: authority: com.miui.browser.global
01-09 20:05:46.258 29857 29944 I CalSyncD:CalendarSyncer: getSyncStateData(): data of version 4.1
01-09 20:05:46.259 30031 30186 D MiCloudResolver: getResumeTime: authority: com.miui.browser.global
01-09 20:05:46.259 30031 30186 D SyncContentUtils: isPauseExceptAuthority: authority: com.miui.browser.global
01-09 20:05:46.259 29857 29944 I CalSyncD:CalendarSyncer: getSyncType(): NORMAL
01-09 20:05:46.262   582   582 I SurfaceFlinger: screenshot (control_center#0)
01-09 20:05:46.262   582   582 I SurfaceFlinger: isIncludeStatusBarAndNavBar (1)
01-09 20:05:46.262   582   582 I SurfaceFlinger: screenshot (MiuiContrastOverlay#0)
01-09 20:05:46.262   582   582 I SurfaceFlinger: isIncludeStatusBarAndNavBar (1)
01-09 20:05:46.263 29890 29962 D MiCloudProvider: query sync pause except
01-09 20:05:46.267 30031 30186 E SyncContentUtils: isPauseExceptAuthority: error cursor is null or query fail, cursor is null?no
01-09 20:05:46.269 30031 30186 D SyncContentUtils: loadResumeTime: authority: com.miui.browser.global
01-09 20:05:46.270 29857 29944 I CalSyncD:CalendarSyncer: getSyncStateData(): data of version 4.1
01-09 20:05:46.270 29890 29962 D MiCloudProvider: query sync pause
01-09 20:05:46.270 29857 29944 I CalSyncD:CalendarSyncer: downloadRecords(): watermark: 0
