01-16 11:23:06.568   751   751 D DrmManagerService(Native): isProtectedCallAllowed2 result[1]
01-16 11:23:06.568   751   751 D         : readBytes[8] FileHeader[]
01-16 11:23:06.573  1521  1983 D Surface : Surface::disconnect(this=0x71b44e0000,api=1)
01-16 11:23:06.573   582   630 I BufferQueueProducer: [NavigationBar#0](this:0x72689a1000,id:15955,api:1,p:1521,c:582) disconnect(P): api 1
01-16 11:23:06.573  1521  1983 D Surface : Surface::connect(this=0x71b44e0000,api=1)
01-16 11:23:06.573  1521  1840 D QSTile.BluetoothTile: handleUpdateState: mTargetEnable = falsemController.getBluetoothState() = 10
01-16 11:23:06.574   582   630 I BufferQueueProducer: [NavigationBar#0](this:0x72689a1000,id:15955,api:1,p:1521,c:582) connect(P): api=1 producer=(1521:com.android.systemui) producerControlledByApp=false
01-16 11:23:06.574  1521  1983 D mali_winsys: EGLint new_window_surface(egl_winsys_display *, void *, EGLSurface, EGLConfig, egl_winsys_surface **, EGLBoolean) returns 0x3000
01-16 11:23:06.576  1521  1983 D Surface : Surface::setBufferCount(this=0x71b44e0000,bufferCount=3)
01-16 11:23:06.577  1521  1521 D PhoneStatusBar/NavigationBarView: onDraw
01-16 11:23:06.578  1235  1321 W ActivityTaskManager: Activity top resumed state loss timeout for ActivityRecord{e81259e u0 com.YourCompany.Proj/com.epicgames.ue4.GameActivity t-1 f}
01-16 11:23:06.590   766 14082 E APEExtractor: getAPEInfo not ape 20482
01-16 11:23:06.592   815   918 D AAL     : 01-16 11:23:06.192 BL= 356,ESS= 270, 01-16 11:23:06.291 BL= 356,ESS= 272, 01-16 11:23:06.392 BL= 356,ESS= 274, 01-16 11:23:06.492 BL= 356,ESS= 276, 01-16 11:23:06.592 BL= 356,ESS= 278, 
01-16 11:23:06.597  1521  1983 D Surface : Surface::disconnect(this=0x70ae2bb000,api=1)
01-16 11:23:06.598   582  2228 I BufferQueueProducer: [StatusBar#0](this:0x729a054000,id:3,api:1,p:1521,c:582) disconnect(P): api 1
01-16 11:23:06.598  1521  1983 D Surface : Surface::connect(this=0x70ae2bb000,api=1)
01-16 11:23:06.601   582  2228 I BufferQueueProducer: [StatusBar#0](this:0x729a054000,id:3,api:1,p:1521,c:582) connect(P): api=1 producer=(1521:com.android.systemui) producerControlledByApp=false
01-16 11:23:06.602  1521  1983 D mali_winsys: EGLint new_window_surface(egl_winsys_display *, void *, EGLSurface, EGLConfig, egl_winsys_surface **, EGLBoolean) returns 0x3000
01-16 11:23:06.602  1521  1983 D Surface : Surface::setBufferCount(this=0x70ae2bb000,bufferCount=3)
01-16 11:23:06.603   766 14082 I SampleTable: There are reordered frames present.
01-16 11:23:06.605   769  1833 D StagefrightMetadataRetriever: setDataSource fd=13 (/storage/emulated/0/Pictures/Telegram/IMG_20201105_225039_733.MOV), offset=0, length=7432206
01-16 11:23:06.608  1521  1521 D SignalClusterView: updateMobileTypeImage  0
01-16 11:23:06.609  1521  1521 D SignalClusterView: updateMobileTypeImage  0
01-16 11:23:06.612   751   751 D DrmManagerService(Native): Entering DrmManagerService::openDecryptSession 1
01-16 11:23:06.612   751   751 D DrmManagerService(Native): isProtectedCallAllowed result[0]
01-16 11:23:06.612   751   751 D DrmMtkUtil: getProcessName() : path : [/proc/28724/cmdline]
01-16 11:23:06.613   751   751 D DrmManagerService(Native): isProtectedCallAllowed2 result[1]
01-16 11:23:06.613   751   751 D         : readBytes[8] FileHeader[]
01-16 11:23:06.615   751   751 D DrmManagerService(Native): Entering DrmManagerService::openDecryptSession 1
01-16 11:23:06.615   751   751 D DrmManagerService(Native): isProtectedCallAllowed result[0]
01-16 11:23:06.615   751   751 D DrmMtkUtil: getProcessName() : path : [/proc/28724/cmdline]
01-16 11:23:06.615   751   751 D DrmManagerService(Native): isProtectedCallAllowed2 result[1]
01-16 11:23:06.615   751   751 D         : readBytes[8] FileHeader[]
01-16 11:23:06.624   766 14082 E APEExtractor: getAPEInfo not ape 20482
01-16 11:23:06.631   766 14082 I SampleTable: There are reordered frames present.
01-16 11:23:06.632  1521  1521 D EventBus: [1521, u0] send(AppTransitionFinishedEvent)
01-16 11:23:06.632  1521  1521 D EventBus: [1521, u0]  -> ForcedResizableInfoActivityController [0xe5d95f1, P1] onBusEvent(AppTransitionFinishedEvent)
01-16 11:23:06.632  1521  1521 D EventBus: [1521, u0] onBusEvent(AppTransitionFinishedEvent) duration: 20 microseconds, avg: 44
01-16 11:23:06.633  1521  1521 D EventBus: [1521, u0] send(AppTransitionFinishedEvent)
01-16 11:23:06.633  1521  1521 D EventBus: [1521, u0]  -> ForcedResizableInfoActivityController [0xe5d95f1, P1] onBusEvent(AppTransitionFinishedEvent)
01-16 11:23:06.633  1521  1521 D EventBus: [1521, u0] onBusEvent(AppTransitionFinishedEvent) duration: 8 microseconds, avg: 44
01-16 11:23:06.633  1521  1521 D NavBarTintController:  updateSamplingListener false
01-16 11:23:06.634  1521  1521 D CollapsedStatusBarFragment:  currentFragment:CollapsedStatusBarFragment{11220dd #0 id=0x7f0a0434 CollapsedStatusBarFragmentDRIP} type is: DRIP switch hidden to: false
01-16 11:23:06.640  1521  1521 D MobileSignalController: updateDataType mSelectedDataTypeIcon[0]=2131232929, mSelectedDataActivityIndex=6
01-16 11:23:06.641  1521  1521 D TelephonyIcons: getSignalStrengthIcon: slot=0, inetCondition=1, level=4, roaming=false, signalstrength=SignalStrength:{mCdma=CellSignalStrengthCdma: cdmaDbm=2147483647 cdmaEcio=2147483647 evdoDbm=2147483647 evdoEcio=2147483647 evdoSnr=2147483647 miuiLevel=0 level=0,mGsm=CellSignalStrengthGsm: rssi=2147483647 ber=2147483647 mTa=2147483647 miuiLevel=0 mLevel=0,mWcdma=CellSignalStrengthWcdma: ss=2147483647 ber=2147483647 rscp=2147483647 ecno=2147483647 miuiLevel=0 level=0,mTdscdma=CellSignalStrengthTdscdma: rssi=2147483647 ber=2147483647 rscp=2147483647 miuiLevel=0 level=0,mLte=CellSignalStrengthLte: rssi=2147483647 rsrp=-102 rsrq=-16 rssnr=-25 cqi=0 ta=0 miuiLevel=4 level=1,mNr=CellSignalStrengthNr:{ csiRsrp = 2147483647 csiRsrq = 2147483647 csiSinr = 2147483647 ssRsrp = 2147483647 ssRsrq = 2147483647 ssSinr = 2147483647 miuiLevel = 0 level = 0 },primary=CellSignalStrengthLte}, phoneId=0, mMtkLevel=-1, mMtkRsrpOnly=true, mMtkLteRsrpThreshold=null, mMtkLteRssnrThreshold=null
01-16 11:23:06.641  1521  1521 D TelephonyIcons: null signal icon name: drawable/stat_sys_signal_null
01-16 11:23:06.641  1521  1521 D TelephonyIcons: getDataTypeIcon sub=0
01-16 11:23:06.641  1521  1521 D SlaveWifiSignalController: notifyListeners: false
01-16 11:23:06.642  1521  1521 D StatusBarClock:  isNormalMode= true clock visible=true
01-16 11:23:06.642  1521  1521 D CollapsedStatusBarFragment:  currentFragment:CollapsedStatusBarFragment{27e7cb4 #1 id=0x7f0a0434 CollapsedStatusBarFragmentNONE} type is: NONE switch hidden to: true
01-16 11:23:06.643  1521  1521 V KeyguardUpdateMonitor: *** unregister callback for com.android.systemui.BatteryMeterView$1@aee326f
01-16 11:23:06.656  1521  1521 D SignalClusterView: updateMobileTypeImage  0
01-16 11:23:06.657   582   582 I BufferQueueProducer: [FramebufferSurface](this:0x7282501800,id:0,api:1,p:582,c:582) queueBuffer: fps=40.37 dur=1015.49 max=352.54 min=13.85
01-16 11:23:06.659  1521  1521 D MobileSignalController: updateDataType mSelectedDataTypeIcon[0]=2131232929, mSelectedDataActivityIndex=6
01-16 11:23:06.659  1521  1521 D TelephonyIcons: getSignalStrengthIcon: slot=0, inetCondition=1, level=4, roaming=false, signalstrength=SignalStrength:{mCdma=CellSignalStrengthCdma: cdmaDbm=2147483647 cdmaEcio=2147483647 evdoDbm=2147483647 evdoEcio=2147483647 evdoSnr=2147483647 miuiLevel=0 level=0,mGsm=CellSignalStrengthGsm: rssi=2147483647 ber=2147483647 mTa=2147483647 miuiLevel=0 mLevel=0,mWcdma=CellSignalStrengthWcdma: ss=2147483647 ber=2147483647 rscp=2147483647 ecno=2147483647 miuiLevel=0 level=0,mTdscdma=CellSignalStrengthTdscdma: rssi=2147483647 ber=2147483647 rscp=2147483647 miuiLevel=0 level=0,mLte=CellSignalStrengthLte: rssi=2147483647 rsrp=-102 rsrq=-16 rssnr=-25 cqi=0 ta=0 miuiLevel=4 level=1,mNr=CellSignalStrengthNr:{ csiRsrp = 2147483647 csiRsrq = 2147483647 csiSinr = 2147483647 ssRsrp = 2147483647 ssRsrq = 2147483647 ssSinr = 2147483647 miuiLevel = 0 level = 0 },primary=CellSignalStrengthLte}, phoneId=0, mMtkLevel=-1, mMtkRsrpOnly=true, mMtkLteRsrpThreshold=null, mMtkLteRssnrThreshold=null
01-16 11:23:06.659  1521  1521 D TelephonyIcons: null signal icon name: drawable/stat_sys_signal_null
01-16 11:23:06.660   582   582 I SurfaceFlinger: screenshot (com.vkontakte.android/com.vkontakte.android.MainActivity#0)
01-16 11:23:06.660   582   582 I SurfaceFlinger: isIncludeStatusBarAndNavBar (1)
01-16 11:23:06.660  1521  1521 D TelephonyIcons: getDataTypeIcon sub=0
01-16 11:23:06.660  1521  1521 D SignalClusterView: updateMobileTypeImage  0
01-16 11:23:06.660  1521  1521 D SlaveWifiSignalController: notifyListeners: false
01-16 11:23:06.661  1521  1521 V KeyguardUpdateMonitor: *** register callback for com.android.systemui.BatteryMeterView$1@46eb44b
01-16 11:23:06.661  1521  1521 V KeyguardUpdateMonitor: *** unregister callback for null
01-16 11:23:06.671  1521  1521 D MobileSignalController: updateDataType mSelectedDataTypeIcon[0]=2131232929, mSelectedDataActivityIndex=6
01-16 11:23:06.671  1521  1521 D TelephonyIcons: getSignalStrengthIcon: slot=0, inetCondition=1, level=4, roaming=false, signalstrength=SignalStrength:{mCdma=CellSignalStrengthCdma: cdmaDbm=2147483647 cdmaEcio=2147483647 evdoDbm=2147483647 evdoEcio=2147483647 evdoSnr=2147483647 miuiLevel=0 level=0,mGsm=CellSignalStrengthGsm: rssi=2147483647 ber=2147483647 mTa=2147483647 miuiLevel=0 mLevel=0,mWcdma=CellSignalStrengthWcdma: ss=2147483647 ber=2147483647 rscp=2147483647 ecno=2147483647 miuiLevel=0 level=0,mTdscdma=CellSignalStrengthTdscdma: rssi=2147483647 ber=2147483647 rscp=2147483647 miuiLevel=0 level=0,mLte=CellSignalStrengthLte: rssi=2147483647 rsrp=-102 rsrq=-16 rssnr=-25 cqi=0 ta=0 miuiLevel=4 level=1,mNr=CellSignalStrengthNr:{ csiRsrp = 2147483647 csiRsrq = 2147483647 csiSinr = 2147483647 ssRsrp = 2147483647 ssRsrq = 2147483647 ssSinr = 2147483647 miuiLevel = 0 level = 0 },primary=CellSignalStrengthLte}, phoneId=0, mMtkLevel=-1, mMtkRsrpOnly=true, mMtkLteRsrpThreshold=null, mMtkLteRssnrThreshold=null
01-16 11:23:06.672  1521  1521 D TelephonyIcons: null signal icon name: drawable/stat_sys_signal_null
01-16 11:23:06.672  1521  1521 D TelephonyIcons: getDataTypeIcon sub=0
01-16 11:23:06.673  1521  1521 D SlaveWifiSignalController: notifyListeners: false
01-16 11:23:06.681  1521  1521 D SignalClusterView: updateMobileTypeImage  0
01-16 11:23:06.699  1521  1521 I chatty  : uid=1000(system) com.android.systemui identical 7 lines
01-16 11:23:06.706  1521  1521 D SignalClusterView: updateMobileTypeImage  0
01-16 11:23:06.707   751   751 D DrmManagerService(Native): Entering DrmManagerService::openDecryptSession 1
01-16 11:23:06.707   751   751 D DrmManagerService(Native): isProtectedCallAllowed result[1]
01-16 11:23:06.707   751   751 D DrmManagerService(Native): isProtectedCallAllowed2 result[1]
01-16 11:23:06.708   751   751 D         : readBytes[8] FileHeader[]
01-16 11:23:06.709  1521  1521 D SignalClusterView: updateMobileTypeImage  0
01-16 11:23:06.710   751   751 D DrmManagerService(Native): Entering DrmManagerService::openDecryptSession 1
01-16 11:23:06.710   751   751 D DrmManagerService(Native): isProtectedCallAllowed result[1]
01-16 11:23:06.710   751   751 D DrmManagerService(Native): isProtectedCallAllowed2 result[1]
01-16 11:23:06.710   751   751 D         : readBytes[8] FileHeader[]
01-16 11:23:06.719  1521  1521 D PhoneStatusBarTintController: updateSamplingListener unregister 
01-16 11:23:06.719  1521  1521 D PhoneStatusBarTintController: updateSamplingListener register
01-16 11:23:06.720  1521  1521 D StatusBar: onNotificationPosted key=0|android|0|com.android.server.wm.AlertWindowNotification - com.miui.notes|1000 isUpdate=false
01-16 11:23:06.720  1521  1521 D StatusBar: filter Notification key=0|android|0|com.android.server.wm.AlertWindowNotification - com.miui.notes|1000
01-16 11:23:06.722  1521  1521 D SignalClusterView: updateMobileTypeImage  0
01-16 11:23:06.728  1521  1521 I chatty  : uid=1000(system) com.android.systemui identical 8 lines
01-16 11:23:06.728  1521  1521 D SignalClusterView: updateMobileTypeImage  0
01-16 11:23:06.728   766  1002 E APEExtractor: getAPEInfo not ape 20483
01-16 11:23:06.728  1521  1521 D SignalClusterView: updateMobileTypeImage  0
01-16 11:23:06.730  1521  1521 I chatty  : uid=1000(system) com.android.systemui identical 12 lines
01-16 11:23:06.730  1521  1521 D SignalClusterView: updateMobileTypeImage  0
01-16 11:23:06.732  1521  1521 D PhoneStatusBarTintController: updateSamplingListener unregister 
01-16 11:23:06.733  1521  1521 D PhoneStatusBarTintController: updateSamplingListener register
01-16 11:23:06.742   766  1002 I SampleTable: There are reordered frames present.
01-16 11:23:06.743   769  1015 D StagefrightMetadataRetriever: setDataSource fd=13 (/storage/emulated/0/Pictures/Telegram/IMG_20200505_194214_561.MOV), offset=0, length=9720942
01-16 11:23:06.746   751   751 D DrmManagerService(Native): Entering DrmManagerService::openDecryptSession 1
01-16 11:23:06.746   751   751 D DrmManagerService(Native): isProtectedCallAllowed result[0]
01-16 11:23:06.746   751   751 D DrmMtkUtil: getProcessName() : path : [/proc/28724/cmdline]
01-16 11:23:06.746   751   751 D DrmManagerService(Native): isProtectedCallAllowed2 result[1]
01-16 11:23:06.746   751   751 D         : readBytes[8] FileHeader[]
01-16 11:23:06.748   751   751 D DrmManagerService(Native): Entering DrmManagerService::openDecryptSession 1
01-16 11:23:06.748   751   751 D DrmManagerService(Native): isProtectedCallAllowed result[0]
01-16 11:23:06.748   751   751 D DrmMtkUtil: getProcessName() : path : [/proc/28724/cmdline]
01-16 11:23:06.748   751   751 D DrmManagerService(Native): isProtectedCallAllowed2 result[1]
01-16 11:23:06.748   751   751 D         : readBytes[8] FileHeader[]
01-16 11:23:06.764   766  1002 E APEExtractor: getAPEInfo not ape 20483
01-16 11:23:06.772   766  1002 I SampleTable: There are reordered frames present.
01-16 11:23:06.774   751   751 D DrmManagerService(Native): Entering DrmManagerService::openDecryptSession 1
01-16 11:23:06.774   751   751 D DrmManagerService(Native): isProtectedCallAllowed result[1]
01-16 11:23:06.775   751   751 D DrmManagerService(Native): isProtectedCallAllowed2 result[1]
01-16 11:23:06.775   582   582 I SurfaceFlinger: screenshot (com.vkontakte.android/com.vkontakte.android.MainActivity#0)
01-16 11:23:06.775   582   582 I SurfaceFlinger: isIncludeStatusBarAndNavBar (1)
01-16 11:23:06.776   751   751 D         : readBytes[8] FileHeader[]
01-16 11:23:06.778   751   751 D DrmManagerService(Native): Entering DrmManagerService::openDecryptSession 1
01-16 11:23:06.778   751   751 D DrmManagerService(Native): isProtectedCallAllowed result[1]
01-16 11:23:06.778   751   751 D DrmManagerService(Native): isProtectedCallAllowed2 result[1]
01-16 11:23:06.778   751   751 D         : readBytes[8] FileHeader[]
01-16 11:23:06.789   766  1002 E APEExtractor: getAPEInfo not ape 20483
01-16 11:23:06.790   516   602 I hwcomposer: [HWCDisplay] [Display_0 (type:1)] fps:57.854244,dur:1002.52,max:51.79,min:13.76  
01-16 11:23:06.799   766  1002 I SampleTable: There are reordered frames present.
01-16 11:23:06.801   769  4807 D StagefrightMetadataRetriever: setDataSource fd=13 (/storage/emulated/0/Download/IMG_3185(1).MOV), offset=0, length=9720942
01-16 11:23:06.804   751   751 D DrmManagerService(Native): Entering DrmManagerService::openDecryptSession 1
01-16 11:23:06.804   751   751 D DrmManagerService(Native): isProtectedCallAllowed result[0]
01-16 11:23:06.804   751   751 D DrmMtkUtil: getProcessName() : path : [/proc/28724/cmdline]
01-16 11:23:06.804   751   751 D DrmManagerService(Native): isProtectedCallAllowed2 result[1]
01-16 11:23:06.804   751   751 D         : readBytes[8] FileHeader[]
01-16 11:23:06.806   751   751 D DrmManagerService(Native): Entering DrmManagerService::openDecryptSession 1
01-16 11:23:06.806   751   751 D DrmManagerService(Native): isProtectedCallAllowed result[0]
01-16 11:23:06.806   751   751 D DrmMtkUtil: getProcessName() : path : [/proc/28724/cmdline]
01-16 11:23:06.806   751   751 D DrmManagerService(Native): isProtectedCallAllowed2 result[1]
01-16 11:23:06.806   751   751 D         : readBytes[8] FileHeader[]
01-16 11:23:06.817   766  1002 E APEExtractor: getAPEInfo not ape 20483
01-16 11:23:06.823   766  1002 I SampleTable: There are reordered frames present.
01-16 11:23:06.827   751   751 D DrmManagerService(Native): Entering DrmManagerService::openDecryptSession 1
01-16 11:23:06.827   751   751 D DrmManagerService(Native): isProtectedCallAllowed result[1]
01-16 11:23:06.827   751   751 D DrmManagerService(Native): isProtectedCallAllowed2 result[1]
01-16 11:23:06.828   751   751 D         : readBytes[8] FileHeader[]
01-16 11:23:06.830   751   751 D DrmManagerService(Native): Entering DrmManagerService::openDecryptSession 1
01-16 11:23:06.830   751   751 D DrmManagerService(Native): isProtectedCallAllowed result[1]
01-16 11:23:06.830   751   751 D DrmManagerService(Native): isProtectedCallAllowed2 result[1]
01-16 11:23:06.830   751   751 D         : readBytes[8] FileHeader[]
01-16 11:23:06.839   766  1002 E APEExtractor: getAPEInfo not ape 20484
01-16 11:23:06.847   766  1002 I SampleTable: There are reordered frames present.
01-16 11:23:06.848   769  4807 D StagefrightMetadataRetriever: setDataSource fd=13 (/storage/emulated/0/Pictures/Telegram/IMG_20200505_194010_345.MOV), offset=0, length=9738784
01-16 11:23:06.851   751   751 D DrmManagerService(Native): Entering DrmManagerService::openDecryptSession 1
01-16 11:23:06.851   751   751 D DrmManagerService(Native): isProtectedCallAllowed result[0]
01-16 11:23:06.851   751   751 D DrmMtkUtil: getProcessName() : path : [/proc/28724/cmdline]
01-16 11:23:06.851   751   751 D DrmManagerService(Native): isProtectedCallAllowed2 result[1]
01-16 11:23:06.851   751   751 D         : readBytes[8] FileHeader[]
01-16 11:23:06.853   751   751 D DrmManagerService(Native): Entering DrmManagerService::openDecryptSession 1
01-16 11:23:06.853   751   751 D DrmManagerService(Native): isProtectedCallAllowed result[0]
01-16 11:23:06.853   751   751 D DrmMtkUtil: getProcessName() : path : [/proc/28724/cmdline]
01-16 11:23:06.853   751   751 D DrmManagerService(Native): isProtectedCallAllowed2 result[1]
01-16 11:23:06.853   751   751 D         : readBytes[8] FileHeader[]
01-16 11:23:06.858   582  2228 I BufferQueueProducer: [StatusBar#0](this:0x729a054000,id:3,api:1,p:1521,c:582) queueBuffer: fps=25.82 dur=1006.82 max=172.77 min=8.52
01-16 11:23:06.861   766  1002 E APEExtractor: getAPEInfo not ape 20484
01-16 11:23:06.868   766  1002 I SampleTable: There are reordered frames present.
01-16 11:23:06.872   751   751 D DrmManagerService(Native): Entering DrmManagerService::openDecryptSession 1
01-16 11:23:06.872   751   751 D DrmManagerService(Native): isProtectedCallAllowed result[1]
01-16 11:23:06.872   751   751 D DrmManagerService(Native): isProtectedCallAllowed2 result[1]
01-16 11:23:06.873   751   751 D         : readBytes[8] FileHeader[]
01-16 11:23:06.875   582   582 I SurfaceFlinger: screenshot (com.vkontakte.android/com.vkontakte.android.MainActivity#0)
01-16 11:23:06.875   582   582 I SurfaceFlinger: isIncludeStatusBarAndNavBar (1)
01-16 11:23:06.876   751   751 D DrmManagerService(Native): Entering DrmManagerService::openDecryptSession 1
01-16 11:23:06.876   751   751 D DrmManagerService(Native): isProtectedCallAllowed result[1]
01-16 11:23:06.876   751   751 D DrmManagerService(Native): isProtectedCallAllowed2 result[1]
01-16 11:23:06.876   751   751 D         : readBytes[8] FileHeader[]
01-16 11:23:06.884  1235  1322 I PowerHalWrapper: <setRotation> do boost with 0ms 
01-16 11:23:06.885   538   597 I libPowerHal: 35: cpu_ctrl set freq: -1 -1 -1 -1
01-16 11:23:06.888   766  1002 E APEExtractor: getAPEInfo not ape 20484
01-16 11:23:06.896   766  1002 I SampleTable: There are reordered frames present.
01-16 11:23:06.897   769 12111 D StagefrightMetadataRetriever: setDataSource fd=13 (/storage/emulated/0/Download/IMG_3185.MOV), offset=0, length=9738784
01-16 11:23:06.900   582   582 I BufferQueue: [ScreenshotSurface#0](this:0x7279837000,id:15972,api:2,p:-1,c:-1) ~BufferQueueCore
01-16 11:23:06.900   582   582 D RefBase : RefBase: Explicit destruction, weak count = 0 (in 0x7279838458)
01-16 11:23:06.900   582   582 W RefBase : CallStack::getCurrentInternal not linked, returning null
01-16 11:23:06.900   582   582 W RefBase : CallStack::logStackInternal not linked
01-16 11:23:06.901   751   751 D DrmManagerService(Native): Entering DrmManagerService::openDecryptSession 1
01-16 11:23:06.901   751   751 D DrmManagerService(Native): isProtectedCallAllowed result[0]
01-16 11:23:06.901   751   751 D DrmMtkUtil: getProcessName() : path : [/proc/28724/cmdline]
01-16 11:23:06.901   751   751 D DrmManagerService(Native): isProtectedCallAllowed2 result[1]
01-16 11:23:06.901   751   751 D         : readBytes[8] FileHeader[]
01-16 11:23:06.903   751   751 D DrmManagerService(Native): Entering DrmManagerService::openDecryptSession 1
01-16 11:23:06.903   751   751 D DrmManagerService(Native): isProtectedCallAllowed result[0]
01-16 11:23:06.903   751   751 D DrmMtkUtil: getProcessName() : path : [/proc/28724/cmdline]
01-16 11:23:06.903   751   751 D DrmManagerService(Native): isProtectedCallAllowed2 result[1]
01-16 11:23:06.903   751   751 D         : readBytes[8] FileHeader[]
01-16 11:23:06.914   766  1002 E APEExtractor: getAPEInfo not ape 20484
01-16 11:23:06.924   766  1002 I SampleTable: There are reordered frames present.
01-16 11:23:06.984   582   582 I SurfaceFlinger: screenshot (com.vkontakte.android/com.vkontakte.android.MainActivity#0)
01-16 11:23:06.984   582   582 I SurfaceFlinger: isIncludeStatusBarAndNavBar (1)
01-16 11:23:07.002 28724 28737 I ontakte.androi: Background young concurrent copying GC freed 223567(12MB) AllocSpace objects, 46(1328KB) LOS objects, 12% free, 92MB/105MB, paused 300us total 101.845ms
01-16 11:23:07.009   815   918 D AAL     : 01-16 11:23:06.677 BL= 356,ESS= 280, 01-16 11:23:06.725 BL= 356,ESS= 278, 01-16 11:23:06.809 BL= 356,ESS= 276, 01-16 11:23:06.908 BL= 356,ESS= 274, 01-16 11:23:07.009 BL= 356,ESS= 272, 
01-16 11:23:07.016  8026 31332 D IdProviderImpl: getOAID
01-16 11:23:07.021  8054  9736 D IdProviderImpl: getOAID
01-16 11:23:07.105   582   582 I SurfaceFlinger: screenshot (com.vkontakte.android/com.vkontakte.android.MainActivity#0)
01-16 11:23:07.105   582   582 I SurfaceFlinger: isIncludeStatusBarAndNavBar (1)
01-16 11:23:07.142   516   679 I hwcomposer: [DPY] receive refesh frquest from driver: type[4]  
01-16 11:23:07.142   516   679 I hwcomposer: [HWC] fire a callback of refresh to SF  
01-16 11:23:07.218   582   582 I SurfaceFlinger: screenshot (com.vkontakte.android/com.vkontakte.android.MainActivity#0)
01-16 11:23:07.218   582   582 I SurfaceFlinger: isIncludeStatusBarAndNavBar (1)
01-16 11:23:07.318   582   582 I SurfaceFlinger: screenshot (com.vkontakte.android/com.vkontakte.android.MainActivity#0)
01-16 11:23:07.318   582   582 I SurfaceFlinger: isIncludeStatusBarAndNavBar (1)
01-16 11:23:07.322 18318 18318 I ADB_SERVICES: service_to_fd shell,v2,raw:ps
01-16 11:23:07.362  1235  1428 W InputDispatcher: [TouchInput][reader] notifyMotion - eventTime=282197255693000, deviceId=3, source=0x1002, policyFlags=0x0, action=0x0, flags=0x0, downTime=282197255693000, moveCount:0
01-16 11:23:07.363  1235  1427 W InputDispatcher: [TouchInput][dispatcher] findTouchedWindow Result=0, targetChannel '5a71bed NavigationBar (server)'
01-16 11:23:07.363  1235  1427 W InputDispatcher: [TouchInput][dispatcher] findTouchedWindow Result=0, targetChannel 'd7afe98 StatusBar (server)'
01-16 11:23:07.363  1235  1427 W InputDispatcher: [TouchInput][dispatcher] findTouchedWindow Result=0, targetChannel '83adad3 com.vkontakte.android/com.vkontakte.android.MainActivity (server)'
01-16 11:23:07.363 28724 28724 D ViewRootImpl: [TouchInput][ViewRootImpl] MotionEvent { action=ACTION_DOWN, id[0]=0, pointerCount=1, eventTime=282197255, downTime=282197255 } moveCount:0
01-16 11:23:07.364   582   625 I BufferQueueProducer: [Sprite#5](this:0x727c4b1800,id:2163,api:2,p:1235,c:582) queueBuffer: fps=0.60 dur=1677.86 max=1677.86 min=1677.86
01-16 11:23:07.412 18318  1613 I ADB_SERVICES: post waitpid (pid=1612) status=0000
01-16 11:23:07.412 18318 18318 I ADB_SERVICES: for fd 24, revents = 2010
01-16 11:23:07.412 18318 18318 I ADB_SERVICES: for fd 24, revents = 2011
01-16 11:23:07.438   582   582 I SurfaceFlinger: screenshot (com.vkontakte.android/com.vkontakte.android.MainActivity#0)
01-16 11:23:07.438   582   582 I SurfaceFlinger: isIncludeStatusBarAndNavBar (1)
01-16 11:23:07.462  1235  1428 W InputDispatcher: [TouchInput][reader] notifyMotion - eventTime=282197354847000, deviceId=3, source=0x1002, policyFlags=0x0, action=0x1, flags=0x0, downTime=282197255693000, moveCount:0
01-16 11:23:07.462  1235  1427 W InputDispatcher: [TouchInput][dispatcher] findTouchedWindow Result=0, targetChannel '83adad3 com.vkontakte.android/com.vkontakte.android.MainActivity (server)'
01-16 11:23:07.463 28724 28724 D ViewRootImpl: [TouchInput][ViewRootImpl] MotionEvent { action=ACTION_UP, id[0]=0, pointerCount=1, eventTime=282197354, downTime=282197255 } moveCount:0
01-16 11:23:07.470 22920 22920 I GoogleInputMethodService: GoogleInputMethodService.onStartInputView():2031 
01-16 11:23:07.474 22920 22920 I KeyboardViewUtil: KeyboardViewUtil.getKeyboardHeightRatio():175 systemKeyboardHeightRatio:1.000000; userKeyboardHeightRatio:1.000000.
01-16 11:23:07.474 22920 22920 I LatinIme: LatinIme.initialize():431 initialize() : Language = ru
01-16 11:23:07.476 22920 22920 I Delight5Facilitator: Delight5Facilitator.initializeForIme():599 initializeForIme() : Locale = [ru], layout = russian
01-16 11:23:07.477 22920 22920 I AndroidIME: AbstractIme.onActivate():84 LatinIme.onActivate() : EditorInfo = Package = com.vkontakte.android : Type = Text : Learning = Enable : Suggestion = Show : AutoCorrection = Enable : Microphone = Show : NoPersonalizedLearning = Disable : AutoStartVoiceInput = Disable, IncognitoMode = false
01-16 11:23:07.477 22920 22920 I VoiceInputManagerWrapper: VoiceInputManagerWrapper.cancelShutdown():54 cancelShutdown()
01-16 11:23:07.477 22920 22920 I VoiceInputManagerWrapper: VoiceInputManagerWrapper.syncLanguagePacks():66 syncLanguagePacks()
01-16 11:23:07.477 22920 22920 I LatinIme: LatinIme.updateEnableInlineSuggestionsOnDecoderSideFlags():1239 inline flag updated to:false
01-16 11:23:07.477 22920 24355 I SpeechFactory: SpeechRecognitionFactory.maybeScheduleAutoPackDownloadForFallback():160 maybeScheduleAutoPackDownloadForFallback()
01-16 11:23:07.477 22920 24355 I FallbackOnDeviceRecognitionProvider: FallbackOnDeviceRecognitionProvider.maybeScheduleAutoPackDownload():196 maybeScheduleAutoPackDownload() for language tag ru-RU
01-16 11:23:07.479 22920 22920 I KeyboardWrapper: KeyboardWrapper.consumeEvent():281 Skip consuming an event as current keyboard is deactivated (state=0, keyboard existence=false)
01-16 11:23:07.480 22920 22920 I KeyboardManager: KeyboardManager.requestKeyboard():152 Creating keyboard prime, imeId=ime_russian, cacheKey=theme_stylesheet_materialdark
01-16 11:23:07.481 22920 22920 W KeyboardModeManager: KeyboardModeManager.setInputView():303 setInputView() : inputView = com.google.android.apps.inputmethod.libs.framework.core.InputView{e39666e V.E...... ......I. 0,0-0,0}
01-16 11:23:07.481 22920 22920 I AndroidIME: KeyboardViewManager.updateKeyboardBackgroundFrameVisibility():406 Set background frame visibility. old:8, new:8
01-16 11:23:07.481 22920 22920 I NormalModeController: NormalModeController.getKeyboardBodyViewHolderPaddingBottom():112 currentPrimeKeyboardType:SOFT systemPaddingBottom:-1
01-16 11:23:07.481 22920 22920 I GoogleInputMethodService: GoogleInputMethodService$10.getInputViewCoverNavigationHeight():3247 Returns default 0 as the coverNavigationHeight while extendsTouchBelowSpace=false decorViewWindowInsets=WindowInsets{systemWindowInsets=Insets{left=0, top=0, right=0, bottom=104} stableInsets=Insets{left=0, top=0, right=0, bottom=104} sysGestureInsets=Insets{left=0, top=0, right=0, bottom=104}}
01-16 11:23:07.481 22920 22920 I chatty  : uid=10148(com.google.android.inputmethod.latin) identical 4 lines
01-16 11:23:07.481 22920 22920 I GoogleInputMethodService: GoogleInputMethodService$10.getInputViewCoverNavigationHeight():3247 Returns default 0 as the coverNavigationHeight while extendsTouchBelowSpace=false decorViewWindowInsets=WindowInsets{systemWindowInsets=Insets{left=0, top=0, right=0, bottom=104} stableInsets=Insets{left=0, top=0, right=0, bottom=104} sysGestureInsets=Insets{left=0, top=0, right=0, bottom=104}}
01-16 11:23:07.481 22920 22920 W KeyboardModeManager: KeyboardModeManager.reloadOrientationAwareData():456 reloadOrientationAwareData() : orientation = 1
01-16 11:23:07.481 22920 22920 I NormalModeController: NormalModeController.getKeyboardBodyViewHolderPaddingBottom():112 currentPrimeKeyboardType:SOFT systemPaddingBottom:-1
01-16 11:23:07.482 22920 22920 I GoogleInputMethodService: GoogleInputMethodService$10.getInputViewCoverNavigationHeight():3247 Returns default 0 as the coverNavigationHeight while extendsTouchBelowSpace=false decorViewWindowInsets=WindowInsets{systemWindowInsets=Insets{left=0, top=0, right=0, bottom=104} stableInsets=Insets{left=0, top=0, right=0, bottom=104} sysGestureInsets=Insets{left=0, top=0, right=0, bottom=104}}
01-16 11:23:07.484 22920 22920 I GoogleInputMethodService: GoogleInputMethodService$10.getInputViewCoverNavigationHeight():3247 Returns default 0 as the coverNavigationHeight while extendsTouchBelowSpace=false decorViewWindowInsets=WindowInsets{systemWindowInsets=Insets{left=0, top=0, right=0, bottom=104} stableInsets=Insets{left=0, top=0, right=0, bottom=104} sysGestureInsets=Insets{left=0, top=0, right=0, bottom=104}}
01-16 11:23:07.485 22920 22920 I KeyboardViewUtil: KeyboardViewUtil.getKeyboardHeightRatio():175 systemKeyboardHeightRatio:1.000000; userKeyboardHeightRatio:1.000000.
01-16 11:23:07.485 22920 22920 W AndroidIME: KeyboardViewManager.initializeViews():440 initializeViews() : keyboard full width = -1; root view width = 1080; measured keyboard height = 2264
01-16 11:23:07.486 22920 22920 I AndroidIME: KeyboardViewManager.updateKeyboardHeaderViewWidth():907 keyboard header ratio:1.000000 body ratio:1.000000
01-16 11:23:07.486 22920 22920 I AndroidIME: KeyboardViewManager.updateKeyboardHeaderViewWidth():907 keyboard header ratio:1.000000 body ratio:1.000000
01-16 11:23:07.486 22920 22920 I GoogleInputMethodService: GoogleInputMethodService$10.getInputViewCoverNavigationHeight():3247 Returns default 0 as the coverNavigationHeight while extendsTouchBelowSpace=false decorViewWindowInsets=WindowInsets{systemWindowInsets=Insets{left=0, top=0, right=0, bottom=104} stableInsets=Insets{left=0, top=0, right=0, bottom=104} sysGestureInsets=Insets{left=0, top=0, right=0, bottom=104}}
01-16 11:23:07.486 22920 22920 I chatty  : uid=10148(com.google.android.inputmethod.latin) identical 4 lines
01-16 11:23:07.486 22920 22920 I GoogleInputMethodService: GoogleInputMethodService$10.getInputViewCoverNavigationHeight():3247 Returns default 0 as the coverNavigationHeight while extendsTouchBelowSpace=false decorViewWindowInsets=WindowInsets{systemWindowInsets=Insets{left=0, top=0, right=0, bottom=104} stableInsets=Insets{left=0, top=0, right=0, bottom=104} sysGestureInsets=Insets{left=0, top=0, right=0, bottom=104}}
01-16 11:23:07.489 22920 22920 I VoiceImeExtension: VoiceImeExtension.shouldStartVoiceInputAutomatically():342 No private IME option set to start voice input.
01-16 11:23:07.490 22920 22920 V PhoneWindow: DecorView setVisiblity: visibility = 0, Parent = android.view.ViewRootImpl@d7b38e3, this = DecorView@b5e92e0[InputMethod]
01-16 11:23:07.492  1235  2847 I WindowManager: Relayout Window{966f7e3 u0 InputMethod}: oldVis=8 newVis=0 focusMayChange = true
01-16 11:23:07.492   582   625 I BufferQueue: [unnamed-582-15974](this:0x729a055800,id:15974,api:0,p:-1,c:-1) BufferQueue core=(582:/system/bin/surfaceflinger)
01-16 11:23:07.493   582   625 I BufferQueueConsumer: [unnamed-582-15974](this:0x729a055800,id:15974,api:0,p:-1,c:582) connect(C): consumer=(582:/system/bin/surfaceflinger) controlledByApp=false
01-16 11:23:07.493   582   625 I BufferQueueConsumer: [unnamed-582-15971](this:0x729a055800,id:15974,api:0,p:-1,c:582) setConsumerName: unnamed-582-15971
01-16 11:23:07.493   582   625 I BufferQueueConsumer: [InputMethod#0](this:0x729a055800,id:15974,api:0,p:-1,c:582) setConsumerName: InputMethod#0
01-16 11:23:07.493   582   625 I BufferQueueConsumer: [InputMethod#0](this:0x729a055800,id:15974,api:0,p:-1,c:582) setDefaultBufferSize: width=1080 height=2264
01-16 11:23:07.499 22920 22920 E GraphicExt: GraphicExtModuleLoader::CreateGraphicExtInstance false
01-16 11:23:07.499 22920 24375 D Surface : Surface::connect(this=0x708d2b9000,api=1)
01-16 11:23:07.500   582  2228 I BufferQueueProducer: [InputMethod#0](this:0x729a055800,id:15974,api:1,p:22920,c:582) connect(P): api=1 producer=(22920:com.google.android.inputmethod.latin) producerControlledByApp=false
01-16 11:23:07.500 22920 24375 D mali_winsys: EGLint new_window_surface(egl_winsys_display *, void *, EGLSurface, EGLConfig, egl_winsys_surface **, EGLBoolean) returns 0x3000
01-16 11:23:07.501 22920 24375 D Surface : Surface::setBufferCount(this=0x708d2b9000,bufferCount=3)
01-16 11:23:07.509   815   918 D AAL     : 01-16 11:23:07.108 BL= 356,ESS= 270, 01-16 11:23:07.208 BL= 356,ESS= 268, 01-16 11:23:07.308 BL= 356,ESS= 266, 01-16 11:23:07.409 BL= 356,ESS= 264, 01-16 11:23:07.509 BL= 356,ESS= 262, 
01-16 11:23:07.524   582   625 I BufferQueueProducer: [com.vkontakte.android/com.vkontakte.android.MainActivity#0](this:0x727c6dc000,id:15973,api:1,p:28724,c:582) queueBuffer: fps=33.33 dur=1050.05 max=227.39 min=7.34
01-16 11:23:07.554   582   582 I SurfaceFlinger: screenshot (com.vkontakte.android/com.vkontakte.android.MainActivity#0)
01-16 11:23:07.554   582   582 I SurfaceFlinger: isIncludeStatusBarAndNavBar (1)
01-16 11:23:07.565 22920 22920 I KeyboardViewHelper: KeyboardViewHelper.getView():174 Get view with height ratio:1.000000; experiment height ratio:1.000000.
01-16 11:23:07.589 22920 22920 I KeyboardViewUtil: KeyboardViewUtil.calculateMaxKeyboardBodyHeight():66 leave 297 height for app when screen height:2236, header height:97 and isFullscreenMode:false, so the max keyboard body height is:1842
01-16 11:23:07.589 22920 22920 I SoftKeyboardView: SoftKeyboardView.setMaxHeight():663 Set max keyboard height:1842.
01-16 11:23:07.596 22920 22961 I Delight5Decoder: Delight5DecoderWrapper.handleMessage():1824 handleMessage(): UPDATE_KEYBOARD_LAYOUT
01-16 11:23:07.596 22920 22920 I KeyboardViewUtil: KeyboardViewUtil.calculateMaxKeyboardBodyHeight():66 leave 297 height for app when screen height:2236, header height:97 and isFullscreenMode:false, so the max keyboard body height is:1842
01-16 11:23:07.608 22920 22920 I AndroidIME: KeyboardViewManager.updateKeyboardBackgroundFrameVisibility():406 Set background frame visibility. old:8, new:8
01-16 11:23:07.608 22920 22920 I AndroidIME: KeyboardViewManager.getInputViewBottomGapFromScreen():370 get inputViewBottomGapFromScreen = 104 from keyboard size helper.
01-16 11:23:07.608 22920 22961 I Delight5Decoder: Delight5DecoderWrapper.handleMessage():1824 handleMessage(): UPDATE_KEYBOARD_LAYOUT
01-16 11:23:07.609 22920 22920 I AndroidIME: KeyboardViewManager.saveKeyboardBottomGap():332 realScreenHeight: 0 screenHeightInInches: 5.939086
01-16 11:23:07.609 22920 22920 I AndroidIME: keyboardHolderHeight: 621 inputViewBottomGapFromScreen: 104
01-16 11:23:07.609 22920 22920 I AndroidIME: getKeyboardBodyViewHolderPaddingBottom(): 0 getKeyboardBottomGapFromScreen(): 0
01-16 11:23:07.609 22920 22920 I AndroidIME: keyboardBottomGap: 104 bodyViewHolderBottomPadding: 0
01-16 11:23:07.609 22920 22920 I AndroidIME: decorViewStableInsetBottom: 104 updated: false
01-16 11:23:07.610  1235  2879 I WindowManager: input method visible height changed 621
01-16 11:23:07.611 22920 22920 D SurfaceView: UPDATE null, mIsCastMode = false
01-16 11:23:07.619 22920 22920 I GoogleInputMethodService: GoogleInputMethodService$10.getInputViewCoverNavigationHeight():3247 Returns default 0 as the coverNavigationHeight while extendsTouchBelowSpace=false decorViewWindowInsets=WindowInsets{systemWindowInsets=Insets{left=0, top=0, right=0, bottom=104} stableInsets=Insets{left=0, top=0, right=0, bottom=104} sysGestureInsets=Insets{left=0, top=0, right=0, bottom=104}}
01-16 11:23:07.619 22920 22920 I GoogleInputMethodService: GoogleInputMethodService$10.getInputViewCoverNavigationHeight():3247 Returns default 0 as the coverNavigationHeight while extendsTouchBelowSpace=false decorViewWindowInsets=WindowInsets{systemWindowInsets=Insets{left=0, top=0, right=0, bottom=104} stableInsets=Insets{left=0, top=0, right=0, bottom=104} sysGestureInsets=Insets{left=0, top=0, right=0, bottom=104}}
01-16 11:23:07.619 22920 22920 I AndroidIME: KeyboardViewManager.getInputViewBottomGapFromScreen():370 get inputViewBottomGapFromScreen = 104 from keyboard size helper.
01-16 11:23:07.619 22920 22920 I GoogleInputMethodService: GoogleInputMethodService$10.getInputViewCoverNavigationHeight():3247 Returns default 0 as the coverNavigationHeight while extendsTouchBelowSpace=false decorViewWindowInsets=WindowInsets{systemWindowInsets=Insets{left=0, top=0, right=0, bottom=104} stableInsets=Insets{left=0, top=0, right=0, bottom=104} sysGestureInsets=Insets{left=0, top=0, right=0, bottom=104}}
01-16 11:23:07.620 22920 22920 I AndroidIME: KeyboardViewManager.updateKeyboardBodyViewHolderPaddingBottom():589 Set finalPaddingBottom = 0 while keyboardBottomGapFromScreen = 0; inputViewBottomGapFromScreen = 104 inputViewCoverNavigationHeight=0
01-16 11:23:07.620 22920 22920 I GoogleInputMethodService: GoogleInputMethodService$10.getInputViewCoverNavigationHeight():3247 Returns default 0 as the coverNavigationHeight while extendsTouchBelowSpace=false decorViewWindowInsets=WindowInsets{systemWindowInsets=Insets{left=0, top=0, right=0, bottom=104} stableInsets=Insets{left=0, top=0, right=0, bottom=104} sysGestureInsets=Insets{left=0, top=0, right=0, bottom=104}}
01-16 11:23:07.620 22920 22920 I chatty  : uid=10148(com.google.android.inputmethod.latin) identical 2 lines
01-16 11:23:07.620 22920 22920 I GoogleInputMethodService: GoogleInputMethodService$10.getInputViewCoverNavigationHeight():3247 Returns default 0 as the coverNavigationHeight while extendsTouchBelowSpace=false decorViewWindowInsets=WindowInsets{systemWindowInsets=Insets{left=0, top=0, right=0, bottom=104} stableInsets=Insets{left=0, top=0, right=0, bottom=104} sysGestureInsets=Insets{left=0, top=0, right=0, bottom=104}}
01-16 11:23:07.637 28724 28724 W View    : requestLayout() improperly called by com.vkontakte.android.ui.WriteBar{e955d1d V.E...... ......I. 0,0-1080,308 #7f0a1598 app:id/write_bar aid=1073745411} during layout: running second layout pass
01-16 11:23:07.655   582   582 I SurfaceFlinger: screenshot (com.vkontakte.android/com.vkontakte.android.MainActivity#0)
01-16 11:23:07.655   582   582 I SurfaceFlinger: isIncludeStatusBarAndNavBar (1)
01-16 11:23:07.748 32692   468 I WorkerManager: dispose()
01-16 11:23:07.770   582   582 I SurfaceFlinger: screenshot (com.vkontakte.android/com.vkontakte.android.MainActivity#0)
01-16 11:23:07.770   582   582 I SurfaceFlinger: isIncludeStatusBarAndNavBar (1)
01-16 11:23:07.802   516   602 I hwcomposer: [HWCDisplay] [Display_0 (type:1)] fps:49.421600,dur:1011.70,max:122.21,min:12.62  
01-16 11:23:07.889   582   582 I SurfaceFlinger: screenshot (com.vkontakte.android/com.vkontakte.android.MainActivity#0)
01-16 11:23:07.889   582   582 I SurfaceFlinger: isIncludeStatusBarAndNavBar (1)
01-16 11:23:07.937  1235  1428 W InputDispatcher: [TouchInput][reader] notifyMotion - eventTime=282197830799000, deviceId=3, source=0x1002, policyFlags=0x0, action=0x0, flags=0x0, downTime=282197830799000, moveCount:0
01-16 11:23:07.938  1235  1427 W InputDispatcher: [TouchInput][dispatcher] findTouchedWindow Result=0, targetChannel '5a71bed NavigationBar (server)'
01-16 11:23:07.938  1235  1427 W InputDispatcher: [TouchInput][dispatcher] findTouchedWindow Result=0, targetChannel 'd7afe98 StatusBar (server)'
01-16 11:23:07.938  1235  1427 W InputDispatcher: [TouchInput][dispatcher] findTouchedWindow Result=0, targetChannel '966f7e3 InputMethod (server)'
01-16 11:23:07.938 22920 22920 D ViewRootImpl: [TouchInput][ViewRootImpl] MotionEvent { action=ACTION_DOWN, id[0]=0, pointerCount=1, eventTime=282197830, downTime=282197830 } moveCount:0
01-16 11:23:08.005   582   582 I SurfaceFlinger: screenshot (com.vkontakte.android/com.vkontakte.android.MainActivity#0)
01-16 11:23:08.005   582   582 I SurfaceFlinger: isIncludeStatusBarAndNavBar (1)
01-16 11:23:08.028  1235  1428 W InputDispatcher: [TouchInput][reader] notifyMotion - eventTime=282197921387000, deviceId=3, source=0x1002, policyFlags=0x0, action=0x1, flags=0x0, downTime=282197830799000, moveCount:0
01-16 11:23:08.028  1235  1427 W InputDispatcher: [TouchInput][dispatcher] findTouchedWindow Result=0, targetChannel '966f7e3 InputMethod (server)'
01-16 11:23:08.028 22920 22920 D ViewRootImpl: [TouchInput][ViewRootImpl] MotionEvent { action=ACTION_UP, id[0]=0, pointerCount=1, eventTime=282197921, downTime=282197830 } moveCount:0
01-16 11:23:08.029 22920 23449 I TiresiasImpl: TiresiasImpl.resetSession():1323 resetSession(): Reset failed, no active session.
01-16 11:23:08.089 22920 22920 I InlineSuggestionCandidateViewController: InlineSuggestionCandidateViewController.textCandidatesUpdated():693 Not showing inline suggestion tooltip v2; has candidates
01-16 11:23:08.120   582   582 I SurfaceFlinger: screenshot (com.vkontakte.android/com.vkontakte.android.MainActivity#0)
01-16 11:23:08.120   582   582 I SurfaceFlinger: isIncludeStatusBarAndNavBar (1)
01-16 11:23:08.137  1235  1428 W InputDispatcher: [TouchInput][reader] notifyMotion - eventTime=282198030763000, deviceId=3, source=0x1002, policyFlags=0x0, action=0x0, flags=0x0, downTime=282198030763000, moveCount:0
01-16 11:23:08.137  1235  1427 W InputDispatcher: [TouchInput][dispatcher] findTouchedWindow Result=0, targetChannel '5a71bed NavigationBar (server)'
01-16 11:23:08.137  1235  1427 W InputDispatcher: [TouchInput][dispatcher] findTouchedWindow Result=0, targetChannel 'd7afe98 StatusBar (server)'
01-16 11:23:08.137  1235  1427 W InputDispatcher: [TouchInput][dispatcher] findTouchedWindow Result=0, targetChannel '966f7e3 InputMethod (server)'
01-16 11:23:08.138 22920 22920 D ViewRootImpl: [TouchInput][ViewRootImpl] MotionEvent { action=ACTION_DOWN, id[0]=0, pointerCount=1, eventTime=282198030, downTime=282198030 } moveCount:0
01-16 11:23:08.138   582   630 I BufferQueueProducer: [Sprite#6](this:0x727d0a7000,id:2164,api:2,p:1235,c:582) queueBuffer: fps=0.39 dur=2590.52 max=2590.52 min=2590.52
01-16 11:23:08.138 22920 22920 W native  : unicodetext.cc:222 UTF-8 buffer is not interchange-valid.Stack trace:
01-16 11:23:08.138 22920 22920 W native  : 
01-16 11:23:08.203  1235  1428 W InputDispatcher: [TouchInput][reader] notifyMotion - eventTime=282198096526000, deviceId=3, source=0x1002, policyFlags=0x0, action=0x1, flags=0x0, downTime=282198030763000, moveCount:0
01-16 11:23:08.203  1235  1427 W InputDispatcher: [TouchInput][dispatcher] findTouchedWindow Result=0, targetChannel '966f7e3 InputMethod (server)'
01-16 11:23:08.203 22920 22920 D ViewRootImpl: [TouchInput][ViewRootImpl] MotionEvent { action=ACTION_UP, id[0]=0, pointerCount=1, eventTime=282198096, downTime=282198030 } moveCount:0
01-16 11:23:08.204 22920 23449 I TiresiasImpl: TiresiasImpl.resetSession():1323 resetSession(): Reset failed, no active session.
01-16 11:23:08.218 22920 22920 I InlineSuggestionCandidateViewController: InlineSuggestionCandidateViewController.textCandidatesUpdated():693 Not showing inline suggestion tooltip v2; has candidates
01-16 11:23:08.220   582   582 I SurfaceFlinger: screenshot (com.vkontakte.android/com.vkontakte.android.MainActivity#0)
01-16 11:23:08.220   582   582 I SurfaceFlinger: isIncludeStatusBarAndNavBar (1)
01-16 11:23:08.321   582   582 I SurfaceFlinger: screenshot (com.vkontakte.android/com.vkontakte.android.MainActivity#0)
01-16 11:23:08.321   582   582 I SurfaceFlinger: isIncludeStatusBarAndNavBar (1)
01-16 11:23:08.354  1235  1428 W InputDispatcher: [TouchInput][reader] notifyMotion - eventTime=282198247471000, deviceId=3, source=0x1002, policyFlags=0x0, action=0x0, flags=0x0, downTime=282198247471000, moveCount:0
01-16 11:23:08.354  1235  1427 W InputDispatcher: [TouchInput][dispatcher] findTouchedWindow Result=0, targetChannel '5a71bed NavigationBar (server)'
01-16 11:23:08.354  1235  1427 W InputDispatcher: [TouchInput][dispatcher] findTouchedWindow Result=0, targetChannel 'd7afe98 StatusBar (server)'
01-16 11:23:08.354  1235  1427 W InputDispatcher: [TouchInput][dispatcher] findTouchedWindow Result=0, targetChannel '966f7e3 InputMethod (server)'
01-16 11:23:08.354 22920 22920 D ViewRootImpl: [TouchInput][ViewRootImpl] MotionEvent { action=ACTION_DOWN, id[0]=0, pointerCount=1, eventTime=282198247, downTime=282198247 } moveCount:0
01-16 11:23:08.428  1235  1428 W InputDispatcher: [TouchInput][reader] notifyMotion - eventTime=282198321692000, deviceId=3, source=0x1002, policyFlags=0x0, action=0x1, flags=0x0, downTime=282198247471000, moveCount:0
01-16 11:23:08.428  1235  1427 W InputDispatcher: [TouchInput][dispatcher] findTouchedWindow Result=0, targetChannel '966f7e3 InputMethod (server)'
01-16 11:23:08.428 22920 22920 D ViewRootImpl: [TouchInput][ViewRootImpl] MotionEvent { action=ACTION_UP, id[0]=0, pointerCount=1, eventTime=282198321, downTime=282198247 } moveCount:0
01-16 11:23:08.429 22920 23449 I TiresiasImpl: TiresiasImpl.resetSession():1323 resetSession(): Reset failed, no active session.
01-16 11:23:08.438   582   582 I SurfaceFlinger: screenshot (com.vkontakte.android/com.vkontakte.android.MainActivity#0)
01-16 11:23:08.438   582   582 I SurfaceFlinger: isIncludeStatusBarAndNavBar (1)
01-16 11:23:08.444 22920 22920 I InlineSuggestionCandidateViewController: InlineSuggestionCandidateViewController.textCandidatesUpdated():693 Not showing inline suggestion tooltip v2; has candidates
01-16 11:23:08.506 18318  1616 I ADB_SERVICES: post waitpid (pid=1615) status=0000
01-16 11:23:08.506 18318 18318 I ADB_SERVICES: for fd 24, revents = 2011
01-16 11:23:08.506 18318 18318 I ADB_SERVICES: for fd 24, revents = 2011
01-16 11:23:08.555   582   582 I SurfaceFlinger: screenshot (com.vkontakte.android/com.vkontakte.android.MainActivity#0)
01-16 11:23:08.555   582   582 I SurfaceFlinger: isIncludeStatusBarAndNavBar (1)
01-16 11:23:08.570  1235  1428 W InputDispatcher: [TouchInput][reader] notifyMotion - eventTime=282198464085000, deviceId=3, source=0x1002, policyFlags=0x0, action=0x0, flags=0x0, downTime=282198464085000, moveCount:0
01-16 11:23:08.570  1235  1427 W InputDispatcher: [TouchInput][dispatcher] findTouchedWindow Result=0, targetChannel '5a71bed NavigationBar (server)'
01-16 11:23:08.570  1235  1427 W InputDispatcher: [TouchInput][dispatcher] findTouchedWindow Result=0, targetChannel 'd7afe98 StatusBar (server)'
01-16 11:23:08.570  1235  1427 W InputDispatcher: [TouchInput][dispatcher] findTouchedWindow Result=0, targetChannel '966f7e3 InputMethod (server)'
01-16 11:23:08.571 22920 22920 D ViewRootImpl: [TouchInput][ViewRootImpl] MotionEvent { action=ACTION_DOWN, id[0]=0, pointerCount=1, eventTime=282198464, downTime=282198464 } moveCount:0
