01-15 17:20:02.225 24625 24938 E QQQQ    : queue-workaround-3: 0 / 1
01-15 17:20:02.225 24625 24938 E QQQQ    : queue-workaround-5
01-15 17:20:02.225 24625 24938 E QQQQ    : queue-workaround-6
01-15 17:20:02.225 24625 24938 E QQQQ    : queue-workaround-9
01-15 17:20:02.298   582   582 I SurfaceFlinger: screenshot (Letterbox - left#2)
01-15 17:20:02.298   582   582 I SurfaceFlinger: isIncludeStatusBarAndNavBar (1)
01-15 17:20:02.298   582   582 I SurfaceFlinger: screenshot (Background for -SurfaceView - com.YourCompany.Proj/com.epicgames.ue4.GameActivity#0)
01-15 17:20:02.298   582   582 I SurfaceFlinger: isIncludeStatusBarAndNavBar (1)
01-15 17:20:02.298   582   582 I SurfaceFlinger: screenshot (SurfaceView - com.YourCompany.Proj/com.epicgames.ue4.GameActivity#0)
01-15 17:20:02.298   582   582 I SurfaceFlinger: isIncludeStatusBarAndNavBar (1)
01-15 17:20:02.298   582   582 I SurfaceFlinger: screenshot (com.YourCompany.Proj/com.epicgames.ue4.GameActivity#1)
01-15 17:20:02.298   582   582 I SurfaceFlinger: isIncludeStatusBarAndNavBar (1)
01-15 17:20:02.380  1235  1428 W InputDispatcher: [TouchInput][reader] notifyMotion - eventTime=251611548818000, deviceId=3, source=0x1002, policyFlags=0x0, action=0x0, flags=0x0, downTime=251611548818000, moveCount:0
01-15 17:20:02.381  1235  1427 W InputDispatcher: [TouchInput][dispatcher] findTouchedWindow Result=0, targetChannel 'c9fb434 com.YourCompany.Proj/com.epicgames.ue4.GameActivity (server)'
01-15 17:20:02.381   582  2187 I BufferQueueProducer: [Sprite#1](this:0x727c4ce800,id:1566,api:2,p:1235,c:582) queueBuffer: fps=0.08 dur=12268.78 max=12268.78 min=12268.78
01-15 17:20:02.382  1235  1337 V DisplayPowerController: Brightness [394] reason changing to: 'automatic', previous reason: 'automatic [ dim ]'.
01-15 17:20:02.382 27991 27991 D ViewRootImpl: [TouchInput][ViewRootImpl] MotionEvent { action=ACTION_DOWN, id[0]=0, pointerCount=1, eventTime=251611548, downTime=251611548 } moveCount:0
01-15 17:20:02.383 27991 28031 D UE4     : [2021.01.15-14.20.02:383][  0]LogAndroid: Mobile HDR: YES
01-15 17:20:02.383 27991 28031 D UE4     : [2021.01.15-14.20.02:383][  0]LogAndroidWindowUtils: Setting Width=1504 and Height=720 (requested scale = 1.000000)
01-15 17:20:02.386   519   519 D lights  : write_int open fd=7
01-15 17:20:02.388   516   682 W hwcomposer: [OVL] (0) No overlay input queue(3)  
01-15 17:20:02.389   516   682 I hwcomposer: [DBQ] (q2:0x7a6063e600) Buffer queue is created with size(3)  
01-15 17:20:02.389   516   682 I hwcomposer: [DBQ] (q2:0x7a6063e600) setConsumerListener  
01-15 17:20:02.389   516   682 I hwcomposer: [DBQ] (q2:0x7a6063e600) Reallocate Slot(0), pool(0 -> 0) size(0 -> 10108800)  
01-15 17:20:02.401   815   918 D AAL     : onBacklightChanged: 20/1023 -> 25/1023(phy:50/4095)
01-15 17:20:02.402   519   519 D lights  : write_int open fd=7
01-15 17:20:02.414   582   582 I SurfaceFlinger: screenshot (Letterbox - left#2)
01-15 17:20:02.414   582   582 I SurfaceFlinger: isIncludeStatusBarAndNavBar (1)
01-15 17:20:02.414   582   582 I SurfaceFlinger: screenshot (Background for -SurfaceView - com.YourCompany.Proj/com.epicgames.ue4.GameActivity#0)
01-15 17:20:02.414   582   582 I SurfaceFlinger: isIncludeStatusBarAndNavBar (1)
01-15 17:20:02.414   582   582 I SurfaceFlinger: screenshot (SurfaceView - com.YourCompany.Proj/com.epicgames.ue4.GameActivity#0)
01-15 17:20:02.414   582   582 I SurfaceFlinger: isIncludeStatusBarAndNavBar (1)
01-15 17:20:02.414   582   582 I SurfaceFlinger: screenshot (com.YourCompany.Proj/com.epicgames.ue4.GameActivity#1)
01-15 17:20:02.414   582   582 I SurfaceFlinger: isIncludeStatusBarAndNavBar (1)
01-15 17:20:02.414   582   582 I SurfaceFlinger: screenshot (Sprite#1)
01-15 17:20:02.415   582   582 I SurfaceFlinger: isIncludeStatusBarAndNavBar (1)
01-15 17:20:02.418   815   918 D AAL     : onBacklightChanged: 25/1023 -> 66/1023(phy:132/4095)
01-15 17:20:02.419   519   519 D lights  : write_int open fd=7
01-15 17:20:02.421   516   682 I hwcomposer: [DBQ] (q2:0x7a6063e600) Reallocate Slot(1), pool(0 -> 0) size(0 -> 10108800)  
01-15 17:20:02.434   815   918 D AAL     : onBacklightChanged: 66/1023 -> 107/1023(phy:214/4095)
01-15 17:20:02.435   519   519 D lights  : write_int open fd=7
01-15 17:20:02.435   815   918 D AAL     : 01-15 05:20:02.235 BL=  19,ESS= 272, 01-15 05:20:02.334 BL=  19,ESS= 274, 01-15 05:20:02.402 BL=  23,ESS= 274, 01-15 05:20:02.419 BL=  62,ESS= 274, 01-15 05:20:02.435 BL= 100,ESS= 276, 
01-15 17:20:02.437   516   682 I hwcomposer: [DBQ] (q2:0x7a6063e600) Reallocate Slot(2), pool(0 -> 0) size(0 -> 10108800)  
01-15 17:20:02.441   496  1100 D OemNetd : setLimit: disable, rate=0
01-15 17:20:02.451   815   918 D AAL     : onBacklightChanged: 107/1023 -> 148/1023(phy:296/4095)
01-15 17:20:02.453   519   519 D lights  : write_int open fd=7
01-15 17:20:02.465  1521  1521 D PhoneStatusBar/NavigationBarView: setDisabledFlags back:false home:false recent:false
01-15 17:20:02.468   815   918 D AAL     : onBacklightChanged: 148/1023 -> 189/1023(phy:378/4095)
01-15 17:20:02.469  1521  1521 D PhoneStatusBar/NavigationBarView: onDraw
01-15 17:20:02.470   519   519 D lights  : write_int open fd=7
01-15 17:20:02.475   582   630 I BufferQueueProducer: [StatusBar#0](this:0x729a054000,id:3,api:1,p:1521,c:582) queueBuffer: fps=9.31 dur=3008.88 max=2442.20 min=7.65
01-15 17:20:02.476  1235  3735 D PerfShielderService: com.android.systemui|StatusBar|458|251608844105535|250|0|6
01-15 17:20:02.477  2688  2935 W MiuiPerfServiceClient: interceptAndQueuing:1521|com.android.systemui|458|250|unknown|null|StatusBar|251608844105535|Slow main thread|6
01-15 17:20:02.479   582  2228 I BufferQueueProducer: [NavigationBar#0](this:0x727c65c000,id:14190,api:1,p:1521,c:582) queueBuffer: fps=0.67 dur=3000.69 max=2925.39 min=75.31
01-15 17:20:02.484   815   918 D AAL     : onBacklightChanged: 189/1023 -> 230/1023(phy:460/4095)
01-15 17:20:02.485  1521  1521 D PhoneStatusBar/NavigationBarView: onDraw
01-15 17:20:02.486   519   519 D lights  : write_int open fd=7
01-15 17:20:02.486  1521  1521 D StatusBar: disable<e i a s b h r c s > disable2<q i n g r >
01-15 17:20:02.486  1521  1521 D StatusBarClock:  isNormalMode= true clock visible=true
01-15 17:20:02.501   815   918 D AAL     : onBacklightChanged: 230/1023 -> 271/1023(phy:542/4095)
01-15 17:20:02.502  1521  1521 D PhoneStatusBar/NavigationBarView: onDraw
01-15 17:20:02.503   519   519 D lights  : write_int open fd=7
01-15 17:20:02.518   815   918 D AAL     : onBacklightChanged: 271/1023 -> 313/1023(phy:626/4095)
01-15 17:20:02.519  1521  1521 D PhoneStatusBar/NavigationBarView: onDraw
01-15 17:20:02.519   815   918 D AAL     : 01-15 05:20:02.452 BL= 139,ESS= 276, 01-15 05:20:02.469 BL= 177,ESS= 276, 01-15 05:20:02.486 BL= 215,ESS= 276, 01-15 05:20:02.503 BL= 254,ESS= 276, 01-15 05:20:02.519 BL= 293,ESS= 276, 
01-15 17:20:02.520   519   519 D lights  : write_int open fd=7
01-15 17:20:02.522   516   682 W hwcomposer: [OVL] (0) No overlay input queue(5)  
01-15 17:20:02.522   516   682 I hwcomposer: [DBQ] (q2:0x7a60640700) Buffer queue is created with size(3)  
01-15 17:20:02.522   516   682 I hwcomposer: [DBQ] (q2:0x7a60640700) setConsumerListener  
01-15 17:20:02.522   516   682 I hwcomposer: [DBQ] (q2:0x7a60640700) Reallocate Slot(0), pool(0 -> 0) size(0 -> 10108800)  
01-15 17:20:02.523   582   582 I SurfaceFlinger: screenshot (Letterbox - left#2)
01-15 17:20:02.523   582   582 I SurfaceFlinger: isIncludeStatusBarAndNavBar (1)
01-15 17:20:02.523   582   582 I SurfaceFlinger: screenshot (Background for -SurfaceView - com.YourCompany.Proj/com.epicgames.ue4.GameActivity#0)
01-15 17:20:02.523   582   582 I SurfaceFlinger: isIncludeStatusBarAndNavBar (1)
01-15 17:20:02.523   582   582 I SurfaceFlinger: screenshot (SurfaceView - com.YourCompany.Proj/com.epicgames.ue4.GameActivity#0)
01-15 17:20:02.523   582   582 I SurfaceFlinger: isIncludeStatusBarAndNavBar (1)
01-15 17:20:02.523   582   582 I SurfaceFlinger: screenshot (com.YourCompany.Proj/com.epicgames.ue4.GameActivity#1)
01-15 17:20:02.523   582   582 I SurfaceFlinger: isIncludeStatusBarAndNavBar (1)
01-15 17:20:02.528   516   682 I hwcomposer: [OVL] (0) Overlay input(3) was used with queue previously  
01-15 17:20:02.528   516   682 I hwcomposer: [DBQ] (q2:0x7a6063e600) Buffer queue is destroyed  
01-15 17:20:02.528   516   682 I hwcomposer: [DBQ] (q2:0x7a6063e600) Free Slot(0), handle=0x7a60655dc0, 10108800 -> 0  
01-15 17:20:02.528   516   682 I hwcomposer: [DBQ] (q2:0x7a6063e600) Free Slot(1), handle=0x7a60655f00, 10108800 -> 0  
01-15 17:20:02.529   516   682 I hwcomposer: [DBQ] (q2:0x7a6063e600) Free Slot(2), handle=0x7a606558c0, 10108800 -> 0  
01-15 17:20:02.534   815   918 D AAL     : onBacklightChanged: 313/1023 -> 354/1023(phy:708/4095)
01-15 17:20:02.535  1521  1521 D PhoneStatusBar/NavigationBarView: onDraw
01-15 17:20:02.537   519   519 D lights  : write_int open fd=7
01-15 17:20:02.538   516   682 I hwcomposer: [DBQ] (q2:0x7a60640700) Reallocate Slot(1), pool(0 -> 0) size(0 -> 10108800)  
01-15 17:20:02.551   815   918 D AAL     : onBacklightChanged: 354/1023 -> 394/1023(phy:788/4095)
01-15 17:20:02.552  1521  1521 D PhoneStatusBar/NavigationBarView: onDraw
01-15 17:20:02.554   516   682 I hwcomposer: [DBQ] (q2:0x7a60640700) Reallocate Slot(2), pool(0 -> 0) size(0 -> 10108800)  
01-15 17:20:02.555  1235  1428 W InputDispatcher: [TouchInput][reader] notifyMotion - eventTime=251611723118000, deviceId=3, source=0x1002, policyFlags=0x0, action=0x1, flags=0x0, downTime=251611548818000, moveCount:15
01-15 17:20:02.555  1235  1427 W InputDispatcher: [TouchInput][dispatcher] findTouchedWindow Result=0, targetChannel 'c9fb434 com.YourCompany.Proj/com.epicgames.ue4.GameActivity (server)'
01-15 17:20:02.555 27991 27991 D ViewRootImpl: [TouchInput][ViewRootImpl] MotionEvent { action=ACTION_UP, id[0]=0, pointerCount=1, eventTime=251611723, downTime=251611548 } moveCount:8
01-15 17:20:02.568  1521  1521 D PhoneStatusBar/NavigationBarView: onDraw
01-15 17:20:02.601  1521  1521 I chatty  : uid=1000(system) com.android.systemui identical 2 lines
01-15 17:20:02.618  1521  1521 D PhoneStatusBar/NavigationBarView: onDraw
01-15 17:20:02.619   815   918 D AAL     : 01-15 05:20:02.536 BL= 331,ESS= 278, 01-15 05:20:02.552 BL= 368,ESS= 278, 01-15 05:20:02.569 BL= 367,ESS= 278, 01-15 05:20:02.602 BL= 366,ESS= 278, 01-15 05:20:02.619 BL= 366,ESS= 280, 
01-15 17:20:02.635  1521  1521 D PhoneStatusBar/NavigationBarView: onDraw
01-15 17:20:02.638   582   582 I SurfaceFlinger: screenshot (Letterbox - left#2)
01-15 17:20:02.638   582   582 I SurfaceFlinger: isIncludeStatusBarAndNavBar (1)
01-15 17:20:02.638   582   582 I SurfaceFlinger: screenshot (Background for -SurfaceView - com.YourCompany.Proj/com.epicgames.ue4.GameActivity#0)
01-15 17:20:02.638   582   582 I SurfaceFlinger: isIncludeStatusBarAndNavBar (1)
01-15 17:20:02.638   582   582 I SurfaceFlinger: screenshot (SurfaceView - com.YourCompany.Proj/com.epicgames.ue4.GameActivity#0)
01-15 17:20:02.638   582   582 I SurfaceFlinger: isIncludeStatusBarAndNavBar (1)
01-15 17:20:02.638   582   582 I SurfaceFlinger: screenshot (com.YourCompany.Proj/com.epicgames.ue4.GameActivity#1)
01-15 17:20:02.638   582   582 I SurfaceFlinger: isIncludeStatusBarAndNavBar (1)
01-15 17:20:02.651  1521  1521 D PhoneStatusBar/NavigationBarView: onDraw
01-15 17:20:02.668  1521  1521 D PhoneStatusBar/NavigationBarView: onDraw
01-15 17:20:02.702  1235  1454 E WifiVendorHal: getWifiLinkLayerStats_1_3_Internal(l.927) failed {.code = ERROR_NOT_SUPPORTED, .description = }
01-15 17:20:02.706  1235  1461 D SlaveWifiManager: getWifiSlaveConnectionInfo
01-15 17:20:02.707  1235  1453 D SlaveWifiService: Slave message handler : 155633
01-15 17:20:02.707  1235  1461 D SlaveWifiManager: getWifiSlaveConnectionInfo
01-15 17:20:02.707  1235  1453 D SlaveWifiService: Slave message handler : 155633
01-15 17:20:02.714 27991 28012 V UE4     : [NetworkChangedManager] Network Capabilities changed, has Internet: true
01-15 17:20:02.715  1521  1521 D SignalClusterView: updateMobileTypeImage  0
01-15 17:20:02.715  1521  1521 I chatty  : uid=1000(system) com.android.systemui identical 3 lines
01-15 17:20:02.716  1521  1521 D SignalClusterView: updateMobileTypeImage  0
01-15 17:20:02.717 27991 28148 V UE4     : [NetworkChangedManager] Verifying internet connection with host: https://example.com/
01-15 17:20:02.719 27991 28148 I System.out: [okhttp]:check permission begin!
01-15 17:20:02.719 27991 28148 W System  : ClassLoader referenced unknown path: system/framework/mediatek-cta.jar
01-15 17:20:02.720 27991 28148 I System.out: [okhttp] e:java.lang.ClassNotFoundException: com.mediatek.cta.CtaUtils
01-15 17:20:02.722 27991 28148 I System.out: [OkHttp] sendRequest>>
01-15 17:20:02.722 27991 28148 I System.out: [OkHttp] sendRequest<<
01-15 17:20:02.722  1521  1521 D SignalClusterView: updateMobileTypeImage  0
01-15 17:20:02.723 19922 19972 I CarrierServices: [11147] csk.onConnectivityChange: FiST: Wifi connectivity status true
01-15 17:20:02.724  1521  1521 D SignalClusterView: updateMobileTypeImage  0
01-15 17:20:02.725  1521  1521 I chatty  : uid=1000(system) com.android.systemui identical 1 line
01-15 17:20:02.725  1521  1521 D SignalClusterView: updateMobileTypeImage  0
01-15 17:20:02.726 19922 20013 I CarrierServices: [11171] dag.c: (PEv2-SM): DisabledState: event Connectivity event [null]
01-15 17:20:02.727 19922 19972 I CarrierServices: [11147] ctc.d: Connected state: [1], networkType: [WIFI]
01-15 17:20:02.728 19922 20015 I CarrierServices: [11173] dfx.d: RCS Configuration storage in Bugle is disabled by p/h flag, using ProvisioningEngineStateCacheUtil.getProvisioningConfigurationForGivenSim()
01-15 17:20:02.739   582   582 I SurfaceFlinger: screenshot (Letterbox - left#2)
01-15 17:20:02.739   582   582 I SurfaceFlinger: isIncludeStatusBarAndNavBar (1)
01-15 17:20:02.739   582   582 I SurfaceFlinger: screenshot (Background for -SurfaceView - com.YourCompany.Proj/com.epicgames.ue4.GameActivity#0)
01-15 17:20:02.739   582   582 I SurfaceFlinger: isIncludeStatusBarAndNavBar (1)
01-15 17:20:02.739   582   582 I SurfaceFlinger: screenshot (SurfaceView - com.YourCompany.Proj/com.epicgames.ue4.GameActivity#0)
01-15 17:20:02.739   582   582 I SurfaceFlinger: isIncludeStatusBarAndNavBar (1)
01-15 17:20:02.739   582   582 I SurfaceFlinger: screenshot (com.YourCompany.Proj/com.epicgames.ue4.GameActivity#1)
01-15 17:20:02.739   582   582 I SurfaceFlinger: isIncludeStatusBarAndNavBar (1)
01-15 17:20:02.786   815   918 D AAL     : 01-15 05:20:02.653 BL= 365,ESS= 280, 01-15 05:20:02.702 BL= 364,ESS= 280, 01-15 05:20:02.719 BL= 364,ESS= 282, 01-15 05:20:02.736 BL= 363,ESS= 282, 01-15 05:20:02.786 BL= 362,ESS= 282, 
01-15 17:20:02.787   516   682 I hwcomposer: [DBQ] (q2:0x7a60640700) Buffer queue is destroyed  
01-15 17:20:02.787   516   682 I hwcomposer: [DBQ] (q2:0x7a60640700) Free Slot(0), handle=0x7a60656400, 10108800 -> 0  
01-15 17:20:02.787   516   682 I hwcomposer: [DBQ] (q2:0x7a60640700) Free Slot(1), handle=0x7a60657080, 10108800 -> 0  
01-15 17:20:02.787   516   682 I hwcomposer: [DBQ] (q2:0x7a60640700) Free Slot(2), handle=0x7a60655500, 10108800 -> 0  
01-15 17:20:02.863 27991 28148 V UE4     : [NetworkChangedManager] Connectivity hasn't changed. Current state: CONNECTION_AVAILABLE
01-15 17:20:02.863 27991 28148 V UE4     : [NetworkChangedManager] Full network check complete. State: CONNECTION_AVAILABLE
01-15 17:20:02.865   582   582 I SurfaceFlinger: screenshot (Letterbox - left#2)
01-15 17:20:02.865   582   582 I SurfaceFlinger: isIncludeStatusBarAndNavBar (1)
01-15 17:20:02.865   582   582 I SurfaceFlinger: screenshot (Background for -SurfaceView - com.YourCompany.Proj/com.epicgames.ue4.GameActivity#0)
01-15 17:20:02.865   582   582 I SurfaceFlinger: isIncludeStatusBarAndNavBar (1)
01-15 17:20:02.865   582   582 I SurfaceFlinger: screenshot (SurfaceView - com.YourCompany.Proj/com.epicgames.ue4.GameActivity#0)
01-15 17:20:02.865   582   582 I SurfaceFlinger: isIncludeStatusBarAndNavBar (1)
01-15 17:20:02.865   582   582 I SurfaceFlinger: screenshot (com.YourCompany.Proj/com.epicgames.ue4.GameActivity#1)
01-15 17:20:02.865   582   582 I SurfaceFlinger: isIncludeStatusBarAndNavBar (1)
01-15 17:20:02.879 27991 28030 D UE4     : [2021.01.15-14.20.02:879][  0]LogUdpMessaging: Initializing bridge on interface 0.0.0.0:0 to multicast group 230.0.0.1:6666.
01-15 17:20:02.930  1235  1428 W InputDispatcher: [TouchInput][reader] notifyMotion - eventTime=251612098976000, deviceId=3, source=0x1002, policyFlags=0x0, action=0x0, flags=0x0, downTime=251612098976000, moveCount:0
01-15 17:20:02.931  1235  1427 W InputDispatcher: [TouchInput][dispatcher] findTouchedWindow Result=0, targetChannel '5a71bed NavigationBar (server)'
01-15 17:20:02.931  1235  1427 W InputDispatcher: [TouchInput][dispatcher] findTouchedWindow Result=0, targetChannel 'd7afe98 StatusBar (server)'
01-15 17:20:02.931  1521  1521 D ViewRootImpl: [TouchInput][ViewRootImpl] MotionEvent { action=ACTION_DOWN, id[0]=0, pointerCount=1, eventTime=251612098, downTime=251612098 } moveCount:0
01-15 17:20:02.936  1521  1521 D ControllerPanelWindowView: dispatchTouchEvent
01-15 17:20:02.936  1521  1521 D systemui_boost: control center panel visible = true;ui thread tid=1521;render thread tid=1983
01-15 17:20:02.936  1521  1521 D systemui_boost: ui thread old priority=0
01-15 17:20:02.936  1521  1521 D systemui_boost: render thread old priority=0
01-15 17:20:02.936  1521  1521 D systemui_boost: thread tid=1521, priority is set to -20
01-15 17:20:02.936  1521  1521 D systemui_boost: thread tid=1983, priority is set to -20
01-15 17:20:02.936  1521  1521 D systemui_boost: ui thread and render thread are boosted
01-15 17:20:02.936  1521  1521 D ControlPanelWindowManager: onExpandChange: true
01-15 17:20:02.937  1235  2870 W ActivityManager: Sending non-protected broadcast com.android.systemui.fsgesture from system 1521:com.android.systemui/1000 pkg com.android.systemui. Callers=
01-15 17:20:02.937  1235  2870 W ActivityManager: Sending non-protected broadcast com.android.systemui.fsgesture from system 1521:com.android.systemui/1000 pkg com.android.systemui. Callers=
01-15 17:20:02.937  1521  1521 D ControllerPanelWindowView: onInterceptTouchEvent :true
01-15 17:20:02.937  1521  1521 D ControllerPanelWindowView: onTouchEvent start, 0
01-15 17:20:02.938   516   602 I hwcomposer: [HWCDisplay] [Display_0 (type:1)] fps:29.512846,dur:1050.39,max:272.17,min:11.20  
01-15 17:20:02.938   516   682 W hwcomposer: [OVL] (0) No overlay input queue(5)  
01-15 17:20:02.939   516   682 I hwcomposer: [DBQ] (q2:0x7a60640700) Buffer queue is created with size(3)  
01-15 17:20:02.939   516   682 I hwcomposer: [DBQ] (q2:0x7a60640700) setConsumerListener  
01-15 17:20:02.939   516   682 I hwcomposer: [DBQ] (q2:0x7a60640700) Reallocate Slot(0), pool(0 -> 0) size(0 -> 10108800)  
01-15 17:20:02.939  1235  2870 I WindowManager: Relayout Window{3dd173 u0 control_center}: oldVis=8 newVis=0 focusMayChange = true
01-15 17:20:02.939   582   630 I BufferQueue: [unnamed-582-14199](this:0x72685fd800,id:14199,api:0,p:-1,c:-1) BufferQueue core=(582:/system/bin/surfaceflinger)
01-15 17:20:02.939   582   630 I BufferQueueConsumer: [unnamed-582-14199](this:0x72685fd800,id:14199,api:0,p:-1,c:582) connect(C): consumer=(582:/system/bin/surfaceflinger) controlledByApp=false
01-15 17:20:02.939   582   630 I BufferQueueConsumer: [unnamed-582-14196](this:0x72685fd800,id:14199,api:0,p:-1,c:582) setConsumerName: unnamed-582-14196
01-15 17:20:02.939   582   630 I BufferQueueConsumer: [control_center#0](this:0x72685fd800,id:14199,api:0,p:-1,c:582) setConsumerName: control_center#0
01-15 17:20:02.939   582   630 I BufferQueueConsumer: [control_center#0](this:0x72685fd800,id:14199,api:0,p:-1,c:582) setDefaultBufferSize: width=1080 height=2340
01-15 17:20:02.941   582  2228 I BufferQueueConsumer: [control_center#0](this:0x72685fd800,id:14199,api:0,p:-1,c:582) setDefaultBufferSize: width=2340 height=1080
01-15 17:20:02.944  1521  1521 E GraphicExt: GraphicExtModuleLoader::CreateGraphicExtInstance false
01-15 17:20:02.945  1521  1521 D QSControlCenterTileLayout: onConfigurationChanged orientation=1  newConfig.orientation=2
01-15 17:20:02.945  1521  1521 D QSControlCenterTileLayout: updateWidth orientation=2
01-15 17:20:02.946  1521  1521 D ControllerPanelWindowView: onApplyWindowInsets: 
01-15 17:20:02.946  1521  1983 D Surface : Surface::connect(this=0x704aea2000,api=1)
01-15 17:20:02.947   582   630 I BufferQueueProducer: [control_center#0](this:0x72685fd800,id:14199,api:1,p:1521,c:582) connect(P): api=1 producer=(1521:com.android.systemui) producerControlledByApp=false
01-15 17:20:02.947  1521  1983 D mali_winsys: EGLint new_window_surface(egl_winsys_display *, void *, EGLSurface, EGLConfig, egl_winsys_surface **, EGLBoolean) returns 0x3000
01-15 17:20:02.947  1521  1983 D Surface : Surface::setBufferCount(this=0x704aea2000,bufferCount=3)
01-15 17:20:02.948  1521  1983 D Surface : Surface::allocateBuffers(this=0x704aea2000)
01-15 17:20:02.948  1521  1521 D QSControlCenterTileLayout: onMeasure height:1147  showLines:5
01-15 17:20:02.950  1521  1521 D SignalClusterView: updateMobileTypeImage  0
01-15 17:20:02.952   815   918 D AAL     : 01-15 05:20:02.819 BL= 361,ESS= 284, 01-15 05:20:02.869 BL= 360,ESS= 284, 01-15 05:20:02.902 BL= 359,ESS= 284, 01-15 05:20:02.919 BL= 359,ESS= 286, 01-15 05:20:02.952 BL= 358,ESS= 286, 
01-15 17:20:02.954   516   682 I hwcomposer: [DBQ] (q2:0x7a60640700) Reallocate Slot(1), pool(0 -> 0) size(0 -> 10108800)  
01-15 17:20:02.956  1235  2870 I ActivityManager: Killing 27228:com.miui.hybrid/u0a269 (adj 985): empty #17
01-15 17:20:02.957  1235  1329 I libprocessgroup: Successfully killed process cgroup uid 10269 pid 27228 in 0ms
01-15 17:20:02.959  1235  1452 I MiuiNetworkPolicy: updateUidState uid = 10005, uidState = 20
01-15 17:20:02.959 27991 28129 I AudioTrack: isLongTimeZoreData zoer date time 1 Seconds
01-15 17:20:02.971   516   682 I hwcomposer: [DBQ] (q2:0x7a60640700) Reallocate Slot(2), pool(0 -> 0) size(0 -> 10108800)  
01-15 17:20:02.971  1521  1521 D StatusBar: disable<e i a s b h r c s > disable2<q i n g r >
01-15 17:20:02.971  1521  1521 D StatusBarClock:  isNormalMode= true clock visible=true
01-15 17:20:02.972   582   582 I SurfaceFlinger: screenshot (Letterbox - left#2)
01-15 17:20:02.972   582   582 I SurfaceFlinger: isIncludeStatusBarAndNavBar (1)
01-15 17:20:02.972   582   582 I SurfaceFlinger: screenshot (Background for -SurfaceView - com.YourCompany.Proj/com.epicgames.ue4.GameActivity#0)
01-15 17:20:02.972   582   582 I SurfaceFlinger: isIncludeStatusBarAndNavBar (1)
01-15 17:20:02.972   582   582 I SurfaceFlinger: screenshot (SurfaceView - com.YourCompany.Proj/com.epicgames.ue4.GameActivity#0)
01-15 17:20:02.972   582   582 I SurfaceFlinger: isIncludeStatusBarAndNavBar (1)
01-15 17:20:02.972   582   582 I SurfaceFlinger: screenshot (com.YourCompany.Proj/com.epicgames.ue4.GameActivity#1)
01-15 17:20:02.972   582   582 I SurfaceFlinger: isIncludeStatusBarAndNavBar (1)
01-15 17:20:02.973  1521  1521 D PhoneStatusBar/NavigationBarView: setDisabledFlags back:false home:false recent:false
01-15 17:20:02.979  1521  1983 D Surface : Surface::disconnect(this=0x704aea2000,api=1)
01-15 17:20:02.980   497   497 D Zygote  : Forked child process 28153
01-15 17:20:02.980   582   630 I BufferQueueProducer: [control_center#0](this:0x72685fd800,id:14199,api:1,p:1521,c:582) disconnect(P): api 1
01-15 17:20:02.980  1521  1983 D Surface : Surface::connect(this=0x704aea2000,api=1)
01-15 17:20:02.981   582  1253 I BufferQueueProducer: [control_center#0](this:0x72685fd800,id:14199,api:1,p:1521,c:582) connect(P): api=1 producer=(1521:com.android.systemui) producerControlledByApp=false
01-15 17:20:02.981  1521  1983 D mali_winsys: EGLint new_window_surface(egl_winsys_display *, void *, EGLSurface, EGLConfig, egl_winsys_surface **, EGLBoolean) returns 0x3000
01-15 17:20:02.981  1521  1983 D Surface : Surface::setBufferCount(this=0x704aea2000,bufferCount=3)
01-15 17:20:02.982  1235  1328 D Boost   : hostingType=service, hostingName={com.milink.service/com.milink.ui.service.MiLinkTileService}, callerPackage=com.android.systemui, isSystem=true, isBoostNeeded=false.
01-15 17:20:02.987   497   497 I Zygote  : Process 27228 exited due to signal 9 (Killed)
01-15 17:20:02.987  1235  2847 V ActivityManager: Death received in com.android.server.am.ActivityManagerService$AppDeathRecipient@83c0888 for thread android.os.BinderProxy@d594221, mPid:27228,mApp:ProcessRecord{cd28e51 27228:com.miui.hybrid/u0a269}
01-15 17:20:02.989  1521  1521 D PhoneStatusBar/NavigationBarView: onDraw
01-15 17:20:02.990   516   682 W hwcomposer: [OVL] (0) No overlay input queue(6)  
01-15 17:20:02.990   516   682 I hwcomposer: [DBQ] (q2:0x7a6063e600) Buffer queue is created with size(3)  
01-15 17:20:02.990   516   682 I hwcomposer: [DBQ] (q2:0x7a6063e600) setConsumerListener  
01-15 17:20:02.990   516   682 I hwcomposer: [DBQ] (q2:0x7a6063e600) Reallocate Slot(0), pool(0 -> 0) size(0 -> 10108800)  
01-15 17:20:02.990 27991 27991 D UE4     : [GameActivity] === Restoring Transparent Bars due to Visibility Change ===
01-15 17:20:02.991 27991 27991 D UE4     : [GameActivity] === Restoring Transparent Bars ===
01-15 17:20:02.991 27991 28031 D UE4     : [2021.01.15-14.20.02:991][  0]LogAndroid: Case APP_CMD_LOST_FOCUS
01-15 17:20:02.991 27991 28031 D UE4     : LogAndroidEvents::EnqueueAppEvent : 10, [width=-1, height=-1], tid = 28031, APP_EVENT_STATE_WINDOW_LOST_FOCUS
01-15 17:20:02.992  1235  1452 I MiuiNetworkPolicy: updateUidState uid = 10102, uidState = 20
01-15 17:20:02.996   516   682 I hwcomposer: [OVL] (0) Overlay input(5) was used with queue previously  
01-15 17:20:02.996   516   682 I hwcomposer: [DBQ] (q2:0x7a60640700) Buffer queue is destroyed  
01-15 17:20:02.996   516   682 I hwcomposer: [DBQ] (q2:0x7a60640700) Free Slot(0), handle=0x7a60655500, 10108800 -> 0  
01-15 17:20:02.996  2739  2739 D SuperPowerSaveManager: onTileStartListening
01-15 17:20:02.996   516   682 I hwcomposer: [DBQ] (q2:0x7a60640700) Free Slot(1), handle=0x7a60657300, 10108800 -> 0  
01-15 17:20:02.996  1521  1521 D ControllerPanelWindowView: dispatchTouchEvent
01-15 17:20:02.996   516   682 I hwcomposer: [DBQ] (q2:0x7a60640700) Free Slot(2), handle=0x7a60657440, 10108800 -> 0  
01-15 17:20:02.996  1521  1521 D ControllerPanelWindowView: onTouchEvent start, 2
01-15 17:20:02.999  1521  1521 D ControlPanelWindowManager: setBlurRatio: 0.047779124
01-15 17:20:03.000  1521  1521 D PhoneStatusBar/NavigationBarView: onDraw
01-15 17:20:03.001   582   582 E Layer   : setupBlurSurface setupBlurSurface control_center#0
01-15 17:20:03.005  1521  1521 D ControllerPanelWindowView: dispatchTouchEvent
01-15 17:20:03.005  1521  1521 D ControllerPanelWindowView: onTouchEvent start, 2
01-15 17:20:03.005  1235  1452 I MiuiNetworkPolicy: removeUidState uid = 10269
01-15 17:20:03.006   496  1100 D OemNetd : setPidForPackage: packageName=com.milink.service, pid=28153, pid=10102
01-15 17:20:03.006  1235  1328 I ActivityManager: Start proc 28153:com.milink.service/u0a102 for service {com.milink.service/com.milink.ui.service.MiLinkTileService} caller=com.android.systemui
01-15 17:20:03.007 28153 28153 E .milink.servic: Not starting debugger since process cannot load the jdwp agent.
01-15 17:20:03.012  1521  1521 D MobileSignalController: updateDataType mSelectedDataTypeIcon[0]=2131232929, mSelectedDataActivityIndex=6
01-15 17:20:03.013  1521  1521 D TelephonyIcons: getSignalStrengthIcon: slot=0, inetCondition=1, level=4, roaming=false, signalstrength=SignalStrength:{mCdma=CellSignalStrengthCdma: cdmaDbm=2147483647 cdmaEcio=2147483647 evdoDbm=2147483647 evdoEcio=2147483647 evdoSnr=2147483647 miuiLevel=0 level=0,mGsm=CellSignalStrengthGsm: rssi=2147483647 ber=2147483647 mTa=2147483647 miuiLevel=0 mLevel=0,mWcdma=CellSignalStrengthWcdma: ss=2147483647 ber=2147483647 rscp=2147483647 ecno=2147483647 miuiLevel=0 level=0,mTdscdma=CellSignalStrengthTdscdma: rssi=2147483647 ber=2147483647 rscp=2147483647 miuiLevel=0 level=0,mLte=CellSignalStrengthLte: rssi=2147483647 rsrp=-101 rsrq=-13 rssnr=70 cqi=0 ta=0 miuiLevel=4 level=3,mNr=CellSignalStrengthNr:{ csiRsrp = 2147483647 csiRsrq = 2147483647 csiSinr = 2147483647 ssRsrp = 2147483647 ssRsrq = 2147483647 ssSinr = 2147483647 miuiLevel = 0 level = 0 },primary=CellSignalStrengthLte}, phoneId=0, mMtkLevel=-1, mMtkRsrpOnly=true, mMtkLteRsrpThreshold=null, mMtkLteRssnrThreshold=null
01-15 17:20:03.014  1521  1521 D TelephonyIcons: null signal icon name: drawable/stat_sys_signal_null
01-15 17:20:03.014  8763  8763 D MiShare:MiShareTileService: onServiceConnected
01-15 17:20:03.015  1521  1521 D TelephonyIcons: getDataTypeIcon sub=0
01-15 17:20:03.016  1521  1521 D SlaveWifiSignalController: notifyListeners: false
01-15 17:20:03.016  1235  2893 V ActivityManager: New death recipient com.android.server.am.ActivityManagerService$AppDeathRecipient@e82adc1 for thread android.os.BinderProxy@2daf966, pid:28153,mApp:null
01-15 17:20:03.017   582   582 I BufferQueueProducer: [FramebufferSurface](this:0x7282501800,id:0,api:1,p:582,c:582) queueBuffer: fps=0.57 dur=1743.98 max=1743.98 min=1743.98
01-15 17:20:03.018   516   682 I hwcomposer: [DBQ] (q2:0x7a6063e600) Buffer queue is destroyed  
01-15 17:20:03.018   516   682 I hwcomposer: [DBQ] (q2:0x7a6063e600) Free Slot(0), handle=0x7a60655780, 10108800 -> 0  
01-15 17:20:03.019  1521  1521 D MobileSignalController: updateDataType mSelectedDataTypeIcon[0]=2131232929, mSelectedDataActivityIndex=6
01-15 17:20:03.019  1521  1521 D TelephonyIcons: getSignalStrengthIcon: slot=0, inetCondition=1, level=4, roaming=false, signalstrength=SignalStrength:{mCdma=CellSignalStrengthCdma: cdmaDbm=2147483647 cdmaEcio=2147483647 evdoDbm=2147483647 evdoEcio=2147483647 evdoSnr=2147483647 miuiLevel=0 level=0,mGsm=CellSignalStrengthGsm: rssi=2147483647 ber=2147483647 mTa=2147483647 miuiLevel=0 mLevel=0,mWcdma=CellSignalStrengthWcdma: ss=2147483647 ber=2147483647 rscp=2147483647 ecno=2147483647 miuiLevel=0 level=0,mTdscdma=CellSignalStrengthTdscdma: rssi=2147483647 ber=2147483647 rscp=2147483647 miuiLevel=0 level=0,mLte=CellSignalStrengthLte: rssi=2147483647 rsrp=-101 rsrq=-13 rssnr=70 cqi=0 ta=0 miuiLevel=4 level=3,mNr=CellSignalStrengthNr:{ csiRsrp = 2147483647 csiRsrq = 2147483647 csiSinr = 2147483647 ssRsrp = 2147483647 ssRsrq = 2147483647 ssSinr = 2147483647 miuiLevel = 0 level = 0 },primary=CellSignalStrengthLte}, phoneId=0, mMtkLevel=-1, mMtkRsrpOnly=true, mMtkLteRsrpThreshold=null, mMtkLteRssnrThreshold=null
01-15 17:20:03.020  1521  1521 D TelephonyIcons: null signal icon name: drawable/stat_sys_signal_null
01-15 17:20:03.020  1521  1521 D TelephonyIcons: getDataTypeIcon sub=0
01-15 17:20:03.020  1521  1521 D SlaveWifiSignalController: notifyListeners: false
01-15 17:20:03.024  1235  1452 I MiuiNetworkPolicy: updateUidState uid = 10102, uidState = 6
01-15 17:20:03.032  1521  1521 D ControllerPanelWindowView: showContent
01-15 17:20:03.032  1521  1521 D ControlPanelWindowManager: setBlurRatio: 0.19582903
01-15 17:20:03.037  1521  1521 D PhoneStatusBar/NavigationBarView: onDraw
01-15 17:20:03.041   497   497 D Zygote  : Forked child process 28176
01-15 17:20:03.047  1235  1328 D Boost   : hostingType=service, hostingName={com.google.android.apps.wellbeing/com.google.android.apps.wellbeing.screen.ui.GrayscaleTileService}, callerPackage=com.android.systemui, isSystem=true, isBoostNeeded=false.
01-15 17:20:03.047  8763  8763 D MiShare:MiShareTileService: onStartListening
01-15 17:20:03.048   496  1100 D OemNetd : setPidForPackage: packageName=com.google.android.apps.wellbeing, pid=28176, pid=10049
01-15 17:20:03.049  1235  1328 I ActivityManager: Start proc 28176:com.google.android.apps.wellbeing/u0a49 for service {com.google.android.apps.wellbeing/com.google.android.apps.wellbeing.screen.ui.GrayscaleTileService} caller=com.android.systemui
01-15 17:20:03.049 28176 28176 E .apps.wellbein: Not starting debugger since process cannot load the jdwp agent.
01-15 17:20:03.050  8763  8763 D MiShare:MiShareService: registerStateListener
01-15 17:20:03.052  1521  1521 D SignalClusterView: updateMobileTypeImage  0
01-15 17:20:03.054  1521  1521 I chatty  : uid=1000(system) com.android.systemui identical 8 lines
01-15 17:20:03.054  1521  1521 D SignalClusterView: updateMobileTypeImage  0
01-15 17:20:03.054  1521  1521 D ControllerPanelWindowView: dispatchTouchEvent
01-15 17:20:03.054  1521  1521 D ControllerPanelWindowView: onTouchEvent start, 2
01-15 17:20:03.055  1521  1521 D ControlPanelWindowManager: setBlurRatio: 0.34984225
01-15 17:20:03.056  1521  1521 D PhoneStatusBar/NavigationBarView: onDraw
01-15 17:20:03.068  1235  2872 V ActivityManager: New death recipient com.android.server.am.ActivityManagerService$AppDeathRecipient@af18931 for thread android.os.BinderProxy@d8a8816, pid:28176,mApp:null
01-15 17:20:03.071   433   443 E PSITrigger: get PSI events detail failed!! errno=25
01-15 17:20:03.073  1521  1840 D BrightnessController: BrightnessObserver: startObserving.
01-15 17:20:03.077  1235  1452 I MiuiNetworkPolicy: updateUidState uid = 10049, uidState = 6
01-15 17:20:03.084  1521  1840 D BrightnessController: UpdateSliderRunnable: value: 394
01-15 17:20:03.090   582   582 I SurfaceFlinger: screenshot (Letterbox - left#2)
01-15 17:20:03.090   582   582 I SurfaceFlinger: isIncludeStatusBarAndNavBar (1)
01-15 17:20:03.090   582   582 I SurfaceFlinger: screenshot (Background for -SurfaceView - com.YourCompany.Proj/com.epicgames.ue4.GameActivity#0)
01-15 17:20:03.090   582   582 I SurfaceFlinger: isIncludeStatusBarAndNavBar (1)
01-15 17:20:03.090   582   582 I SurfaceFlinger: screenshot (SurfaceView - com.YourCompany.Proj/com.epicgames.ue4.GameActivity#0)
01-15 17:20:03.090   582   582 I SurfaceFlinger: isIncludeStatusBarAndNavBar (1)
01-15 17:20:03.090   582   582 I SurfaceFlinger: screenshot (com.YourCompany.Proj/com.epicgames.ue4.GameActivity#1)
01-15 17:20:03.090   582   582 I SurfaceFlinger: isIncludeStatusBarAndNavBar (1)
01-15 17:20:03.096  1235  1428 W InputDispatcher: [TouchInput][reader] notifyMotion - eventTime=251612264530000, deviceId=3, source=0x1002, policyFlags=0x0, action=0x1, flags=0x0, downTime=251612098976000, moveCount:14
01-15 17:20:03.097  1235  1427 W InputDispatcher: [TouchInput][dispatcher] findTouchedWindow Result=0, targetChannel 'd7afe98 StatusBar (server)'
01-15 17:20:03.111  1521  1521 D ControllerPanelWindowView: dispatchTouchEvent
01-15 17:20:03.111  1521  1521 D ControllerPanelWindowView: onTouchEvent start, 2
01-15 17:20:03.111  1521  1521 D ViewRootImpl: [TouchInput][ViewRootImpl] MotionEvent { action=ACTION_UP, id[0]=0, pointerCount=1, eventTime=251612264, downTime=251612098 } moveCount:4
01-15 17:20:03.111  1521  1521 D ControllerPanelWindowView: dispatchTouchEvent
01-15 17:20:03.111  1521  1521 D ControllerPanelWindowView: onTouchEvent start, 1
01-15 17:20:03.114  1521  1521 D SignalClusterView: updateMobileTypeImage  0
01-15 17:20:03.118  1521  1521 I chatty  : uid=1000(system) com.android.systemui identical 8 lines
01-15 17:20:03.118  1521  1521 D SignalClusterView: updateMobileTypeImage  0
01-15 17:20:03.118  1521  1521 D BluetoothController: fireStateChange
01-15 17:20:03.118  1521  1521 D PhoneStatusBarPolicy: updateBluetooth bluetoothEnabled = false bluetoothBattery visible=false
01-15 17:20:03.118  1521  1521 D QSTile.BluetoothTile: onBluetoothStateChange: enabled = false
01-15 17:20:03.118  1521  1521 D QSTile.BluetoothTile: onBluetoothStateChange: enabled = false
01-15 17:20:03.119   815   918 D AAL     : 01-15 05:20:03.002 BL= 357,ESS= 286, 01-15 05:20:03.019 BL= 357,ESS= 288, 01-15 05:20:03.036 BL= 356,ESS= 288, 01-15 05:20:03.086 BL= 355,ESS= 288, 01-15 05:20:03.119 BL= 354,ESS= 290, 
01-15 17:20:03.125  1521  1521 D ControlPanelWindowManager: setBlurRatio: 0.48912683
01-15 17:20:03.125  1521  1840 D QSTile.BluetoothTile: handleUpdateState: mTargetEnable = falsemController.getBluetoothState() = 10
01-15 17:20:03.126  1521  1840 D QSTile.BluetoothTile: handleUpdateState: mTargetEnable = falsemController.getBluetoothState() = 10
01-15 17:20:03.127  1521  1521 D PhoneStatusBar/NavigationBarView: onDraw
01-15 17:20:03.128  1521  1521 D QSControlCenterTileLayout: onMeasure height:1147  showLines:5
01-15 17:20:03.151  1521  1521 D QSBigTileViewwifi: start state.state:2 mState:2
01-15 17:20:03.154  1521  1521 D ControlPanelWindowManager: setBlurRatio: 0.6064325
01-15 17:20:03.156  1521  1521 D PhoneStatusBar/NavigationBarView: onDraw
01-15 17:20:03.157  1521  1521 D QSControlCenterTileLayout: onMeasure height:1147  showLines:5
01-15 17:20:03.162  1521  1521 D ControlPanelWindowManager: setBlurRatio: 0.7011073
01-15 17:20:03.163  1521  1521 D PhoneStatusBar/NavigationBarView: onDraw
01-15 17:20:03.179  1521  1521 D ControlPanelWindowManager: setBlurRatio: 0.77541214
01-15 17:20:03.182  1521  1521 D PhoneStatusBar/NavigationBarView: onDraw
01-15 17:20:03.190 28153 28153 D miuisdk : current sdk level is 23
01-15 17:20:03.190 28153 28153 I miuisdk : initialize without hook
01-15 17:20:03.201   582   582 I SurfaceFlinger: screenshot (Letterbox - left#2)
01-15 17:20:03.201   582   582 I SurfaceFlinger: isIncludeStatusBarAndNavBar (1)
01-15 17:20:03.201  1521  1521 D ControlPanelWindowManager: setBlurRatio: 0.8326072
01-15 17:20:03.201   582   582 I SurfaceFlinger: screenshot (Background for -SurfaceView - com.YourCompany.Proj/com.epicgames.ue4.GameActivity#0)
01-15 17:20:03.201   582   582 I SurfaceFlinger: isIncludeStatusBarAndNavBar (1)
01-15 17:20:03.201   582   582 I SurfaceFlinger: screenshot (SurfaceView - com.YourCompany.Proj/com.epicgames.ue4.GameActivity#0)
01-15 17:20:03.201   582   582 I SurfaceFlinger: isIncludeStatusBarAndNavBar (1)
01-15 17:20:03.201   582   582 I SurfaceFlinger: screenshot (com.YourCompany.Proj/com.epicgames.ue4.GameActivity#1)
01-15 17:20:03.201   582   582 I SurfaceFlinger: isIncludeStatusBarAndNavBar (1)
01-15 17:20:03.206 28153 28153 W Linkify.v16: reflect applyLink failed: 
01-15 17:20:03.206 28153 28153 W Linkify.v16: miui.reflect.NoSuchMethodException: Couldn't find method android/text/util/Linkify.applyLink(Ljava/lang/String;IILandroid/text/Spannable;)V
01-15 17:20:03.206 28153 28153 W Linkify.v16: 	at com.miui.internal.os.Native.getMethod(Native Method)
01-15 17:20:03.206 28153 28153 W Linkify.v16: 	at miui.reflect.Method.of(Method.java:35)
01-15 17:20:03.206 28153 28153 W Linkify.v16: 	at com.miui.internal.variable.v16.Android_Text_Util_Linkify_class.<clinit>(Android_Text_Util_Linkify_class.java:70)
01-15 17:20:03.206 28153 28153 W Linkify.v16: 	at java.lang.Class.classForName(Native Method)
01-15 17:20:03.206 28153 28153 W Linkify.v16: 	at java.lang.Class.forName(Class.java:454)
01-15 17:20:03.206 28153 28153 W Linkify.v16: 	at java.lang.Class.forName(Class.java:379)
01-15 17:20:03.206 28153 28153 W Linkify.v16: 	at com.miui.internal.variable.AbsClassFactory.create(AbsClassFactory.java:24)
01-15 17:20:03.206 28153 28153 W Linkify.v16: 	at com.miui.internal.variable.Android_Text_Util_Linkify_class$Factory.<init>(Android_Text_Util_Linkify_class.java:40)
01-15 17:20:03.206 28153 28153 W Linkify.v16: 	at com.miui.internal.variable.Android_Text_Util_Linkify_class$Factory.<init>(Android_Text_Util_Linkify_class.java:26)
01-15 17:20:03.206 28153 28153 W Linkify.v16: 	at com.miui.internal.variable.Android_Text_Util_Linkify_class$Factory$1.createInstance(Android_Text_Util_Linkify_class.java:32)
01-15 17:20:03.206 28153 28153 W Linkify.v16: 	at com.miui.internal.variable.Android_Text_Util_Linkify_class$Factory$1.createInstance(Android_Text_Util_Linkify_class.java:29)
01-15 17:20:03.206 28153 28153 W Linkify.v16: 	at miui.util.SoftReferenceSingleton.get(SoftReferenceSingleton.java:25)
01-15 17:20:03.206 28153 28153 W Linkify.v16: 	at com.miui.internal.variable.Android_Text_Util_Linkify_class$Factory.getInstance(Android_Text_Util_Linkify_class.java:44)
01-15 17:20:03.206 28153 28153 W Linkify.v16: 	at com.miui.internal.initialization.OverrideHelper.doInitialize(OverrideHelper.java:37)
01-15 17:20:03.206 28153 28153 W Linkify.v16: 	at miui.core.SdkManager.initialize(SdkManager.java:99)
01-15 17:20:03.206 28153 28153 W Linkify.v16: 	at java.lang.reflect.Method.invoke(Native Method)
01-15 17:20:03.206 28153 28153 W Linkify.v16: 	at miui.external.Application.initializeSdk(Application.java:85)
01-15 17:20:03.206 28153 28153 W Linkify.v16: 	at miui.external.Application.<init>(Application.java:55)
01-15 17:20:03.206 28153 28153 W Linkify.v16: 	at com.milink.ui.MiLinkApplication.<init>(MiLinkApplication.java:28)
01-15 17:20:03.206 28153 28153 W Linkify.v16: 	at java.lang.Class.newInstance(Native Method)
01-15 17:20:03.206 28153 28153 W Linkify.v16: 	at android.app.AppComponentFactory.instantiateApplication(AppComponentFactory.java:76)
01-15 17:20:03.206 28153 28153 W Linkify.v16: 	at androidx.core.app.CoreComponentFactory.instantiateApplication(CoreComponentFactory.java:52)
01-15 17:20:03.206 28153 28153 W Linkify.v16: 	at android.app.Instrumentation.newApplication(Instrumentation.java:1155)
01-15 17:20:03.206 28153 28153 W Linkify.v16: 	at android.app.LoadedApk.makeApplication(LoadedApk.java:1222)
01-15 17:20:03.206 28153 28153 W Linkify.v16: 	at android.app.ActivityThread.handleBindApplication(ActivityThread.java:6562)
01-15 17:20:03.206 28153 28153 W Linkify.v16: 	at android.app.ActivityThread.access$1500(ActivityThread.java:230)
01-15 17:20:03.206 28153 28153 W Linkify.v16: 	at android.app.ActivityThread$H.handleMessage(ActivityThread.java:1911)
01-15 17:20:03.206 28153 28153 W Linkify.v16: 	at android.os.Handler.dispatchMessage(Handler.java:107)
01-15 17:20:03.206 28153 28153 W Linkify.v16: 	at android.os.Looper.loop(Looper.java:224)
01-15 17:20:03.206 28153 28153 W Linkify.v16: 	at android.app.ActivityThread.main(ActivityThread.java:7551)
01-15 17:20:03.206 28153 28153 W Linkify.v16: 	at java.lang.reflect.Method.invoke(Native Method)
01-15 17:20:03.206 28153 28153 W Linkify.v16: 	at com.android.internal.os.RuntimeInit$MethodAndArgsCaller.run(RuntimeInit.java:539)
01-15 17:20:03.206 28153 28153 W Linkify.v16: 	at com.android.internal.os.ZygoteInit.main(ZygoteInit.java:995)
01-15 17:20:03.212 28176 28176 I MultiDex: VM with version 2.1.0 has multidex support
01-15 17:20:03.213 28176 28176 I MultiDex: install
01-15 17:20:03.213 28176 28176 I MultiDex: VM has multidex support, MultiDex support library is disabled.
01-15 17:20:03.216  1521  1521 D ControlPanelWindowManager: setBlurRatio: 0.8760169
01-15 17:20:03.228 28153 28153 I FeatureParser: can't find begonia.xml in assets/device_features/,it may be in /system/etc/device_features
01-15 17:20:03.231 28153 28153 E libc    : Access denied finding property "ro.vendor.df.effect.conflict"
01-15 17:20:03.225 28153 28153 W .milink.service: type=1400 audit(0.0:167799): avc: denied { read } for name="u:object_r:vendor_displayfeature_prop:s0" dev="tmpfs" ino=371 scontext=u:r:platform_app:s0:c512,c768 tcontext=u:object_r:vendor_displayfeature_prop:s0 tclass=file permissive=0
01-15 17:20:03.231 28153 28153 D ML::MiLinkApplication: 28153 onCreate
01-15 17:20:03.236  1521  1521 D ControlPanelWindowManager: setBlurRatio: 0.90861976
01-15 17:20:03.246  1521  1521 D ControlPanelWindowManager: setBlurRatio: 0.93291104
01-15 17:20:03.249 28153 28153 I ML::MiLinkTileService: onCreate
01-15 17:20:03.250 32546 32546 I ADB_SERVICES: service_to_fd shell,v2,raw:ps
01-15 17:20:03.263 28176 28176 I FeatureParser: can't find begonia.xml in assets/device_features/,it may be in /system/etc/device_features
01-15 17:20:03.261 28176 28176 W .apps.wellbeing: type=1400 audit(0.0:167800): avc: denied { read } for name="u:object_r:vendor_displayfeature_prop:s0" dev="tmpfs" ino=371 scontext=u:r:priv_app:s0:c512,c768 tcontext=u:object_r:vendor_displayfeature_prop:s0 tclass=file permissive=0
01-15 17:20:03.266 28153 28153 D ML::MiLinkTileService: onStartListening
01-15 17:20:03.266 28176 28176 E libc    : Access denied finding property "ro.vendor.df.effect.conflict"
01-15 17:20:03.266  1521  1521 D ControlPanelWindowManager: setBlurRatio: 0.9508979
01-15 17:20:03.266 28153 28153 I ML::MiracastAdmin: getActiveDisplayState: 0
01-15 17:20:03.266 28153 28153 D CommonUtil: all disconnect!
01-15 17:20:03.267 28153 28153 I ML::StatusBarUtil: remove status bar button
01-15 17:20:03.268  1521  1521 D QSControlCenterTileLayout: onMeasure height:1147  showLines:5
01-15 17:20:03.276 28176 28206 W .apps.wellbein: Accessing hidden field Ljava/util/Collections$SynchronizedCollection;->mutex:Ljava/lang/Object; (greylist-max-o, reflection, denied)
01-15 17:20:03.277 28176 28206 W .apps.wellbein: Accessing hidden method Ljava/util/Collections$SynchronizedSet;-><init>(Ljava/util/Set;Ljava/lang/Object;)V (greylist-max-o, reflection, denied)
01-15 17:20:03.277 28176 28206 W .apps.wellbein: Accessing hidden method Ljava/util/Collections$SynchronizedCollection;-><init>(Ljava/util/Collection;Ljava/lang/Object;)V (greylist-max-o, reflection, denied)
01-15 17:20:03.281  1521  1521 D ControlPanelWindowManager: setBlurRatio: 0.9641519
01-15 17:20:03.288 28176 28176 I mjl     : SslGuard completed installation.
01-15 17:20:03.301  1521  1521 D ControlPanelWindowManager: setBlurRatio: 0.973881
01-15 17:20:03.302   815   918 D AAL     : 01-15 05:20:03.169 BL= 353,ESS= 290, 01-15 05:20:03.205 BL= 353,ESS= 292, 01-15 05:20:03.219 BL= 352,ESS= 292, 01-15 05:20:03.252 BL= 351,ESS= 292, 01-15 05:20:03.302 BL= 350,ESS= 294, 
01-15 17:20:03.304   582   582 I SurfaceFlinger: screenshot (Letterbox - left#2)
01-15 17:20:03.304   582   582 I SurfaceFlinger: isIncludeStatusBarAndNavBar (1)
01-15 17:20:03.304   582   582 I SurfaceFlinger: screenshot (Background for -SurfaceView - com.YourCompany.Proj/com.epicgames.ue4.GameActivity#0)
01-15 17:20:03.304   582   582 I SurfaceFlinger: isIncludeStatusBarAndNavBar (1)
01-15 17:20:03.304   582   582 I SurfaceFlinger: screenshot (SurfaceView - com.YourCompany.Proj/com.epicgames.ue4.GameActivity#0)
01-15 17:20:03.304   582   582 I SurfaceFlinger: isIncludeStatusBarAndNavBar (1)
01-15 17:20:03.304   582   582 I SurfaceFlinger: screenshot (com.YourCompany.Proj/com.epicgames.ue4.GameActivity#1)
01-15 17:20:03.304   582   582 I SurfaceFlinger: isIncludeStatusBarAndNavBar (1)
01-15 17:20:03.317  1521  1521 D ControlPanelWindowManager: setBlurRatio: 0.98100066
01-15 17:20:03.321  1521  1521 D QSControlCenterTileLayout: onMeasure height:1147  showLines:5
01-15 17:20:03.330  1521  1521 D ControlPanelWindowManager: setBlurRatio: 0.98619795
01-15 17:20:03.352  1521  1521 D ControlPanelWindowManager: setBlurRatio: 0.98998433
01-15 17:20:03.366  1521  1521 D ControlPanelWindowManager: setBlurRatio: 0.9927384
01-15 17:20:03.385 32546 28201 I ADB_SERVICES: post waitpid (pid=28200) status=0000
01-15 17:20:03.386 32546 32546 I ADB_SERVICES: for fd 24, revents = 2011
01-15 17:20:03.386 32546 32546 I ADB_SERVICES: for fd 24, revents = 2011
01-15 17:20:03.387  1521  1521 D ControlPanelWindowManager: setBlurRatio: 0.994739
01-15 17:20:03.399  1521  1521 D ControlPanelWindowManager: setBlurRatio: 1.0
01-15 17:20:03.417   582   582 I SurfaceFlinger: screenshot (Letterbox - left#2)
01-15 17:20:03.417   582   582 I SurfaceFlinger: isIncludeStatusBarAndNavBar (1)
01-15 17:20:03.417   582   582 I SurfaceFlinger: screenshot (Background for -SurfaceView - com.YourCompany.Proj/com.epicgames.ue4.GameActivity#0)
01-15 17:20:03.417   582   582 I SurfaceFlinger: isIncludeStatusBarAndNavBar (1)
01-15 17:20:03.417   582   582 I SurfaceFlinger: screenshot (SurfaceView - com.YourCompany.Proj/com.epicgames.ue4.GameActivity#0)
01-15 17:20:03.417   582   582 I SurfaceFlinger: isIncludeStatusBarAndNavBar (1)
01-15 17:20:03.417   582   582 I SurfaceFlinger: screenshot (com.YourCompany.Proj/com.epicgames.ue4.GameActivity#1)
01-15 17:20:03.417   582   582 I SurfaceFlinger: isIncludeStatusBarAndNavBar (1)
01-15 17:20:03.531   582   582 I SurfaceFlinger: screenshot (Letterbox - left#2)
01-15 17:20:03.531   582   582 I SurfaceFlinger: isIncludeStatusBarAndNavBar (1)
01-15 17:20:03.531   582   582 I SurfaceFlinger: screenshot (Background for -SurfaceView - com.YourCompany.Proj/com.epicgames.ue4.GameActivity#0)
01-15 17:20:03.531   582   582 I SurfaceFlinger: isIncludeStatusBarAndNavBar (1)
01-15 17:20:03.531   582   582 I SurfaceFlinger: screenshot (SurfaceView - com.YourCompany.Proj/com.epicgames.ue4.GameActivity#0)
01-15 17:20:03.531   582   582 I SurfaceFlinger: isIncludeStatusBarAndNavBar (1)
01-15 17:20:03.531   582   582 I SurfaceFlinger: screenshot (com.YourCompany.Proj/com.epicgames.ue4.GameActivity#1)
01-15 17:20:03.531   582   582 I SurfaceFlinger: isIncludeStatusBarAndNavBar (1)
01-15 17:20:03.606  1235  1428 W InputDispatcher: [TouchInput][reader] notifyMotion - eventTime=251612774136000, deviceId=3, source=0x1002, policyFlags=0x0, action=0x0, flags=0x0, downTime=251612774136000, moveCount:0
01-15 17:20:03.606  1235  1427 W InputDispatcher: [TouchInput][dispatcher] findTouchedWindow Result=0, targetChannel '5a71bed NavigationBar (server)'
01-15 17:20:03.606  1235  1427 W InputDispatcher: [TouchInput][dispatcher] findTouchedWindow Result=0, targetChannel '3dd173 control_center (server)'
01-15 17:20:03.606   582  2228 I BufferQueueProducer: [Sprite#1](this:0x727c4ce800,id:1566,api:2,p:1235,c:582) queueBuffer: fps=1.63 dur=1224.98 max=675.17 min=549.81
01-15 17:20:03.621  1521  1521 D ViewRootImpl: [TouchInput][ViewRootImpl] MotionEvent { action=ACTION_DOWN, id[0]=0, pointerCount=1, eventTime=251612774, downTime=251612774 } moveCount:0
01-15 17:20:03.621  1521  1521 D ControllerPanelWindowView: dispatchTouchEvent
01-15 17:20:03.621  1521  1521 D ControllerPanelWindowView: onInterceptTouchEvent :false
01-15 17:20:03.623   582  1253 I BufferQueueProducer: [StatusBar#0](this:0x729a054000,id:3,api:1,p:1521,c:582) queueBuffer: fps=3.48 dur=1147.83 max=473.94 min=33.67
