11-30 15:55:16.142   363   825 D MAL-Daemon: event_req = f719ee80, ID = 101 (vendor/mediatek/proprietary/frameworks/opt/mal/entity/mdmngr/mdmngr.c:122)

11-30 15:55:16.142   363   825 D MAL-Daemon: atcmd_resp->priv_data = f719eb00 (vendor/mediatek/proprietary/frameworks/opt/mal/entity/mdmngr/mdmngr.c:125)

11-30 15:55:16.142   363   844 E MAL-Daemon: [SIM_MNGR]  297 EN_SIM:Non cache data request()!!

11-30 15:55:16.142   363   844 I MAL-Daemon: [SIM_MNGR] 1434 EN_SIM:EVENT_MDMNGR_ATCMD_RESP,event_id = 205, event_req = 0xf719eb00, result = 1, str = (ERROR


11-30 15:55:16.142   363   844 I MAL-Daemon: )

11-30 15:55:16.142   363   844 I MAL-Daemon: [SIM_MNGR] 1485 EN_SIM:atcmd = (AT+ESIMAPP=0)

11-30 15:55:16.142   363   844 W MAL-Daemon: event_get_last_addr(): No data available!!

11-30 15:55:16.142   363   825 D MAL-Daemon: mdmngr_task_hdl(), receive event = 101 (vendor/mediatek/proprietary/frameworks/opt/mal/entity/mdmngr/mdmngr.c:36)

11-30 15:55:16.143   363   825 D MAL-Daemon: EVENT_MDMNGR_ATCMD_REQ@MDMNGR, priv_data = f719ea80, channel = 3, cmd = (AT+ESIMAPP=0) (vendor/mediatek/proprietary/frameworks/opt/mal/entity/mdmngr/mdmngr.c:67)

11-30 15:55:16.143   363   825 W MAL-Daemon: event_get_last_addr(): No data available!!

11-30 15:55:16.143   363   842 E MAL-Daemon: rilproxy_task_hdl(), receive event = 401

11-30 15:55:16.143   363   842 D MAL-Daemon: send ril request, request_id = 2130, serial_no = 116df00, length = 20000000, send_size = 32(20), fd = 30

11-30 15:55:16.144  3703  3741 I octvm_klo: read wakeups from wakealarm_fd:1

11-30 15:55:16.145  3703  3741 I octvm_klo: new timerfd interval:

11-30 15:55:16.145  3703  3741 I octvm_klo: 	itval.it_interval.tv_sec 1, itval.it_interval.tv_nsec 0

11-30 15:55:16.145  3703  3741 I octvm_klo: 	itval.it_value.tv_sec 0, itval.it_value.tv_nsec 999997000

11-30 15:55:16.145   363   840 D MAL-Daemon: recv ril resp, length = 28, type = 0, result = 0, serial_no = 116df00

11-30 15:55:16.146   363   840 D MAL-Daemon: event_id = 401

11-30 15:55:16.146   363   840 I MAL-Daemon: mdfx_event_do_statistic(): [STATISTIC] TID = 840 has used 1738475244 bytes!!

11-30 15:55:16.146   363   840 I MAL-Daemon: mdfx_event_do_statistic(): [STATISTIC] TID = 840 has used 1738429344 bytes!!

11-30 15:55:16.146   363   840 I MAL-Daemon: mdfx_event_do_statistic(): [STATISTIC] TID = 840 has used 1738383444 bytes!!

11-30 15:55:16.146   363   825 D MAL-Daemon: mdmngr_task_hdl(), receive event = 102 (vendor/mediatek/proprietary/frameworks/opt/mal/entity/mdmngr/mdmngr.c:36)

11-30 15:55:16.146   363   825 D MAL-Daemon: EVENT_MDMNGR_ATCMD_RESP@MDMNGR (vendor/mediatek/proprietary/frameworks/opt/mal/entity/mdmngr/mdmngr.c:115)

11-30 15:55:16.146   363   825 D MAL-Daemon: event_req = f719ea80, ID = 101 (vendor/mediatek/proprietary/frameworks/opt/mal/entity/mdmngr/mdmngr.c:122)

11-30 15:55:16.146   363   825 D MAL-Daemon: atcmd_resp->priv_data = f719eb00 (vendor/mediatek/proprietary/frameworks/opt/mal/entity/mdmngr/mdmngr.c:125)

11-30 15:55:16.146   363   844 E MAL-Daemon: [SIM_MNGR]  297 EN_SIM:Non cache data request()!!

11-30 15:55:16.146   363   844 I MAL-Daemon: [SIM_MNGR] 1434 EN_SIM:EVENT_MDMNGR_ATCMD_RESP,event_id = 205, event_req = 0xf719eb00, result = 1, str = (ERROR


11-30 15:55:16.146   363   844 I MAL-Daemon: )

11-30 15:55:16.146   363   847 I MAL-Daemon: mdfx_event_do_statistic(): [STATISTIC] TID = 847 has used 4387296 bytes!!

11-30 15:55:16.146   363   847 I MAL-Daemon: mdfx_event_do_statistic(): [STATISTIC] TID = 847 has used 4341396 bytes!!

11-30 15:55:16.146   363   847 W MAL-Daemon: [SIM_MNGR]  185 EN_SIM:simmngr_cache_load() SIM Type need retry result=1!!

11-30 15:55:16.164 31768 31792 D UE4     : [2020.11.30-12.55.16:164][  0]LogAISub: UAISubsystem AISubsystem (0xae10f550), frame # 0

11-30 15:55:16.164 31768 31792 D UE4     : [2020.11.30-12.55.16:164][  0]LogAISub: UAISubsystem AIPerceptionSystem (0xadb7da00), frame # 0

11-30 15:55:16.168 31768 31792 D UE4     : [2020.11.30-12.55.16:168][  0]LogAISub: UAISubsystem EnvQueryManager (0xaec2bb80), frame # 0

11-30 15:55:16.206  1216  1310 D AlarmManager: set alarm to RTC 176139038

11-30 15:55:16.206  1216  1310 D DataShapingService: Alarm manager openLteDataUpLinkGate: false

11-30 15:55:16.206  1216  1310 V AlarmManager: openLteGateSuccess = false

11-30 15:55:16.206  1216  1310 V AlarmManager: socktUnblockingTimeElapsed(ms): 219344 < mMinimumPeriod_BlockSocket: 300000

11-30 15:55:16.206  1216  1310 D AlarmManager: wakeup alarm = Alarm{fd07e74 type 2 when 176118278 android}; package = androidneedGrouping = false

11-30 15:55:16.207  1216  1310 V ActivityManager: Broadcast: ******** ordered=true userid=0 callerApp=null

11-30 15:55:16.207  1216  1310 V AlarmManager: sending alarm Alarm{fd07e74 type 2 when 176118278 android} success

11-30 15:55:16.207  1216  1310 D PowerManagerService: acquireWakeLockInternal: lock=72845662, flags=0x1, tag="*alarm*", ws=WorkSource{1000}, uid=1000, pid=1216

11-30 15:55:16.207  1216  1310 D PowerManagerService: updateWakeLockSummaryLocked: mWakefulness=Awake, mWakeLockSummary=0x1

11-30 15:55:16.207  1216  1310 D PowerManagerService: updateUserActivitySummaryLocked: mWakefulness=Awake, mUserActivitySummary=0x1, nextTimeout=176217976 (in 99697 ms)

11-30 15:55:16.207  1216  1310 D DisplayPowerController: requestPowerState: policy=BRIGHT, useProximitySensor=false, screenBrightness=97, screenAutoBrightnessAdjustment=0.0, brightnessSetByUser=true, useAutoBrightness=false, blockScreenOn=false, lowPowerMode=false, boostScreenBrightness=false, dozeScreenBrightness=-1, dozeScreenState=UNKNOWN, waitForNegativeProximity=false, changed=false

11-30 15:55:16.207  1216  1310 D PowerManagerService: updateDisplayPowerStateLocked: mDisplayReady=true, policy=3, mWakefulness=1, mWakeLockSummary=0x1, mUserActivitySummary=0x1, mBootCompleted=true, mScreenBrightnessBoostInProgress=false

11-30 15:55:16.207  1216  1310 D PowerManagerService: Acquiring suspend blocker "PowerManagerService.WakeLocks".

11-30 15:55:16.207  1216  1310 D PowerManagerNotifier: onWakeLockAcquired: flags=1, tag="*alarm*", packageName=android, ownerUid=1000, ownerPid=1216, workSource=WorkSource{1000}

11-30 15:55:16.207  1216  1216 D PowerManagerService: acquireWakeLockInternal: lock=73208558, flags=0x1, tag="SyncManagerHandleSyncAlarm", ws=null, uid=1000, pid=1216

11-30 15:55:16.208  1216  1216 D PowerManagerService: updateWakeLockSummaryLocked: mWakefulness=Awake, mWakeLockSummary=0x1

11-30 15:55:16.208  1216  1216 D PowerManagerService: updateUserActivitySummaryLocked: mWakefulness=Awake, mUserActivitySummary=0x1, nextTimeout=176217976 (in 99697 ms)

11-30 15:55:16.208  1216  1216 D DisplayPowerController: requestPowerState: policy=BRIGHT, useProximitySensor=false, screenBrightness=97, screenAutoBrightnessAdjustment=0.0, brightnessSetByUser=true, useAutoBrightness=false, blockScreenOn=false, lowPowerMode=false, boostScreenBrightness=false, dozeScreenBrightness=-1, dozeScreenState=UNKNOWN, waitForNegativeProximity=false, changed=false

11-30 15:55:16.208  1216  1216 D PowerManagerService: updateDisplayPowerStateLocked: mDisplayReady=true, policy=3, mWakefulness=1, mWakeLockSummary=0x1, mUserActivitySummary=0x1, mBootCompleted=true, mScreenBrightnessBoostInProgress=false

11-30 15:55:16.208  1216  1216 D PowerManagerNotifier: onWakeLockAcquired: flags=1, tag="SyncManagerHandleSyncAlarm", packageName=android, ownerUid=1000, ownerPid=1216, workSource=null

11-30 15:55:16.208  1216  1216 D ActivityThread: BDC-Calling finishReceiver: IIntentReceiver=5b37349

11-30 15:55:16.208  1216  1253 D ConnectivityService: getActiveNetworkInfo networkInfo = [type: MOBILE[HSPA+], state: CONNECTED/CONNECTED, reason: connected, extra: internet.beeline.ru, roaming: false, failover: false, isAvailable: true]

11-30 15:55:16.208  1216  1253 D PowerManagerService: acquireWakeLockInternal: lock=244797833, flags=0x1, tag="SyncLoopWakeLock", ws=null, uid=1000, pid=1216

11-30 15:55:16.208  1216  1253 D PowerManagerService: updateWakeLockSummaryLocked: mWakefulness=Awake, mWakeLockSummary=0x1

11-30 15:55:16.208  1216  1253 D PowerManagerService: updateUserActivitySummaryLocked: mWakefulness=Awake, mUserActivitySummary=0x1, nextTimeout=176217976 (in 99696 ms)

11-30 15:55:16.209  1216  1253 D DisplayPowerController: requestPowerState: policy=BRIGHT, useProximitySensor=false, screenBrightness=97, screenAutoBrightnessAdjustment=0.0, brightnessSetByUser=true, useAutoBrightness=false, blockScreenOn=false, lowPowerMode=false, boostScreenBrightness=false, dozeScreenBrightness=-1, dozeScreenState=UNKNOWN, waitForNegativeProximity=false, changed=false

11-30 15:55:16.209  1216  1253 D PowerManagerService: updateDisplayPowerStateLocked: mDisplayReady=true, policy=3, mWakefulness=1, mWakeLockSummary=0x1, mUserActivitySummary=0x1, mBootCompleted=true, mScreenBrightnessBoostInProgress=false

11-30 15:55:16.209  1216  1253 D PowerManagerNotifier: onWakeLockAcquired: flags=1, tag="SyncLoopWakeLock", packageName=android, ownerUid=1000, ownerPid=1216, workSource=null

11-30 15:55:16.209  1216  1216 D AlarmManager: onSendFinished begin

11-30 15:55:16.209  1216  1216 D PowerManagerService: releaseWakeLockInternal: lock=72845662 [*alarm*], flags=0x0, total_time=2ms

11-30 15:55:16.209  1216  1216 D PowerManagerNotifier: onWakeLockReleased: flags=1, tag="*alarm*", packageName=android, ownerUid=1000, ownerPid=1216, workSource=WorkSource{1000}

11-30 15:55:16.209  1216  1216 D PowerManagerService: updateWakeLockSummaryLocked: mWakefulness=Awake, mWakeLockSummary=0x1

11-30 15:55:16.209  1216  1216 D PowerManagerService: updateUserActivitySummaryLocked: mWakefulness=Awake, mUserActivitySummary=0x1, nextTimeout=176217976 (in 99696 ms)

11-30 15:55:16.209  1216  1216 D DisplayPowerController: requestPowerState: policy=BRIGHT, useProximitySensor=false, screenBrightness=97, screenAutoBrightnessAdjustment=0.0, brightnessSetByUser=true, useAutoBrightness=false, blockScreenOn=false, lowPowerMode=false, boostScreenBrightness=false, dozeScreenBrightness=-1, dozeScreenState=UNKNOWN, waitForNegativeProximity=false, changed=false

11-30 15:55:16.209  1216  1216 D PowerManagerService: updateDisplayPowerStateLocked: mDisplayReady=true, policy=3, mWakefulness=1, mWakeLockSummary=0x1, mUserActivitySummary=0x1, mBootCompleted=true, mScreenBrightnessBoostInProgress=false

11-30 15:55:16.221   506  1288 D AudioFlinger_Threads: thread 0xe8a40000 type 0 TID 1288 waking up

11-30 15:55:16.221   506  1280 D AudioFlinger_Threads: thread 0xe8e80000 type 0 TID 1280 waking up

11-30 15:55:16.221   506  1280 D AudioALSAStreamOut: latency(), flags 2, return 92

11-30 15:55:16.221   506  1288 D AudioALSAStreamOut: latency(), flags 4, return 10

11-30 15:55:16.222  1216 11384 D PowerManagerService: acquireWakeLockInternal: lock=67461021, flags=0x1, tag="AudioMix", ws=null, uid=1013, pid=0

11-30 15:55:16.222  1216 11384 D PowerManagerService: updateWakeLockSummaryLocked: mWakefulness=Awake, mWakeLockSummary=0x1

11-30 15:55:16.222  1216 11384 D PowerManagerService: updateUserActivitySummaryLocked: mWakefulness=Awake, mUserActivitySummary=0x1, nextTimeout=176217976 (in 99683 ms)

11-30 15:55:16.222 31768 31780 D AudioSystem: getIoDescriptor: ioHandle = 2, index = -2, mIoDescriptors = 0xe8d942d8

11-30 15:55:16.222  1216 11384 D DisplayPowerController: requestPowerState: policy=BRIGHT, useProximitySensor=false, screenBrightness=97, screenAutoBrightnessAdjustment=0.0, brightnessSetByUser=true, useAutoBrightness=false, blockScreenOn=false, lowPowerMode=false, boostScreenBrightness=false, dozeScreenBrightness=-1, dozeScreenState=UNKNOWN, waitForNegativeProximity=false, changed=false

11-30 15:55:16.222  1216 11384 D PowerManagerService: updateDisplayPowerStateLocked: mDisplayReady=true, policy=3, mWakefulness=1, mWakeLockSummary=0x1, mUserActivitySummary=0x1, mBootCompleted=true, mScreenBrightnessBoostInProgress=false

11-30 15:55:16.222  1216 11384 D PowerManagerNotifier: onWakeLockAcquired: flags=1, tag="AudioMix", packageName=media, ownerUid=1013, ownerPid=0, workSource=null

11-30 15:55:16.222 31768 31780 D AudioSystem: getIoDescriptor: ioHandle = 4, index = -2, mIoDescriptors = 0xe8d942d8

11-30 15:55:16.222  1216 11384 D PowerManagerService: acquireWakeLockInternal: lock=165264402, flags=0x1, tag="AudioMix", ws=null, uid=1013, pid=0

11-30 15:55:16.222  1216 11384 D PowerManagerService: updateWakeLockSummaryLocked: mWakefulness=Awake, mWakeLockSummary=0x1

11-30 15:55:16.222  1216 11384 D PowerManagerService: updateUserActivitySummaryLocked: mWakefulness=Awake, mUserActivitySummary=0x1, nextTimeout=176217976 (in 99682 ms)

11-30 15:55:16.222  1216 11384 D DisplayPowerController: requestPowerState: policy=BRIGHT, useProximitySensor=false, screenBrightness=97, screenAutoBrightnessAdjustment=0.0, brightnessSetByUser=true, useAutoBrightness=false, blockScreenOn=false, lowPowerMode=false, boostScreenBrightness=false, dozeScreenBrightness=-1, dozeScreenState=UNKNOWN, waitForNegativeProximity=false, changed=false

11-30 15:55:16.222  1216 11384 D PowerManagerService: updateDisplayPowerStateLocked: mDisplayReady=true, policy=3, mWakefulness=1, mWakeLockSummary=0x1, mUserActivitySummary=0x1, mBootCompleted=true, mScreenBrightnessBoostInProgress=false

11-30 15:55:16.222  1216 11384 D PowerManagerNotifier: onWakeLockAcquired: flags=1, tag="AudioMix", packageName=media, ownerUid=1013, ownerPid=0, workSource=null

11-30 15:55:16.223 31768 31792 D UE4     : [2020.11.30-12.55.16:223][  0]LogMoviePlayer: Initializing movie player

11-30 15:55:16.240 31768 31792 D UE4     : [2020.11.30-12.55.16:240][  0]LogTcpMessaging: Initializing TcpMessaging bridge, listening on 127.0.0.1:6666

11-30 15:55:16.246   363   847 I MAL-Daemon: mdfx_event_do_statistic(): [STATISTIC] TID = 847 has used 4387296 bytes!!

11-30 15:55:16.246   363   847 W MAL-Daemon: event_get_last_addr(): No data available!!

11-30 15:55:16.246   363   847 I MAL-Daemon: mdfx_event_do_statistic(): [STATISTIC] TID = 847 has used 4341396 bytes!!

11-30 15:55:16.246   363   844 I MAL-Daemon: [SIM_MNGR] 1102 EN_SIM:atcmd = (AT+ESIMAPP=0,0)

11-30 15:55:16.246   363   847 I MAL-Daemon: mdfx_event_do_statistic(): [STATISTIC] TID = 847 has used 4341400 bytes!!

11-30 15:55:16.246   363   844 W MAL-Daemon: event_get_last_addr(): No data available!!

11-30 15:55:16.246   363   847 I MAL-Daemon: mdfx_event_do_statistic(): [STATISTIC] TID = 847 has used 4341404 bytes!!

11-30 15:55:16.246   363   825 D MAL-Daemon: mdmngr_task_hdl(), receive event = 101 (vendor/mediatek/proprietary/frameworks/opt/mal/entity/mdmngr/mdmngr.c:36)

11-30 15:55:16.246   363   847 I MAL-Daemon: mdfx_event_do_statistic(): [STATISTIC] TID = 847 has used 4341400 bytes!!

11-30 15:55:16.246   363   825 D MAL-Daemon: EVENT_MDMNGR_ATCMD_REQ@MDMNGR, priv_data = f719e600, channel = 3, cmd = (AT+ESIMAPP=0,0) (vendor/mediatek/proprietary/frameworks/opt/mal/entity/mdmngr/mdmngr.c:67)

11-30 15:55:16.246   363   825 W MAL-Daemon: event_get_last_addr(): No data available!!

11-30 15:55:16.247   363   842 E MAL-Daemon: rilproxy_task_hdl(), receive event = 401

11-30 15:55:16.247   363   842 D MAL-Daemon: send ril request, request_id = 2130, serial_no = 116e000, length = 20000000, send_size = 32(20), fd = 30

11-30 15:55:16.250   363   840 D MAL-Daemon: recv ril resp, length = 28, type = 0, result = 0, serial_no = 116e000

11-30 15:55:16.250   363   840 D MAL-Daemon: event_id = 401

11-30 15:55:16.250   363   840 I MAL-Daemon: mdfx_event_do_statistic(): [STATISTIC] TID = 840 has used 1738429344 bytes!!

11-30 15:55:16.250   363   840 I MAL-Daemon: mdfx_event_do_statistic(): [STATISTIC] TID = 840 has used 1738383444 bytes!!

11-30 15:55:16.250   363   840 I MAL-Daemon: mdfx_event_do_statistic(): [STATISTIC] TID = 840 has used 1738337544 bytes!!

11-30 15:55:16.250   363   825 D MAL-Daemon: mdmngr_task_hdl(), receive event = 102 (vendor/mediatek/proprietary/frameworks/opt/mal/entity/mdmngr/mdmngr.c:36)

11-30 15:55:16.250   363   825 D MAL-Daemon: EVENT_MDMNGR_ATCMD_RESP@MDMNGR (vendor/mediatek/proprietary/frameworks/opt/mal/entity/mdmngr/mdmngr.c:115)

11-30 15:55:16.250   363   825 D MAL-Daemon: event_req = f719e600, ID = 101 (vendor/mediatek/proprietary/frameworks/opt/mal/entity/mdmngr/mdmngr.c:122)

11-30 15:55:16.250   363   825 D MAL-Daemon: atcmd_resp->priv_data = f719ee80 (vendor/mediatek/proprietary/frameworks/opt/mal/entity/mdmngr/mdmngr.c:125)

11-30 15:55:16.250   363   844 E MAL-Daemon: [SIM_MNGR]  297 EN_SIM:Non cache data request()!!

11-30 15:55:16.251   363   844 I MAL-Daemon: [SIM_MNGR] 1434 EN_SIM:EVENT_MDMNGR_ATCMD_RESP,event_id = 205, event_req = 0xf719ee80, result = 1, str = (ERROR


11-30 15:55:16.251   363   844 I MAL-Daemon: )

11-30 15:55:16.251   363   844 I MAL-Daemon: [SIM_MNGR] 1485 EN_SIM:atcmd = (AT+ESIMAPP=0)

11-30 15:55:16.251   363   844 W MAL-Daemon: event_get_last_addr(): No data available!!

11-30 15:55:16.251   363   825 D MAL-Daemon: mdmngr_task_hdl(), receive event = 101 (vendor/mediatek/proprietary/frameworks/opt/mal/entity/mdmngr/mdmngr.c:36)

11-30 15:55:16.251   363   825 D MAL-Daemon: EVENT_MDMNGR_ATCMD_REQ@MDMNGR, priv_data = f719ea80, channel = 3, cmd = (AT+ESIMAPP=0) (vendor/mediatek/proprietary/frameworks/opt/mal/entity/mdmngr/mdmngr.c:67)

11-30 15:55:16.251   363   825 W MAL-Daemon: event_get_last_addr(): No data available!!

11-30 15:55:16.251   363   842 E MAL-Daemon: rilproxy_task_hdl(), receive event = 401

11-30 15:55:16.251   363   842 D MAL-Daemon: send ril request, request_id = 2130, serial_no = 116e100, length = 20000000, send_size = 32(20), fd = 30

11-30 15:55:16.253  1216  1253 D PowerManagerService: acquireWakeLockInternal: lock=256968233, flags=0x1, tag="*sync*/com.google.android.gms.fitness/com.google/alexanderrouming@gmail.com", ws=WorkSource{10012}, uid=1000, pid=1216

11-30 15:55:16.253  1216  1253 D PowerManagerService: updateWakeLockSummaryLocked: mWakefulness=Awake, mWakeLockSummary=0x1

11-30 15:55:16.253  1216  1253 D PowerManagerService: updateUserActivitySummaryLocked: mWakefulness=Awake, mUserActivitySummary=0x1, nextTimeout=176217976 (in 99652 ms)

11-30 15:55:16.253  1216  1253 D DisplayPowerController: requestPowerState: policy=BRIGHT, useProximitySensor=false, screenBrightness=97, screenAutoBrightnessAdjustment=0.0, brightnessSetByUser=true, useAutoBrightness=false, blockScreenOn=false, lowPowerMode=false, boostScreenBrightness=false, dozeScreenBrightness=-1, dozeScreenState=UNKNOWN, waitForNegativeProximity=false, changed=false

11-30 15:55:16.253  1216  1253 D PowerManagerService: updateDisplayPowerStateLocked: mDisplayReady=true, policy=3, mWakefulness=1, mWakeLockSummary=0x1, mUserActivitySummary=0x1, mBootCompleted=true, mScreenBrightnessBoostInProgress=false

11-30 15:55:16.253  1216  1253 D PowerManagerNotifier: onWakeLockAcquired: flags=1, tag="*sync*/com.google.android.gms.fitness/com.google/alexanderrouming@gmail.com", packageName=android, ownerUid=1000, ownerPid=1216, workSource=WorkSource{10012}

11-30 15:55:16.254   363   840 D MAL-Daemon: recv ril resp, length = 28, type = 0, result = 0, serial_no = 116e100

11-30 15:55:16.254   363   840 D MAL-Daemon: event_id = 401

11-30 15:55:16.254   363   840 I MAL-Daemon: mdfx_event_do_statistic(): [STATISTIC] TID = 840 has used 1738383444 bytes!!

11-30 15:55:16.254   363   840 I MAL-Daemon: mdfx_event_do_statistic(): [STATISTIC] TID = 840 has used 1738337544 bytes!!

11-30 15:55:16.255   363   840 I MAL-Daemon: mdfx_event_do_statistic(): [STATISTIC] TID = 840 has used 1738291644 bytes!!

11-30 15:55:16.255   363   825 D MAL-Daemon: mdmngr_task_hdl(), receive event = 102 (vendor/mediatek/proprietary/frameworks/opt/mal/entity/mdmngr/mdmngr.c:36)

11-30 15:55:16.255   363   825 D MAL-Daemon: EVENT_MDMNGR_ATCMD_RESP@MDMNGR (vendor/mediatek/proprietary/frameworks/opt/mal/entity/mdmngr/mdmngr.c:115)

11-30 15:55:16.255   363   825 D MAL-Daemon: event_req = f719ea80, ID = 101 (vendor/mediatek/proprietary/frameworks/opt/mal/entity/mdmngr/mdmngr.c:122)

11-30 15:55:16.255   363   825 D MAL-Daemon: atcmd_resp->priv_data = f719ee80 (vendor/mediatek/proprietary/frameworks/opt/mal/entity/mdmngr/mdmngr.c:125)

11-30 15:55:16.255   363   844 E MAL-Daemon: [SIM_MNGR]  297 EN_SIM:Non cache data request()!!

11-30 15:55:16.255   363   844 I MAL-Daemon: [SIM_MNGR] 1434 EN_SIM:EVENT_MDMNGR_ATCMD_RESP,event_id = 205, event_req = 0xf719ee80, result = 1, str = (ERROR


11-30 15:55:16.255   363   844 I MAL-Daemon: )

11-30 15:55:16.255   363   847 I MAL-Daemon: mdfx_event_do_statistic(): [STATISTIC] TID = 847 has used 4387300 bytes!!

11-30 15:55:16.255   363   847 I MAL-Daemon: mdfx_event_do_statistic(): [STATISTIC] TID = 847 has used 4341400 bytes!!

11-30 15:55:16.255   363   847 W MAL-Daemon: [SIM_MNGR]  185 EN_SIM:simmngr_cache_load() SIM Type need retry result=1!!

11-30 15:55:16.269  1975  1975 D ActivityThread: SVC-Creating service: CreateServiceData{token=android.os.BinderProxy@5f8273c className=com.google.android.gms.fitness.sync.FitnessSyncAdapterService packageName=com.google.android.gms intent=null}

11-30 15:55:16.269  1216  1253 D PowerManagerService: acquireWakeLockInternal: lock=113531861, flags=0x1, tag="*sync*/com.google.android.gms.fitness/com.google/nuxcocosik@gmail.com", ws=WorkSource{10012}, uid=1000, pid=1216

11-30 15:55:16.269  1216  1253 D PowerManagerService: updateWakeLockSummaryLocked: mWakefulness=Awake, mWakeLockSummary=0x1

11-30 15:55:16.269  1216  1253 D PowerManagerService: updateUserActivitySummaryLocked: mWakefulness=Awake, mUserActivitySummary=0x1, nextTimeout=176217976 (in 99635 ms)

11-30 15:55:16.269  1216  1253 D DisplayPowerController: requestPowerState: policy=BRIGHT, useProximitySensor=false, screenBrightness=97, screenAutoBrightnessAdjustment=0.0, brightnessSetByUser=true, useAutoBrightness=false, blockScreenOn=false, lowPowerMode=false, boostScreenBrightness=false, dozeScreenBrightness=-1, dozeScreenState=UNKNOWN, waitForNegativeProximity=false, changed=false

11-30 15:55:16.269  1216  1253 D PowerManagerService: updateDisplayPowerStateLocked: mDisplayReady=true, policy=3, mWakefulness=1, mWakeLockSummary=0x1, mUserActivitySummary=0x1, mBootCompleted=true, mScreenBrightnessBoostInProgress=false

11-30 15:55:16.269  1216  1253 D PowerManagerNotifier: onWakeLockAcquired: flags=1, tag="*sync*/com.google.android.gms.fitness/com.google/nuxcocosik@gmail.com", packageName=android, ownerUid=1000, ownerPid=1216, workSource=WorkSource{10012}

11-30 15:55:16.274  1975  1975 V ActivityThread: handleBindService s=com.google.android.gms.fitness.sync.FitnessSyncAdapterService@b052cc5 rebind=false

11-30 15:55:16.277  1216  1253 D PowerManagerService: releaseWakeLockInternal: lock=73208558 [SyncManagerHandleSyncAlarm], flags=0x0, total_time=69ms

11-30 15:55:16.277  1216  1253 D PowerManagerNotifier: onWakeLockReleased: flags=1, tag="SyncManagerHandleSyncAlarm", packageName=android, ownerUid=1000, ownerPid=1216, workSource=null

11-30 15:55:16.277  1216  1253 D PowerManagerService: updateWakeLockSummaryLocked: mWakefulness=Awake, mWakeLockSummary=0x1

11-30 15:55:16.277  1216  1253 D PowerManagerService: updateUserActivitySummaryLocked: mWakefulness=Awake, mUserActivitySummary=0x1, nextTimeout=176217976 (in 99628 ms)

11-30 15:55:16.277  1216  1253 D DisplayPowerController: requestPowerState: policy=BRIGHT, useProximitySensor=false, screenBrightness=97, screenAutoBrightnessAdjustment=0.0, brightnessSetByUser=true, useAutoBrightness=false, blockScreenOn=false, lowPowerMode=false, boostScreenBrightness=false, dozeScreenBrightness=-1, dozeScreenState=UNKNOWN, waitForNegativeProximity=false, changed=false

11-30 15:55:16.277  1216  1253 D PowerManagerService: updateDisplayPowerStateLocked: mDisplayReady=true, policy=3, mWakefulness=1, mWakeLockSummary=0x1, mUserActivitySummary=0x1, mBootCompleted=true, mScreenBrightnessBoostInProgress=false

11-30 15:55:16.277  1216  1253 V AlarmManager: APP set(PendingIntent{fcadbe5: PendingIntentRecord{7d96ba android broadcastIntent}}) : type=2 triggerAtTime=176418324 win=0 tElapsed=176418324 maxElapsed=176418324 interval=0 flags=0x9

11-30 15:55:16.277  1216  1253 D PowerManagerService: releaseWakeLockInternal: lock=244797833 [SyncLoopWakeLock], flags=0x0, total_time=69ms

11-30 15:55:16.277  1216  1253 D PowerManagerNotifier: onWakeLockReleased: flags=1, tag="SyncLoopWakeLock", packageName=android, ownerUid=1000, ownerPid=1216, workSource=null

11-30 15:55:16.277  1216  1253 D PowerManagerService: updateWakeLockSummaryLocked: mWakefulness=Awake, mWakeLockSummary=0x1

11-30 15:55:16.277  1216  1253 D PowerManagerService: updateUserActivitySummaryLocked: mWakefulness=Awake, mUserActivitySummary=0x1, nextTimeout=176217976 (in 99627 ms)

11-30 15:55:16.277  1216  1253 D DisplayPowerController: requestPowerState: policy=BRIGHT, useProximitySensor=false, screenBrightness=97, screenAutoBrightnessAdjustment=0.0, brightnessSetByUser=true, useAutoBrightness=false, blockScreenOn=false, lowPowerMode=false, boostScreenBrightness=false, dozeScreenBrightness=-1, dozeScreenState=UNKNOWN, waitForNegativeProximity=false, changed=false

11-30 15:55:16.277  1216  1253 D PowerManagerService: updateDisplayPowerStateLocked: mDisplayReady=true, policy=3, mWakefulness=1, mWakeLockSummary=0x1, mUserActivitySummary=0x1, mBootCompleted=true, mScreenBrightnessBoostInProgress=false

11-30 15:55:16.277  1216  1253 D ConnectivityService: getActiveNetworkInfo networkInfo = [type: MOBILE[HSPA+], state: CONNECTED/CONNECTED, reason: connected, extra: internet.beeline.ru, roaming: false, failover: false, isAvailable: true]

11-30 15:55:16.278  1216  1253 D PowerManagerService: acquireWakeLockInternal: lock=244797833, flags=0x1, tag="SyncLoopWakeLock", ws=null, uid=1000, pid=1216

11-30 15:55:16.278  1216  1253 D PowerManagerService: updateWakeLockSummaryLocked: mWakefulness=Awake, mWakeLockSummary=0x1

11-30 15:55:16.278  1216  1253 D PowerManagerService: updateUserActivitySummaryLocked: mWakefulness=Awake, mUserActivitySummary=0x1, nextTimeout=176217976 (in 99627 ms)

11-30 15:55:16.278  1216  1253 D DisplayPowerController: requestPowerState: policy=BRIGHT, useProximitySensor=false, screenBrightness=97, screenAutoBrightnessAdjustment=0.0, brightnessSetByUser=true, useAutoBrightness=false, blockScreenOn=false, lowPowerMode=false, boostScreenBrightness=false, dozeScreenBrightness=-1, dozeScreenState=UNKNOWN, waitForNegativeProximity=false, changed=false

11-30 15:55:16.278  1216  1253 D PowerManagerService: updateDisplayPowerStateLocked: mDisplayReady=true, policy=3, mWakefulness=1, mWakeLockSummary=0x1, mUserActivitySummary=0x1, mBootCompleted=true, mScreenBrightnessBoostInProgress=false

11-30 15:55:16.278  1216  1253 D PowerManagerNotifier: onWakeLockAcquired: flags=1, tag="SyncLoopWakeLock", packageName=android, ownerUid=1000, ownerPid=1216, workSource=null

11-30 15:55:16.282  1216  1253 V AlarmManager: APP set(PendingIntent{fcadbe5: PendingIntentRecord{7d96ba android broadcastIntent}}) : type=2 triggerAtTime=176150120 win=0 tElapsed=176150120 maxElapsed=176150120 interval=0 flags=0x9

11-30 15:55:16.282  1216  1253 D AlarmManager: remove(operation) changed bounds; rebatching operation = PendingIntent{fcadbe5: PendingIntentRecord{7d96ba android broadcastIntent}}

11-30 15:55:16.283  1216  1253 D PowerManagerService: releaseWakeLockInternal: lock=244797833 [SyncLoopWakeLock], flags=0x0, total_time=5ms

11-30 15:55:16.283  1216  1216 W AlarmManager: sendNextAlarmClockChanged begin

11-30 15:55:16.283  1216  1253 D PowerManagerNotifier: onWakeLockReleased: flags=1, tag="SyncLoopWakeLock", packageName=android, ownerUid=1000, ownerPid=1216, workSource=null

11-30 15:55:16.283  1216  1253 D PowerManagerService: updateWakeLockSummaryLocked: mWakefulness=Awake, mWakeLockSummary=0x1

11-30 15:55:16.283  1216  1253 D PowerManagerService: updateUserActivitySummaryLocked: mWakefulness=Awake, mUserActivitySummary=0x1, nextTimeout=176217976 (in 99622 ms)

11-30 15:55:16.283  1216  1253 D DisplayPowerController: requestPowerState: policy=BRIGHT, useProximitySensor=false, screenBrightness=97, screenAutoBrightnessAdjustment=0.0, brightnessSetByUser=true, useAutoBrightness=false, blockScreenOn=false, lowPowerMode=false, boostScreenBrightness=false, dozeScreenBrightness=-1, dozeScreenState=UNKNOWN, waitForNegativeProximity=false, changed=false

11-30 15:55:16.283  1216  1253 D PowerManagerService: updateDisplayPowerStateLocked: mDisplayReady=true, policy=3, mWakefulness=1, mWakeLockSummary=0x1, mUserActivitySummary=0x1, mBootCompleted=true, mScreenBrightnessBoostInProgress=false

11-30 15:55:16.283  1216  1253 D ConnectivityService: getActiveNetworkInfo networkInfo = [type: MOBILE[HSPA+], state: CONNECTED/CONNECTED, reason: connected, extra: internet.beeline.ru, roaming: false, failover: false, isAvailable: true]

11-30 15:55:16.283  1216  1253 D PowerManagerService: acquireWakeLockInternal: lock=244797833, flags=0x1, tag="SyncLoopWakeLock", ws=null, uid=1000, pid=1216

11-30 15:55:16.283  1216  1253 D PowerManagerService: updateWakeLockSummaryLocked: mWakefulness=Awake, mWakeLockSummary=0x1

11-30 15:55:16.283  1216  1253 D PowerManagerService: updateUserActivitySummaryLocked: mWakefulness=Awake, mUserActivitySummary=0x1, nextTimeout=176217976 (in 99621 ms)

11-30 15:55:16.283  1216  1253 D DisplayPowerController: requestPowerState: policy=BRIGHT, useProximitySensor=false, screenBrightness=97, screenAutoBrightnessAdjustment=0.0, brightnessSetByUser=true, useAutoBrightness=false, blockScreenOn=false, lowPowerMode=false, boostScreenBrightness=false, dozeScreenBrightness=-1, dozeScreenState=UNKNOWN, waitForNegativeProximity=false, changed=false

11-30 15:55:16.283  1216  1253 D PowerManagerService: updateDisplayPowerStateLocked: mDisplayReady=true, policy=3, mWakefulness=1, mWakeLockSummary=0x1, mUserActivitySummary=0x1, mBootCompleted=true, mScreenBrightnessBoostInProgress=false

11-30 15:55:16.283  1216  1216 V SettingsProvider: name : next_alarm_formatted callingUid : 1000

11-30 15:55:16.283  1216  1253 D PowerManagerNotifier: onWakeLockAcquired: flags=1, tag="SyncLoopWakeLock", packageName=android, ownerUid=1000, ownerPid=1216, workSource=null

11-30 15:55:16.283  1216  1216 V ActivityManager: Broadcast: ******** ordered=false userid=0 callerApp=ProcessRecord{4392037 1216:system/1000}

11-30 15:55:16.284  1216  1216 W AlarmManager: sendNextAlarmClockChanged end

11-30 15:55:16.285  1452  1452 D KeyguardUpdateMonitor: handleTimeUpdate

11-30 15:55:16.285  1216  2402 D PowerManagerService: acquireWakeLockInternal: lock=109886314, flags=0x1, tag="NlpWakeLock", ws=WorkSource{10012 com.google.android.gms}, uid=10012, pid=1975

11-30 15:55:16.285  1216  2402 D PowerManagerService: updateWakeLockSummaryLocked: mWakefulness=Awake, mWakeLockSummary=0x1

11-30 15:55:16.286  1216  2402 D PowerManagerService: updateUserActivitySummaryLocked: mWakefulness=Awake, mUserActivitySummary=0x1, nextTimeout=176217976 (in 99619 ms)

11-30 15:55:16.286  1216  2402 D DisplayPowerController: requestPowerState: policy=BRIGHT, useProximitySensor=false, screenBrightness=97, screenAutoBrightnessAdjustment=0.0, brightnessSetByUser=true, useAutoBrightness=false, blockScreenOn=false, lowPowerMode=false, boostScreenBrightness=false, dozeScreenBrightness=-1, dozeScreenState=UNKNOWN, waitForNegativeProximity=false, changed=false

11-30 15:55:16.286  1216  2402 D PowerManagerService: updateDisplayPowerStateLocked: mDisplayReady=true, policy=3, mWakefulness=1, mWakeLockSummary=0x1, mUserActivitySummary=0x1, mBootCompleted=true, mScreenBrightnessBoostInProgress=false

11-30 15:55:16.286  1216  2402 D PowerManagerNotifier: onWakeLockAcquired: flags=1, tag="NlpWakeLock", packageName=com.google.android.gms, ownerUid=10012, ownerPid=1975, workSource=WorkSource{10012 com.google.android.gms}

11-30 15:55:16.286 31768 31792 D UE4     : [2020.11.30-12.55.16:286][  0]LogUdpMessaging: Initializing bridge on interface 0.0.0.0:0 to multicast group 230.0.0.1:6666.

11-30 15:55:16.286  1216  1227 D AlarmManager: getNextAlarmClockImpl is called before Lock 

11-30 15:55:16.286  1216  1227 D AlarmManager: getNextAlarmClockImpl is called in Lock 

11-30 15:55:16.286  1216  1253 V AlarmManager: APP set(PendingIntent{fcadbe5: PendingIntentRecord{7d96ba android broadcastIntent}}) : type=2 triggerAtTime=176418324 win=0 tElapsed=176418324 maxElapsed=176418324 interval=0 flags=0x9

11-30 15:55:16.287  1216  1253 D AlarmManager: remove(operation) changed bounds; rebatching operation = PendingIntent{fcadbe5: PendingIntentRecord{7d96ba android broadcastIntent}}

11-30 15:55:16.287  1216  2165 D PowerManagerService: releaseWakeLockInternal: lock=109886314 [NlpWakeLock], flags=0x0, total_time=1ms

11-30 15:55:16.287  1216  2165 D PowerManagerNotifier: onWakeLockReleased: flags=1, tag="NlpWakeLock", packageName=com.google.android.gms, ownerUid=10012, ownerPid=1975, workSource=WorkSource{10012 com.google.android.gms}

11-30 15:55:16.287  1216  2165 D PowerManagerService: updateWakeLockSummaryLocked: mWakefulness=Awake, mWakeLockSummary=0x1

11-30 15:55:16.287  1216  2165 D PowerManagerService: updateUserActivitySummaryLocked: mWakefulness=Awake, mUserActivitySummary=0x1, nextTimeout=176217976 (in 99617 ms)

11-30 15:55:16.287  1216  1216 W AlarmManager: sendNextAlarmClockChanged begin

11-30 15:55:16.288  1216  2165 D DisplayPowerController: requestPowerState: policy=BRIGHT, useProximitySensor=false, screenBrightness=97, screenAutoBrightnessAdjustment=0.0, brightnessSetByUser=true, useAutoBrightness=false, blockScreenOn=false, lowPowerMode=false, boostScreenBrightness=false, dozeScreenBrightness=-1, dozeScreenState=UNKNOWN, waitForNegativeProximity=false, changed=false

11-30 15:55:16.288  1216  2165 D PowerManagerService: updateDisplayPowerStateLocked: mDisplayReady=true, policy=3, mWakefulness=1, mWakeLockSummary=0x1, mUserActivitySummary=0x1, mBootCompleted=true, mScreenBrightnessBoostInProgress=false

11-30 15:55:16.288  1216  1253 D PowerManagerService: releaseWakeLockInternal: lock=244797833 [SyncLoopWakeLock], flags=0x0, total_time=4ms

11-30 15:55:16.288  1216  1253 D PowerManagerNotifier: onWakeLockReleased: flags=1, tag="SyncLoopWakeLock", packageName=android, ownerUid=1000, ownerPid=1216, workSource=null

11-30 15:55:16.288  1216  1253 D PowerManagerService: updateWakeLockSummaryLocked: mWakefulness=Awake, mWakeLockSummary=0x1

11-30 15:55:16.288  1216  1253 D PowerManagerService: updateUserActivitySummaryLocked: mWakefulness=Awake, mUserActivitySummary=0x1, nextTimeout=176217976 (in 99617 ms)

11-30 15:55:16.288  1216  1253 D DisplayPowerController: requestPowerState: policy=BRIGHT, useProximitySensor=false, screenBrightness=97, screenAutoBrightnessAdjustment=0.0, brightnessSetByUser=true, useAutoBrightness=false, blockScreenOn=false, lowPowerMode=false, boostScreenBrightness=false, dozeScreenBrightness=-1, dozeScreenState=UNKNOWN, waitForNegativeProximity=false, changed=false

11-30 15:55:16.288  1216  1216 V SettingsProvider: name : next_alarm_formatted callingUid : 1000

11-30 15:55:16.288  1216  1253 D PowerManagerService: updateDisplayPowerStateLocked: mDisplayReady=true, policy=3, mWakefulness=1, mWakeLockSummary=0x1, mUserActivitySummary=0x1, mBootCompleted=true, mScreenBrightnessBoostInProgress=false

11-30 15:55:16.288  1216  1253 D ConnectivityService: getActiveNetworkInfo networkInfo = [type: MOBILE[HSPA+], state: CONNECTED/CONNECTED, reason: connected, extra: internet.beeline.ru, roaming: false, failover: false, isAvailable: true]

11-30 15:55:16.288  1216  1253 D PowerManagerService: acquireWakeLockInternal: lock=244797833, flags=0x1, tag="SyncLoopWakeLock", ws=null, uid=1000, pid=1216

11-30 15:55:16.288  1216  1216 V ActivityManager: Broadcast: ******** ordered=false userid=0 callerApp=ProcessRecord{4392037 1216:system/1000}

11-30 15:55:16.288  1216  1253 D PowerManagerService: updateWakeLockSummaryLocked: mWakefulness=Awake, mWakeLockSummary=0x1

11-30 15:55:16.288  1216  1253 D PowerManagerService: updateUserActivitySummaryLocked: mWakefulness=Awake, mUserActivitySummary=0x1, nextTimeout=176217976 (in 99616 ms)

11-30 15:55:16.288  1216  1253 D DisplayPowerController: requestPowerState: policy=BRIGHT, useProximitySensor=false, screenBrightness=97, screenAutoBrightnessAdjustment=0.0, brightnessSetByUser=true, useAutoBrightness=false, blockScreenOn=false, lowPowerMode=false, boostScreenBrightness=false, dozeScreenBrightness=-1, dozeScreenState=UNKNOWN, waitForNegativeProximity=false, changed=false

11-30 15:55:16.288  1216  1253 D PowerManagerService: updateDisplayPowerStateLocked: mDisplayReady=true, policy=3, mWakefulness=1, mWakeLockSummary=0x1, mUserActivitySummary=0x1, mBootCompleted=true, mScreenBrightnessBoostInProgress=false

11-30 15:55:16.288  1216  1253 D PowerManagerNotifier: onWakeLockAcquired: flags=1, tag="SyncLoopWakeLock", packageName=android, ownerUid=1000, ownerPid=1216, workSource=null

11-30 15:55:16.289  1216  1216 W AlarmManager: sendNextAlarmClockChanged end

11-30 15:55:16.289  1452  1452 D KeyguardUpdateMonitor: handleTimeUpdate

11-30 15:55:16.290  1216 22009 D PowerManagerService: acquireWakeLockInternal: lock=109886314, flags=0x1, tag="NlpWakeLock", ws=WorkSource{10012 com.google.android.gms}, uid=10012, pid=1975

11-30 15:55:16.290  1216 22009 D PowerManagerService: updateWakeLockSummaryLocked: mWakefulness=Awake, mWakeLockSummary=0x1

11-30 15:55:16.290 31768 31792 D UE4     : [2020.11.30-12.55.16:290][  0]LogAndroidPermission: UAndroidPermissionCallbackProxy::GetInstance

11-30 15:55:16.290  1216 22009 D PowerManagerService: updateUserActivitySummaryLocked: mWakefulness=Awake, mUserActivitySummary=0x1, nextTimeout=176217976 (in 99614 ms)

11-30 15:55:16.290  1216 22009 D DisplayPowerController: requestPowerState: policy=BRIGHT, useProximitySensor=false, screenBrightness=97, screenAutoBrightnessAdjustment=0.0, brightnessSetByUser=true, useAutoBrightness=false, blockScreenOn=false, lowPowerMode=false, boostScreenBrightness=false, dozeScreenBrightness=-1, dozeScreenState=UNKNOWN, waitForNegativeProximity=false, changed=false

11-30 15:55:16.291  1216 22009 D PowerManagerService: updateDisplayPowerStateLocked: mDisplayReady=true, policy=3, mWakefulness=1, mWakeLockSummary=0x1, mUserActivitySummary=0x1, mBootCompleted=true, mScreenBrightnessBoostInProgress=false

11-30 15:55:16.291  1216 22009 D PowerManagerNotifier: onWakeLockAcquired: flags=1, tag="NlpWakeLock", packageName=com.google.android.gms, ownerUid=10012, ownerPid=1975, workSource=WorkSource{10012 com.google.android.gms}

11-30 15:55:16.291 31768 31792 D UE4     : [2020.11.30-12.55.16:291][  0]LogGooglePAD: Display: GooglePAD disabled.

11-30 15:55:16.291 31768 31792 D UE4     : [2020.11.30-12.55.16:291][  0]LogOcInput: OculusInput pre-init called

11-30 15:55:16.291  1216  2405 D AlarmManager: getNextAlarmClockImpl is called before Lock 

11-30 15:55:16.291  1216  2405 D AlarmManager: getNextAlarmClockImpl is called in Lock 

11-30 15:55:16.291  1216  1253 D PowerManagerService: releaseWakeLockInternal: lock=244797833 [SyncLoopWakeLock], flags=0x0, total_time=3ms

11-30 15:55:16.292  1216  1253 D PowerManagerNotifier: onWakeLockReleased: flags=1, tag="SyncLoopWakeLock", packageName=android, ownerUid=1000, ownerPid=1216, workSource=null

11-30 15:55:16.292  1216  1253 D PowerManagerService: updateWakeLockSummaryLocked: mWakefulness=Awake, mWakeLockSummary=0x1

11-30 15:55:16.292  1216  1253 D PowerManagerService: updateUserActivitySummaryLocked: mWakefulness=Awake, mUserActivitySummary=0x1, nextTimeout=176217976 (in 99613 ms)

11-30 15:55:16.292  1216  1253 D DisplayPowerController: requestPowerState: policy=BRIGHT, useProximitySensor=false, screenBrightness=97, screenAutoBrightnessAdjustment=0.0, brightnessSetByUser=true, useAutoBrightness=false, blockScreenOn=false, lowPowerMode=false, boostScreenBrightness=false, dozeScreenBrightness=-1, dozeScreenState=UNKNOWN, waitForNegativeProximity=false, changed=false

11-30 15:55:16.292  1216  1253 D PowerManagerService: updateDisplayPowerStateLocked: mDisplayReady=true, policy=3, mWakefulness=1, mWakeLockSummary=0x1, mUserActivitySummary=0x1, mBootCompleted=true, mScreenBrightnessBoostInProgress=false

11-30 15:55:16.292  1216 11385 D PowerManagerService: releaseWakeLockInternal: lock=109886314 [NlpWakeLock], flags=0x0, total_time=1ms

11-30 15:55:16.292  1216 11385 D PowerManagerNotifier: onWakeLockReleased: flags=1, tag="NlpWakeLock", packageName=com.google.android.gms, ownerUid=10012, ownerPid=1975, workSource=WorkSource{10012 com.google.android.gms}

11-30 15:55:16.292  1216 11385 D PowerManagerService: updateWakeLockSummaryLocked: mWakefulness=Awake, mWakeLockSummary=0x1

11-30 15:55:16.292  1216 11385 D PowerManagerService: updateUserActivitySummaryLocked: mWakefulness=Awake, mUserActivitySummary=0x1, nextTimeout=176217976 (in 99612 ms)

11-30 15:55:16.292  1216 11385 D DisplayPowerController: requestPowerState: policy=BRIGHT, useProximitySensor=false, screenBrightness=97, screenAutoBrightnessAdjustment=0.0, brightnessSetByUser=true, useAutoBrightness=false, blockScreenOn=false, lowPowerMode=false, boostScreenBrightness=false, dozeScreenBrightness=-1, dozeScreenState=UNKNOWN, waitForNegativeProximity=false, changed=false

11-30 15:55:16.292  1216 11385 D PowerManagerService: updateDisplayPowerStateLocked: mDisplayReady=true, policy=3, mWakefulness=1, mWakeLockSummary=0x1, mUserActivitySummary=0x1, mBootCompleted=true, mScreenBrightnessBoostInProgress=false

11-30 15:55:16.294  1216  2404 V AlarmManager: APP set(PendingIntent{902485b: PendingIntentRecord{d359718 com.google.android.gms startService}}) : type=2 triggerAtTime=315536118365 win=-1 tElapsed=315536118365 maxElapsed=552056118364 interval=0 flags=0x0

11-30 15:55:16.295  1216  2404 D AlarmManager: remove(operation) changed bounds; rebatching operation = PendingIntent{902485b: PendingIntentRecord{d359718 com.google.android.gms startService}}

11-30 15:55:16.295  1216  1216 W AlarmManager: sendNextAlarmClockChanged begin

11-30 15:55:16.296  1216  1216 V SettingsProvider: name : next_alarm_formatted callingUid : 1000

11-30 15:55:16.297  1216  1216 V ActivityManager: Broadcast: ******** ordered=false userid=0 callerApp=ProcessRecord{4392037 1216:system/1000}

11-30 15:55:16.298  1975  1975 D ActivityThread: SVC-Creating service: CreateServiceData{token=android.os.BinderProxy@4aa9b27 className=com.google.android.gms.fitness.cache.DataUpdateListenerCacheService packageName=com.google.android.gms intent=null}

11-30 15:55:16.298  1216  1216 W AlarmManager: sendNextAlarmClockChanged end

11-30 15:55:16.299  1452  1452 D KeyguardUpdateMonitor: handleTimeUpdate

11-30 15:55:16.300  1216  2228 D PowerManagerService: acquireWakeLockInternal: lock=109886314, flags=0x1, tag="NlpWakeLock", ws=WorkSource{10012 com.google.android.gms}, uid=10012, pid=1975

11-30 15:55:16.300  1216  2228 D PowerManagerService: updateWakeLockSummaryLocked: mWakefulness=Awake, mWakeLockSummary=0x1

11-30 15:55:16.300  1216  2228 D PowerManagerService: updateUserActivitySummaryLocked: mWakefulness=Awake, mUserActivitySummary=0x1, nextTimeout=176217976 (in 99605 ms)

11-30 15:55:16.300  1216  2228 D DisplayPowerController: requestPowerState: policy=BRIGHT, useProximitySensor=false, screenBrightness=97, screenAutoBrightnessAdjustment=0.0, brightnessSetByUser=true, useAutoBrightness=false, blockScreenOn=false, lowPowerMode=false, boostScreenBrightness=false, dozeScreenBrightness=-1, dozeScreenState=UNKNOWN, waitForNegativeProximity=false, changed=false

11-30 15:55:16.300  1216  2228 D PowerManagerService: updateDisplayPowerStateLocked: mDisplayReady=true, policy=3, mWakefulness=1, mWakeLockSummary=0x1, mUserActivitySummary=0x1, mBootCompleted=true, mScreenBrightnessBoostInProgress=false

11-30 15:55:16.300  1216  2228 D PowerManagerNotifier: onWakeLockAcquired: flags=1, tag="NlpWakeLock", packageName=com.google.android.gms, ownerUid=10012, ownerPid=1975, workSource=WorkSource{10012 com.google.android.gms}

11-30 15:55:16.300  1975  1975 D ActivityThread: SVC-Calling onStartCommand: com.google.android.gms.fitness.cache.DataUpdateListenerCacheService@f1421d4, flags=0, startId=1

11-30 15:55:16.301  1216  2168 D AlarmManager: getNextAlarmClockImpl is called before Lock 

11-30 15:55:16.301  1216  2168 D AlarmManager: getNextAlarmClockImpl is called in Lock 

11-30 15:55:16.301  1216  1407 D PowerManagerService: releaseWakeLockInternal: lock=109886314 [NlpWakeLock], flags=0x0, total_time=2ms

11-30 15:55:16.302  1216  1407 D PowerManagerNotifier: onWakeLockReleased: flags=1, tag="NlpWakeLock", packageName=com.google.android.gms, ownerUid=10012, ownerPid=1975, workSource=WorkSource{10012 com.google.android.gms}

11-30 15:55:16.302  1216  1407 D PowerManagerService: updateWakeLockSummaryLocked: mWakefulness=Awake, mWakeLockSummary=0x1

11-30 15:55:16.302  1216  1407 D PowerManagerService: updateUserActivitySummaryLocked: mWakefulness=Awake, mUserActivitySummary=0x1, nextTimeout=176217976 (in 99603 ms)

11-30 15:55:16.302  1216  1407 D DisplayPowerController: requestPowerState: policy=BRIGHT, useProximitySensor=false, screenBrightness=97, screenAutoBrightnessAdjustment=0.0, brightnessSetByUser=true, useAutoBrightness=false, blockScreenOn=false, lowPowerMode=false, boostScreenBrightness=false, dozeScreenBrightness=-1, dozeScreenState=UNKNOWN, waitForNegativeProximity=false, changed=false

11-30 15:55:16.302  1216  1407 D PowerManagerService: updateDisplayPowerStateLocked: mDisplayReady=true, policy=3, mWakefulness=1, mWakeLockSummary=0x1, mUserActivitySummary=0x1, mBootCompleted=true, mScreenBrightnessBoostInProgress=false

11-30 15:55:16.302  1975  1975 D ActivityThread: SVC-Destroying service: com.google.android.gms.fitness.cache.DataUpdateListenerCacheService@f1421d4

11-30 15:55:16.307 31768 31792 D UE4     : [2020.11.30-12.55.16:307][  0]LogUObjectArray: 13692 objects as part of root set at end of initial load.

11-30 15:55:16.307 31768 31792 D UE4     : [2020.11.30-12.55.16:307][  0]LogUObjectArray: 2 objects are not in the root set, but can never be destroyed because they are in the DisregardForGC set.

11-30 15:55:16.307 31768 31792 D UE4     : [2020.11.30-12.55.16:307][  0]LogUObjectAllocator: 1941600 out of 0 bytes used by permanent object pool.

11-30 15:55:16.307 31768 31792 D UE4     : [2020.11.30-12.55.16:307][  0]LogUObjectArray: CloseDisregardForGC: 13692/13692 objects in disregard for GC pool

11-30 15:55:16.309  1975 31863 D SQLiteDatabase: beginTransaction()

11-30 15:55:16.310  1975 31863 D SQLiteDatabase: endTransaction()

11-30 15:55:16.312  1975 31867 D SQLiteDatabase: beginTransaction()

11-30 15:55:16.314  1975 31863 D SQLiteDatabase: beginTransaction()

11-30 15:55:16.314  1975 31867 D SQLiteDatabase: endTransaction()

11-30 15:55:16.314  1975 31867 D SQLiteDatabase: beginTransaction()

11-30 15:55:16.315  1975 31863 D SQLiteDatabase: endTransaction()

11-30 15:55:16.315  1216  1253 D ConnectivityService: getActiveNetworkInfo networkInfo = [type: MOBILE[HSPA+], state: CONNECTED/CONNECTED, reason: connected, extra: internet.beeline.ru, roaming: false, failover: false, isAvailable: true]

11-30 15:55:16.315  1975 31867 D SQLiteDatabase: endTransaction()

11-30 15:55:16.315  1216  1253 D PowerManagerService: acquireWakeLockInternal: lock=244797833, flags=0x1, tag="SyncLoopWakeLock", ws=null, uid=1000, pid=1216

11-30 15:55:16.315  1216  1253 D PowerManagerService: updateWakeLockSummaryLocked: mWakefulness=Awake, mWakeLockSummary=0x1

11-30 15:55:16.315  1216  1253 D PowerManagerService: updateUserActivitySummaryLocked: mWakefulness=Awake, mUserActivitySummary=0x1, nextTimeout=176217976 (in 99589 ms)

11-30 15:55:16.315  1216  1253 D DisplayPowerController: requestPowerState: policy=BRIGHT, useProximitySensor=false, screenBrightness=97, screenAutoBrightnessAdjustment=0.0, brightnessSetByUser=true, useAutoBrightness=false, blockScreenOn=false, lowPowerMode=false, boostScreenBrightness=false, dozeScreenBrightness=-1, dozeScreenState=UNKNOWN, waitForNegativeProximity=false, changed=false

11-30 15:55:16.315  1216  1253 D PowerManagerService: updateDisplayPowerStateLocked: mDisplayReady=true, policy=3, mWakefulness=1, mWakeLockSummary=0x1, mUserActivitySummary=0x1, mBootCompleted=true, mScreenBrightnessBoostInProgress=false

11-30 15:55:16.315  1216  1253 D PowerManagerNotifier: onWakeLockAcquired: flags=1, tag="SyncLoopWakeLock", packageName=android, ownerUid=1000, ownerPid=1216, workSource=null

11-30 15:55:16.318  1216  1253 D PowerManagerService: releaseWakeLockInternal: lock=256968233 [*sync*/com.google.android.gms.fitness/com.google/alexanderrouming@gmail.com], flags=0x0, total_time=66ms

11-30 15:55:16.318  1216  1253 D PowerManagerNotifier: onWakeLockReleased: flags=1, tag="*sync*/com.google.android.gms.fitness/com.google/alexanderrouming@gmail.com", packageName=android, ownerUid=1000, ownerPid=1216, workSource=WorkSource{10012}

11-30 15:55:16.318  1216  1253 D PowerManagerService: updateWakeLockSummaryLocked: mWakefulness=Awake, mWakeLockSummary=0x1

11-30 15:55:16.318  1216  1253 D PowerManagerService: updateUserActivitySummaryLocked: mWakefulness=Awake, mUserActivitySummary=0x1, nextTimeout=176217976 (in 99586 ms)

11-30 15:55:16.318  1216  1253 D DisplayPowerController: requestPowerState: policy=BRIGHT, useProximitySensor=false, screenBrightness=97, screenAutoBrightnessAdjustment=0.0, brightnessSetByUser=true, useAutoBrightness=false, blockScreenOn=false, lowPowerMode=false, boostScreenBrightness=false, dozeScreenBrightness=-1, dozeScreenState=UNKNOWN, waitForNegativeProximity=false, changed=false

11-30 15:55:16.318  1216  1253 D PowerManagerService: updateDisplayPowerStateLocked: mDisplayReady=true, policy=3, mWakefulness=1, mWakeLockSummary=0x1, mUserActivitySummary=0x1, mBootCompleted=true, mScreenBrightnessBoostInProgress=false

