01-09 20:05:51.479 30517 30517 D CameraMetadataJV: setAppNameAndSensorId com.android.camera, sensorId:61
01-09 20:05:51.479 30517 30517 D CameraMetadataJV: setAppNameAndSensorId mIsXiaomCam:true
01-09 20:05:51.484 30517 30517 D CAM_Camera2CompatAdapterCommon: ====================================================================
01-09 20:05:51.484 30517 30517 D CAM_Camera2CompatAdapterCommon:  BACK: [main, aux, sat, bokeh, virtual, infrared] = [0, 20, 61, -1, -1, -1]
01-09 20:05:51.484 30517 30517 D CAM_Camera2CompatAdapterCommon: FRONT: [main, aux, sat, bokeh, virtual, infrared] = [1, -1, -1, -1, -1, -1]
01-09 20:05:51.484 30517 30517 D CAM_Camera2CompatAdapterCommon: ====================================================================
01-09 20:05:51.484 30517 30517 D CAM_Camera2CompatAdapterCommon: X: init()
01-09 20:05:51.486 30517 30550 E CAM_WatermarkMiSysUtils: isFileExist NO Permission!!!!
01-09 20:05:51.486 30517 30550 E CAM_WatermarkMiSysUtils: isFileExist NO Permission!!!!
01-09 20:05:51.487 25929 30538 I System.out: [OkHttp] sendRequest<<
01-09 20:05:51.508 30517 30517 D CAM_LocalParallelService: onCreate: start
01-09 20:05:51.508 30517 30517 D ReprocessorFactory: reprocessorType = VIRTUAL_CAMERA
01-09 20:05:51.508 30517 30517 D ReprocessorFactory: getReprocessor: type = HARDWARE_CODEC
01-09 20:05:51.509 30517 30517 D HardwareCodecReprocessor: init: E
01-09 20:05:51.511 30517 30517 D HardwareCodecReprocessor: init: X
01-09 20:05:51.511 30517 30517 D MiCameraAlgo: init: start
01-09 20:05:51.511 30517 30517 D MiCameraAlgo: init: application file path to algorithm lib:/data/user/0/com.android.camera/files
01-09 20:05:51.511 30517 30517 E MiCamAlgoInterfaceJNI: start loading com.xiaomi.camera.algojni
01-09 20:05:51.512   582   582 I SurfaceFlinger: screenshot (control_center#0)
01-09 20:05:51.512   582   582 I SurfaceFlinger: isIncludeStatusBarAndNavBar (1)
01-09 20:05:51.512   582   582 I SurfaceFlinger: screenshot (MiuiContrastOverlay#0)
01-09 20:05:51.512   582   582 I SurfaceFlinger: isIncludeStatusBarAndNavBar (1)
01-09 20:05:51.517 30517 30517 D MiCamAlgoInterfaceJNI: static initializer: loadLibrary com.xiaomi.camera.algojni
01-09 20:05:51.523 30517 30517 E linker  : normalize_path - invalid input: "D", the input path should be absolute
01-09 20:05:51.523 30517 30517 W linker  : Warning: unable to normalize "D" (ignoring)
01-09 20:05:51.523 30517 30517 E linker  : normalize_path - invalid input: "\Altek_Android\android-ndk\android-ndk-r18b\toolchains\llvm\prebuilt\windows-x86_64\lib64\clang\7.0.2\lib\linux\aarch64", the input path should be absolute
01-09 20:05:51.523 30517 30517 W linker  : Warning: unable to normalize "\Altek_Android\android-ndk\android-ndk-r18b\toolchains\llvm\prebuilt\windows-x86_64\lib64\clang\7.0.2\lib\linux\aarch64" (ignoring)
01-09 20:05:51.528 30517 30517 E linker  : normalize_path - invalid input: "D", the input path should be absolute
01-09 20:05:51.528 30517 30517 W linker  : Warning: unable to normalize "D" (ignoring)
01-09 20:05:51.528 30517 30517 E linker  : normalize_path - invalid input: "\Altek_Android\android-ndk\android-ndk-r18b\toolchains\llvm\prebuilt\windows-x86_64\lib64\clang\7.0.2\lib\linux\aarch64", the input path should be absolute
01-09 20:05:51.528 30517 30517 W linker  : Warning: unable to normalize "\Altek_Android\android-ndk\android-ndk-r18b\toolchains\llvm\prebuilt\windows-x86_64\lib64\clang\7.0.2\lib\linux\aarch64" (ignoring)
01-09 20:05:51.528 30517 30517 W linker  : Warning: "/vendor/lib64/libalCFR.so" unused DT entry: DT_RPATH (type 0xf arg 0x405f) (ignoring)
01-09 20:05:51.528 30517 30517 W linker  : Warning: "/vendor/lib64/libmibokeh_mt6785.so" unused DT entry: DT_RPATH (type 0xf arg 0x2350) (ignoring)
01-09 20:05:51.544 25501 28871 W NetworkScheduler: Error inserting flex_time=3599000 job_id=-1 period=7200000 source=16 requires_charging=0 preferred_network_type=1 target_class=com.google.android.gms.measurement.PackageMeasurementTaskService user_id=0 target_package=com.google.android.gms tag=Measurement.PackageMeasurementTaskService.UPLOAD_TASK_TAG task_type=0 required_idleness_state=0 service_kind=0 source_version=204714000 persistence_level=1 preferred_charging_state=1 required_network_type=0 runtime=1610211951542 retry_strategy={"maximum_backoff_seconds":{"3600":0},"initial_backoff_seconds":{"30":0},"retry_policy":{"0":0}} last_runtime=0, error message: UNIQUE constraint failed: pending_ops.tag, pending_ops.target_class, pending_ops.target_package, pending_ops.user_id (code 2067 SQLITE_CONSTRAINT_UNIQUE) [CONTEXT service_id=218 ]
01-09 20:05:51.556 30358 30481 E msgr.msys: E[N rtchannel]_rt_mqtt_publish_callback(353)=>Failed to publish the request over MQTT. token:e07720ee-c7c6-4fcf-986d-f363af3b907a, category:mcd-sync-data-task-category, requestId:13108, error:Error Domain=mqtt Code=3008
01-09 20:05:51.556 30358 30481 E msgr.msys: E[N rtchannel]_rt_mqtt_publish_callback(353)=>Failed to publish the request over MQTT. token:e23974dd-e77a-4dee-af4b-39055d4e7d34, category:mcd-sync-data-task-category, requestId:25036, error:Error Domain=mqtt Code=3008
01-09 20:05:51.557 30358 30480 E msgr.msys: E[S sync]_createResponseError(164)=>Network Response e07720ee-c7c6-4fcf-986d-f363af3b907a contains sync error Error Domain=mqtt Code=3008 - Underlying error (null): Error Domain=mqtt Code=3008
01-09 20:05:51.559 30358 30480 E msgr.msys: E[S sync]_createResponseError(164)=>Network Response e23974dd-e77a-4dee-af4b-39055d4e7d34 contains sync error Error Domain=mqtt Code=3008 - Underlying error (null): Error Domain=mqtt Code=3008
01-09 20:05:51.566 30517 30517 D neuron  : DEBUG: init vpu target and custom platform
01-09 20:05:51.566 30517 30517 I MI_Algo_JNI: ###Open /vendor/lib64/libmialgoengine.so with handle:0x6619698588d810f1
01-09 20:05:51.566 30517 30517 I MI_Algo_JNI: Got the function pointer:0x70b40be698 
01-09 20:05:51.566 30517 30517 I MI_Algo_JNI: Got the MiaInterface pointer:0x70b40f3008 
01-09 20:05:51.566 30517 30517 I MI_Algo_JNI: Init in Java_com_xiaomi_engine_MiCamAlgoInterfaceJNI_init 266 mCAI 0x70b40f3008
01-09 20:05:51.566 30517 30517 I MI_Algo_JNI: Init in Java_com_xiaomi_engine_MiCamAlgoInterfaceJNI_init 279 mCAI /data/user/0/com.android.camera/files
01-09 20:05:51.566 30517 30517 D MIA_INTF: [MIAInit:34]:E
01-09 20:05:51.566 30517 30517 D MIA_SRVC: [MiaService:27]:E 0x7115d73c80
01-09 20:05:51.566 30517 30517 I MIA_SRVC: [init:49]:E
01-09 20:05:51.566 30517 30517 I MIA_SRVC: [init:62]:get bokeh calFilePath: /data/user/0/com.android.camera/files
01-09 20:05:51.567 30517 30517 D CAM_LocalParallelService: onBind: start
01-09 20:05:51.569  1235  1452 I MiuiNetworkPolicy: updateUidState uid = 10013, uidState = 20
01-09 20:05:51.569 30517 30517 D CAM_AlgoConnector: onServiceConnected: ComponentInfo{com.android.camera/com.android.camera.LocalParallelService}, binder = com.android.camera.LocalParallelService$LocalBinder@39dfe66
01-09 20:05:51.629   582   582 I SurfaceFlinger: screenshot (control_center#0)
01-09 20:05:51.629   582   582 I SurfaceFlinger: isIncludeStatusBarAndNavBar (1)
01-09 20:05:51.629   582   582 I SurfaceFlinger: screenshot (MiuiContrastOverlay#0)
01-09 20:05:51.629   582   582 I SurfaceFlinger: isIncludeStatusBarAndNavBar (1)
01-09 20:05:51.678   582   582 I BufferQueueProducer: [FramebufferSurface](this:0x7282501800,id:0,api:1,p:582,c:582) queueBuffer: fps=59.99 dur=1000.23 max=18.41 min=14.62
01-09 20:05:51.682 20572 20572 I ADB_SERVICES: service_to_fd shell,v2,raw:ps
01-09 20:05:51.729   582   582 I SurfaceFlinger: screenshot (control_center#0)
01-09 20:05:51.729   582   582 I SurfaceFlinger: isIncludeStatusBarAndNavBar (1)
01-09 20:05:51.729   582   582 I SurfaceFlinger: screenshot (MiuiContrastOverlay#0)
01-09 20:05:51.729   582   582 I SurfaceFlinger: isIncludeStatusBarAndNavBar (1)
01-09 20:05:51.731 20572 30562 I ADB_SERVICES: post waitpid (pid=30561) status=0000
01-09 20:05:51.731 20572 20572 I ADB_SERVICES: for fd 25, revents = 2010
01-09 20:05:51.732 20572 20572 I ADB_SERVICES: for fd 25, revents = 2011
01-09 20:05:51.764   582  2228 I BufferQueueProducer: [control_center#0](this:0x727c61f000,id:1146,api:1,p:1521,c:582) queueBuffer: fps=60.10 dur=1015.02 max=19.05 min=14.02
01-09 20:05:51.829   582   582 I SurfaceFlinger: screenshot (control_center#0)
01-09 20:05:51.830   582   582 I SurfaceFlinger: isIncludeStatusBarAndNavBar (1)
01-09 20:05:51.830   582   582 I SurfaceFlinger: screenshot (MiuiContrastOverlay#0)
01-09 20:05:51.830   582   582 I SurfaceFlinger: isIncludeStatusBarAndNavBar (1)
01-09 20:05:51.946   582   582 I SurfaceFlinger: screenshot (control_center#0)
01-09 20:05:51.946   582   582 I SurfaceFlinger: isIncludeStatusBarAndNavBar (1)
01-09 20:05:51.946   582   582 I SurfaceFlinger: screenshot (MiuiContrastOverlay#0)
01-09 20:05:51.946   582   582 I SurfaceFlinger: isIncludeStatusBarAndNavBar (1)
01-09 20:05:52.003 29792 29872 I SyncManager: pull
01-09 20:05:52.005 12657 32080 D NotesProvider: query: context=com.miui.notes.Application@3ccc77
01-09 20:05:52.010 12657 32080 I NotesProvider: delete note, uid=10109, pid=29792, selection=(type=0 AND local_modified=0 AND sync_data2>0) AND (_id>0), selectionArgs=null, force=true,counter=0
01-09 20:05:52.013 12657 32080 I NotesProvider: delete note, uid=10109, pid=29792, selection=(type=1 AND sync_data2>0 AND notes_count=0) AND (_id>0), selectionArgs=null, force=true,counter=0
01-09 20:05:52.014 12657 32080 I NotesProvider: update URI_NOTE, uid=10109, pid=29792, localModified=1, selection=type=1 AND sync_data2>0 AND notes_count>0, selectionArgs=null
01-09 20:05:52.014 29792 29872 I SyncManager: pull end
01-09 20:05:52.018 12657 32080 D NotesProvider: query: context=com.miui.notes.Application@3ccc77
01-09 20:05:52.018 12657 32080 D NotesProvider: transformMissedCursor: context=com.miui.notes.Application@3ccc77
01-09 20:05:52.021   498   498 D Zygote  : Forked child process 30573
01-09 20:05:52.023 12657 32080 D NotesProvider: query: context=com.miui.notes.Application@3ccc77
01-09 20:05:52.026  1235  1328 D Boost   : hostingType=broadcast, hostingName={com.miui.notes/com.miui.notes.ui.AlarmReceiver}, callerPackage=com.miui.notes, isSystem=true, isBoostNeeded=false.
01-09 20:05:52.027   496  1581 D OemNetd : setPidForPackage: packageName=com.miui.notes, pid=30573, pid=10109
01-09 20:05:52.027  1235  1328 I ActivityManager: Start proc 30573:com.miui.notes:remote/u0a109 for broadcast {com.miui.notes/com.miui.notes.ui.AlarmReceiver} caller=com.miui.notes
01-09 20:05:52.027 12657 32080 I NotesProvider: delete note, uid=10109, pid=29792, selection=(local_modified=0 AND sync_id=0 AND version=0) AND (_id>0), selectionArgs=null, force=true,counter=0
01-09 20:05:52.029 12657 32080 I NotesProvider: delete note, uid=10109, pid=29792, selection=(parent_id=? AND type=0 AND (deletion_tag= ? OR snippet='')) AND (_id>0), selectionArgs=[-3, 1], force=true,counter=0
01-09 20:05:52.029 29792 29872 I NotesSyncAdapter: Delete notes whose deletion_tag is 1 or is empty notes in trash folder:0
01-09 20:05:52.029 29792 29872 D MiCloudSyncAdapterBase: onPerformSync: No error found. ---Success---
01-09 20:05:52.029 29792 29872 D SyncInfoProviderBase: queryCountByProjection, uri: content://notes/note?caller_is_syncadapter=true
01-09 20:05:52.030 12657 32080 D NotesProvider: query: context=com.miui.notes.Application@3ccc77
01-09 20:05:52.034 30573 30573 E ui.notes:remot: Not starting debugger since process cannot load the jdwp agent.
01-09 20:05:52.035 29792 29872 D SyncInfoProviderBase: count 4
01-09 20:05:52.036 29792 29872 D SyncInfoProviderBase: queryCountByProjection, uri: content://notes/note?caller_is_syncadapter=true
01-09 20:05:52.037 12657 32080 D NotesProvider: query: context=com.miui.notes.Application@3ccc77
01-09 20:05:52.040 29792 29872 D SyncInfoProviderBase: count 0
01-09 20:05:52.040  1235  3747 V ActivityManager: New death recipient com.android.server.am.ActivityManagerService$AppDeathRecipient@119cb19 for thread android.os.BinderProxy@23347de, pid:30573,mApp:null
01-09 20:05:52.042 29969 30059 I [notes,29792]:SyncLog[notes]: After Sync: SyncDataInfo[notes]  {synced count:4, unsynced count:0, unsynced secret count:-1, unsynced wifi only count:0}
01-09 20:05:52.042 29969 30059 I [notes,29792]:SyncLog[notes]: Success:{authority:notes, start:2021-01-09 20:05:44, end:2021-01-09 20:05:52, delta:7, error:}
01-09 20:05:52.043 29792 29872 D SyncStatUtil: performSyncTimeStat: 
01-09 20:05:52.045 29890 29921 D OpenApiStatProvider: insert: 
01-09 20:05:52.045 29792 29872 D SyncStatUtil: performSyncResultStat: 
01-09 20:05:52.046 29890 29921 D OpenApiStatProvider: insert: 
01-09 20:05:52.046   582   582 I SurfaceFlinger: screenshot (control_center#0)
01-09 20:05:52.047   582   582 I SurfaceFlinger: isIncludeStatusBarAndNavBar (1)
01-09 20:05:52.047   582   582 I SurfaceFlinger: screenshot (MiuiContrastOverlay#0)
01-09 20:05:52.047   582   582 I SurfaceFlinger: isIncludeStatusBarAndNavBar (1)
01-09 20:05:52.047 29792 29872 D SyncStatUtil: performSyncPhoneState: 
01-09 20:05:52.047 29890 29921 D OpenApiStatProvider: insert: 
01-09 20:05:52.050 29792 29872 D SyncUtils: recordSyncResultSuccess
01-09 20:05:52.050 29792 29872 D SyncContentUtils: recordSyncResult: authority: notes, code: 0
01-09 20:05:52.052 29890 29921 D MiCloudProvider: update sync result
01-09 20:05:52.061  1235  1452 I MiuiNetworkPolicy: updateUidState uid = 10078, uidState = 11
01-09 20:05:52.063  1235  3747 I ActivityManager: Killing 29233:com.miui.securitycenter:ui/1000 (adj 975): empty #17
01-09 20:05:52.064  1235  3747 I ActivityManager: Killing 28428:ru.yandex.weatherplugin:Metrica/u0a426 (adj 985): empty #18
01-09 20:05:52.064  1235  1329 I libprocessgroup: Successfully killed process cgroup uid 1000 pid 29233 in 0ms
01-09 20:05:52.065  1235  1452 I MiuiNetworkPolicy: updateUidState uid = 10078, uidState = 16
01-09 20:05:52.090  1235  1690 V ActivityManager: Death received in com.android.server.am.ActivityManagerService$AppDeathRecipient@4f27781 for thread android.os.BinderProxy@a6c6026, mPid:28428,mApp:ProcessRecord{2fc8c28 28428:ru.yandex.weatherplugin:Metrica/u0a426}
01-09 20:05:52.091   497   497 I Zygote  : Process 28428 exited due to signal 9 (Killed)
01-09 20:05:52.096  1235  3747 V ActivityManager: Death received in com.android.server.am.ActivityManagerService$AppDeathRecipient@76748b for thread android.os.BinderProxy@8742968, mPid:29233,mApp:ProcessRecord{be58236 29233:com.miui.securitycenter:ui/1000}
01-09 20:05:52.096   497   497 I Zygote  : Process 29233 exited due to signal 9 (Killed)
01-09 20:05:52.096  1235  1329 I libprocessgroup: Successfully killed process cgroup uid 10426 pid 28428 in 0ms
01-09 20:05:52.100  1235  1321 W ActivityManager: setHasOverlayUi called on unknown pid: 29233
01-09 20:05:52.163   582   582 I SurfaceFlinger: screenshot (control_center#0)
01-09 20:05:52.163   582   582 I SurfaceFlinger: isIncludeStatusBarAndNavBar (1)
01-09 20:05:52.163   582   582 I SurfaceFlinger: screenshot (MiuiContrastOverlay#0)
01-09 20:05:52.163   582   582 I SurfaceFlinger: isIncludeStatusBarAndNavBar (1)
01-09 20:05:52.170 30573 30573 D ApplicationLoaders: Returning zygote-cached class loader: /system/framework/android.hidl.base-V1.0-java.jar
01-09 20:05:52.170 30573 30573 D ApplicationLoaders: Returning zygote-cached class loader: /system/framework/android.hidl.manager-V1.0-java.jar
01-09 20:05:52.170 30573 30573 D ApplicationLoaders: Returning zygote-cached class loader: /system/framework/android.hidl.base-V1.0-java.jar
01-09 20:05:52.272 30573 30573 D miuisdk : current sdk level is 23
01-09 20:05:52.272 30573 30573 I miuisdk : initialize without hook
01-09 20:05:52.279   582   582 I SurfaceFlinger: screenshot (control_center#0)
01-09 20:05:52.279   582   582 I SurfaceFlinger: isIncludeStatusBarAndNavBar (1)
01-09 20:05:52.279   582   582 I SurfaceFlinger: screenshot (MiuiContrastOverlay#0)
01-09 20:05:52.279   582   582 I SurfaceFlinger: isIncludeStatusBarAndNavBar (1)
01-09 20:05:52.295 30573 30573 W Linkify.v16: reflect applyLink failed: 
01-09 20:05:52.295 30573 30573 W Linkify.v16: miui.reflect.NoSuchMethodException: Couldn't find method android/text/util/Linkify.applyLink(Ljava/lang/String;IILandroid/text/Spannable;)V
01-09 20:05:52.295 30573 30573 W Linkify.v16: 	at com.miui.internal.os.Native.getMethod(Native Method)
01-09 20:05:52.295 30573 30573 W Linkify.v16: 	at miui.reflect.Method.of(Method.java:35)
01-09 20:05:52.295 30573 30573 W Linkify.v16: 	at com.miui.internal.variable.v16.Android_Text_Util_Linkify_class.<clinit>(Android_Text_Util_Linkify_class.java:70)
01-09 20:05:52.295 30573 30573 W Linkify.v16: 	at java.lang.Class.classForName(Native Method)
01-09 20:05:52.295 30573 30573 W Linkify.v16: 	at java.lang.Class.forName(Class.java:454)
01-09 20:05:52.295 30573 30573 W Linkify.v16: 	at java.lang.Class.forName(Class.java:379)
01-09 20:05:52.295 30573 30573 W Linkify.v16: 	at com.miui.internal.variable.AbsClassFactory.create(AbsClassFactory.java:24)
01-09 20:05:52.295 30573 30573 W Linkify.v16: 	at com.miui.internal.variable.Android_Text_Util_Linkify_class$Factory.<init>(Android_Text_Util_Linkify_class.java:40)
01-09 20:05:52.295 30573 30573 W Linkify.v16: 	at com.miui.internal.variable.Android_Text_Util_Linkify_class$Factory.<init>(Android_Text_Util_Linkify_class.java:26)
01-09 20:05:52.295 30573 30573 W Linkify.v16: 	at com.miui.internal.variable.Android_Text_Util_Linkify_class$Factory$1.createInstance(Android_Text_Util_Linkify_class.java:32)
01-09 20:05:52.295 30573 30573 W Linkify.v16: 	at com.miui.internal.variable.Android_Text_Util_Linkify_class$Factory$1.createInstance(Android_Text_Util_Linkify_class.java:29)
01-09 20:05:52.295 30573 30573 W Linkify.v16: 	at miui.util.SoftReferenceSingleton.get(SoftReferenceSingleton.java:25)
01-09 20:05:52.295 30573 30573 W Linkify.v16: 	at com.miui.internal.variable.Android_Text_Util_Linkify_class$Factory.getInstance(Android_Text_Util_Linkify_class.java:44)
01-09 20:05:52.295 30573 30573 W Linkify.v16: 	at com.miui.internal.initialization.OverrideHelper.doInitialize(OverrideHelper.java:37)
01-09 20:05:52.295 30573 30573 W Linkify.v16: 	at miui.core.SdkManager.initialize(SdkManager.java:99)
01-09 20:05:52.295 30573 30573 W Linkify.v16: 	at java.lang.reflect.Method.invoke(Native Method)
01-09 20:05:52.295 30573 30573 W Linkify.v16: 	at miui.external.Application.initializeSdk(Application.java:85)
01-09 20:05:52.295 30573 30573 W Linkify.v16: 	at miui.external.Application.<init>(Application.java:55)
01-09 20:05:52.295 30573 30573 W Linkify.v16: 	at com.miui.notes.Application.<init>(Application.java:9)
01-09 20:05:52.295 30573 30573 W Linkify.v16: 	at java.lang.Class.newInstance(Native Method)
01-09 20:05:52.295 30573 30573 W Linkify.v16: 	at android.app.AppComponentFactory.instantiateApplication(AppComponentFactory.java:76)
01-09 20:05:52.295 30573 30573 W Linkify.v16: 	at androidx.core.app.CoreComponentFactory.instantiateApplication(CoreComponentFactory.java:52)
01-09 20:05:52.295 30573 30573 W Linkify.v16: 	at android.app.Instrumentation.newApplication(Instrumentation.java:1155)
01-09 20:05:52.295 30573 30573 W Linkify.v16: 	at android.app.LoadedApk.makeApplication(LoadedApk.java:1222)
01-09 20:05:52.295 30573 30573 W Linkify.v16: 	at android.app.ActivityThread.handleBindApplication(ActivityThread.java:6562)
01-09 20:05:52.295 30573 30573 W Linkify.v16: 	at android.app.ActivityThread.access$1500(ActivityThread.java:230)
01-09 20:05:52.295 30573 30573 W Linkify.v16: 	at android.app.ActivityThread$H.handleMessage(ActivityThread.java:1911)
01-09 20:05:52.295 30573 30573 W Linkify.v16: 	at android.os.Handler.dispatchMessage(Handler.java:107)
01-09 20:05:52.295 30573 30573 W Linkify.v16: 	at android.os.Looper.loop(Looper.java:224)
01-09 20:05:52.295 30573 30573 W Linkify.v16: 	at android.app.ActivityThread.main(ActivityThread.java:7551)
01-09 20:05:52.295 30573 30573 W Linkify.v16: 	at java.lang.reflect.Method.invoke(Native Method)
01-09 20:05:52.295 30573 30573 W Linkify.v16: 	at com.android.internal.os.RuntimeInit$MethodAndArgsCaller.run(RuntimeInit.java:539)
01-09 20:05:52.295 30573 30573 W Linkify.v16: 	at com.android.internal.os.ZygoteInit.main(ZygoteInit.java:995)
01-09 20:05:52.311   516   602 I hwcomposer: [HWCDisplay] [Display_0 (type:1)] fps:59.985542,dur:1000.24,max:18.23,min:14.99  
01-09 20:05:52.336 30573 30573 I miuisdk : loading module: com.xiaomi.micloud.sdk
01-09 20:05:52.366 30573 30573 I SystemConfig: Non-xml file /system/etc/permissions/pms_sysapp_removable_system_list.txt in /system/etc/permissions directory, ignoring
01-09 20:05:52.366 30573 30573 I SystemConfig: Non-xml file /system/etc/permissions/pms_sysapp_removable_vendor_list.txt in /system/etc/permissions directory, ignoring
01-09 20:05:52.379   582   582 I SurfaceFlinger: screenshot (control_center#0)
01-09 20:05:52.379   582   582 I SurfaceFlinger: isIncludeStatusBarAndNavBar (1)
01-09 20:05:52.379   582   582 I SurfaceFlinger: screenshot (MiuiContrastOverlay#0)
01-09 20:05:52.379   582   582 I SurfaceFlinger: isIncludeStatusBarAndNavBar (1)
01-09 20:05:52.404 30573 30573 W SystemConfig: No directory /product_services/etc/sysconfig, skipping
01-09 20:05:52.404 30573 30573 W SystemConfig: No directory /product_services/etc/permissions, skipping
01-09 20:05:52.404 30573 30573 W System  : ClassLoader referenced unknown path: /system/framework/mediatek-cta.jar
01-09 20:05:52.405 30573 30573 W CtaManagerFactory: CtaManagerFactoryImpl not found
01-09 20:05:52.416 17342 18770 I CloudSettingsProvider: uriMatch : 2
01-09 20:05:52.418 30573 30573 D miuisdk : process com.xiaomi.micloud.sdk successful
01-09 20:05:52.418 30573 30573 D miuisdk : process modules finished
01-09 20:05:52.421 30517 30549 D MIVIHelper: begin to setMiViInfo info: {}
01-09 20:05:52.421 30517 30549 W MIVIHelper: setMiViInfo: but can not find IMiPostProcService vendor.xiaomi.hardware.campostproc.V1_0.IMiPostProcService
01-09 20:05:52.424 30573 30573 I FeatureParser: can't find begonia.xml in assets/device_features/,it may be in /system/etc/device_features
01-09 20:05:52.427 30573 30573 E libc    : Access denied finding property "ro.vendor.df.effect.conflict"
01-09 20:05:52.424 30573 30573 W ui.notes:remote: type=1400 audit(0.0:19959): avc: denied { read } for name="u:object_r:vendor_displayfeature_prop:s0" dev="tmpfs" ino=371 scontext=u:r:platform_app:s0:c512,c768 tcontext=u:object_r:vendor_displayfeature_prop:s0 tclass=file permissive=0
01-09 20:05:52.435 30573 30596 D DatabaseSP: loadFromDatabase
01-09 20:05:52.437 12657 32080 D NotesProvider: query: context=com.miui.notes.Application@3ccc77
01-09 20:05:52.439 30573 30573 I MiCloudSDKDependencyUtil: MiCloudSDK environment: 31
01-09 20:05:52.446 30573 30573 I AlarmReceiver: onReceive: action=com.miui.notes.action.REFRESH_ALARM
01-09 20:05:52.452 30573 30573 I DynamicDumpReceiver: Dynamic receiver registered
01-09 20:05:52.455 30573 30573 I AlarmReceiver: setupAlarms: currentDate=1610211952455
01-09 20:05:52.456 12657 32080 D NotesProvider: query: context=com.miui.notes.Application@3ccc77
01-09 20:05:52.459 30573 30573 I AlarmReceiver: setupTodoAlarms: currentDate=1610211952459
01-09 20:05:52.462 30573 30573 I AlarmReceiver: setupRepeatTodoAlarms: currentDate=1610211952462
01-09 20:05:52.470  1235  1481 I ActivityManager: Killing 27834:com.android.chrome:privileged_process1/u0a136 (adj 975): empty #17
01-09 20:05:52.470  1235  1329 I libprocessgroup: Successfully killed process cgroup uid 10136 pid 27834 in 0ms
01-09 20:05:52.479   582   582 I SurfaceFlinger: screenshot (control_center#0)
01-09 20:05:52.479   582   582 I SurfaceFlinger: isIncludeStatusBarAndNavBar (1)
01-09 20:05:52.479   582   582 I SurfaceFlinger: screenshot (MiuiContrastOverlay#0)
01-09 20:05:52.479   582   582 I SurfaceFlinger: isIncludeStatusBarAndNavBar (1)
01-09 20:05:52.496 29792 29814 I miui.notes:syn: ProcessProfilingInfo new_methods=0 is saved saved_to_disk=0 resolve_classes_delay=8000
01-09 20:05:52.497  1235  2877 V ActivityManager: Death received in com.android.server.am.ActivityManagerService$AppDeathRecipient@82848b for thread android.os.BinderProxy@a76f968, mPid:27834,mApp:ProcessRecord{4312642 27834:com.android.chrome:privileged_process1/u0a136}
01-09 20:05:52.497 24764 24992 W chromium: [WARNING:gpu_process_host.cc(1266)] The GPU process has crashed 2 time(s)
01-09 20:05:52.498   498   498 I Zygote  : Process 27834 exited due to signal 9 (Killed)
01-09 20:05:52.498  1235  2877 W ActivityManager: Scheduling restart of crashed service com.android.chrome/org.chromium.content.app.PrivilegedProcessService1 in 1000ms
01-09 20:05:52.596   582   582 I SurfaceFlinger: screenshot (control_center#0)
01-09 20:05:52.596   582   582 I SurfaceFlinger: isIncludeStatusBarAndNavBar (1)
01-09 20:05:52.596   582   582 I SurfaceFlinger: screenshot (MiuiContrastOverlay#0)
01-09 20:05:52.596   582   582 I SurfaceFlinger: isIncludeStatusBarAndNavBar (1)
01-09 20:05:52.694   582   582 I BufferQueueProducer: [FramebufferSurface](this:0x7282501800,id:0,api:1,p:582,c:582) queueBuffer: fps=60.02 dur=1016.30 max=18.19 min=14.71
01-09 20:05:52.712   582   582 I SurfaceFlinger: screenshot (control_center#0)
01-09 20:05:52.712   582   582 I SurfaceFlinger: isIncludeStatusBarAndNavBar (1)
01-09 20:05:52.712   582   582 I SurfaceFlinger: screenshot (MiuiContrastOverlay#0)
01-09 20:05:52.712   582   582 I SurfaceFlinger: isIncludeStatusBarAndNavBar (1)
01-09 20:05:52.764 20572 20572 I ADB_SERVICES: service_to_fd shell,v2,raw:ps
01-09 20:05:52.781   582  2228 I BufferQueueProducer: [control_center#0](this:0x727c61f000,id:1146,api:1,p:1521,c:582) queueBuffer: fps=60.01 dur=1016.50 max=19.58 min=13.02
01-09 20:05:52.812   582   582 I SurfaceFlinger: screenshot (control_center#0)
01-09 20:05:52.813   582   582 I SurfaceFlinger: isIncludeStatusBarAndNavBar (1)
01-09 20:05:52.813   582   582 I SurfaceFlinger: screenshot (MiuiContrastOverlay#0)
01-09 20:05:52.813   582   582 I SurfaceFlinger: isIncludeStatusBarAndNavBar (1)
01-09 20:05:52.813 20572 30599 I ADB_SERVICES: post waitpid (pid=30598) status=0000
01-09 20:05:52.814 20572 20572 I ADB_SERVICES: for fd 25, revents = 2011
01-09 20:05:52.814 20572 20572 I ADB_SERVICES: for fd 25, revents = 2011
01-09 20:05:52.825 20572 20572 E adbd    : failed to connect to socket 'tcp:6666': Connection refused
01-09 20:05:52.908  1521  1521 D SignalClusterView: updateMobileTypeImage  0
01-09 20:05:52.912   582   582 I SurfaceFlinger: screenshot (control_center#0)
01-09 20:05:52.912   582   582 I SurfaceFlinger: isIncludeStatusBarAndNavBar (1)
01-09 20:05:52.912   582   582 I SurfaceFlinger: screenshot (MiuiContrastOverlay#0)
01-09 20:05:52.912   582   582 I SurfaceFlinger: isIncludeStatusBarAndNavBar (1)
01-09 20:05:52.917  1521  1521 D SignalClusterView: updateMobileTypeImage  0
01-09 20:05:52.917  1521  1521 D SignalClusterView: updateMobileTypeImage  0
01-09 20:05:52.924 30358 30428 W msgr.ProcessAnrErrorMonitor: Starting process monitor checks for process 'com.facebook.orca'
01-09 20:05:52.924 30358 30428 W msgr.MultiSignalANRDetectorLacrima: Started monitoring
01-09 20:05:52.935   582  1253 I BufferQueueProducer: [StatusBar#0](this:0x729a054000,id:3,api:1,p:1521,c:582) queueBuffer: fps=0.58 dur=1734.23 max=1734.23 min=1734.23
01-09 20:05:53.012   582   582 I SurfaceFlinger: screenshot (control_center#0)
01-09 20:05:53.012   582   582 I SurfaceFlinger: isIncludeStatusBarAndNavBar (1)
01-09 20:05:53.013   582   582 I SurfaceFlinger: screenshot (MiuiContrastOverlay#0)
01-09 20:05:53.013   582   582 I SurfaceFlinger: isIncludeStatusBarAndNavBar (1)
01-09 20:05:53.129   582   582 I SurfaceFlinger: screenshot (control_center#0)
01-09 20:05:53.129   582   582 I SurfaceFlinger: isIncludeStatusBarAndNavBar (1)
01-09 20:05:53.129   582   582 I SurfaceFlinger: screenshot (MiuiContrastOverlay#0)
01-09 20:05:53.129   582   582 I SurfaceFlinger: isIncludeStatusBarAndNavBar (1)
01-09 20:05:53.217 30358 30437 I mobileconfig: No OTA resource found
01-09 20:05:53.217 30358 30437 I mobileconfig: Using asset manager to stream (sessionless: NO) params_map.txt
01-09 20:05:53.236 30358 30437 I mobileconfig: Params map streaming - readbytes: 134953/134953
01-09 20:05:53.236 30358 30437 I mobileconfig: Successfully parsed (sessionless: NO) params_map.txt
01-09 20:05:53.237 30358 30437 I mobileconfig: Read one query hash from asset, it is = b1f0cf90cfb2d8424ecb5f82c9d9365a03bf7f3af3315df1c8d9f0b5e4818bdd
01-09 20:05:53.239 30358 30437 I mobileconfig: Initialized MobileConfig - directory: /data/user/0/com.facebook.orca/files, appVersion: 294.0.0.24.129, paramHash: ec7fbdfed65df80bfd16f1b1e1cb982e, readOnly: false bufferPathPostfix: 
01-09 20:05:53.246   582   582 I SurfaceFlinger: screenshot (control_center#0)
01-09 20:05:53.246   582   582 I SurfaceFlinger: isIncludeStatusBarAndNavBar (1)
01-09 20:05:53.246   582   582 I SurfaceFlinger: screenshot (MiuiContrastOverlay#0)
01-09 20:05:53.246   582   582 I SurfaceFlinger: isIncludeStatusBarAndNavBar (1)
01-09 20:05:53.258 30358 30437 V tigonliger: tigonliger/JNI_OnLoad called
01-09 20:05:53.261 30358 30437 W msgr.DefaultNetworkConfig: com.facebook.orca: getShouldCheckCertsInternal: true
01-09 20:05:53.275 30358 30437 V tigonliger: tigonapi/JNI_OnLoad called
01-09 20:05:53.286 30358 30437 I mobileconfig: No OTA resource found
01-09 20:05:53.286 30358 30437 I mobileconfig: Using asset manager to stream (sessionless: YES) params_map.txt
01-09 20:05:53.305 30358 30437 I mobileconfig: Params map streaming - readbytes: 134953/134953
01-09 20:05:53.305 30358 30437 I mobileconfig: Successfully parsed (sessionless: YES) params_map.txt
01-09 20:05:53.305 30358 30437 I mobileconfig: Read one query hash from asset, it is = b1f0cf90cfb2d8424ecb5f82c9d9365a03bf7f3af3315df1c8d9f0b5e4818bdd
01-09 20:05:53.307 30358 30437 I mobileconfig: Initialized MobileConfig - directory: /data/user/0/com.facebook.orca/files, appVersion: 294.0.0.24.129, paramHash: ec7fbdfed65df80bfd16f1b1e1cb982e, readOnly: false bufferPathPostfix: 
01-09 20:05:53.328   516   602 I hwcomposer: [HWCDisplay] [Display_0 (type:1)] fps:60.026833,dur:1016.21,max:18.16,min:14.90  
01-09 20:05:53.333 30358 30437 W msgr.AppStateLoggerCore: AppStateLogger is not ready yet (getAppStateErrorLogger)
01-09 20:05:53.362   582   582 I SurfaceFlinger: screenshot (control_center#0)
01-09 20:05:53.362   582   582 I SurfaceFlinger: isIncludeStatusBarAndNavBar (1)
01-09 20:05:53.362   582   582 I SurfaceFlinger: screenshot (MiuiContrastOverlay#0)
01-09 20:05:53.362   582   582 I SurfaceFlinger: isIncludeStatusBarAndNavBar (1)
01-09 20:05:53.374  1235  1327 W BroadcastQueue: Permission Denial: broadcasting Intent { act=android.net.conn.CONNECTIVITY_CHANGE flg=0x4200010 (has extras) } from null (pid=-1, uid=-1) requires com.facebook.permission.prod.FB_APP_COMMUNICATION due to registered receiver BroadcastFilter{18b7ccb 10444/u0 ReceiverList{cc13b9a 30358 com.facebook.orca/10444/u0 remote:4b48845}}
01-09 20:05:53.374  1235  1327 W BroadcastQueue: Permission Denial: broadcasting Intent { act=android.net.conn.INET_CONDITION_ACTION flg=0x4000010 (has extras) } from null (pid=-1, uid=-1) requires com.facebook.permission.prod.FB_APP_COMMUNICATION due to registered receiver BroadcastFilter{18b7ccb 10444/u0 ReceiverList{cc13b9a 30358 com.facebook.orca/10444/u0 remote:4b48845}}
01-09 20:05:53.380 30358 30437 W msgr.ServiceInfoParser: X.2al: Service com.facebook.browser.lite.BrowserLiteIntentService is missing meta key com.facebook.common.jobscheduler.compat.jobIds
01-09 20:05:53.381 30358 30437 W msgr.ServiceInfoParser: X.2al: Service com.facebook.browser.lite.BrowserLiteInMainProcessIntentService is missing meta key com.facebook.common.jobscheduler.compat.jobIds
01-09 20:05:53.381 30358 30437 W msgr.ServiceInfoParser: X.2al: Service com.facebook.common.errorreporting.memory.MemoryDumpUploadService is missing meta key com.facebook.common.jobscheduler.compat.jobIds
01-09 20:05:53.381 30358 30437 W msgr.ServiceInfoParser: X.2al: Service com.facebook.contacts.service.ContactLocaleChangeService is missing meta key com.facebook.common.jobscheduler.compat.jobIds
01-09 20:05:53.381 30358 30437 W msgr.ServiceInfoParser: X.2al: Service com.facebook.messaging.livelocation.bindings.MessengerLiveLocationBooterService is missing meta key com.facebook.common.jobscheduler.compat.jobIds
01-09 20:05:53.381 30358 30437 W msgr.ServiceInfoParser: X.2al: Service com.facebook.messaging.chatheads.service.ChatHeadsBooterService is missing meta key com.facebook.common.jobscheduler.compat.jobIds
01-09 20:05:53.381 30358 30437 W msgr.ServiceInfoParser: X.2al: Service com.google.android.gms.analytics.AnalyticsJobService is missing meta key com.facebook.common.jobscheduler.compat.jobIds
01-09 20:05:53.381 30358 30437 W msgr.ServiceInfoParser: X.2al: Service com.facebook.analytics.appstatelogger.AppStateIntentService is missing meta key com.facebook.common.jobscheduler.compat.jobIds
01-09 20:05:53.381 30358 30437 W msgr.ServiceInfoParser: X.2al: Service com.facebook.analytics2.logger.LollipopUploadService is missing meta key com.facebook.common.jobscheduler.compat.jobIds
01-09 20:05:53.381 30358 30437 W msgr.ServiceInfoParser: X.2al: Service com.facebook.appcomponentmanager.AppComponentManagerService is missing meta key com.facebook.common.jobscheduler.compat.jobIds
01-09 20:05:53.382 30358 30437 W msgr.ServiceInfoParser: X.2al: Service com.facebook.common.dextricks.DexOptimization$Service is missing meta key com.facebook.common.jobscheduler.compat.jobIds
01-09 20:05:53.383 30358 30437 W msgr.ServiceInfoParser: X.2al: Service com.facebook.common.dextricks.DexOptimizationJobService is missing meta key com.facebook.common.jobscheduler.compat.jobIds
01-09 20:05:53.383 30358 30437 W msgr.ServiceInfoParser: X.2al: Service com.facebook.conditionalworker.ConditionalWorkerService is missing meta key com.facebook.common.jobscheduler.compat.jobIds
01-09 20:05:53.383 30358 30437 W msgr.ServiceInfoParser: X.2al: Service com.facebook.delayedworker.DelayedWorkerService is missing meta key com.facebook.common.jobscheduler.compat.jobIds
01-09 20:05:53.383 30358 30437 W msgr.ServiceInfoParser: X.2al: Service com.facebook.fbservice.service.BlueServiceJobIntentService is missing meta key com.facebook.common.jobscheduler.compat.jobIds
01-09 20:05:53.383 30358 30437 W msgr.ServiceInfoParser: X.2al: Service com.facebook.googleplay.GooglePlayInstallRefererService is missing meta key com.facebook.common.jobscheduler.compat.jobIds
01-09 20:05:53.383 30358 30437 W msgr.ServiceInfoParser: X.2al: Service com.facebook.messaging.prefs.notifications.NotificationPrefsSyncService is missing meta key com.facebook.common.jobscheduler.compat.jobIds
01-09 20:05:53.383 30358 30437 W msgr.ServiceInfoParser: X.2al: Service com.facebook.messaging.sms.defaultapp.SmsHandlerService is missing meta key com.facebook.common.jobscheduler.compat.jobIds
01-09 20:05:53.384 30358 30437 W msgr.ServiceInfoParser: X.2al: Service com.facebook.messaging.universallinks.receiver.InstallReferrerFetchJobIntentService is missing meta key com.facebook.common.jobscheduler.compat.jobIds
01-09 20:05:53.384 30358 30437 W msgr.ServiceInfoParser: X.2al: Service com.facebook.orca.notify.MessagesNotificationService is missing meta key com.facebook.common.jobscheduler.compat.jobIds
01-09 20:05:53.384 30358 30437 W msgr.ServiceInfoParser: X.2al: Service com.facebook.oxygen.preloads.sdk.firstparty.managedappcache.IsManagedAppCacheJobService is missing meta key com.facebook.common.jobscheduler.compat.jobIds
01-09 20:05:53.384 30358 30437 W msgr.ServiceInfoParser: X.2al: Service com.facebook.papaya.fb.client.FBPapayaJobService is missing meta key com.facebook.common.jobscheduler.compat.jobIds
01-09 20:05:53.384 30358 30437 W msgr.ServiceInfoParser: X.2al: Service com.facebook.push.registration.RegistrarHelperService is missing meta key com.facebook.common.jobscheduler.compat.jobIds
01-09 20:05:53.384 30358 30437 W msgr.ServiceInfoParser: X.2al: Service com.facebook.push.crossapp.PackageRemovedReporterService is missing meta key com.facebook.common.jobscheduler.compat.jobIds
01-09 20:05:53.384 30358 30437 W msgr.ServiceInfoParser: X.2al: Service com.facebook.push.adm.ADMService is missing meta key com.facebook.common.jobscheduler.compat.jobIds
01-09 20:05:53.384 30358 30437 W msgr.ServiceInfoParser: X.2al: Service com.facebook.push.adm.ADMBroadcastReceiverJobBase is missing meta key com.facebook.common.jobscheduler.compat.jobIds
01-09 20:05:53.385 30358 30437 W msgr.ServiceInfoParser: X.2al: Service com.facebook.push.adm.ADMJobIntentService is missing meta key com.facebook.common.jobscheduler.compat.jobIds
01-09 20:05:53.385 30358 30437 W msgr.ServiceInfoParser: X.2al: Service com.facebook.push.fbpushdata.common.FbPushDataHandlerService is missing meta key com.facebook.common.jobscheduler.compat.jobIds
01-09 20:05:53.385 30358 30437 W msgr.ServiceInfoParser: X.2al: Service com.facebook.push.fcm.FcmRegistrarFbJobIntentService is missing meta key com.facebook.common.jobscheduler.compat.jobIds
01-09 20:05:53.385 30358 30437 W msgr.ServiceInfoParser: X.2al: Service com.facebook.push.mqtt.service.MqttPushHelperService is missing meta key com.facebook.common.jobscheduler.compat.jobIds
01-09 20:05:53.385 30358 30437 W msgr.ServiceInfoParser: X.2al: Service com.facebook.push.negativefeedback.PushNegativeFeedbackFbJobIntentService is missing meta key com.facebook.common.jobscheduler.compat.jobIds
01-09 20:05:53.385 30358 30437 W msgr.ServiceInfoParser: X.2al: Service com.facebook.reportaproblem.base.bugreport.BugReportUploadService is missing meta key com.facebook.common.jobscheduler.compat.jobIds
01-09 20:05:53.389  1235  1327 W BroadcastQueue: Permission Denial: broadcasting Intent { act=android.net.conn.CONNECTIVITY_CHANGE flg=0x4200010 (has extras) } from null (pid=-1, uid=-1) requires com.facebook.permission.prod.FB_APP_COMMUNICATION due to registered receiver BroadcastFilter{d677766 10444/u0 ReceiverList{d9a63c1 30358 com.facebook.orca/10444/u0 remote:86c2ca8}}
01-09 20:05:53.408 30358 30358 W CombinedTP7: type=1400 audit(0.0:19960): avc: granted { execute } for path="/data/data/com.facebook.orca/lib-superpack-xz/libimagepipeline.so" dev="sdc46" ino=6062290 scontext=u:r:untrusted_app:s0:c188,c257,c512,c768 tcontext=u:object_r:app_data_file:s0:c188,c257,c512,c768 tclass=file
01-09 20:05:53.433 30358 30433 D skia    : --- Failed to create image decoder with message 'unimplemented'
01-09 20:05:53.433 30358 30436 D skia    : --- Failed to create image decoder with message 'unimplemented'
01-09 20:05:53.448 30358 30433 D DRM/DcfDecoder: decodeDrmImageIfNeeded with stream left [0]
01-09 20:05:53.449 30358 30433 E DRM/DcfDecoder: decodeDrmImageIfNeeded stream caught ClassCastException 
01-09 20:05:53.449 30358 30433 D skia    : --- Failed to create image decoder with message 'unimplemented'
01-09 20:05:53.449 30358 30433 D DRM/DcfDecoder: decodeDrmImageIfNeeded with stream left [0]
01-09 20:05:53.449 30358 30433 E DRM/DcfDecoder: decodeDrmImageIfNeeded stream caught ClassCastException 
01-09 20:05:53.449 30358 30436 D DRM/DcfDecoder: decodeDrmImageIfNeeded with stream left [736]
01-09 20:05:53.450 30358 30436 E DRM/DcfDecoder: decodeDrmImageIfNeeded stream caught ClassCastException 
01-09 20:05:53.450 30358 30433 D skia    : --- Failed to create image decoder with message 'unimplemented'
01-09 20:05:53.450 30358 30433 D DRM/DcfDecoder: decodeDrmImageIfNeeded with stream left [0]
01-09 20:05:53.450 30358 30433 E DRM/DcfDecoder: decodeDrmImageIfNeeded stream caught ClassCastException 
01-09 20:05:53.450 30358 30436 D skia    : --- Failed to create image decoder with message 'unimplemented'
01-09 20:05:53.450 30358 30436 D DRM/DcfDecoder: decodeDrmImageIfNeeded with stream left [736]
01-09 20:05:53.450 30358 30433 D skia    : --- Failed to create image decoder with message 'unimplemented'
01-09 20:05:53.450 30358 30436 E DRM/DcfDecoder: decodeDrmImageIfNeeded stream caught ClassCastException 
01-09 20:05:53.450 30358 30433 D DRM/DcfDecoder: decodeDrmImageIfNeeded with stream left [0]
01-09 20:05:53.450 30358 30433 E DRM/DcfDecoder: decodeDrmImageIfNeeded stream caught ClassCastException 
01-09 20:05:53.450 30358 30436 D skia    : --- Failed to create image decoder with message 'unimplemented'
01-09 20:05:53.450 30358 30436 D DRM/DcfDecoder: decodeDrmImageIfNeeded with stream left [736]
01-09 20:05:53.450 30358 30433 D skia    : --- Failed to create image decoder with message 'unimplemented'
01-09 20:05:53.450 30358 30433 D DRM/DcfDecoder: decodeDrmImageIfNeeded with stream left [0]
01-09 20:05:53.450 30358 30436 E DRM/DcfDecoder: decodeDrmImageIfNeeded stream caught ClassCastException 
01-09 20:05:53.451 30358 30436 D skia    : --- Failed to create image decoder with message 'unimplemented'
01-09 20:05:53.451 30358 30436 D DRM/DcfDecoder: decodeDrmImageIfNeeded with stream left [736]
01-09 20:05:53.451 30358 30436 E DRM/DcfDecoder: decodeDrmImageIfNeeded stream caught ClassCastException 
01-09 20:05:53.451 30358 30436 D skia    : --- Failed to create image decoder with message 'unimplemented'
01-09 20:05:53.451 30358 30436 D DRM/DcfDecoder: decodeDrmImageIfNeeded with stream left [736]
01-09 20:05:53.451 30358 30433 E DRM/DcfDecoder: decodeDrmImageIfNeeded stream caught ClassCastException 
01-09 20:05:53.451 30358 30436 E DRM/DcfDecoder: decodeDrmImageIfNeeded stream caught ClassCastException 
01-09 20:05:53.452 30358 30433 D skia    : --- Failed to create image decoder with message 'unimplemented'
01-09 20:05:53.452 30358 30436 D skia    : --- Failed to create image decoder with message 'unimplemented'
01-09 20:05:53.452 30358 30433 D DRM/DcfDecoder: decodeDrmImageIfNeeded with stream left [0]
01-09 20:05:53.452 30358 30436 D DRM/DcfDecoder: decodeDrmImageIfNeeded with stream left [736]
01-09 20:05:53.452 30358 30433 E DRM/DcfDecoder: decodeDrmImageIfNeeded stream caught ClassCastException 
01-09 20:05:53.452 30358 30436 E DRM/DcfDecoder: decodeDrmImageIfNeeded stream caught ClassCastException 
01-09 20:05:53.452 30358 30433 D skia    : --- Failed to create image decoder with message 'unimplemented'
01-09 20:05:53.452 30358 30433 D DRM/DcfDecoder: decodeDrmImageIfNeeded with stream left [0]
01-09 20:05:53.452 30358 30436 D skia    : --- Failed to create image decoder with message 'unimplemented'
01-09 20:05:53.452 30358 30436 D DRM/DcfDecoder: decodeDrmImageIfNeeded with stream left [736]
01-09 20:05:53.452 30358 30433 E DRM/DcfDecoder: decodeDrmImageIfNeeded stream caught ClassCastException 
01-09 20:05:53.452 30358 30436 E DRM/DcfDecoder: decodeDrmImageIfNeeded stream caught ClassCastException 
01-09 20:05:53.453 30358 30433 D skia    : --- Failed to create image decoder with message 'unimplemented'
01-09 20:05:53.453 30358 30433 D DRM/DcfDecoder: decodeDrmImageIfNeeded with stream left [0]
01-09 20:05:53.453 30358 30433 E DRM/DcfDecoder: decodeDrmImageIfNeeded stream caught ClassCastException 
01-09 20:05:53.453 30358 30433 D skia    : --- Failed to create image decoder with message 'unimplemented'
01-09 20:05:53.453 30358 30433 D DRM/DcfDecoder: decodeDrmImageIfNeeded with stream left [0]
01-09 20:05:53.453 30358 30433 E DRM/DcfDecoder: decodeDrmImageIfNeeded stream caught ClassCastException 
01-09 20:05:53.453 30358 30433 D skia    : --- Failed to create image decoder with message 'unimplemented'
01-09 20:05:53.454 30358 30433 D DRM/DcfDecoder: decodeDrmImageIfNeeded with stream left [0]
01-09 20:05:53.454 30358 30433 E DRM/DcfDecoder: decodeDrmImageIfNeeded stream caught ClassCastException 
01-09 20:05:53.454 30358 30433 D skia    : --- Failed to create image decoder with message 'unimplemented'
01-09 20:05:53.454 30358 30433 D DRM/DcfDecoder: decodeDrmImageIfNeeded with stream left [0]
01-09 20:05:53.454 30358 30433 E DRM/DcfDecoder: decodeDrmImageIfNeeded stream caught ClassCastException 
01-09 20:05:53.454 30358 30433 D skia    : --- Failed to create image decoder with message 'unimplemented'
01-09 20:05:53.454 30358 30433 D DRM/DcfDecoder: decodeDrmImageIfNeeded with stream left [0]
01-09 20:05:53.455 30358 30436 D skia    : --- Failed to create image decoder with message 'unimplemented'
01-09 20:05:53.455 30358 30436 D DRM/DcfDecoder: decodeDrmImageIfNeeded with stream left [736]
01-09 20:05:53.455 30358 30436 E DRM/DcfDecoder: decodeDrmImageIfNeeded stream caught ClassCastException 
01-09 20:05:53.455 30358 30436 D skia    : --- Failed to create image decoder with message 'unimplemented'
01-09 20:05:53.455 30358 30436 D DRM/DcfDecoder: decodeDrmImageIfNeeded with stream left [736]
01-09 20:05:53.455 30358 30436 E DRM/DcfDecoder: decodeDrmImageIfNeeded stream caught ClassCastException 
01-09 20:05:53.456 30358 30436 D skia    : --- Failed to create image decoder with message 'unimplemented'
01-09 20:05:53.456 30358 30436 D DRM/DcfDecoder: decodeDrmImageIfNeeded with stream left [736]
01-09 20:05:53.456 30358 30436 E DRM/DcfDecoder: decodeDrmImageIfNeeded stream caught ClassCastException 
01-09 20:05:53.456 30358 30436 D skia    : --- Failed to create image decoder with message 'unimplemented'
01-09 20:05:53.456 30358 30436 D DRM/DcfDecoder: decodeDrmImageIfNeeded with stream left [736]
01-09 20:05:53.456 30358 30436 E DRM/DcfDecoder: decodeDrmImageIfNeeded stream caught ClassCastException 
01-09 20:05:53.456 30358 30436 D skia    : --- Failed to create image decoder with message 'unimplemented'
01-09 20:05:53.456 30358 30436 D DRM/DcfDecoder: decodeDrmImageIfNeeded with stream left [736]
01-09 20:05:53.457 30358 30436 E DRM/DcfDecoder: decodeDrmImageIfNeeded stream caught ClassCastException 
01-09 20:05:53.457 30358 30436 D skia    : --- Failed to create image decoder with message 'unimplemented'
01-09 20:05:53.457 30358 30436 D DRM/DcfDecoder: decodeDrmImageIfNeeded with stream left [736]
01-09 20:05:53.457 30358 30436 E DRM/DcfDecoder: decodeDrmImageIfNeeded stream caught ClassCastException 
01-09 20:05:53.457 30358 30436 D skia    : --- Failed to create image decoder with message 'unimplemented'
01-09 20:05:53.457 30358 30436 D DRM/DcfDecoder: decodeDrmImageIfNeeded with stream left [736]
01-09 20:05:53.458 30358 30436 E DRM/DcfDecoder: decodeDrmImageIfNeeded stream caught ClassCastException 
01-09 20:05:53.458 30358 30436 D skia    : --- Failed to create image decoder with message 'unimplemented'
01-09 20:05:53.458 30358 30436 D DRM/DcfDecoder: decodeDrmImageIfNeeded with stream left [736]
01-09 20:05:53.458 30358 30436 E DRM/DcfDecoder: decodeDrmImageIfNeeded stream caught ClassCastException 
01-09 20:05:53.458 30358 30436 D skia    : --- Failed to create image decoder with message 'unimplemented'
01-09 20:05:53.458 30358 30436 D DRM/DcfDecoder: decodeDrmImageIfNeeded with stream left [736]
01-09 20:05:53.458 30358 30436 E DRM/DcfDecoder: decodeDrmImageIfNeeded stream caught ClassCastException 
01-09 20:05:53.458 30358 30433 E DRM/DcfDecoder: decodeDrmImageIfNeeded stream caught ClassCastException 
01-09 20:05:53.459 30358 30433 D skia    : --- Failed to create image decoder with message 'unimplemented'
01-09 20:05:53.459 30358 30433 D DRM/DcfDecoder: decodeDrmImageIfNeeded with stream left [0]
01-09 20:05:53.459 30358 30433 E DRM/DcfDecoder: decodeDrmImageIfNeeded stream caught ClassCastException 
01-09 20:05:53.459 30358 30433 D skia    : --- Failed to create image decoder with message 'unimplemented'
01-09 20:05:53.459 30358 30433 D DRM/DcfDecoder: decodeDrmImageIfNeeded with stream left [0]
01-09 20:05:53.459 30358 30433 E DRM/DcfDecoder: decodeDrmImageIfNeeded stream caught ClassCastException 
01-09 20:05:53.459 30358 30433 D skia    : --- Failed to create image decoder with message 'unimplemented'
01-09 20:05:53.459 30358 30433 D DRM/DcfDecoder: decodeDrmImageIfNeeded with stream left [0]
01-09 20:05:53.460 30358 30433 E DRM/DcfDecoder: decodeDrmImageIfNeeded stream caught ClassCastException 
01-09 20:05:53.460 30358 30433 D skia    : --- Failed to create image decoder with message 'unimplemented'
01-09 20:05:53.460 30358 30433 D DRM/DcfDecoder: decodeDrmImageIfNeeded with stream left [0]
01-09 20:05:53.460 30358 30433 E DRM/DcfDecoder: decodeDrmImageIfNeeded stream caught ClassCastException 
01-09 20:05:53.460 30358 30433 D skia    : --- Failed to create image decoder with message 'unimplemented'
01-09 20:05:53.460 30358 30433 D DRM/DcfDecoder: decodeDrmImageIfNeeded with stream left [0]
01-09 20:05:53.460 30358 30433 E DRM/DcfDecoder: decodeDrmImageIfNeeded stream caught ClassCastException 
01-09 20:05:53.461 30358 30436 D skia    : --- Failed to create image decoder with message 'unimplemented'
01-09 20:05:53.461 30358 30436 D DRM/DcfDecoder: decodeDrmImageIfNeeded with stream left [736]
01-09 20:05:53.461 30358 30436 E DRM/DcfDecoder: decodeDrmImageIfNeeded stream caught ClassCastException 
01-09 20:05:53.462 30358 30458 D skia    : --- Failed to create image decoder with message 'unimplemented'
01-09 20:05:53.462 30358 30435 D skia    : --- Failed to create image decoder with message 'unimplemented'
01-09 20:05:53.462 30358 30458 D DRM/DcfDecoder: decodeDrmImageIfNeeded with stream left [0]
01-09 20:05:53.462 30358 30435 D DRM/DcfDecoder: decodeDrmImageIfNeeded with stream left [736]
01-09 20:05:53.462 30358 30458 E DRM/DcfDecoder: decodeDrmImageIfNeeded stream caught ClassCastException 
01-09 20:05:53.462 30358 30435 E DRM/DcfDecoder: decodeDrmImageIfNeeded stream caught ClassCastException 
01-09 20:05:53.462 30358 30435 D skia    : --- Failed to create image decoder with message 'unimplemented'
01-09 20:05:53.462 30358 30458 D skia    : --- Failed to create image decoder with message 'unimplemented'
01-09 20:05:53.462 30358 30458 D DRM/DcfDecoder: decodeDrmImageIfNeeded with stream left [0]
01-09 20:05:53.462 30358 30435 D DRM/DcfDecoder: decodeDrmImageIfNeeded with stream left [736]
01-09 20:05:53.463 30358 30435 E DRM/DcfDecoder: decodeDrmImageIfNeeded stream caught ClassCastException 
