01-16 11:23:05.754 28724 29021 D Surface : Surface::disconnect(this=0x71b44df000,api=1)
01-16 11:23:05.755   582   625 I BufferQueueProducer: [com.vkontakte.android/com.vkontakte.android.MainActivity#0](this:0x7279869000,id:15964,api:1,p:28724,c:582) disconnect(P): api 1
01-16 11:23:05.757   582   582 I SurfaceFlinger: screenshot (Letterbox - left#1)
01-16 11:23:05.758   582   582 I SurfaceFlinger: isIncludeStatusBarAndNavBar (1)
01-16 11:23:05.758   582   582 I SurfaceFlinger: screenshot (Splash Screen com.YourCompany.Proj#0)
01-16 11:23:05.758   582   582 I SurfaceFlinger: isIncludeStatusBarAndNavBar (1)
01-16 11:23:05.758   582   582 I SurfaceFlinger: screenshot (InputMethod#0)
01-16 11:23:05.758   582   582 I SurfaceFlinger: isIncludeStatusBarAndNavBar (1)
01-16 11:23:05.771 28724 29021 I GED     : ged_boost_gpu_freq, level 100, eOrigin 2, final_idx 27, oppidx_max 27, oppidx_min 0
01-16 11:23:05.775  1521  1840 D QSTile.BluetoothTile: handleUpdateState: mTargetEnable = falsemController.getBluetoothState() = 10
01-16 11:23:05.784  1521  1521 V KeyguardUpdateMonitor: *** register callback for com.android.keyguard.CarrierText$1@45c7d84
01-16 11:23:05.784  1521  1521 V KeyguardUpdateMonitor: *** unregister callback for null
01-16 11:23:05.788   516   602 I hwcomposer: [HWCDisplay] [Display_0 (type:1)] fps:47.792374,dur:1004.34,max:138.92,min:10.03  
01-16 11:23:05.792  1521  1521 D MobileSignalController: updateDataType mSelectedDataTypeIcon[0]=2131232929, mSelectedDataActivityIndex=6
01-16 11:23:05.792  1521  1521 D TelephonyIcons: getSignalStrengthIcon: slot=0, inetCondition=1, level=4, roaming=false, signalstrength=SignalStrength:{mCdma=CellSignalStrengthCdma: cdmaDbm=2147483647 cdmaEcio=2147483647 evdoDbm=2147483647 evdoEcio=2147483647 evdoSnr=2147483647 miuiLevel=0 level=0,mGsm=CellSignalStrengthGsm: rssi=2147483647 ber=2147483647 mTa=2147483647 miuiLevel=0 mLevel=0,mWcdma=CellSignalStrengthWcdma: ss=2147483647 ber=2147483647 rscp=2147483647 ecno=2147483647 miuiLevel=0 level=0,mTdscdma=CellSignalStrengthTdscdma: rssi=2147483647 ber=2147483647 rscp=2147483647 miuiLevel=0 level=0,mLte=CellSignalStrengthLte: rssi=2147483647 rsrp=-102 rsrq=-16 rssnr=-25 cqi=0 ta=0 miuiLevel=4 level=1,mNr=CellSignalStrengthNr:{ csiRsrp = 2147483647 csiRsrq = 2147483647 csiSinr = 2147483647 ssRsrp = 2147483647 ssRsrq = 2147483647 ssSinr = 2147483647 miuiLevel = 0 level = 0 },primary=CellSignalStrengthLte}, phoneId=0, mMtkLevel=-1, mMtkRsrpOnly=true, mMtkLteRsrpThreshold=null, mMtkLteRssnrThreshold=null
01-16 11:23:05.792  1521  1521 D TelephonyIcons: null signal icon name: drawable/stat_sys_signal_null
01-16 11:23:05.793  1521  1521 D TelephonyIcons: getDataTypeIcon sub=0
01-16 11:23:05.793  1521  1521 D SlaveWifiSignalController: notifyListeners: false
01-16 11:23:05.793  1521  1521 V KeyguardUpdateMonitor: *** register callback for com.android.keyguard.CarrierText$1@6d4f9a2
01-16 11:23:05.793  1521  1521 V KeyguardUpdateMonitor: *** unregister callback for null
01-16 11:23:05.801  1521  1521 D MobileSignalController: updateDataType mSelectedDataTypeIcon[0]=2131232929, mSelectedDataActivityIndex=6
01-16 11:23:05.801  1521  1521 D TelephonyIcons: getSignalStrengthIcon: slot=0, inetCondition=1, level=4, roaming=false, signalstrength=SignalStrength:{mCdma=CellSignalStrengthCdma: cdmaDbm=2147483647 cdmaEcio=2147483647 evdoDbm=2147483647 evdoEcio=2147483647 evdoSnr=2147483647 miuiLevel=0 level=0,mGsm=CellSignalStrengthGsm: rssi=2147483647 ber=2147483647 mTa=2147483647 miuiLevel=0 mLevel=0,mWcdma=CellSignalStrengthWcdma: ss=2147483647 ber=2147483647 rscp=2147483647 ecno=2147483647 miuiLevel=0 level=0,mTdscdma=CellSignalStrengthTdscdma: rssi=2147483647 ber=2147483647 rscp=2147483647 miuiLevel=0 level=0,mLte=CellSignalStrengthLte: rssi=2147483647 rsrp=-102 rsrq=-16 rssnr=-25 cqi=0 ta=0 miuiLevel=4 level=1,mNr=CellSignalStrengthNr:{ csiRsrp = 2147483647 csiRsrq = 2147483647 csiSinr = 2147483647 ssRsrp = 2147483647 ssRsrq = 2147483647 ssSinr = 2147483647 miuiLevel = 0 level = 0 },primary=CellSignalStrengthLte}, phoneId=0, mMtkLevel=-1, mMtkRsrpOnly=true, mMtkLteRsrpThreshold=null, mMtkLteRssnrThreshold=null
01-16 11:23:05.802  1521  1521 D TelephonyIcons: null signal icon name: drawable/stat_sys_signal_null
01-16 11:23:05.802  1521  1521 D TelephonyIcons: getDataTypeIcon sub=0
01-16 11:23:05.802  1521  1521 D SlaveWifiSignalController: notifyListeners: false
01-16 11:23:05.806  1521  1521 D SignalClusterView: updateMobileTypeImage  0
01-16 11:23:05.808  1521  1521 D MobileSignalController: updateDataType mSelectedDataTypeIcon[0]=2131232929, mSelectedDataActivityIndex=6
01-16 11:23:05.808  1521  1521 D TelephonyIcons: getSignalStrengthIcon: slot=0, inetCondition=1, level=4, roaming=false, signalstrength=SignalStrength:{mCdma=CellSignalStrengthCdma: cdmaDbm=2147483647 cdmaEcio=2147483647 evdoDbm=2147483647 evdoEcio=2147483647 evdoSnr=2147483647 miuiLevel=0 level=0,mGsm=CellSignalStrengthGsm: rssi=2147483647 ber=2147483647 mTa=2147483647 miuiLevel=0 mLevel=0,mWcdma=CellSignalStrengthWcdma: ss=2147483647 ber=2147483647 rscp=2147483647 ecno=2147483647 miuiLevel=0 level=0,mTdscdma=CellSignalStrengthTdscdma: rssi=2147483647 ber=2147483647 rscp=2147483647 miuiLevel=0 level=0,mLte=CellSignalStrengthLte: rssi=2147483647 rsrp=-102 rsrq=-16 rssnr=-25 cqi=0 ta=0 miuiLevel=4 level=1,mNr=CellSignalStrengthNr:{ csiRsrp = 2147483647 csiRsrq = 2147483647 csiSinr = 2147483647 ssRsrp = 2147483647 ssRsrq = 2147483647 ssSinr = 2147483647 miuiLevel = 0 level = 0 },primary=CellSignalStrengthLte}, phoneId=0, mMtkLevel=-1, mMtkRsrpOnly=true, mMtkLteRsrpThreshold=null, mMtkLteRssnrThreshold=null
01-16 11:23:05.808  1521  1521 D TelephonyIcons: null signal icon name: drawable/stat_sys_signal_null
01-16 11:23:05.809  1521  1521 D TelephonyIcons: getDataTypeIcon sub=0
01-16 11:23:05.809  1521  1521 D SignalClusterView: updateMobileTypeImage  0
01-16 11:23:05.809  1521  1521 D SlaveWifiSignalController: notifyListeners: false
01-16 11:23:05.810  1521  1521 V KeyguardUpdateMonitor: *** register callback for com.android.systemui.BatteryMeterView$1@cf3f5ac
01-16 11:23:05.810  1521  1521 V KeyguardUpdateMonitor: *** unregister callback for null
01-16 11:23:05.817  1521  1521 D PhoneStatusBar/NavigationBarView: scaleType CENTER
01-16 11:23:05.817  1521  1521 D StatusBar: disable<e i a s b h r c s > disable2<q i n g r >
01-16 11:23:05.817  1521  1521 D StatusBarClock:  isNormalMode= true clock visible=true
01-16 11:23:05.818  1521  1521 D EventBus: [1521, u0] send(AppTransitionFinishedEvent)
01-16 11:23:05.818  1521  1521 D EventBus: [1521, u0]  -> ForcedResizableInfoActivityController [0xe5d95f1, P1] onBusEvent(AppTransitionFinishedEvent)
01-16 11:23:05.818  1521  1521 D EventBus: [1521, u0] onBusEvent(AppTransitionFinishedEvent) duration: 35 microseconds, avg: 44
01-16 11:23:05.818  1521  1521 D EventBus: [1521, u0] send(AppTransitionFinishedEvent)
01-16 11:23:05.818  1521  1521 D EventBus: [1521, u0]  -> ForcedResizableInfoActivityController [0xe5d95f1, P1] onBusEvent(AppTransitionFinishedEvent)
01-16 11:23:05.818  1521  1521 D EventBus: [1521, u0] onBusEvent(AppTransitionFinishedEvent) duration: 15 microseconds, avg: 44
01-16 11:23:05.821  1521  1521 D SignalClusterView: updateMobileTypeImage  0
01-16 11:23:05.821  1521  1521 D SignalClusterView: updateMobileTypeImage  0
01-16 11:23:05.830  1521  1983 D Surface : Surface::disconnect(this=0x70ae2bb000,api=1)
01-16 11:23:05.830   582  2228 I BufferQueueProducer: [StatusBar#0](this:0x729a054000,id:3,api:1,p:1521,c:582) disconnect(P): api 1
01-16 11:23:05.831  1521  1983 D Surface : Surface::connect(this=0x70ae2bb000,api=1)
01-16 11:23:05.832   582  2228 I BufferQueueProducer: [StatusBar#0](this:0x729a054000,id:3,api:1,p:1521,c:582) connect(P): api=1 producer=(1521:com.android.systemui) producerControlledByApp=false
01-16 11:23:05.832  1521  1983 D mali_winsys: EGLint new_window_surface(egl_winsys_display *, void *, EGLSurface, EGLConfig, egl_winsys_surface **, EGLBoolean) returns 0x3000
01-16 11:23:05.833  1521  1983 D Surface : Surface::setBufferCount(this=0x70ae2bb000,bufferCount=3)
01-16 11:23:05.834  1521  1521 D SignalClusterView: updateMobileTypeImage  0
01-16 11:23:05.835  1521  1521 I chatty  : uid=1000(system) com.android.systemui identical 1 line
01-16 11:23:05.836  1521  1521 D SignalClusterView: updateMobileTypeImage  0
01-16 11:23:05.850 28724 28724 I PlayCore: UID: [10173]  PID: [28724] AppUpdateListenerRegistry : unregisterListener
01-16 11:23:05.851   582  2228 I BufferQueueProducer: [StatusBar#0](this:0x729a054000,id:3,api:1,p:1521,c:582) queueBuffer: fps=0.59 dur=1690.56 max=1690.56 min=1690.56
01-16 11:23:05.856  1521  1983 D Surface : Surface::disconnect(this=0x71b44e0000,api=1)
01-16 11:23:05.857  1521  1521 D PhoneStatusBar/NavigationBarView: setDisabledFlags back:false home:false recent:false
01-16 11:23:05.857   582  2228 I BufferQueueProducer: [NavigationBar#0](this:0x72689a1000,id:15955,api:1,p:1521,c:582) disconnect(P): api 1
01-16 11:23:05.857  1521  1983 D Surface : Surface::connect(this=0x71b44e0000,api=1)
01-16 11:23:05.858   582  2228 I BufferQueueProducer: [NavigationBar#0](this:0x72689a1000,id:15955,api:1,p:1521,c:582) connect(P): api=1 producer=(1521:com.android.systemui) producerControlledByApp=false
01-16 11:23:05.858  1521  1983 D mali_winsys: EGLint new_window_surface(egl_winsys_display *, void *, EGLSurface, EGLConfig, egl_winsys_surface **, EGLBoolean) returns 0x3000
01-16 11:23:05.858  1521  1983 D Surface : Surface::setBufferCount(this=0x71b44e0000,bufferCount=3)
01-16 11:23:05.859  1521  1521 D PhoneStatusBar/NavigationBarView: onDraw
01-16 11:23:05.863   582  2228 I BufferQueueProducer: [NavigationBar#0](this:0x72689a1000,id:15955,api:1,p:1521,c:582) queueBuffer: fps=3.46 dur=9260.80 max=8744.58 min=9.18
01-16 11:23:05.863  1521  1521 D QSControlCenterTileLayout: onMeasure height:1147  showLines:5
01-16 11:23:05.867  1521  1521 D QSControlCenterTileLayout: onMeasure height:1147  showLines:5
01-16 11:23:05.867  1521  1521 D SignalClusterView: updateMobileTypeImage  0
01-16 11:23:05.874   582   582 I SurfaceFlinger: screenshot (Letterbox - left#1)
01-16 11:23:05.874   582   582 I SurfaceFlinger: isIncludeStatusBarAndNavBar (1)
01-16 11:23:05.874   582   582 I SurfaceFlinger: screenshot (Splash Screen com.YourCompany.Proj#0)
01-16 11:23:05.874   582   582 I SurfaceFlinger: isIncludeStatusBarAndNavBar (1)
01-16 11:23:05.874   582   582 I SurfaceFlinger: screenshot (InputMethod#0)
01-16 11:23:05.874   582   582 I SurfaceFlinger: isIncludeStatusBarAndNavBar (1)
01-16 11:23:05.876  1521  1521 D StatusBarTypeControllerImpl:  statusbar cutout type from DRIP to NONE
01-16 11:23:05.884  1521  1521 D StatusBar: switchStatusBarFragment cutouttype: NONE targetFragment: CollapsedStatusBarFragment{27e7cb4 #1 id=0x7f0a0434 CollapsedStatusBarFragmentNONE}
01-16 11:23:05.886  1521  1521 D StatusBar: updateFragmentsVisibility cutouttype: NONE
01-16 11:23:05.893  1521  1521 D SignalClusterView: updateMobileTypeImage  0
01-16 11:23:05.894  1521  1521 I chatty  : uid=1000(system) com.android.systemui identical 6 lines
01-16 11:23:05.895  1521  1521 D SignalClusterView: updateMobileTypeImage  0
01-16 11:23:05.896  1521  1521 D BluetoothController: fireStateChange
01-16 11:23:05.896  1521  1521 D PhoneStatusBarPolicy: updateBluetooth bluetoothEnabled = false bluetoothBattery visible=false
01-16 11:23:05.896  1521  1521 D QSTile.BluetoothTile: onBluetoothStateChange: enabled = false
01-16 11:23:05.897  1521  1521 D EventBus: [1521, u0] send(AppTransitionFinishedEvent)
01-16 11:23:05.897  1521  1521 D EventBus: [1521, u0]  -> ForcedResizableInfoActivityController [0xe5d95f1, P1] onBusEvent(AppTransitionFinishedEvent)
01-16 11:23:05.897  1521  1521 D EventBus: [1521, u0] onBusEvent(AppTransitionFinishedEvent) duration: 16 microseconds, avg: 44
01-16 11:23:05.897  1521  1521 D EventBus: [1521, u0] send(AppTransitionFinishedEvent)
01-16 11:23:05.897  1521  1521 D EventBus: [1521, u0]  -> ForcedResizableInfoActivityController [0xe5d95f1, P1] onBusEvent(AppTransitionFinishedEvent)
01-16 11:23:05.897  1521  1521 D EventBus: [1521, u0] onBusEvent(AppTransitionFinishedEvent) duration: 8 microseconds, avg: 44
01-16 11:23:05.898  1521  1521 D SignalClusterView: updateMobileTypeImage  0
01-16 11:23:05.900  1521  1521 I chatty  : uid=1000(system) com.android.systemui identical 4 lines
01-16 11:23:05.900  1521  1521 D SignalClusterView: updateMobileTypeImage  0
01-16 11:23:05.901  1521  1840 D QSTile.BluetoothTile: handleUpdateState: mTargetEnable = falsemController.getBluetoothState() = 10
01-16 11:23:05.901  1521  1521 D SignalClusterView: updateMobileTypeImage  0
01-16 11:23:05.906  1521  1521 I chatty  : uid=1000(system) com.android.systemui identical 4 lines
01-16 11:23:05.906  1521  1521 D SignalClusterView: updateMobileTypeImage  0
01-16 11:23:05.907  1521  1521 D StatusBar: onNotificationRemoved key=0|android|0|com.android.server.wm.AlertWindowNotification - com.miui.notes|1000 reason=8
01-16 11:23:05.908  1559  1559 I FeatureParser: can't find begonia.xml in assets/device_features/,it may be in /system/etc/device_features
01-16 11:23:05.912  1559  1559 W ourCompany.Proj: type=1400 audit(0.0:207459): avc: denied { read } for name="u:object_r:vendor_displayfeature_prop:s0" dev="tmpfs" ino=371 scontext=u:r:untrusted_app_27:s0:c251,c257,c512,c768 tcontext=u:object_r:vendor_displayfeature_prop:s0 tclass=file permissive=0
01-16 11:23:05.916  1559  1559 E libc    : Access denied finding property "ro.vendor.df.effect.conflict"
01-16 11:23:05.920  1235  1461 D SlaveWifiManager: getWifiSlaveConnectionInfo
01-16 11:23:05.920  1235  1453 D SlaveWifiService: Slave message handler : 155633
01-16 11:23:05.920  1521  1521 D SignalClusterView: updateMobileTypeImage  0
01-16 11:23:05.921  1521  1521 D SignalClusterView: updateMobileTypeImage  0
01-16 11:23:05.921  1235  1461 D SlaveWifiManager: getWifiSlaveConnectionInfo
01-16 11:23:05.921  1521  1521 D SignalClusterView: updateMobileTypeImage  0
01-16 11:23:05.921  1235  1453 D SlaveWifiService: Slave message handler : 155633
01-16 11:23:05.921  1521  1521 D SignalClusterView: updateMobileTypeImage  0
01-16 11:23:05.921  1521  1521 I chatty  : uid=1000(system) com.android.systemui identical 3 lines
01-16 11:23:05.921  1521  1521 D SignalClusterView: updateMobileTypeImage  0
01-16 11:23:05.923  1559  1585 V UE4     : [NetworkChangedManager] Network Available: 133
01-16 11:23:05.924  1559  1585 V UE4     : [NetworkChangedManager] No network state set yet, setting naive network state checking connection fully.
01-16 11:23:05.925  1559  1585 V UE4     : [NetworkChangedManager] Network connectivity changed. New connectivity state: CONNECTION_AVAILABLE
01-16 11:23:05.926  1559  1585 V UE4     : [NetworkChangedManager] Network Capabilities changed, has Internet: true
01-16 11:23:05.926  1559  1586 V UE4     : [NetworkChangedManager] Verifying internet connection with host: https://example.com/
01-16 11:23:05.933  1559  1586 D NetworkSecurityConfig: No Network Security Config specified, using platform default
01-16 11:23:05.937  1559  1586 I System.out: [okhttp]:check permission begin!
01-16 11:23:05.937  1559  1586 W System  : ClassLoader referenced unknown path: system/framework/mediatek-cta.jar
01-16 11:23:05.938  1559  1586 I System.out: [okhttp] e:java.lang.ClassNotFoundException: com.mediatek.cta.CtaUtils
01-16 11:23:05.941   496  1590 E ResolverController: No valid NAT64 prefix (133, <unspecified>/0)
01-16 11:23:05.942  1559  1586 I System.out: [socket]:check permission begin!
01-16 11:23:05.943  1559  1586 W System  : ClassLoader referenced unknown path: system/framework/mediatek-cta.jar
01-16 11:23:05.943 28724 28724 V PhoneWindow: DecorView setVisiblity: visibility = 4, Parent = android.view.ViewRootImpl@f9b459e, this = DecorView@a86f87f[MainActivity]
01-16 11:23:05.943  1559  1586 I System.out: [socket] e:java.lang.ClassNotFoundException: com.mediatek.cta.CtaUtils
01-16 11:23:05.945  1521  1521 D SignalClusterView: updateMobileTypeImage  0
01-16 11:23:05.949  1521  1521 I chatty  : uid=1000(system) com.android.systemui identical 16 lines
01-16 11:23:05.949  1521  1521 D SignalClusterView: updateMobileTypeImage  0
01-16 11:23:05.951 25501 28505 W NetworkScheduler: Error inserting flex_time=662000 job_id=-1 period=1326000 source=16 requires_charging=0 preferred_network_type=1 target_class=com.google.android.gms.measurement.PackageMeasurementTaskService user_id=0 target_package=com.google.android.gms tag=Measurement.PackageMeasurementTaskService.UPLOAD_TASK_TAG task_type=0 required_idleness_state=0 service_kind=0 source_version=204714000 persistence_level=1 preferred_charging_state=1 required_network_type=0 runtime=1610785385947 retry_strategy={"maximum_backoff_seconds":{"3600":0},"initial_backoff_seconds":{"30":0},"retry_policy":{"0":0}} last_runtime=0, error message: UNIQUE constraint failed: pending_ops.tag, pending_ops.target_class, pending_ops.target_package, pending_ops.user_id (code 2067 SQLITE_CONSTRAINT_UNIQUE) [CONTEXT service_id=218 ]
01-16 11:23:05.953  1235  1452 I MiuiNetworkPolicy: updateUidState uid = 10005, uidState = 16
01-16 11:23:05.959  1521  1521 D PhoneStatusBar/NavigationBarView: onDraw
01-16 11:23:05.959  1235  1452 I MiuiNetworkPolicy: updateUidState uid = 99187, uidState = 18
01-16 11:23:05.959  1235  1452 I MiuiNetworkPolicy: updateUidState uid = 10165, uidState = 18
01-16 11:23:05.959  1235  1452 I MiuiNetworkPolicy: updateUidState uid = 10120, uidState = 17
01-16 11:23:05.960 22920 22920 I KeyboardViewUtil: KeyboardViewUtil.getKeyboardHeightRatio():175 systemKeyboardHeightRatio:1.000000; userKeyboardHeightRatio:1.000000.
01-16 11:23:05.961 22920 22920 I LatinIme: LatinIme.initialize():431 initialize() : Language = ru
01-16 11:23:05.965 22920 22920 I Delight5Facilitator: Delight5Facilitator.initializeForIme():599 initializeForIme() : Locale = [ru], layout = russian
01-16 11:23:05.966 22920 22920 I AndroidIME: AbstractIme.onActivate():84 LatinIme.onActivate() : EditorInfo = Package = com.vkontakte.android : Type = Text : Learning = Enable : Suggestion = Show : AutoCorrection = Enable : Microphone = Show : NoPersonalizedLearning = Disable : AutoStartVoiceInput = Disable, IncognitoMode = false
01-16 11:23:05.966   582   582 I BufferQueue: [com.vkontakte.android/com.vkontakte.android.MainActivity#0](this:0x7279869000,id:15964,api:1,p:-1,c:-1) ~BufferQueueCore
01-16 11:23:05.966 22920 22920 I VoiceInputManagerWrapper: VoiceInputManagerWrapper.cancelShutdown():54 cancelShutdown()
01-16 11:23:05.966   582   582 D RefBase : RefBase: Explicit destruction, weak count = 0 (in 0x727986a458)
01-16 11:23:05.966   582   582 W RefBase : CallStack::getCurrentInternal not linked, returning null
01-16 11:23:05.966   582   582 W RefBase : CallStack::logStackInternal not linked
01-16 11:23:05.966 22920 22920 I VoiceInputManagerWrapper: VoiceInputManagerWrapper.syncLanguagePacks():66 syncLanguagePacks()
01-16 11:23:05.967 22920 24355 I SpeechFactory: SpeechRecognitionFactory.maybeScheduleAutoPackDownloadForFallback():160 maybeScheduleAutoPackDownloadForFallback()
01-16 11:23:05.967 22920 22920 I LatinIme: LatinIme.updateEnableInlineSuggestionsOnDecoderSideFlags():1239 inline flag updated to:false
01-16 11:23:05.967 22920 24355 I FallbackOnDeviceRecognitionProvider: FallbackOnDeviceRecognitionProvider.maybeScheduleAutoPackDownload():196 maybeScheduleAutoPackDownload() for language tag ru-RU
01-16 11:23:05.968  1521  1521 D PhoneStatusBarTintController: updateSamplingListener unregister 
01-16 11:23:05.968  1521  1521 D PhoneStatusBarTintController: updateSamplingListener register
01-16 11:23:05.969  1521  1521 D NavBarTintController:  updateSamplingListener false
01-16 11:23:05.970  1521  1521 D CollapsedStatusBarFragment:  currentFragment:CollapsedStatusBarFragment{11220dd #0 id=0x7f0a0434 CollapsedStatusBarFragmentDRIP} type is: DRIP switch hidden to: true
01-16 11:23:05.970 22920 22920 I KeyboardWrapper: KeyboardWrapper.consumeEvent():281 Skip consuming an event as current keyboard is deactivated (state=0, keyboard existence=false)
01-16 11:23:05.970  1521  1521 D CollapsedStatusBarFragment:  currentFragment:CollapsedStatusBarFragment{27e7cb4 #1 id=0x7f0a0434 CollapsedStatusBarFragmentNONE} type is: NONE switch hidden to: false
01-16 11:23:05.971 22920 22920 I KeyboardManager: KeyboardManager.requestKeyboard():152 Creating keyboard prime, imeId=ime_russian, cacheKey=theme_stylesheet_materialdark
01-16 11:23:05.972 22920 22920 W KeyboardModeManager: KeyboardModeManager.setInputView():303 setInputView() : inputView = com.google.android.apps.inputmethod.libs.framework.core.InputView{fa4bc50 V.E...... ......I. 0,0-0,0}
01-16 11:23:05.972 22920 22920 I AndroidIME: KeyboardViewManager.updateKeyboardBackgroundFrameVisibility():406 Set background frame visibility. old:8, new:8
01-16 11:23:05.973 22920 22920 I NormalModeController: NormalModeController.getKeyboardBodyViewHolderPaddingBottom():112 currentPrimeKeyboardType:SOFT systemPaddingBottom:-1
01-16 11:23:05.973 22920 22920 I GoogleInputMethodService: GoogleInputMethodService$10.getInputViewCoverNavigationHeight():3247 Returns default 0 as the coverNavigationHeight while extendsTouchBelowSpace=false decorViewWindowInsets=WindowInsets{systemWindowInsets=Insets{left=0, top=0, right=0, bottom=104} stableInsets=Insets{left=0, top=0, right=0, bottom=104} sysGestureInsets=Insets{left=0, top=0, right=0, bottom=0}}
01-16 11:23:05.973 22920 22920 I chatty  : uid=10148(com.google.android.inputmethod.latin) identical 4 lines
01-16 11:23:05.973 22920 22920 I GoogleInputMethodService: GoogleInputMethodService$10.getInputViewCoverNavigationHeight():3247 Returns default 0 as the coverNavigationHeight while extendsTouchBelowSpace=false decorViewWindowInsets=WindowInsets{systemWindowInsets=Insets{left=0, top=0, right=0, bottom=104} stableInsets=Insets{left=0, top=0, right=0, bottom=104} sysGestureInsets=Insets{left=0, top=0, right=0, bottom=0}}
01-16 11:23:05.973 22920 22920 W KeyboardModeManager: KeyboardModeManager.reloadOrientationAwareData():456 reloadOrientationAwareData() : orientation = 2
01-16 11:23:05.973 22920 22920 I NormalModeController: NormalModeController.getKeyboardBodyViewHolderPaddingBottom():112 currentPrimeKeyboardType:SOFT systemPaddingBottom:-1
01-16 11:23:05.975 22920 22920 I GoogleInputMethodService: GoogleInputMethodService$10.getInputViewCoverNavigationHeight():3247 Returns default 0 as the coverNavigationHeight while extendsTouchBelowSpace=false decorViewWindowInsets=WindowInsets{systemWindowInsets=Insets{left=0, top=0, right=0, bottom=104} stableInsets=Insets{left=0, top=0, right=0, bottom=104} sysGestureInsets=Insets{left=0, top=0, right=0, bottom=0}}
01-16 11:23:05.976  1521  1521 D StatusBarClock:  isNormalMode= true clock visible=true
01-16 11:23:05.976  1521  1521 V KeyguardUpdateMonitor: *** unregister callback for com.android.systemui.BatteryMeterView$1@29faf9
01-16 11:23:05.978   582   582 I SurfaceFlinger: screenshot (Letterbox - left#1)
01-16 11:23:05.978   582   582 I SurfaceFlinger: isIncludeStatusBarAndNavBar (1)
01-16 11:23:05.978   582   582 I SurfaceFlinger: screenshot (Splash Screen com.YourCompany.Proj#0)
01-16 11:23:05.978   582   582 I SurfaceFlinger: isIncludeStatusBarAndNavBar (1)
01-16 11:23:05.978   582   582 I SurfaceFlinger: screenshot (InputMethod#0)
01-16 11:23:05.978   582   582 I SurfaceFlinger: isIncludeStatusBarAndNavBar (1)
01-16 11:23:05.979 22920 22920 I GoogleInputMethodService: GoogleInputMethodService$10.getInputViewCoverNavigationHeight():3247 Returns default 0 as the coverNavigationHeight while extendsTouchBelowSpace=false decorViewWindowInsets=WindowInsets{systemWindowInsets=Insets{left=0, top=0, right=0, bottom=104} stableInsets=Insets{left=0, top=0, right=0, bottom=104} sysGestureInsets=Insets{left=0, top=0, right=0, bottom=0}}
01-16 11:23:05.979 22920 22920 I KeyboardViewUtil: KeyboardViewUtil.getKeyboardHeightRatio():175 systemKeyboardHeightRatio:1.000000; userKeyboardHeightRatio:1.000000.
01-16 11:23:05.980 22920 22920 W AndroidIME: KeyboardViewManager.initializeViews():440 initializeViews() : keyboard full width = -1; root view width = 1080; measured keyboard height = 2264
01-16 11:23:05.980 22920 22920 I AndroidIME: KeyboardViewManager.updateKeyboardHeaderViewWidth():907 keyboard header ratio:1.000000 body ratio:1.000000
01-16 11:23:05.981 22920 22920 I AndroidIME: KeyboardViewManager.updateKeyboardHeaderViewWidth():907 keyboard header ratio:1.000000 body ratio:1.000000
01-16 11:23:05.981 22920 22920 I GoogleInputMethodService: GoogleInputMethodService$10.getInputViewCoverNavigationHeight():3247 Returns default 0 as the coverNavigationHeight while extendsTouchBelowSpace=false decorViewWindowInsets=WindowInsets{systemWindowInsets=Insets{left=0, top=0, right=0, bottom=104} stableInsets=Insets{left=0, top=0, right=0, bottom=104} sysGestureInsets=Insets{left=0, top=0, right=0, bottom=0}}
01-16 11:23:05.981 22920 22920 I chatty  : uid=10148(com.google.android.inputmethod.latin) identical 4 lines
01-16 11:23:05.981 22920 22920 I GoogleInputMethodService: GoogleInputMethodService$10.getInputViewCoverNavigationHeight():3247 Returns default 0 as the coverNavigationHeight while extendsTouchBelowSpace=false decorViewWindowInsets=WindowInsets{systemWindowInsets=Insets{left=0, top=0, right=0, bottom=104} stableInsets=Insets{left=0, top=0, right=0, bottom=104} sysGestureInsets=Insets{left=0, top=0, right=0, bottom=0}}
01-16 11:23:05.984 22920 22920 I VoiceImeExtension: VoiceImeExtension.shouldStartVoiceInputAutomatically():342 No private IME option set to start voice input.
01-16 11:23:05.985 22920 22920 W Looper  : Slow Looper main: MotionEvent is 624ms late (event_seq=61585, action=ACTION_DOWN) because of 1 msg, msg 1 took 506ms (seq=101320 h=android.app.ActivityThread$H w=159)
01-16 11:23:05.985 22920 22920 W InputEventReceiver: App Input: 624ms before dispatchInputEvent (MotionEvent: event_seq=61585, seq=2267536, action=ACTION_DOWN)
01-16 11:23:05.985 22920 22920 D ViewRootImpl: [TouchInput][ViewRootImpl] MotionEvent { action=ACTION_DOWN, id[0]=0, pointerCount=1, eventTime=282195255, downTime=282195255 } moveCount:0
01-16 11:23:05.986 22920 22920 W InputEventReceiver: App Input: 550ms before dispatchInputEvent (MotionEvent: event_seq=61586, seq=2267538, action=ACTION_UP)
01-16 11:23:05.986 22920 22920 D ViewRootImpl: [TouchInput][ViewRootImpl] MotionEvent { action=ACTION_UP, id[0]=0, pointerCount=1, eventTime=282195329, downTime=282195255 } moveCount:0
01-16 11:23:05.986 22920 22920 W Looper  : Slow Looper main: MotionEvent is 532ms late (event_seq=61587, action=ACTION_DOWN) because of 1 msg, msg 1 took 506ms (seq=101320 h=android.app.ActivityThread$H w=159)
01-16 11:23:05.986 22920 22920 W InputEventReceiver: App Input: 532ms before dispatchInputEvent (MotionEvent: event_seq=61587, seq=2267541, action=ACTION_DOWN)
01-16 11:23:05.986 22920 22920 D ViewRootImpl: [TouchInput][ViewRootImpl] MotionEvent { action=ACTION_DOWN, id[0]=0, pointerCount=1, eventTime=282195347, downTime=282195347 } moveCount:0
01-16 11:23:05.986 22920 22920 W InputEventReceiver: App Input: 484ms before dispatchInputEvent (MotionEvent: event_seq=61588, seq=2267543, action=ACTION_UP)
01-16 11:23:05.986 22920 22920 D ViewRootImpl: [TouchInput][ViewRootImpl] MotionEvent { action=ACTION_UP, id[0]=0, pointerCount=1, eventTime=282195396, downTime=282195347 } moveCount:0
01-16 11:23:05.987  1559  1559 D ForceDarkHelper: updateByCheckExcludeList: pkg: com.YourCompany.Proj activity: com.epicgames.ue4.SplashActivity@2c20665
01-16 11:23:05.988  1559  1559 I chatty  : uid=10507(com.YourCompany.Proj) com.google.android.gm identical 1 line
01-16 11:23:05.989  1559  1559 D ForceDarkHelper: updateByCheckExcludeList: pkg: com.YourCompany.Proj activity: com.epicgames.ue4.SplashActivity@2c20665
01-16 11:23:05.990 22920 22920 I GoogleInputMethodService: GoogleInputMethodService.lambda$setDecorViewApplyWindowInsetsListener$9():1060 update screenHeightWithoutNaviBar to: 976
01-16 11:23:05.990 22920 22920 I GoogleInputMethodService: GoogleInputMethodService.lambda$setDecorViewApplyWindowInsetsListener$9():1067 update max height when insets changes
01-16 11:23:05.994  1521  1521 D SignalClusterView: updateMobileTypeImage  0
01-16 11:23:05.994 22920 22920 I GoogleInputMethodService: GoogleInputMethodService.lambda$setDecorViewApplyWindowInsetsListener$9():1060 update screenHeightWithoutNaviBar to: 1080
01-16 11:23:05.994 22920 22920 I GoogleInputMethodService: GoogleInputMethodService.lambda$setDecorViewApplyWindowInsetsListener$9():1067 update max height when insets changes
01-16 11:23:05.996 22920 24375 D Surface : Surface::disconnect(this=0x7115ba8000,api=1)
01-16 11:23:05.997   582  1253 I BufferQueueProducer: [InputMethod#0](this:0x729a024800,id:15969,api:1,p:22920,c:582) disconnect(P): api 1
01-16 11:23:05.997  1521  1521 D MobileSignalController: updateDataType mSelectedDataTypeIcon[0]=2131232929, mSelectedDataActivityIndex=6
01-16 11:23:05.997  1521  1521 D TelephonyIcons: getSignalStrengthIcon: slot=0, inetCondition=1, level=4, roaming=false, signalstrength=SignalStrength:{mCdma=CellSignalStrengthCdma: cdmaDbm=2147483647 cdmaEcio=2147483647 evdoDbm=2147483647 evdoEcio=2147483647 evdoSnr=2147483647 miuiLevel=0 level=0,mGsm=CellSignalStrengthGsm: rssi=2147483647 ber=2147483647 mTa=2147483647 miuiLevel=0 mLevel=0,mWcdma=CellSignalStrengthWcdma: ss=2147483647 ber=2147483647 rscp=2147483647 ecno=2147483647 miuiLevel=0 level=0,mTdscdma=CellSignalStrengthTdscdma: rssi=2147483647 ber=2147483647 rscp=2147483647 miuiLevel=0 level=0,mLte=CellSignalStrengthLte: rssi=2147483647 rsrp=-102 rsrq=-16 rssnr=-25 cqi=0 ta=0 miuiLevel=4 level=1,mNr=CellSignalStrengthNr:{ csiRsrp = 2147483647 csiRsrq = 2147483647 csiSinr = 2147483647 ssRsrp = 2147483647 ssRsrq = 2147483647 ssSinr = 2147483647 miuiLevel = 0 level = 0 },primary=CellSignalStrengthLte}, phoneId=0, mMtkLevel=-1, mMtkRsrpOnly=true, mMtkLteRsrpThreshold=null, mMtkLteRssnrThreshold=null
01-16 11:23:05.997 22920 24375 D Surface : Surface::connect(this=0x7115ba8000,api=1)
01-16 11:23:05.997  1521  1521 D TelephonyIcons: null signal icon name: drawable/stat_sys_signal_null
01-16 11:23:05.997  1521  1521 D TelephonyIcons: getDataTypeIcon sub=0
01-16 11:23:05.997   582  1253 I BufferQueueProducer: [InputMethod#0](this:0x729a024800,id:15969,api:1,p:22920,c:582) connect(P): api=1 producer=(22920:com.google.android.inputmethod.latin) producerControlledByApp=false
01-16 11:23:05.998  1521  1521 D SignalClusterView: updateMobileTypeImage  0
01-16 11:23:05.998 22920 24375 D mali_winsys: EGLint new_window_surface(egl_winsys_display *, void *, EGLSurface, EGLConfig, egl_winsys_surface **, EGLBoolean) returns 0x3000
01-16 11:23:05.998  1521  1521 D SlaveWifiSignalController: notifyListeners: false
01-16 11:23:05.998 22920 24375 D Surface : Surface::setBufferCount(this=0x7115ba8000,bufferCount=3)
01-16 11:23:05.999  1521  1521 V KeyguardUpdateMonitor: *** register callback for com.android.systemui.BatteryMeterView$1@aee326f
01-16 11:23:05.999  1521  1521 V KeyguardUpdateMonitor: *** unregister callback for null
01-16 11:23:06.001  1559  1559 I Timeline: Timeline: Activity_launch_request time:282195895
01-16 11:23:06.002  1235  2872 I ActivityTaskManager: START u0 {flg=0x10000 cmp=com.YourCompany.Proj/com.epicgames.ue4.GameActivity (has extras)} from uid 10507
01-16 11:23:06.002  1235  2872 D MiuiMultiWindowAdapter: MiuiMultiWindowAdapter::getFreeformBlackList::sSmallWindowBlackList = [com.miui.securitycenter, com.miui.weather2, com.miui.miservice, com.android.calendar, com.xiaomi.calendar, com.android.contacts, com.miui.mishare.connectivity, com.android.settings, com.android.printspooler, com.miui.backup, com.miui.huanji, com.miui.calculator, com.android.deskclock, com.android.thememanager, com.mfashiongallery.emag, com.miui.virtualsim, com.miui.smarttravel, com.mi.health, com.android.camera, com.lbe.security.miui, com.miui.cleanmaster, com.miui.newhome, com.miui.voiceassist, com.android.phone, com.miui.yellowpage, com.android.updater, com.miui.tsmclient, com.miui.securitycore, com.xiaomi.account, com.xiaomi.shop, com.xiaomi.smarthome, com.mipay.wallet, com.xiaomi.youpin, com.xiaomi.hm.health, com.miui.bugreport, com.xiaomi.mibrain.speech, com.xiaomi.mimoji, com.xiaomi.scanner, com.duokan.phone.remotecontroller, com.miui.hybrid, com.android.incallui, com.miui.video, com.miui.videoplayer, com.miui.player, com.miui.fm, com.miui.packageinstaller, com.mi.android.globallauncher, com.mi.android.globallauncher-poco, com.google.android.dialer, com.google.android.apps.magazines, com.miui.compass, com.miui.greenguard, com.kiteguard, com.google.android.apps.prodcasts, com.google.ar.lens, com.xiangkan.android, com.android.bankabc, com.sohu.inputmethod.sogou, com.tencent.mtt, com.shyz.toutiao, com.netease.mc.mi, com.outfit7.talkingtomgoldrun.mi, com.doudz.mi, com.wepie.snake.new.mi, cn.jj, com.standddz002.mi, com.miHoYo.bh3.mi, com.qqgame.hlddz, com.happyelements.AndroidAnimal, com.minitech.miniworld.TMobile.mi, com.mfp.jelly.xiaomi, com.lilithgames.afk.mi, com.tencent.peng, com.teenpatti.hd.gold, blockpuzzle.jewelgames.jewelslegend, com.playgendary.tanks, com.chillingo.robberybobfree.android.row, com.episodeinteractive.android.catalog, com.playrix.township, com.ansangha.drdriving, com.google.android.youtube, com.gbits.atm.mi, com.tencent.tetris, com.sukhavati.gotoplaying.bubble.BubbleShooter.mint, com.youzu.bs.mi]
01-16 11:23:06.002  1521  1521 D SignalClusterView: updateMobileTypeImage  0
01-16 11:23:06.003  1521  1521 I chatty  : uid=1000(system) com.android.systemui identical 2 lines
01-16 11:23:06.003  1521  1521 D SignalClusterView: updateMobileTypeImage  0
01-16 11:23:06.003   538   598 I power@1.3-impl: powerHintInternal hint:8, data:1
01-16 11:23:06.004  1521  1521 D SignalClusterView: updateMobileTypeImage  0
01-16 11:23:06.004  1521  1521 D SignalClusterView: updateMobileTypeImage  0
01-16 11:23:06.004  1521  1521 W StatusBar: removeNotification for unknown key: 0|android|0|com.android.server.wm.AlertWindowNotification - com.miui.notes|1000
01-16 11:23:06.004  1521  1521 D StatusBar: removeNotification null
01-16 11:23:06.005   582  2228 I BufferQueueProducer: [InputMethod#0](this:0x729a024800,id:15969,api:1,p:22920,c:582) queueBuffer: fps=0.91 dur=1093.55 max=1093.55 min=1093.55
01-16 11:23:06.006 22920 22920 W Looper  : Slow Looper main: doFrame is 456ms late because of 4 msg, msg 1 took 506ms (seq=101320 h=android.app.ActivityThread$H w=159)
01-16 11:23:06.007  1235  2872 D PowerHalWrapper: <amsBoostResume> last:com.YourCompany.Proj, next:com.YourCompany.Proj 
01-16 11:23:06.012 22920 22920 I AbstractOpenableExtension: AbstractOpenableExtension$3.onSuccess():529 KeyboardGroupManager destroyed in fyo.
01-16 11:23:06.012 22920 22920 I Environment: Environment.getDeviceMode():739 Get device mode by ui mode:1 and smallestScreenWidthDp:490
01-16 11:23:06.012 22920 22920 I Environment: Environment.getDeviceMode():739 Get device mode by ui mode:1 and smallestScreenWidthDp:490
01-16 11:23:06.021  1701  1701 D RecentsImpl: mActivityStateObserver com.epicgames.ue4.SplashActivity
01-16 11:23:06.023  1559  1559 W Looper  : Slow Looper main: Activity com.YourCompany.Proj/com.epicgames.ue4.SplashActivity is 375ms late (wall=0ms running=0ms ClientTransaction{ callbacks=[android.app.servertransaction.TopResumedActivityChangeItem] }) because of 3 msg, msg 2 took 271ms (seq=2 late=6ms h=android.app.ActivityThread$H w=110), msg 3 took 100ms (seq=3 late=276ms h=android.app.ActivityThread$H w=159)
01-16 11:23:06.030  1235  2872 D PowerHalWrapper: amsBoostNotify pid:1559,activity:com.epicgames.ue4.GameActivity, package:com.YourCompany.Proj, mProcessCreatePackcom.YourCompany.Proj 
01-16 11:23:06.034  1235  2872 I Timeline: Timeline: App_transition_ready time:282195928
01-16 11:23:06.034  1235  2872 I Timeline: Timeline: App_transition_stopped time:282195928
01-16 11:23:06.037  1559  1559 W ActivityThread: handleWindowVisibility: no activity for token android.os.BinderProxy@1adaf3a
01-16 11:23:06.042 22920 22920 I KeyboardViewHelper: KeyboardViewHelper.getView():174 Get view with height ratio:1.000000; experiment height ratio:1.000000.
01-16 11:23:06.056  1521  1521 D SignalClusterView: updateMobileTypeImage  0
01-16 11:23:06.061  1521  1521 I chatty  : uid=1000(system) com.android.systemui identical 2 lines
01-16 11:23:06.062  1521  1521 D SignalClusterView: updateMobileTypeImage  0
01-16 11:23:06.067  1559  1559 D AndroidRuntime: Shutting down VM
--------- beginning of crash
01-16 11:23:06.070  1559  1559 E AndroidRuntime: FATAL EXCEPTION: main
01-16 11:23:06.070  1559  1559 E AndroidRuntime: Process: com.YourCompany.Proj, PID: 1559
01-16 11:23:06.070  1559  1559 E AndroidRuntime: java.lang.UnsatisfiedLinkError: dlopen failed: library "libplaycore.so" not found
01-16 11:23:06.070  1559  1559 E AndroidRuntime: 	at java.lang.Runtime.loadLibrary0(Runtime.java:1071)
01-16 11:23:06.070  1559  1559 E AndroidRuntime: 	at java.lang.Runtime.loadLibrary0(Runtime.java:1007)
01-16 11:23:06.070  1559  1559 E AndroidRuntime: 	at java.lang.System.loadLibrary(System.java:1667)
01-16 11:23:06.070  1559  1559 E AndroidRuntime: 	at com.epicgames.ue4.GameActivity.<clinit>(GameActivity.java:6568)
01-16 11:23:06.070  1559  1559 E AndroidRuntime: 	at java.lang.Class.newInstance(Native Method)
01-16 11:23:06.070  1559  1559 E AndroidRuntime: 	at android.app.AppComponentFactory.instantiateActivity(AppComponentFactory.java:95)
01-16 11:23:06.070  1559  1559 E AndroidRuntime: 	at android.app.Instrumentation.newActivity(Instrumentation.java:1250)
01-16 11:23:06.070  1559  1559 E AndroidRuntime: 	at android.app.ActivityThread.performLaunchActivity(ActivityThread.java:3247)
01-16 11:23:06.070  1559  1559 E AndroidRuntime: 	at android.app.ActivityThread.handleLaunchActivity(ActivityThread.java:3484)
01-16 11:23:06.070  1559  1559 E AndroidRuntime: 	at android.app.servertransaction.LaunchActivityItem.execute(LaunchActivityItem.java:83)
01-16 11:23:06.070  1559  1559 E AndroidRuntime: 	at android.app.servertransaction.TransactionExecutor.executeCallbacks(TransactionExecutor.java:135)
01-16 11:23:06.070  1559  1559 E AndroidRuntime: 	at android.app.servertransaction.TransactionExecutor.execute(TransactionExecutor.java:95)
01-16 11:23:06.070  1559  1559 E AndroidRuntime: 	at android.app.ActivityThread$H.handleMessage(ActivityThread.java:2068)
01-16 11:23:06.070  1559  1559 E AndroidRuntime: 	at android.os.Handler.dispatchMessage(Handler.java:107)
01-16 11:23:06.070  1559  1559 E AndroidRuntime: 	at android.os.Looper.loop(Looper.java:224)
01-16 11:23:06.070  1559  1559 E AndroidRuntime: 	at android.app.ActivityThread.main(ActivityThread.java:7551)
01-16 11:23:06.070  1559  1559 E AndroidRuntime: 	at java.lang.reflect.Method.invoke(Native Method)
01-16 11:23:06.070  1559  1559 E AndroidRuntime: 	at com.android.internal.os.RuntimeInit$MethodAndArgsCaller.run(RuntimeInit.java:539)
01-16 11:23:06.070  1559  1559 E AndroidRuntime: 	at com.android.internal.os.ZygoteInit.main(ZygoteInit.java:995)
01-16 11:23:06.073   388   388 E SELinux : avc:  denied  { find } for service=miui.mqsas.MQSService pid=1559 uid=10507 scontext=u:r:untrusted_app_27:s0:c251,c257,c512,c768 tcontext=u:object_r:mqs_service:s0 tclass=service_manager permissive=0
01-16 11:23:06.073  1559  1559 E MQSEventManagerDelegate: failed to get MQSService.
01-16 11:23:06.075  1521  1521 D SignalClusterView: updateMobileTypeImage  0
01-16 11:23:06.076  1235  2879 W ActivityTaskManager:   Force finishing activity com.YourCompany.Proj/com.epicgames.ue4.GameActivity
01-16 11:23:06.077  1235  1594 I DropBoxManagerService: add tag=data_app_crash isTagEnabled=true flags=0x2
01-16 11:23:06.076  1521  1521 I chatty  : uid=1000(system) com.android.systemui identical 8 lines
01-16 11:23:06.076  1521  1521 D SignalClusterView: updateMobileTypeImage  0
01-16 11:23:06.077  1521  1521 D EventBus: [1521, u0] send(AppTransitionFinishedEvent)
01-16 11:23:06.077  1521  1521 D EventBus: [1521, u0]  -> ForcedResizableInfoActivityController [0xe5d95f1, P1] onBusEvent(AppTransitionFinishedEvent)
01-16 11:23:06.077  1521  1521 D EventBus: [1521, u0] onBusEvent(AppTransitionFinishedEvent) duration: 11 microseconds, avg: 44
01-16 11:23:06.077  1521  1521 D EventBus: [1521, u0] send(AppTransitionFinishedEvent)
01-16 11:23:06.077  1521  1521 D EventBus: [1521, u0]  -> ForcedResizableInfoActivityController [0xe5d95f1, P1] onBusEvent(AppTransitionFinishedEvent)
01-16 11:23:06.077  1521  1521 D EventBus: [1521, u0] onBusEvent(AppTransitionFinishedEvent) duration: 4 microseconds, avg: 44
01-16 11:23:06.077  1521  1521 D EventBus: [1521, u0] send(AppTransitionFinishedEvent)
01-16 11:23:06.077  1521  1521 D EventBus: [1521, u0]  -> ForcedResizableInfoActivityController [0xe5d95f1, P1] onBusEvent(AppTransitionFinishedEvent)
01-16 11:23:06.077  1521  1521 D EventBus: [1521, u0] onBusEvent(AppTransitionFinishedEvent) duration: 5 microseconds, avg: 44
01-16 11:23:06.078  1235  2879 D PowerHalWrapper: <amsBoostResume> last:com.YourCompany.Proj, next:com.vkontakte.android 
01-16 11:23:06.079  1521  1521 D SignalClusterView: updateMobileTypeImage  0
01-16 11:23:06.081 22920 22920 I KeyboardViewUtil: KeyboardViewUtil.calculateMaxKeyboardBodyHeight():66 leave 297 height for app when screen height:1080, header height:90 and isFullscreenMode:false, so the max keyboard body height is:693
01-16 11:23:06.081 22920 22920 I SoftKeyboardView: SoftKeyboardView.setMaxHeight():663 Set max keyboard height:693.
01-16 11:23:06.081  1559  1559 I Process : Sending signal. PID: 1559 SIG: 9
01-16 11:23:06.081  1235  4375 D ActivityManager: report kill process: killerPid is:1559, killedPid is:1559
01-16 11:23:06.082  1521  1521 D PhoneStatusBarTintController: updateSamplingListener unregister 
01-16 11:23:06.083  1521  1521 D PhoneStatusBarTintController: updateSamplingListener register
01-16 11:23:06.083  1235  1594 W AES     : Exception Log handling...
01-16 11:23:06.083  1235  1594 W AES     : Skipped - do not care third party apk
01-16 11:23:06.084  1235  1327 W BroadcastQueue: Background execution not allowed: receiving Intent { act=android.intent.action.DROPBOX_ENTRY_ADDED flg=0x10 (has extras) } to com.google.android.gms/.stats.service.DropBoxEntryAddedReceiver
01-16 11:23:06.084  1235  1327 W BroadcastQueue: Background execution not allowed: receiving Intent { act=android.intent.action.DROPBOX_ENTRY_ADDED flg=0x10 (has extras) } to com.google.android.gms/.chimera.GmsIntentOperationService$PersistentTrustedReceiver
01-16 11:23:06.089 22920 22961 I Delight5Decoder: Delight5DecoderWrapper.handleMessage():1824 handleMessage(): UPDATE_KEYBOARD_LAYOUT
01-16 11:23:06.089 22920 22920 I KeyboardViewUtil: KeyboardViewUtil.calculateMaxKeyboardBodyHeight():66 leave 297 height for app when screen height:1080, header height:90 and isFullscreenMode:false, so the max keyboard body height is:693
01-16 11:23:06.091   582   582 I SurfaceFlinger: screenshot (Letterbox - left#2)
01-16 11:23:06.091   582   582 I SurfaceFlinger: isIncludeStatusBarAndNavBar (1)
01-16 11:23:06.091   582   582 I SurfaceFlinger: screenshot (Splash Screen com.YourCompany.Proj#0)
01-16 11:23:06.091   582   582 I SurfaceFlinger: isIncludeStatusBarAndNavBar (1)
01-16 11:23:06.091   582   582 I SurfaceFlinger: screenshot (InputMethod#0)
01-16 11:23:06.091   582   582 I SurfaceFlinger: isIncludeStatusBarAndNavBar (1)
01-16 11:23:06.091   582   582 I SurfaceFlinger: screenshot (NavigationBar#0)
01-16 11:23:06.091   582   582 I SurfaceFlinger: isIncludeStatusBarAndNavBar (1)
01-16 11:23:06.092   815   918 D AAL     : 01-16 11:23:05.692 BL= 356,ESS= 260, 01-16 11:23:05.792 BL= 356,ESS= 262, 01-16 11:23:05.892 BL= 356,ESS= 264, 01-16 11:23:05.991 BL= 356,ESS= 266, 01-16 11:23:06.092 BL= 356,ESS= 268, 
01-16 11:23:06.093  1235  1452 I MiuiNetworkPolicy: updateUidState uid = 99186, uidState = 4
01-16 11:23:06.094  1235  1452 I MiuiNetworkPolicy: updateUidState uid = 99075, uidState = 4
01-16 11:23:06.094  1235  1452 I MiuiNetworkPolicy: updateUidState uid = 10173, uidState = 2
01-16 11:23:06.094  1235  1452 I MiuiNetworkPolicy: updateUidState uid = 10053, uidState = 4
01-16 11:23:06.094  1235  1452 I MiuiNetworkPolicy: updateUidState uid = 10023, uidState = 2
01-16 11:23:06.095  1235  1318 D LocationManagerService: request from uid 10173 is now foreground
01-16 11:23:06.095  1235  1318 D LocationManagerService: request from uid 10173 is now foreground
01-16 11:23:06.097  1235  1318 D LocationManagerService: Skip applyRequirementsLocked, provider: network provider.isUseableLocked(): false isBatterySaverDisablingLocation: false isSettingsExemptLocked(record): false record: UpdateRecord[network com.vkontakte.android(10173 foreground) Request[POWER_LOW network requested=0 fastest=0 num=1] null]
01-16 11:23:06.098  1235  1318 D LocationManagerService: Skip applyRequirementsLocked, provider: network provider.isUseableLocked(): false isBatterySaverDisablingLocation: false isSettingsExemptLocked(record): false record: UpdateRecord[network com.vkontakte.android(10173 foreground) Request[POWER_LOW network requested=0 fastest=0 num=1] null]
01-16 11:23:06.099 18318 18318 I ADB_SERVICES: for fd 16, revents = 2011
01-16 11:23:06.099  1235  1761 D MtkConnectivityService: ConnectivityService NetworkRequestInfo binderDied(NetworkRequest [ LISTEN id=4619, [ Transports: CELLULAR|WIFI|BLUETOOTH|ETHERNET|VPN Capabilities: INTERNET&NOT_RESTRICTED&TRUSTED&NOT_VPN&VALIDATED&FOREGROUND Uid: 10507] ], android.os.BinderProxy@f998513)
01-16 11:23:06.099  1235  3851 V ActivityManager: Death received in com.android.server.am.ActivityManagerService$AppDeathRecipient@76d1cb7 for thread android.os.BinderProxy@4bf2c24, mPid:1559,mApp:ProcessRecord{a9ba350 1559:com.YourCompany.Proj/u0a507}
01-16 11:23:06.100   497   497 I Zygote  : Process 1559 exited due to signal 9 (Killed)
01-16 11:23:06.101 22920 22920 I GoogleInputMethodService: GoogleInputMethodService.onFinishInputView():2246 
01-16 11:23:06.101 22920 22920 I InlineSuggestionCandidateViewController: InlineSuggestionCandidateViewController.setInlineSuggestionCandidateImpl():1207 set  to inlineSuggestionTextView
01-16 11:23:06.102  1235  3851 I ActivityManager: Process com.YourCompany.Proj (pid 1559) has died: vis TOP 
01-16 11:23:06.102  1235  1329 I libprocessgroup: Successfully killed process cgroup uid 10507 pid 1559 in 0ms
01-16 11:23:06.102 22920 22920 I KeyboardWrapper: KeyboardWrapper.consumeEvent():281 Skip consuming an event as current keyboard is deactivated (state=0, keyboard existence=true)
01-16 11:23:06.102 22920 22920 I VoiceInputManagerWrapper: VoiceInputManagerWrapper.shutdown():76 shutdown()
01-16 11:23:06.102 22920 22920 I AndroidIME: AbstractIme.onDeactivate():161 LatinIme.onDeactivate()
01-16 11:23:06.103 22920 22920 V PhoneWindow: DecorView setVisiblity: visibility = 8, Parent = android.view.ViewRootImpl@d7b38e3, this = DecorView@b5e92e0[InputMethod]
01-16 11:23:06.119  1235  3851 D WindowOrientationListener: WindowOrientationListener disabled
01-16 11:23:06.119  1235  3851 D SensorService: SensorDevice::activate: ident=0x70b7cd9200, handle=0x00000014, enabled=0, count=1
01-16 11:23:06.119  1235  3851 D SensorService: disable index=0
01-16 11:23:06.119  1235  3851 D SensorService: 	>>> actuating h/w activate handle=20 enabled=0
01-16 11:23:06.120   794  1023 I Situation: enable: handle:26, en:0 

01-16 11:23:06.121  1235  3851 D SensorService: ~SensorEventConnection(0x70b7cd9200)
01-16 11:23:06.121  1235  3851 D SensorService: 7 active sensors
01-16 11:23:06.121  1235  3851 D SensorService: removing connection 0x70b7cd9200 for sensor[0].handle=0x00000006
01-16 11:23:06.121  1235  3851 D SensorService: removing connection 0x70b7cd9200 for sensor[1].handle=0x00000007
01-16 11:23:06.121  1235  3851 D SensorService: removing connection 0x70b7cd9200 for sensor[2].handle=0x0000000e
01-16 11:23:06.121  1235  3851 D SensorService: removing connection 0x70b7cd9200 for sensor[3].handle=0x00000010
01-16 11:23:06.121  1235  3851 D SensorService: removing connection 0x70b7cd9200 for sensor[4].handle=0x00000011
01-16 11:23:06.121  1235  3851 D SensorService: removing connection 0x70b7cd9200 for sensor[5].handle=0x0000001c
01-16 11:23:06.121  1235  3851 D SensorService: removing connection 0x70b7cd9200 for sensor[6].handle=0x0000001d
01-16 11:23:06.126  1235  3851 D PowerHalWrapper: amsBoostNotify pid:28724,activity:com.vkontakte.android.MainActivity, package:com.vkontakte.android, mProcessCreatePackcom.YourCompany.Proj 
01-16 11:23:06.126  1235  3851 D PowerHalWrapper: amsBoostNotify AMS_BOOST_PROCESS_CREATE_BOOST:true 
01-16 11:23:06.127   538   597 I libPowerHal: [perfNotifyAppState] foreground:com.vkontakte.android, pid:28724, uid:10173
01-16 11:23:06.127   538   597 E UxUtility: notifyAppState error = NULL
01-16 11:23:06.127   538   597 I powerd  : [powerd_req] POWER_MSG_NOTIFY_STATE, pc:1, com.YourCompany.Proj => com.vkontakte.android
01-16 11:23:06.128  1235  3851 I PowerHalWrapper: <setRotation> do boost with 0ms 
01-16 11:23:06.128  1235  3851 I PowerHalWrapper: <setRotation> do boost with 2000ms 
01-16 11:23:06.129   582   625 I BufferQueue: [unnamed-582-15972](this:0x7279837000,id:15972,api:0,p:-1,c:-1) BufferQueue core=(582:/system/bin/surfaceflinger)
01-16 11:23:06.129   582   625 I BufferQueueConsumer: [unnamed-582-15972](this:0x7279837000,id:15972,api:0,p:-1,c:582) connect(C): consumer=(582:/system/bin/surfaceflinger) controlledByApp=false
01-16 11:23:06.129   582   625 I BufferQueueConsumer: [unnamed-582-15969](this:0x7279837000,id:15972,api:0,p:-1,c:582) setConsumerName: unnamed-582-15969
01-16 11:23:06.129   582   625 I BufferQueueConsumer: [ScreenshotSurface#0](this:0x7279837000,id:15972,api:0,p:-1,c:582) setConsumerName: ScreenshotSurface#0
