01-12 18:40:36.331 24439 24476 D UE4     : [2021.01.12-15.40.36:331][  0]LogInit: Display: Game Engine Initialized.
01-12 18:40:36.332 24439 24476 D UE4     : [2021.01.12-15.40.36:332][  0]LogInit: Display: Starting Game.
01-12 18:40:36.332 24439 24476 D UE4     : [2021.01.12-15.40.36:332][  0]LogNet: Browse: /Game/Proj/Maps/Transit?Name=Player
01-12 18:40:36.332 24439 24476 D UE4     : [2021.01.12-15.40.36:332][  0]LogLoad: LoadMap: /Game/Proj/Maps/Transit?Name=Player
01-12 18:40:36.332 24439 24476 D UE4     : [2021.01.12-15.40.36:332][  0]LogWorld: BeginTearingDown for /Temp/Untitled_0
01-12 18:40:36.332   501 12419 D aurisys_lib_handler: [LIB] [NXP info] tfadsp_arsi_parsing_param_file_by_custom_info:  loading profile section!!!    profile_id=1
01-12 18:40:36.333   501 12419 D aurisys_lib_handler: [LIB] [NXP info] tfadsp_arsi_parsing_param_file_by_custom_info:  exit.    data_size=2132    memory_size=4264
01-12 18:40:36.333   501 12419 D aurisys_lib_handler: aurisys_arsi_parsing_param_file(), gProductInfo "platform=MT6785,device=begonia,model=Redmi Note 8 Pro", file_path "/vendor/etc/audio_param/", enhancement_mode 0, param_buf_size 2132, data_size 2132, custom_info SetAudioCustomScene=
01-12 18:40:36.333   501 12419 D audio_messenger_ipi: hal send, task: 9, msg_id: 0x12, ack_type: 1, p1: 0xa94, p2: 0x0, dma sz: 0, idx: 0, hal sz: 2708
01-12 18:40:36.334 24439 24476 D UE4     : [2021.01.12-15.40.36:334][  0]LogWorld: UWorld::CleanupWorld for Untitled, bSessionEnded=true, bCleanupResources=true
01-12 18:40:36.334 24439 24476 D UE4     : [2021.01.12-15.40.36:334][  0]LogSlate: InvalidateAllWidgets triggered.  All widgets were invalidated
01-12 18:40:36.335   501 12419 D AudioALSADeviceConfigManager: ApplyDeviceTurnonSequenceByName() DeviceName = I2S0_TO_CAPTURE4 descriptor->DeviceStatusCounte = 0
01-12 18:40:36.335   501 12419 D AudioALSADeviceConfigManager: ApplyDeviceTurnonSequenceByName() DeviceName = PLAYBACK4_TO_I2S3 descriptor->DeviceStatusCounte = 0
01-12 18:40:36.338 24439 24476 D UE4     : [2021.01.12-15.40.36:338][  0]LogAudio: Display: Audio Device unregistered from world 'None'.
01-12 18:40:36.341 24439 24476 D UE4     : [2021.01.12-15.40.36:341][  0]LogUObjectHash: Compacting FUObjectHashTables data took   0.86ms
01-12 18:40:36.358   501 12419 D AudioDspStreamManager: startPlaybackTask(), mDspTaskPlaybackActive = 1, mPlaybackUlindex = 14, mPlaybackDlindex = 4, mDspIndex = 55, mPlaybackDlConfig: channels = 2, rate = 48000, period_size = 256, period_count = 4, format = 3, mPlaybackIVConfig: channels = 2, rate = 48000, period_size = 256, period_count = 4, format = 3, mPlaybackUlConfig: channels = 2, rate = 48000, period_size = 256, period_count = 4, format = 3, mDspConfig: channels = 2, rate = 48000, period_size = 256, period_count = 4, format = 3
01-12 18:40:36.358   501 12419 D AudioDspStreamManager: addPlaybackHandler() mDspStreamState = DSP_STREAM_START
01-12 18:40:36.358   501 12419 D AudioDspStreamManager: addPlaybackHandler(), playbackHandler = 4049377280 0xf15c9800
01-12 18:40:36.359   501 12419 D AudioALSAHardwareResourceManager: +startOutputDevice(), new_devices = 0x2, mOutputDevices = 0x0, mStartOutputDevicesCount = 0 SampleRate = 48000
01-12 18:40:36.359   501 12419 D AudioSmartPaController: +dspOnBoardSpeakerOn(), SampleRate: 48000, MD_type: 0, isEchoRefEnable: 0
01-12 18:40:36.359   501 12419 D AudioALSAVoiceWakeUpController: updateSpeakerPlaybackStatus(), isSpeakerPlaying = 1
01-12 18:40:36.359   501 12419 D AudioALSAPlaybackHandlerFast: -open()
01-12 18:40:36.359   501 12419 D AudioALSAStreamOut: [DEBUG] open: setMiSoundLimiter when stream open
01-12 18:40:36.359   501 12419 D AudioALSAHardware: [DEBUG] setMiSoundLimiter: [LIMIT]setMiSoundLimiter[enable]
01-12 18:40:36.359   501 12419 W aurisys_controller: lib_name misound, scene 0, no active handler!!
01-12 18:40:36.383   815   918 D AAL     : 01-12 06:40:36.316 BL= 833,ESS= 294, 01-12 06:40:36.333 BL= 834,ESS= 292, 01-12 06:40:36.350 BL= 835,ESS= 292, 01-12 06:40:36.366 BL= 836,ESS= 292, 01-12 06:40:36.383 BL= 837,ESS= 292, 
01-12 18:40:36.467   815   918 D AAL     : 01-12 06:40:36.404 BL= 838,ESS= 292, 01-12 06:40:36.416 BL= 839,ESS= 292, 01-12 06:40:36.434 BL= 840,ESS= 290, 01-12 06:40:36.451 BL= 841,ESS= 290, 01-12 06:40:36.467 BL= 842,ESS= 290, 
01-12 18:40:36.514 24439 24476 D UE4     : [2021.01.12-15.40.36:514][  0]LogAudio: Display: Audio Device (ID: 1) registered with world 'Transit'.
01-12 18:40:36.517 24439 24476 D UE4     : [2021.01.12-15.40.36:517][  0]LogAIModule: Creating AISystem for world Transit
01-12 18:40:36.518 24439 24476 D UE4     : [2021.01.12-15.40.36:518][  0]LogLoad: Game class is 'GM_Main_C'
01-12 18:40:36.520 24439 24476 D UE4     : [2021.01.12-15.40.36:520][  0]LogWorld: Bringing World /Game/Proj/Maps/Transit.Transit up for play (max tick rate 0) at 2021.01.12-18.40.36
01-12 18:40:36.520 24439 24476 D UE4     : [2021.01.12-15.40.36:520][  0]LogWorld: Bringing up level for play took: 0.001313
01-12 18:40:36.521 24439 24476 D UE4     : [2021.01.12-15.40.36:521][  0]LogOnlineIdentity: Display: OSS: FOnlineIdentityGooglePlay::GetPlayerNickname
01-12 18:40:36.531 24439 24476 D UE4     : [2021.01.12-15.40.36:531][  0]LogMediaAssets: Error: Failed to validate media source Lift_1 (file://C:/Users/neret/Downloads/Lift_1.wmv)
01-12 18:40:36.532 24439 24476 D UE4     : [2021.01.12-15.40.36:531][  0]LogLevel: Warning: Failed to find streaming level object associated with 'None'
01-12 18:40:36.534 24439 24476 D UE4     : [2021.01.12-15.40.36:534][  0]LogLoad: Took 0.202043 seconds to LoadMap(/Game/Proj/Maps/Transit)
01-12 18:40:36.535 24439 24476 D UE4     : [2021.01.12-15.40.36:535][  0]LogSlate: Took 0.000901 seconds to synchronously load lazily loaded font '../../../Engine/Content/EngineFonts/Faces/RobotoBold.ufont' (160K)
01-12 18:40:36.583 24439 24533 D UE4     : AndroidEGL::  ReleaseContextOwnership,  thread releasing rendering context tid: 24533
01-12 18:40:36.583 24439 24533 D UE4     : AndroidEGL::ResetDisplay()
01-12 18:40:36.584   815   918 D AAL     : 01-12 06:40:36.500 BL= 843,ESS= 290, 01-12 06:40:36.517 BL= 844,ESS= 288, 01-12 06:40:36.533 BL= 845,ESS= 288, 01-12 06:40:36.567 BL= 846,ESS= 288, 01-12 06:40:36.584 BL= 847,ESS= 288, 
01-12 18:40:36.587 24439 24476 D UE4     : [2021.01.12-15.40.36:587][  0]LogRHI: Display: ShaderPipelineCache: Paused Batching. 1
01-12 18:40:36.587 24439 24476 D UE4     : [2021.01.12-15.40.36:587][  0]LogRHI: Display: ShaderPipelineCache: Resumed Batching. 0
01-12 18:40:36.587 24439 24476 D UE4     : [2021.01.12-15.40.36:587][  0]LogRHI: Display: ShaderPipelineCache: Batching Resumed.
01-12 18:40:36.587 24439 24476 D UE4     : [2021.01.12-15.40.36:587][  0]LogAndroid: Passed GEngineLoop.Init()
01-12 18:40:36.587 24439 24476 D UE4     : [2021.01.12-15.40.36:587][  0]LogAndroidEvents: Display: LogAndroidEvents::DequeueAppEvent : 9, [width=-1, height=-1], APP_EVENT_STATE_ON_START
01-12 18:40:36.587 24439 24476 D UE4     : FAppEventManager::Tick processing, 9
01-12 18:40:36.587 24439 24476 D UE4     : [2021.01.12-15.40.36:587][  0]LogAndroidEvents: Display: LogAndroidEvents::DequeueAppEvent : 7, [width=-1, height=-1], APP_EVENT_STATE_ON_RESUME
01-12 18:40:36.587 24439 24476 D UE4     : FAppEventManager::Tick processing, 7
01-12 18:40:36.587 24439 24476 D UE4     : [2021.01.12-15.40.36:587][  0]LogAndroidEvents: Display: LogAndroidEvents::DequeueAppEvent : 0, [width=2264, height=1080], APP_EVENT_STATE_WINDOW_CREATED
01-12 18:40:36.587 24439 24476 D UE4     : FAppEventManager::Tick processing, 0
01-12 18:40:36.587 24439 24476 D UE4     : [2021.01.12-15.40.36:587][  0]LogAndroidEvents: Display: ExecWindowCreated
01-12 18:40:36.587 24439 24476 D UE4     : AndroidEGL::ReInitWindow()
01-12 18:40:36.588 24439 24476 D UE4     : [2021.01.12-15.40.36:587][  0]LogAndroid: AndroidEGL::RefreshWindowSize updating window size = 1504, 720, cached size : 0, 0 tid : 24476
01-12 18:40:36.588 24439 24476 D UE4     : [2021.01.12-15.40.36:588][  0]LogAndroid: AndroidEGL::ResizeSharedContextSurface, PImplData->Window=0x709ff3f010, PImplData->eglWidth=8, PImplData->eglHeight=8!, CachedWidth=1504, CachedHeight=720, tid: 24476
01-12 18:40:36.588 24439 24476 D UE4     : AndroidEGL::UnBindShared()
01-12 18:40:36.588 24439 24476 D UE4     : AndroidEGL::ResetDisplay()
01-12 18:40:36.588 24439 24476 D UE4     : AndroidEGL::DestroySharedSurface()
01-12 18:40:36.588 24439 24476 D UE4     : AndroidEGL::InitSharedSurface 0
01-12 18:40:36.588 24439 24476 D UE4     : AndroidEGL::InitSharedSurface, Using CachedWindowRect, width: 1504, height 720 
01-12 18:40:36.588 24439 24476 D UE4     : AndroidEGL::InitSharedSurface, Using width: 1504, height 720 
01-12 18:40:36.588 24439 24476 D UE4     : AndroidEGL::InitSharedSurface, width: 1504, height 720 
01-12 18:40:36.588 24439 24476 D UE4     : AndroidEGL::CreateEGLSharedSurface(), auxSurface = eglCreatePbufferSurface(), 8x8
01-12 18:40:36.588 24439 24476 D UE4     : ExecWindowCreated, 0, 1, 1
01-12 18:40:36.588 24439 24476 D UE4     : [2021.01.12-15.40.36:588][  0]LogAndroidEvents: Display: LogAndroidEvents::DequeueAppEvent : 11, [width=-1, height=-1], APP_EVENT_STATE_WINDOW_GAINED_FOCUS
01-12 18:40:36.588 24439 24476 D UE4     : FAppEventManager::Tick processing, 11
01-12 18:40:36.588 24439 24476 D UE4     : [2021.01.12-15.40.36:588][  0]LogAndroidEvents: Display: LogAndroidEvents::DequeueAppEvent : 14, [width=-1, height=-1], APP_EVENT_STATE_APP_ACTIVATED
01-12 18:40:36.588 24439 24476 D UE4     : FAppEventManager::Tick processing, 14
01-12 18:40:36.588 24439 24476 D UE4     : Execution will be resumed!
01-12 18:40:36.588 24439 24476 D UE4     : [2021.01.12-15.40.36:588][  0]LogAndroidEvents: Display: LogAndroidEvents::DequeueAppEvent : 15, [width=-1, height=-1], APP_EVENT_RUN_CALLBACK
01-12 18:40:36.588 24439 24476 D UE4     : FAppEventManager::Tick processing, 15
01-12 18:40:36.588 24439 24476 D UE4     : [2021.01.12-15.40.36:588][  0]LogAndroidEvents: Display: Event thread callback running.
01-12 18:40:36.588 24439 24476 D UE4     : [2021.01.12-15.40.36:588][  0]LogAndroid: performing app foregrounding callback.
01-12 18:40:36.588 24439 24476 D UE4     : [GameActivity] Registering volume receiver
01-12 18:40:36.588 24439 24467 D Surface : Surface::disconnect(this=0x71b43e4000,api=1)
01-12 18:40:36.590 24439 24553 D UE4     : [2021.01.12-15.40.36:590][  0]LogRenderer: Reallocating scene render targets to support 1504x720 Format 10 NumSamples 1 (Frame:1).
01-12 18:40:36.590   582  1253 I BufferQueueProducer: [com.YourCompany.Proj/com.epicgames.ue4.GameActivity#0](this:0x727c6dc000,id:8053,api:1,p:24439,c:582) disconnect(P): api 1
01-12 18:40:36.592 24439 24439 D View    : [Warning] assignParent to null: this = DecorView@1deadf8[GameActivity]
01-12 18:40:36.592 24439 24476 D AudioManager: getStreamVolume isRestricted mode = 0
01-12 18:40:36.593 24439 24476 D UE4     : [GameActivity] startVolumeReceiver: 0
01-12 18:40:36.593 24439 24476 D UE4     : nativeVolumeEvent(0)
01-12 18:40:36.593 24439 24476 D UE4     : [GameActivity] Registering battery receiver
01-12 18:40:36.595 24439 24476 D UE4     : [GameActivity] Registering headset receiver
01-12 18:40:36.596 24439 24476 D UE4     : [GameActivity] startHeadsetReceiver: 0
01-12 18:40:36.596 24439 24476 D UE4     : nativeHeadsetEvent(0)
01-12 18:40:36.596 24439 24476 D UE4     : [2021.01.12-15.40.36:596][  0]LogCore: Display: AppLifetime: Application has entered foreground
01-12 18:40:36.596 24439 24439 D UE4     : [GameActivity] Battery: status = 2, rawlevel = 100, scale = 100
01-12 18:40:36.596 24439 24439 D UE4     : nativeBatteryEvent(stat = 2, lvl = 100  temp = 34.40 C)
01-12 18:40:36.597 24439 24439 D UE4     : [GameActivity] headsetReceiver::onReceive
01-12 18:40:36.597 24439 24439 D UE4     : nativeHeadsetEvent(0)
01-12 18:40:36.599 24439 24533 D UE4     : [2021.01.12-15.40.36:599][  0]LogRHI: AndroidOpenGL: Using a maximum of 4000 occlusion queries.
01-12 18:40:36.605 24439 24533 D UE4     : [2021.01.12-15.40.36:605][  0]LogRHI: Using OpenGL program LRU cache: 0
01-12 18:40:36.610   582   582 I BufferQueue: [com.YourCompany.Proj/com.epicgames.ue4.GameActivity#0](this:0x727c6dc000,id:8053,api:1,p:-1,c:-1) ~BufferQueueCore
01-12 18:40:36.611   582   582 D RefBase : RefBase: Explicit destruction, weak count = 0 (in 0x727c6dd458)
01-12 18:40:36.611   582   582 W RefBase : CallStack::getCurrentInternal not linked, returning null
01-12 18:40:36.611   582   582 W RefBase : CallStack::logStackInternal not linked
01-12 18:40:36.616   582   582 I SurfaceFlinger: screenshot (Letterbox - left#1)
01-12 18:40:36.616   582   582 I SurfaceFlinger: isIncludeStatusBarAndNavBar (1)
01-12 18:40:36.616   582   582 I SurfaceFlinger: screenshot (Background for -SurfaceView - com.YourCompany.Proj/com.epicgames.ue4.GameActivity#0)
01-12 18:40:36.616   582   582 I SurfaceFlinger: isIncludeStatusBarAndNavBar (1)
01-12 18:40:36.616   582   582 I SurfaceFlinger: screenshot (SurfaceView - com.YourCompany.Proj/com.epicgames.ue4.GameActivity#0)
01-12 18:40:36.616   582   582 I SurfaceFlinger: isIncludeStatusBarAndNavBar (1)
01-12 18:40:36.616   582   582 I SurfaceFlinger: screenshot (com.YourCompany.Proj/com.epicgames.ue4.GameActivity#1)
01-12 18:40:36.616   582   582 I SurfaceFlinger: isIncludeStatusBarAndNavBar (1)
01-12 18:40:36.658   433   443 E PSITrigger: get PSI events detail failed!! errno=25
01-12 18:40:36.666   815   918 D AAL     : 01-12 06:40:36.600 BL= 848,ESS= 288, 01-12 06:40:36.616 BL= 849,ESS= 288, 01-12 06:40:36.634 BL= 850,ESS= 286, 01-12 06:40:36.652 BL= 849,ESS= 288, 01-12 06:40:36.666 BL= 848,ESS= 288, 
01-12 18:40:36.745   582   582 I SurfaceFlinger: screenshot (Letterbox - left#1)
01-12 18:40:36.745   582   582 I SurfaceFlinger: isIncludeStatusBarAndNavBar (1)
01-12 18:40:36.745   582   582 I SurfaceFlinger: screenshot (Background for -SurfaceView - com.YourCompany.Proj/com.epicgames.ue4.GameActivity#0)
01-12 18:40:36.745   582   582 I SurfaceFlinger: isIncludeStatusBarAndNavBar (1)
01-12 18:40:36.745   582   582 I SurfaceFlinger: screenshot (SurfaceView - com.YourCompany.Proj/com.epicgames.ue4.GameActivity#0)
01-12 18:40:36.745   582   582 I SurfaceFlinger: isIncludeStatusBarAndNavBar (1)
01-12 18:40:36.745   582   582 I SurfaceFlinger: screenshot (com.YourCompany.Proj/com.epicgames.ue4.GameActivity#1)
01-12 18:40:36.745   582   582 I SurfaceFlinger: isIncludeStatusBarAndNavBar (1)
01-12 18:40:36.766   815   918 D AAL     : 01-12 06:40:36.682 BL= 847,ESS= 288, 01-12 06:40:36.700 BL= 846,ESS= 288, 01-12 06:40:36.716 BL= 845,ESS= 288, 01-12 06:40:36.733 BL= 844,ESS= 288, 01-12 06:40:36.766 BL= 843,ESS= 290, 
01-12 18:40:36.845 32109 32109 I ADB_SERVICES: for fd 17, revents = 2001
01-12 18:40:36.845 32109 32109 I ADB_SERVICES: for fd 17, revents = 2011
01-12 18:40:36.849   815   918 D AAL     : 01-12 06:40:36.768 BL= 842,ESS= 290, 01-12 06:40:36.800 BL= 841,ESS= 290, 01-12 06:40:36.817 BL= 840,ESS= 290, 01-12 06:40:36.833 BL= 839,ESS= 292, 01-12 06:40:36.849 BL= 838,ESS= 292, 
01-12 18:40:36.916   815   918 D AAL     : 01-12 06:40:36.867 BL= 837,ESS= 292, 01-12 06:40:36.883 BL= 836,ESS= 292, 01-12 06:40:36.899 BL= 835,ESS= 292, 01-12 06:40:36.915 BL= 834,ESS= 292, 01-12 06:40:36.916 BL= 833,ESS= 294, 
01-12 18:40:36.945 24439 24476 D UE4     : [2021.01.12-15.40.36:945][  0]LogTcpMessaging: Initializing TcpMessaging bridge, listening on 127.0.0.1:6666
01-12 18:40:37.016   815   918 D AAL     : 01-12 06:40:36.933 BL= 832,ESS= 294, 01-12 06:40:36.949 BL= 831,ESS= 294, 01-12 06:40:36.983 BL= 830,ESS= 294, 01-12 06:40:37.000 BL= 829,ESS= 294, 01-12 06:40:37.016 BL= 828,ESS= 296, 
01-12 18:40:37.099   815   918 D AAL     : 01-12 06:40:37.033 BL= 827,ESS= 296, 01-12 06:40:37.049 BL= 826,ESS= 296, 01-12 06:40:37.065 BL= 825,ESS= 296, 01-12 06:40:37.082 BL= 824,ESS= 296, 01-12 06:40:37.099 BL= 823,ESS= 298, 
01-12 18:40:37.116 32109 32109 I ADB_SERVICES: service_to_fd shell,v2,raw:ps
01-12 18:40:37.165 32109 24570 I ADB_SERVICES: post waitpid (pid=24569) status=0000
01-12 18:40:37.165 32109 32109 I ADB_SERVICES: for fd 25, revents = 2010
01-12 18:40:37.165 32109 32109 I ADB_SERVICES: for fd 25, revents = 2011
01-12 18:40:37.199   815   918 D AAL     : 01-12 06:40:37.116 BL= 822,ESS= 298, 01-12 06:40:37.133 BL= 821,ESS= 298, 01-12 06:40:37.166 BL= 820,ESS= 298, 01-12 06:40:37.182 BL= 819,ESS= 298, 01-12 06:40:37.199 BL= 818,ESS= 300, 
01-12 18:40:37.282   815   918 D AAL     : 01-12 06:40:37.216 BL= 817,ESS= 300, 01-12 06:40:37.232 BL= 816,ESS= 300, 01-12 06:40:37.249 BL= 815,ESS= 300, 01-12 06:40:37.265 BL= 814,ESS= 300, 01-12 06:40:37.282 BL= 813,ESS= 300, 
01-12 18:40:37.327 24439 24476 D UE4     : [2021.01.12-15.40.37:327][  0]LogUdpMessaging: Initializing bridge on interface 0.0.0.0:0 to multicast group 230.0.0.1:6666.
01-12 18:40:37.329 24439 24476 D UE4     : [2021.01.12-15.40.37:329][  0]LogCore: Display: AppLifetime: Application has reactivated
01-12 18:40:37.329 24439 24476 D UE4     : [2021.01.12-15.40.37:329][  0]LogTemp: Android resume audio
01-12 18:40:37.329 24439 24476 D UE4     : [2021.01.12-15.40.37:329][  0]LogInit: First time updating LLM stats...
01-12 18:40:37.399   815   918 D AAL     : 01-12 06:40:37.315 BL= 812,ESS= 302, 01-12 06:40:37.332 BL= 811,ESS= 302, 01-12 06:40:37.350 BL= 810,ESS= 302, 01-12 06:40:37.382 BL= 809,ESS= 302, 01-12 06:40:37.399 BL= 808,ESS= 304, 
01-12 18:40:37.429   582  1253 I BufferQueueProducer: [StatusBar#0](this:0x729a054000,id:3,api:1,p:1521,c:582) queueBuffer: fps=0.66 dur=1520.72 max=1520.72 min=1520.72
01-12 18:40:37.429 24439 24549 I AudioTrack: isLongTimeZoreData zoer date time 1 Seconds
01-12 18:40:37.441   516   602 I hwcomposer: [HWCDisplay] [Display_0 (type:1)] fps:3.262265,dur:1532.68,max:816.68,min:11.19  
01-12 18:40:37.443   582   582 I SurfaceFlinger: screenshot (Letterbox - left#1)
01-12 18:40:37.443   582   582 I SurfaceFlinger: isIncludeStatusBarAndNavBar (1)
01-12 18:40:37.443   582   582 I SurfaceFlinger: screenshot (Background for -SurfaceView - com.YourCompany.Proj/com.epicgames.ue4.GameActivity#0)
01-12 18:40:37.443   582   582 I SurfaceFlinger: isIncludeStatusBarAndNavBar (1)
01-12 18:40:37.443   582   582 I SurfaceFlinger: screenshot (SurfaceView - com.YourCompany.Proj/com.epicgames.ue4.GameActivity#0)
01-12 18:40:37.443   582   582 I SurfaceFlinger: isIncludeStatusBarAndNavBar (1)
01-12 18:40:37.443   582   582 I SurfaceFlinger: screenshot (com.YourCompany.Proj/com.epicgames.ue4.GameActivity#1)
01-12 18:40:37.443   582   582 I SurfaceFlinger: isIncludeStatusBarAndNavBar (1)
01-12 18:40:37.483   815   918 D AAL     : 01-12 06:40:37.415 BL= 807,ESS= 304, 01-12 06:40:37.432 BL= 806,ESS= 304, 01-12 06:40:37.450 BL= 805,ESS= 304, 01-12 06:40:37.465 BL= 804,ESS= 304, 01-12 06:40:37.482 BL= 803,ESS= 304, 
01-12 18:40:37.582   815   918 D AAL     : 01-12 06:40:37.499 BL= 802,ESS= 306, 01-12 06:40:37.516 BL= 801,ESS= 306, 01-12 06:40:37.532 BL= 800,ESS= 306, 01-12 06:40:37.565 BL= 799,ESS= 306, 01-12 06:40:37.582 BL= 798,ESS= 308, 
01-12 18:40:37.666   815   918 D AAL     : 01-12 06:40:37.599 BL= 797,ESS= 308, 01-12 06:40:37.616 BL= 796,ESS= 308, 01-12 06:40:37.632 BL= 795,ESS= 308, 01-12 06:40:37.649 BL= 794,ESS= 308, 01-12 06:40:37.666 BL= 793,ESS= 308, 
01-12 18:40:37.749   815   918 D AAL     : 01-12 06:40:37.682 BL= 792,ESS= 310, 01-12 06:40:37.699 BL= 791,ESS= 310, 01-12 06:40:37.716 BL= 790,ESS= 310, 01-12 06:40:37.732 BL= 789,ESS= 310, 01-12 06:40:37.749 BL= 788,ESS= 310, 
01-12 18:40:37.762 24439 24533 D UE4     : [2021.01.12-15.40.37:762][  0]LogAndroid: AndroidEGL::ResizeRenderContextSurface, PImplData->Window=0x709ff3f010, PImplData->eglWidth=8, PImplData->eglHeight=8!, CachedWidth=1504, CachedHeight=720, tid: 24533
01-12 18:40:37.762 24439 24533 D UE4     : AndroidEGL::UnBindRender()
01-12 18:40:37.762 24439 24533 D UE4     : AndroidEGL::ResetDisplay()
01-12 18:40:37.762 24439 24533 D UE4     : AndroidEGL::DestroyRenderSurface()
01-12 18:40:37.765   582  1253 D BufferQueueProducer: [SurfaceView - com.YourCompany.Proj/com.epicgames.ue4.GameActivity#0](this:0x727b0ae000,id:8056,api:1,p:24439,c:582) cancelBuffer: slot 1
01-12 18:40:37.766 24439 24533 D Surface : Surface::disconnect(this=0x709ff3f000,api=1)
01-12 18:40:37.766   582  1253 I BufferQueueProducer: [SurfaceView - com.YourCompany.Proj/com.epicgames.ue4.GameActivity#0](this:0x727b0ae000,id:8056,api:1,p:24439,c:582) disconnect(P): api 1
01-12 18:40:37.766 24439 24533 D UE4     : AndroidEGL::InitRenderSurface 0, 1
01-12 18:40:37.766 24439 24533 D UE4     : AndroidEGL::InitRenderSurface, Using CachedWindowRect, width: 1504, height 720 
01-12 18:40:37.766 24439 24533 D UE4     : AndroidEGL::InitRenderSurface, Using width: 1504, height 720 
01-12 18:40:37.766 24439 24533 D UE4     : AndroidEGL::InitRenderSurface, wnd: 0x709ff3f010, width: 1504, height 720 
01-12 18:40:37.766 24439 24533 D Surface : Surface::setBuffersUserDimensions(this=0x709ff3f000,w=1504,h=720)
01-12 18:40:37.766 24439 24533 D Surface : Surface::connect(this=0x709ff3f000,api=1)
01-12 18:40:37.767   582   625 I BufferQueueProducer: [SurfaceView - com.YourCompany.Proj/com.epicgames.ue4.GameActivity#0](this:0x727b0ae000,id:8056,api:1,p:24439,c:582) connect(P): api=1 producer=(24439:com.YourCompany.Proj) producerControlledByApp=false
01-12 18:40:37.767 24439 24533 D mali_winsys: EGLint new_window_surface(egl_winsys_display *, void *, EGLSurface, EGLConfig, egl_winsys_surface **, EGLBoolean) returns 0x3000
01-12 18:40:37.767 24439 24533 D UE4     : AndroidEGL::CreateEGLRenderSurface() 0x71221a6080
01-12 18:40:37.769 24439 24476 D UE4     : [2021.01.12-15.40.37:769][  0]LogAndroid: Display: Low Power Mode Changed: 0
01-12 18:40:37.769 24439 24476 D UE4     : [2021.01.12-15.40.37:769][  0]LogLevel: ActivateLevel /Game/Proj/Maps/blocks/Levels/Var1 1 1 0
01-12 18:40:37.772 24439 24551 D UE4     : [2021.01.12-15.40.37:772][  0]LogAudio: Warning: Detected orphaned looping sound 'Music_Cue'.
01-12 18:40:37.815   582   625 I BufferQueueProducer: [SurfaceView - com.YourCompany.Proj/com.epicgames.ue4.GameActivity#0](this:0x727b0ae000,id:8056,api:1,p:24439,c:582) queueBuffer: fps=0.54 dur=1865.10 max=1865.10 min=1865.10
01-12 18:40:37.827   582   582 I SurfaceFlinger: screenshot (Letterbox - left#1)
01-12 18:40:37.827   582   582 I SurfaceFlinger: isIncludeStatusBarAndNavBar (1)
01-12 18:40:37.827   582   582 I SurfaceFlinger: screenshot (Background for -SurfaceView - com.YourCompany.Proj/com.epicgames.ue4.GameActivity#0)
01-12 18:40:37.827   582   582 I SurfaceFlinger: isIncludeStatusBarAndNavBar (1)
01-12 18:40:37.827   582   582 I SurfaceFlinger: screenshot (SurfaceView - com.YourCompany.Proj/com.epicgames.ue4.GameActivity#0)
01-12 18:40:37.827   582   582 I SurfaceFlinger: isIncludeStatusBarAndNavBar (1)
01-12 18:40:37.827   582   582 I SurfaceFlinger: screenshot (com.YourCompany.Proj/com.epicgames.ue4.GameActivity#1)
01-12 18:40:37.827   582   582 I SurfaceFlinger: isIncludeStatusBarAndNavBar (1)
01-12 18:40:37.832   815   918 D AAL     : 01-12 06:40:37.765 BL= 788,ESS= 312, 01-12 06:40:37.784 BL= 787,ESS= 312, 01-12 06:40:37.800 BL= 786,ESS= 312, 01-12 06:40:37.816 BL= 785,ESS= 312, 01-12 06:40:37.832 BL= 784,ESS= 312, 
01-12 18:40:37.894   794  1022 I Proximity: distance = 1
01-12 18:40:37.896  1235  1337 D AutomaticBrightnessControllerInjector: drop the lightsensor event! lux=2.0
01-12 18:40:37.918   815   918 D AAL     : 01-12 06:40:37.849 BL= 785,ESS= 312, 01-12 06:40:37.867 BL= 786,ESS= 312, 01-12 06:40:37.884 BL= 787,ESS= 312, 01-12 06:40:37.900 BL= 788,ESS= 312, 01-12 06:40:37.917 BL= 788,ESS= 310, 
01-12 18:40:37.934   433   443 E PSITrigger: get PSI events detail failed!! errno=25
01-12 18:40:37.942   582   582 I SurfaceFlinger: screenshot (Letterbox - left#1)
01-12 18:40:37.942   582   582 I SurfaceFlinger: isIncludeStatusBarAndNavBar (1)
01-12 18:40:37.942   582   582 I SurfaceFlinger: screenshot (Background for -SurfaceView - com.YourCompany.Proj/com.epicgames.ue4.GameActivity#0)
01-12 18:40:37.942   582   582 I SurfaceFlinger: isIncludeStatusBarAndNavBar (1)
01-12 18:40:37.942   582   582 I SurfaceFlinger: screenshot (SurfaceView - com.YourCompany.Proj/com.epicgames.ue4.GameActivity#0)
01-12 18:40:37.942   582   582 I SurfaceFlinger: isIncludeStatusBarAndNavBar (1)
01-12 18:40:37.942   582   582 I SurfaceFlinger: screenshot (com.YourCompany.Proj/com.epicgames.ue4.GameActivity#1)
01-12 18:40:37.943   582   582 I SurfaceFlinger: isIncludeStatusBarAndNavBar (1)
01-12 18:40:38.000   815   918 D AAL     : 01-12 06:40:37.934 BL= 789,ESS= 310, 01-12 06:40:37.949 BL= 790,ESS= 310, 01-12 06:40:37.966 BL= 791,ESS= 310, 01-12 06:40:37.984 BL= 792,ESS= 310, 01-12 06:40:38.000 BL= 793,ESS= 308, 
01-12 18:40:38.059   582   582 I SurfaceFlinger: screenshot (Letterbox - left#1)
01-12 18:40:38.059   582   582 I SurfaceFlinger: isIncludeStatusBarAndNavBar (1)
01-12 18:40:38.059   582   582 I SurfaceFlinger: screenshot (Background for -SurfaceView - com.YourCompany.Proj/com.epicgames.ue4.GameActivity#0)
01-12 18:40:38.059   582   582 I SurfaceFlinger: isIncludeStatusBarAndNavBar (1)
01-12 18:40:38.059   582   582 I SurfaceFlinger: screenshot (SurfaceView - com.YourCompany.Proj/com.epicgames.ue4.GameActivity#0)
01-12 18:40:38.059   582   582 I SurfaceFlinger: isIncludeStatusBarAndNavBar (1)
01-12 18:40:38.059   582   582 I SurfaceFlinger: screenshot (com.YourCompany.Proj/com.epicgames.ue4.GameActivity#1)
01-12 18:40:38.059   582   582 I SurfaceFlinger: isIncludeStatusBarAndNavBar (1)
01-12 18:40:38.083   815   918 D AAL     : 01-12 06:40:38.017 BL= 794,ESS= 308, 01-12 06:40:38.034 BL= 795,ESS= 308, 01-12 06:40:38.050 BL= 796,ESS= 308, 01-12 06:40:38.067 BL= 797,ESS= 308, 01-12 06:40:38.083 BL= 798,ESS= 308, 
01-12 18:40:38.176   582   582 I SurfaceFlinger: screenshot (Letterbox - left#1)
01-12 18:40:38.176   582   582 I SurfaceFlinger: isIncludeStatusBarAndNavBar (1)
01-12 18:40:38.176   582   582 I SurfaceFlinger: screenshot (Background for -SurfaceView - com.YourCompany.Proj/com.epicgames.ue4.GameActivity#0)
01-12 18:40:38.176   582   582 I SurfaceFlinger: isIncludeStatusBarAndNavBar (1)
01-12 18:40:38.176   582   582 I SurfaceFlinger: screenshot (SurfaceView - com.YourCompany.Proj/com.epicgames.ue4.GameActivity#0)
01-12 18:40:38.176   582   582 I SurfaceFlinger: isIncludeStatusBarAndNavBar (1)
01-12 18:40:38.176   582   582 I SurfaceFlinger: screenshot (com.YourCompany.Proj/com.epicgames.ue4.GameActivity#1)
01-12 18:40:38.176   582   582 I SurfaceFlinger: isIncludeStatusBarAndNavBar (1)
01-12 18:40:38.183   815   918 D AAL     : 01-12 06:40:38.100 BL= 799,ESS= 306, 01-12 06:40:38.133 BL= 800,ESS= 306, 01-12 06:40:38.149 BL= 801,ESS= 306, 01-12 06:40:38.166 BL= 802,ESS= 306, 01-12 06:40:38.183 BL= 803,ESS= 304, 
01-12 18:40:38.204 32109 32109 I ADB_SERVICES: service_to_fd shell,v2,raw:ps
01-12 18:40:38.267   815   918 D AAL     : 01-12 06:40:38.199 BL= 804,ESS= 304, 01-12 06:40:38.217 BL= 805,ESS= 304, 01-12 06:40:38.233 BL= 806,ESS= 304, 01-12 06:40:38.250 BL= 807,ESS= 304, 01-12 06:40:38.267 BL= 808,ESS= 304, 
01-12 18:40:38.295   582   582 I SurfaceFlinger: screenshot (Letterbox - left#1)
01-12 18:40:38.295   582   582 I SurfaceFlinger: isIncludeStatusBarAndNavBar (1)
01-12 18:40:38.295   582   582 I SurfaceFlinger: screenshot (Background for -SurfaceView - com.YourCompany.Proj/com.epicgames.ue4.GameActivity#0)
01-12 18:40:38.296   582   582 I SurfaceFlinger: isIncludeStatusBarAndNavBar (1)
01-12 18:40:38.296   582   582 I SurfaceFlinger: screenshot (SurfaceView - com.YourCompany.Proj/com.epicgames.ue4.GameActivity#0)
01-12 18:40:38.296   582   582 I SurfaceFlinger: isIncludeStatusBarAndNavBar (1)
01-12 18:40:38.296   582   582 I SurfaceFlinger: screenshot (com.YourCompany.Proj/com.epicgames.ue4.GameActivity#1)
01-12 18:40:38.296   582   582 I SurfaceFlinger: isIncludeStatusBarAndNavBar (1)
01-12 18:40:38.358 32109 24580 I ADB_SERVICES: post waitpid (pid=24579) status=0000
01-12 18:40:38.358 32109 32109 I ADB_SERVICES: for fd 25, revents = 2010
01-12 18:40:38.358 32109 32109 I ADB_SERVICES: for fd 25, revents = 2011
01-12 18:40:38.366   815   918 D AAL     : 01-12 06:40:38.285 BL= 809,ESS= 302, 01-12 06:40:38.300 BL= 810,ESS= 302, 01-12 06:40:38.333 BL= 811,ESS= 302, 01-12 06:40:38.355 BL= 812,ESS= 302, 01-12 06:40:38.366 BL= 813,ESS= 300, 
01-12 18:40:38.370   433   443 E PSITrigger: get PSI events detail failed!! errno=25
01-12 18:40:38.374 24439 24476 D UE4     : [2021.01.12-15.40.38:374][ 29]LogSlate: Took 0.002786 seconds to synchronously load lazily loaded font '../../../Engine/Content/Slate/Fonts/Roboto-Regular.ttf' (155K)
01-12 18:40:38.412   582   582 I SurfaceFlinger: screenshot (Letterbox - left#1)
01-12 18:40:38.412   582   582 I SurfaceFlinger: isIncludeStatusBarAndNavBar (1)
01-12 18:40:38.412   582   582 I SurfaceFlinger: screenshot (Background for -SurfaceView - com.YourCompany.Proj/com.epicgames.ue4.GameActivity#0)
01-12 18:40:38.412   582   582 I SurfaceFlinger: isIncludeStatusBarAndNavBar (1)
01-12 18:40:38.412   582   582 I SurfaceFlinger: screenshot (SurfaceView - com.YourCompany.Proj/com.epicgames.ue4.GameActivity#0)
01-12 18:40:38.412   582   582 I SurfaceFlinger: isIncludeStatusBarAndNavBar (1)
01-12 18:40:38.412   582   582 I SurfaceFlinger: screenshot (com.YourCompany.Proj/com.epicgames.ue4.GameActivity#1)
01-12 18:40:38.412   582   582 I SurfaceFlinger: isIncludeStatusBarAndNavBar (1)
01-12 18:40:38.450   815   918 D AAL     : 01-12 06:40:38.385 BL= 814,ESS= 300, 01-12 06:40:38.400 BL= 815,ESS= 300, 01-12 06:40:38.419 BL= 816,ESS= 300, 01-12 06:40:38.433 BL= 817,ESS= 300, 01-12 06:40:38.450 BL= 818,ESS= 300, 
01-12 18:40:38.494   794  1022 I Proximity: distance = 2
01-12 18:40:38.533   516   602 I hwcomposer: [HWCDisplay] [Display_0 (type:1)] fps:27.482386,dur:1091.61,max:384.18,min:15.12  
01-12 18:40:38.536   582   582 I SurfaceFlinger: screenshot (Letterbox - left#1)
01-12 18:40:38.536   582   582 I SurfaceFlinger: isIncludeStatusBarAndNavBar (1)
01-12 18:40:38.536   582   582 I SurfaceFlinger: screenshot (Background for -SurfaceView - com.YourCompany.Proj/com.epicgames.ue4.GameActivity#0)
01-12 18:40:38.536   582   582 I SurfaceFlinger: isIncludeStatusBarAndNavBar (1)
01-12 18:40:38.536   582   582 I SurfaceFlinger: screenshot (SurfaceView - com.YourCompany.Proj/com.epicgames.ue4.GameActivity#0)
01-12 18:40:38.536   582   582 I SurfaceFlinger: isIncludeStatusBarAndNavBar (1)
01-12 18:40:38.536   582   582 I SurfaceFlinger: screenshot (com.YourCompany.Proj/com.epicgames.ue4.GameActivity#1)
01-12 18:40:38.536   582   582 I SurfaceFlinger: isIncludeStatusBarAndNavBar (1)
01-12 18:40:38.566   815   918 D AAL     : 01-12 06:40:38.467 BL= 819,ESS= 298, 01-12 06:40:38.483 BL= 820,ESS= 298, 01-12 06:40:38.500 BL= 821,ESS= 298, 01-12 06:40:38.550 BL= 822,ESS= 298, 01-12 06:40:38.566 BL= 823,ESS= 298, 
01-12 18:40:38.608 24439 24476 D UE4     : [2021.01.12-15.40.38:608][ 34]LogBlueprintUserMessages: [GM_Main_C_2147482561] 1
01-12 18:40:38.610 24439 24476 D UE4     : [2021.01.12-15.40.38:610][ 34]LogBlueprintUserMessages: [GM_Main_C_2147482561] 2
01-12 18:40:38.613 24439 24476 D UE4     : [2021.01.12-15.40.38:613][ 34]LogBlueprintUserMessages: [GM_Main_C_2147482561] 3
01-12 18:40:38.615 24439 24476 D UE4     : [2021.01.12-15.40.38:615][ 34]LogBlueprintUserMessages: [GM_Main_C_2147482561] 4
01-12 18:40:38.618 24439 24476 D UE4     : [2021.01.12-15.40.38:618][ 34]LogBlueprintUserMessages: [GM_Main_C_2147482561] 5
01-12 18:40:38.620 24439 24476 D UE4     : [2021.01.12-15.40.38:620][ 34]LogBlueprintUserMessages: [GM_Main_C_2147482561] 6
01-12 18:40:38.622 24439 24476 D UE4     : [2021.01.12-15.40.38:622][ 34]LogBlueprintUserMessages: [GM_Main_C_2147482561] 7
01-12 18:40:38.624 24439 24476 D UE4     : [2021.01.12-15.40.38:624][ 34]LogBlueprintUserMessages: [GM_Main_C_2147482561] 8
01-12 18:40:38.626 24439 24476 D UE4     : [2021.01.12-15.40.38:626][ 34]LogBlueprintUserMessages: [GM_Main_C_2147482561] 9
01-12 18:40:38.628 24439 24476 D UE4     : [2021.01.12-15.40.38:628][ 34]LogBlueprintUserMessages: [GM_Main_C_2147482561] 10
01-12 18:40:38.631 24439 24476 D UE4     : [2021.01.12-15.40.38:631][ 34]LogBlueprintUserMessages: [GM_Main_C_2147482561] 11
01-12 18:40:38.633 24439 24476 D UE4     : [2021.01.12-15.40.38:633][ 34]LogBlueprintUserMessages: [GM_Main_C_2147482561] 12
01-12 18:40:38.635 24439 24476 D UE4     : [2021.01.12-15.40.38:635][ 34]LogBlueprintUserMessages: [GM_Main_C_2147482561] 13
01-12 18:40:38.637 24439 24476 D UE4     : [2021.01.12-15.40.38:637][ 34]LogBlueprintUserMessages: [GM_Main_C_2147482561] 14
01-12 18:40:38.640 24439 24476 D UE4     : [2021.01.12-15.40.38:639][ 34]LogBlueprintUserMessages: [GM_Main_C_2147482561] 15
01-12 18:40:38.642 24439 24476 D UE4     : [2021.01.12-15.40.38:642][ 34]LogBlueprintUserMessages: [GM_Main_C_2147482561] 16
01-12 18:40:38.644 24439 24476 D UE4     : [2021.01.12-15.40.38:644][ 34]LogBlueprintUserMessages: [GM_Main_C_2147482561] 17
01-12 18:40:38.646 24439 24476 D UE4     : [2021.01.12-15.40.38:646][ 34]LogBlueprintUserMessages: [GM_Main_C_2147482561] 18
01-12 18:40:38.648 24439 24476 D UE4     : [2021.01.12-15.40.38:648][ 34]LogBlueprintUserMessages: [GM_Main_C_2147482561] 19
01-12 18:40:38.650 24439 24476 D UE4     : [2021.01.12-15.40.38:650][ 34]LogBlueprintUserMessages: [GM_Main_C_2147482561] 20
01-12 18:40:38.653 24439 24476 D UE4     : [2021.01.12-15.40.38:653][ 34]LogBlueprintUserMessages: [GM_Main_C_2147482561] 21
01-12 18:40:38.655 24439 24476 D UE4     : [2021.01.12-15.40.38:655][ 34]LogBlueprintUserMessages: [GM_Main_C_2147482561] 22
01-12 18:40:38.657 24439 24476 D UE4     : [2021.01.12-15.40.38:657][ 34]LogBlueprintUserMessages: [GM_Main_C_2147482561] 23
01-12 18:40:38.660 24439 24476 D UE4     : [2021.01.12-15.40.38:660][ 34]LogBlueprintUserMessages: [GM_Main_C_2147482561] 24
01-12 18:40:38.662 24439 24476 D UE4     : [2021.01.12-15.40.38:662][ 34]LogBlueprintUserMessages: [GM_Main_C_2147482561] 25
01-12 18:40:38.662   582   582 I SurfaceFlinger: screenshot (Letterbox - left#1)
01-12 18:40:38.662   582   582 I SurfaceFlinger: isIncludeStatusBarAndNavBar (1)
01-12 18:40:38.662   582   582 I SurfaceFlinger: screenshot (Background for -SurfaceView - com.YourCompany.Proj/com.epicgames.ue4.GameActivity#0)
01-12 18:40:38.662   582   582 I SurfaceFlinger: isIncludeStatusBarAndNavBar (1)
01-12 18:40:38.662   582   582 I SurfaceFlinger: screenshot (SurfaceView - com.YourCompany.Proj/com.epicgames.ue4.GameActivity#0)
01-12 18:40:38.662   582   582 I SurfaceFlinger: isIncludeStatusBarAndNavBar (1)
01-12 18:40:38.662   582   582 I SurfaceFlinger: screenshot (com.YourCompany.Proj/com.epicgames.ue4.GameActivity#1)
01-12 18:40:38.662   582   582 I SurfaceFlinger: isIncludeStatusBarAndNavBar (1)
01-12 18:40:38.664 24439 24476 D UE4     : [2021.01.12-15.40.38:664][ 34]LogBlueprintUserMessages: [GM_Main_C_2147482561] 26
01-12 18:40:38.665   815   918 D AAL     : 01-12 06:40:38.583 BL= 824,ESS= 296, 01-12 06:40:38.601 BL= 825,ESS= 296, 01-12 06:40:38.619 BL= 826,ESS= 296, 01-12 06:40:38.634 BL= 827,ESS= 296, 01-12 06:40:38.665 BL= 828,ESS= 296, 
01-12 18:40:38.667 24439 24476 D UE4     : [2021.01.12-15.40.38:667][ 34]LogBlueprintUserMessages: [GM_Main_C_2147482561] 27
01-12 18:40:38.670 24439 24476 D UE4     : [2021.01.12-15.40.38:670][ 34]LogBlueprintUserMessages: [GM_Main_C_2147482561] 28
01-12 18:40:38.672 24439 24476 D UE4     : [2021.01.12-15.40.38:672][ 34]LogBlueprintUserMessages: [GM_Main_C_2147482561] 29
01-12 18:40:38.674 24439 24476 D UE4     : [2021.01.12-15.40.38:674][ 34]LogBlueprintUserMessages: [GM_Main_C_2147482561] 30
01-12 18:40:38.676 24439 24476 D UE4     : [2021.01.12-15.40.38:676][ 34]LogBlueprintUserMessages: [GM_Main_C_2147482561] 31
01-12 18:40:38.678 24439 24476 D UE4     : [2021.01.12-15.40.38:678][ 34]LogBlueprintUserMessages: [GM_Main_C_2147482561] 32
01-12 18:40:38.680 24439 24476 D UE4     : [2021.01.12-15.40.38:680][ 34]LogBlueprintUserMessages: [GM_Main_C_2147482561] 33
01-12 18:40:38.683 24439 24476 D UE4     : [2021.01.12-15.40.38:683][ 34]LogBlueprintUserMessages: [GM_Main_C_2147482561] 34
01-12 18:40:38.685 24439 24476 D UE4     : [2021.01.12-15.40.38:685][ 34]LogBlueprintUserMessages: [GM_Main_C_2147482561] 35
01-12 18:40:38.687 24439 24476 D UE4     : [2021.01.12-15.40.38:687][ 34]LogBlueprintUserMessages: [GM_Main_C_2147482561] 36
01-12 18:40:38.690 24439 24476 D UE4     : [2021.01.12-15.40.38:690][ 34]LogBlueprintUserMessages: [GM_Main_C_2147482561] 37
01-12 18:40:38.692 24439 24476 D UE4     : [2021.01.12-15.40.38:692][ 34]LogBlueprintUserMessages: [GM_Main_C_2147482561] 38
01-12 18:40:38.711 24439 24476 D UE4     : [2021.01.12-15.40.38:711][ 34]LogStreaming: Display: UWorld::AddToWorld: routing Initialize on actors for /Game/Proj/Maps/blocks/Levels/Var1 took (less than) 107.84 ms
01-12 18:40:38.766   815   918 D AAL     : 01-12 06:40:38.666 BL= 829,ESS= 294, 01-12 06:40:38.683 BL= 830,ESS= 294, 01-12 06:40:38.705 BL= 831,ESS= 294, 01-12 06:40:38.750 BL= 832,ESS= 294, 01-12 06:40:38.766 BL= 833,ESS= 294, 
01-12 18:40:38.779   582   582 I SurfaceFlinger: screenshot (Letterbox - left#1)
01-12 18:40:38.779   582   582 I SurfaceFlinger: isIncludeStatusBarAndNavBar (1)
01-12 18:40:38.779   582   582 I SurfaceFlinger: screenshot (Background for -SurfaceView - com.YourCompany.Proj/com.epicgames.ue4.GameActivity#0)
01-12 18:40:38.779   582   582 I SurfaceFlinger: isIncludeStatusBarAndNavBar (1)
01-12 18:40:38.779   582   582 I SurfaceFlinger: screenshot (SurfaceView - com.YourCompany.Proj/com.epicgames.ue4.GameActivity#0)
01-12 18:40:38.779   582   582 I SurfaceFlinger: isIncludeStatusBarAndNavBar (1)
01-12 18:40:38.779   582   582 I SurfaceFlinger: screenshot (com.YourCompany.Proj/com.epicgames.ue4.GameActivity#1)
01-12 18:40:38.779   582   582 I SurfaceFlinger: isIncludeStatusBarAndNavBar (1)
01-12 18:40:38.850   815   918 D AAL     : 01-12 06:40:38.784 BL= 834,ESS= 292, 01-12 06:40:38.801 BL= 835,ESS= 292, 01-12 06:40:38.816 BL= 836,ESS= 292, 01-12 06:40:38.832 BL= 837,ESS= 292, 01-12 06:40:38.850 BL= 838,ESS= 292, 
01-12 18:40:38.883  1235  1454 E WifiVendorHal: getWifiLinkLayerStats_1_3_Internal(l.927) failed {.code = ERROR_NOT_SUPPORTED, .description = }
01-12 18:40:38.947 24439 24591 D UE4     : [2021.01.12-15.40.38:947][ 36]LogTcpMessaging: Started Connection to '127.0.0.1:48499'
01-12 18:40:38.947 24439 24591 D UE4     : [2021.01.12-15.40.38:947][ 36]LogTcpMessaging: Discovered node '673B07DD4C3C6F267309F685FFACDB79' on connection '127.0.0.1:48499'...
01-12 18:40:38.949   815   918 D AAL     : 01-12 06:40:38.883 BL= 839,ESS= 292, 01-12 06:40:38.884 BL= 840,ESS= 290, 01-12 06:40:38.900 BL= 841,ESS= 290, 01-12 06:40:38.916 BL= 842,ESS= 290, 01-12 06:40:38.949 BL= 843,ESS= 290, 
01-12 18:40:39.033   815   918 D AAL     : 01-12 06:40:38.966 BL= 844,ESS= 288, 01-12 06:40:38.983 BL= 845,ESS= 288, 01-12 06:40:38.999 BL= 846,ESS= 288, 01-12 06:40:39.016 BL= 847,ESS= 288, 01-12 06:40:39.033 BL= 848,ESS= 288, 
01-12 18:40:39.117   815   918 D AAL     : 01-12 06:40:39.049 BL= 849,ESS= 288, 01-12 06:40:39.067 BL= 850,ESS= 286, 01-12 06:40:39.083 BL= 851,ESS= 286, 01-12 06:40:39.099 BL= 852,ESS= 286, 01-12 06:40:39.117 BL= 853,ESS= 286, 
01-12 18:40:39.216   815   918 D AAL     : 01-12 06:40:39.150 BL= 854,ESS= 286, 01-12 06:40:39.167 BL= 855,ESS= 284, 01-12 06:40:39.182 BL= 856,ESS= 284, 01-12 06:40:39.199 BL= 857,ESS= 284, 01-12 06:40:39.216 BL= 858,ESS= 284, 
01-12 18:40:39.282   815   918 D AAL     : 01-12 06:40:39.232 BL= 859,ESS= 284, 01-12 06:40:39.250 BL= 860,ESS= 284, 01-12 06:40:39.266 BL= 861,ESS= 282, 01-12 06:40:39.267 BL= 862,ESS= 282, 01-12 06:40:39.282 BL= 863,ESS= 282, 
01-12 18:40:39.383   815   918 D AAL     : 01-12 06:40:39.299 BL= 864,ESS= 282, 01-12 06:40:39.333 BL= 865,ESS= 282, 01-12 06:40:39.349 BL= 866,ESS= 280, 01-12 06:40:39.366 BL= 867,ESS= 280, 01-12 06:40:39.383 BL= 868,ESS= 280, 
01-12 18:40:39.396 32109 32109 I ADB_SERVICES: service_to_fd shell,v2,raw:ps
01-12 18:40:39.409   800   800 I thermal_repeater: [recvMdThermalInfo] ret=26, strLen=127,  3, 37, -50, 197, 32767, 1
01-12 18:40:39.443 32109 24599 I ADB_SERVICES: post waitpid (pid=24598) status=0000
01-12 18:40:39.443 32109 32109 I ADB_SERVICES: for fd 26, revents = 2010
01-12 18:40:39.443 32109 32109 I ADB_SERVICES: for fd 26, revents = 2011
01-12 18:40:39.466   815   918 D AAL     : 01-12 06:40:39.400 BL= 869,ESS= 280, 01-12 06:40:39.416 BL= 870,ESS= 280, 01-12 06:40:39.434 BL= 871,ESS= 280, 01-12 06:40:39.451 BL= 872,ESS= 278, 01-12 06:40:39.466 BL= 873,ESS= 278, 
01-12 18:40:39.566   815   918 D AAL     : 01-12 06:40:39.483 BL= 874,ESS= 278, 01-12 06:40:39.500 BL= 875,ESS= 278, 01-12 06:40:39.533 BL= 876,ESS= 276, 01-12 06:40:39.550 BL= 877,ESS= 276, 01-12 06:40:39.566 BL= 878,ESS= 276, 
01-12 18:40:39.633   815   918 D AAL     : 01-12 06:40:39.583 BL= 879,ESS= 276, 01-12 06:40:39.583 BL= 880,ESS= 276, 01-12 06:40:39.600 BL= 881,ESS= 276, 01-12 06:40:39.616 BL= 882,ESS= 274, 01-12 06:40:39.632 BL= 883,ESS= 274, 
01-12 18:40:39.734   815   918 D AAL     : 01-12 06:40:39.650 BL= 884,ESS= 274, 01-12 06:40:39.666 BL= 885,ESS= 274, 01-12 06:40:39.699 BL= 886,ESS= 274, 01-12 06:40:39.716 BL= 887,ESS= 272, 01-12 06:40:39.734 BL= 888,ESS= 272, 
01-12 18:40:39.816   815   918 D AAL     : 01-12 06:40:39.749 BL= 889,ESS= 272, 01-12 06:40:39.766 BL= 890,ESS= 272, 01-12 06:40:39.783 BL= 891,ESS= 272, 01-12 06:40:39.799 BL= 892,ESS= 272, 01-12 06:40:39.816 BL= 893,ESS= 270, 
01-12 18:40:39.916   815   918 D AAL     : 01-12 06:40:39.833 BL= 894,ESS= 270, 01-12 06:40:39.849 BL= 895,ESS= 270, 01-12 06:40:39.866 BL= 896,ESS= 270, 01-12 06:40:39.899 BL= 897,ESS= 270, 01-12 06:40:39.916 BL= 898,ESS= 268, 
01-12 18:40:39.931   582   630 I BufferQueueProducer: [SurfaceView - com.YourCompany.Proj/com.epicgames.ue4.GameActivity#0](this:0x727b0ae000,id:8056,api:1,p:24439,c:582) queueBuffer: fps=15.60 dur=2115.47 max=1223.08 min=5.98
01-12 18:40:39.942   516   602 I hwcomposer: [HWCDisplay] [Display_0 (type:1)] fps:2.838743,dur:1409.07,max:1192.09,min:1.77  
01-12 18:40:39.944   582   582 I SurfaceFlinger: screenshot (Letterbox - left#1)
01-12 18:40:39.944   582   582 I SurfaceFlinger: isIncludeStatusBarAndNavBar (1)
01-12 18:40:39.944   582   582 I SurfaceFlinger: screenshot (Background for -SurfaceView - com.YourCompany.Proj/com.epicgames.ue4.GameActivity#0)
01-12 18:40:39.944   582   582 I SurfaceFlinger: isIncludeStatusBarAndNavBar (1)
01-12 18:40:39.944   582   582 I SurfaceFlinger: screenshot (SurfaceView - com.YourCompany.Proj/com.epicgames.ue4.GameActivity#0)
01-12 18:40:39.944   582   582 I SurfaceFlinger: isIncludeStatusBarAndNavBar (1)
01-12 18:40:39.944   582   582 I SurfaceFlinger: screenshot (com.YourCompany.Proj/com.epicgames.ue4.GameActivity#1)
01-12 18:40:39.944   582   582 I SurfaceFlinger: isIncludeStatusBarAndNavBar (1)
01-12 18:40:39.992 22703 22780 W ConnectionTracker: Exception thrown while unbinding
01-12 18:40:39.992 22703 22780 W ConnectionTracker: java.lang.IllegalArgumentException: Service not registered: ls@e9002b0
01-12 18:40:39.992 22703 22780 W ConnectionTracker: 	at android.app.LoadedApk.forgetServiceDispatcher(LoadedApk.java:1759)
01-12 18:40:39.992 22703 22780 W ConnectionTracker: 	at android.app.ContextImpl.unbindService(ContextImpl.java:1787)
01-12 18:40:39.992 22703 22780 W ConnectionTracker: 	at android.content.ContextWrapper.unbindService(ContextWrapper.java:751)
01-12 18:40:39.992 22703 22780 W ConnectionTracker: 	at ci.f(:com.google.android.gms.dynamite_measurementdynamite@204714081@20.47.14 (120400-0):1)
01-12 18:40:39.992 22703 22780 W ConnectionTracker: 	at ci.d(:com.google.android.gms.dynamite_measurementdynamite@204714081@20.47.14 (120400-0):2)
01-12 18:40:39.992 22703 22780 W ConnectionTracker: 	at lt.E(:com.google.android.gms.dynamite_measurementdynamite@204714081@20.47.14 (120400-0):9)
01-12 18:40:39.992 22703 22780 W ConnectionTracker: 	at ld.a(:com.google.android.gms.dynamite_measurementdynamite@204714081@20.47.14 (120400-0):3)
01-12 18:40:39.992 22703 22780 W ConnectionTracker: 	at ef.run(:com.google.android.gms.dynamite_measurementdynamite@204714081@20.47.14 (120400-0):3)
01-12 18:40:39.992 22703 22780 W ConnectionTracker: 	at java.util.concurrent.Executors$RunnableAdapter.call(Executors.java:462)
01-12 18:40:39.992 22703 22780 W ConnectionTracker: 	at java.util.concurrent.FutureTask.run(FutureTask.java:266)
01-12 18:40:39.992 22703 22780 W ConnectionTracker: 	at iy.run(:com.google.android.gms.dynamite_measurementdynamite@204714081@20.47.14 (120400-0):5)
01-12 18:40:40.019   815   918 D AAL     : 01-12 06:40:39.950 BL= 899,ESS= 268, 01-12 06:40:39.966 BL= 900,ESS= 268, 01-12 06:40:39.984 BL= 901,ESS= 268, 01-12 06:40:40.000 BL= 902,ESS= 268, 01-12 06:40:40.019 BL= 903,ESS= 268, 
01-12 18:40:40.059   582   582 I SurfaceFlinger: screenshot (Letterbox - left#1)
01-12 18:40:40.059   582   582 I SurfaceFlinger: isIncludeStatusBarAndNavBar (1)
01-12 18:40:40.059   582   582 I SurfaceFlinger: screenshot (Background for -SurfaceView - com.YourCompany.Proj/com.epicgames.ue4.GameActivity#0)
01-12 18:40:40.059   582   582 I SurfaceFlinger: isIncludeStatusBarAndNavBar (1)
01-12 18:40:40.059   582   582 I SurfaceFlinger: screenshot (SurfaceView - com.YourCompany.Proj/com.epicgames.ue4.GameActivity#0)
01-12 18:40:40.059   582   582 I SurfaceFlinger: isIncludeStatusBarAndNavBar (1)
01-12 18:40:40.059   582   582 I SurfaceFlinger: screenshot (com.YourCompany.Proj/com.epicgames.ue4.GameActivity#1)
01-12 18:40:40.059   582   582 I SurfaceFlinger: isIncludeStatusBarAndNavBar (1)
01-12 18:40:40.066   815   918 D AAL     : 01-12 06:40:40.035 BL= 904,ESS= 266, 01-12 06:40:40.056 BL= 905,ESS= 266, 
01-12 18:40:40.159   582   582 I SurfaceFlinger: screenshot (Letterbox - left#1)
01-12 18:40:40.159   582   582 I SurfaceFlinger: isIncludeStatusBarAndNavBar (1)
01-12 18:40:40.159   582   582 I SurfaceFlinger: screenshot (Background for -SurfaceView - com.YourCompany.Proj/com.epicgames.ue4.GameActivity#0)
01-12 18:40:40.159   582   582 I SurfaceFlinger: isIncludeStatusBarAndNavBar (1)
01-12 18:40:40.159   582   582 I SurfaceFlinger: screenshot (SurfaceView - com.YourCompany.Proj/com.epicgames.ue4.GameActivity#0)
01-12 18:40:40.159   582   582 I SurfaceFlinger: isIncludeStatusBarAndNavBar (1)
01-12 18:40:40.159   582   582 I SurfaceFlinger: screenshot (com.YourCompany.Proj/com.epicgames.ue4.GameActivity#1)
01-12 18:40:40.159   582   582 I SurfaceFlinger: isIncludeStatusBarAndNavBar (1)
01-12 18:40:40.183   794  1022 I Gyroscope: write temp cali: [371, -776, 959, 17383, 14009, -16602]
01-12 18:40:40.275   582   582 I SurfaceFlinger: screenshot (Letterbox - left#1)
01-12 18:40:40.275   582   582 I SurfaceFlinger: isIncludeStatusBarAndNavBar (1)
01-12 18:40:40.275   582   582 I SurfaceFlinger: screenshot (Background for -SurfaceView - com.YourCompany.Proj/com.epicgames.ue4.GameActivity#0)
01-12 18:40:40.275   582   582 I SurfaceFlinger: isIncludeStatusBarAndNavBar (1)
01-12 18:40:40.275   582   582 I SurfaceFlinger: screenshot (SurfaceView - com.YourCompany.Proj/com.epicgames.ue4.GameActivity#0)
01-12 18:40:40.275   582   582 I SurfaceFlinger: isIncludeStatusBarAndNavBar (1)
01-12 18:40:40.275   582   582 I SurfaceFlinger: screenshot (com.YourCompany.Proj/com.epicgames.ue4.GameActivity#1)
01-12 18:40:40.275   582   582 I SurfaceFlinger: isIncludeStatusBarAndNavBar (1)
01-12 18:40:40.376   582   582 I SurfaceFlinger: screenshot (Letterbox - left#1)
01-12 18:40:40.376   582   582 I SurfaceFlinger: isIncludeStatusBarAndNavBar (1)
01-12 18:40:40.376   582   582 I SurfaceFlinger: screenshot (Background for -SurfaceView - com.YourCompany.Proj/com.epicgames.ue4.GameActivity#0)
01-12 18:40:40.376   582   582 I SurfaceFlinger: isIncludeStatusBarAndNavBar (1)
01-12 18:40:40.376   582   582 I SurfaceFlinger: screenshot (SurfaceView - com.YourCompany.Proj/com.epicgames.ue4.GameActivity#0)
01-12 18:40:40.376   582   582 I SurfaceFlinger: isIncludeStatusBarAndNavBar (1)
01-12 18:40:40.376   582   582 I SurfaceFlinger: screenshot (com.YourCompany.Proj/com.epicgames.ue4.GameActivity#1)
01-12 18:40:40.376   582   582 I SurfaceFlinger: isIncludeStatusBarAndNavBar (1)
01-12 18:40:40.476   582   582 I SurfaceFlinger: screenshot (Letterbox - left#1)
01-12 18:40:40.476   582   582 I SurfaceFlinger: isIncludeStatusBarAndNavBar (1)
01-12 18:40:40.476   582   582 I SurfaceFlinger: screenshot (Background for -SurfaceView - com.YourCompany.Proj/com.epicgames.ue4.GameActivity#0)
01-12 18:40:40.476   582   582 I SurfaceFlinger: isIncludeStatusBarAndNavBar (1)
01-12 18:40:40.476   582   582 I SurfaceFlinger: screenshot (SurfaceView - com.YourCompany.Proj/com.epicgames.ue4.GameActivity#0)
01-12 18:40:40.476   582   582 I SurfaceFlinger: isIncludeStatusBarAndNavBar (1)
01-12 18:40:40.476   582   582 I SurfaceFlinger: screenshot (com.YourCompany.Proj/com.epicgames.ue4.GameActivity#1)
01-12 18:40:40.476   582   582 I SurfaceFlinger: isIncludeStatusBarAndNavBar (1)
01-12 18:40:40.477  1235  1452 I MiuiNetworkPolicy: updateUidState uid = 10157, uidState = 20
01-12 18:40:40.480 32109 32109 I ADB_SERVICES: service_to_fd shell,v2,raw:ps
01-12 18:40:40.486   815  1518 D AALLightSensor: newLux = 3, [3, 3] -> 3
01-12 18:40:40.551 32109 24608 I ADB_SERVICES: post waitpid (pid=24607) status=0000
01-12 18:40:40.551 32109 32109 I ADB_SERVICES: for fd 26, revents = 2011
01-12 18:40:40.552 32109 32109 I ADB_SERVICES: for fd 26, revents = 2011
01-12 18:40:40.592   582   582 I SurfaceFlinger: screenshot (Letterbox - left#1)
01-12 18:40:40.592   582   582 I SurfaceFlinger: isIncludeStatusBarAndNavBar (1)
01-12 18:40:40.592   582   582 I SurfaceFlinger: screenshot (Background for -SurfaceView - com.YourCompany.Proj/com.epicgames.ue4.GameActivity#0)
01-12 18:40:40.592   582   582 I SurfaceFlinger: isIncludeStatusBarAndNavBar (1)
