01-10 23:03:02.103  1235  2858 E Region  : Region::unflatten() failed, invalid region
01-10 23:03:02.103  1521  1521 D SignalClusterView: updateMobileTypeImage  0
01-10 23:03:02.103  1521  1521 I chatty  : uid=1000(system) com.android.systemui identical 1 line
01-10 23:03:02.103  1521  1521 D SignalClusterView: updateMobileTypeImage  0
01-10 23:03:02.104  1521  1521 D EventBus: [1521, u0] send(AppTransitionFinishedEvent)
01-10 23:03:02.104  1521  1521 D EventBus: [1521, u0]  -> ForcedResizableInfoActivityController [0xe5d95f1, P1] onBusEvent(AppTransitionFinishedEvent)
01-10 23:03:02.104  1521  1521 D EventBus: [1521, u0] onBusEvent(AppTransitionFinishedEvent) duration: 22 microseconds, avg: 38
01-10 23:03:02.104  1521  1521 D EventBus: [1521, u0] send(AppTransitionFinishedEvent)
01-10 23:03:02.104  1521  1521 D EventBus: [1521, u0]  -> ForcedResizableInfoActivityController [0xe5d95f1, P1] onBusEvent(AppTransitionFinishedEvent)
01-10 23:03:02.104  1521  1521 D EventBus: [1521, u0] onBusEvent(AppTransitionFinishedEvent) duration: 8 microseconds, avg: 38
01-10 23:03:02.114  1521  1521 D SignalClusterView: updateMobileTypeImage  0
01-10 23:03:02.115  1521  1521 I chatty  : uid=1000(system) com.android.systemui identical 6 lines
01-10 23:03:02.116  1521  1521 D SignalClusterView: updateMobileTypeImage  0
01-10 23:03:02.118 25501  8595 W NetworkScheduler: Error inserting flex_time=2040000 job_id=-1 period=4082000 source=16 requires_charging=0 preferred_network_type=1 target_class=com.google.android.gms.measurement.PackageMeasurementTaskService user_id=0 target_package=com.google.android.gms tag=Measurement.PackageMeasurementTaskService.UPLOAD_TASK_TAG task_type=0 required_idleness_state=0 service_kind=0 source_version=204714000 persistence_level=1 preferred_charging_state=1 required_network_type=0 runtime=1610308982115 retry_strategy={"maximum_backoff_seconds":{"3600":0},"initial_backoff_seconds":{"30":0},"retry_policy":{"0":0}} last_runtime=0, error message: UNIQUE constraint failed: pending_ops.tag, pending_ops.target_class, pending_ops.target_package, pending_ops.user_id (code 2067 SQLITE_CONSTRAINT_UNIQUE) [CONTEXT service_id=218 ]
01-10 23:03:02.120  1235  2872 E Region  : Region::unflatten() failed, invalid region
01-10 23:03:02.120  1235  2872 E Region  : Region::unflatten() failed, invalid region
01-10 23:03:02.124  1521  1521 D SignalClusterView: updateMobileTypeImage  0
01-10 23:03:02.129  1521  1521 I chatty  : uid=1000(system) com.android.systemui identical 16 lines
01-10 23:03:02.129  1521  1521 D SignalClusterView: updateMobileTypeImage  0
01-10 23:03:02.129  1029  1039 I [BIP]   :  [BIP NL] event newlink match dev 0, interface index 39
01-10 23:03:02.129  1029  1039 I [BIP]   :  [BIP NL] the link status of interface(index:0) changes to 1
01-10 23:03:02.130  1235  2872 D WificondControl: Scan result ready event
01-10 23:03:02.130  1030  1043 D VoLTE IMSM: send CTRL_CMD_GET_SCAN (module/mdagent/volte_imsm_93/src/wireless.c:584)
01-10 23:03:02.131  1235  1318 I EthernetTracker: interfaceLinkStateChanged, iface: wlan0, up: true
01-10 23:03:02.131   496   496 I netd    : interfaceGetCfg("wlan0") <0.38ms>
01-10 23:03:02.133  1235  1460 D WifiScanningService: singleScanResults: ClientInfo[uid=1000,android.os.Messenger@9011339],Id=310,results=6
01-10 23:03:02.133  1235  1460 D WifiScanningService: singleScanResults: ClientInfo[uid=1000,android.os.Messenger@9011339],Id=1,results=6
01-10 23:03:02.134  1235  1460 D WifiScanningService: singleScanResults: ClientInfo[uid=1000,android.os.Messenger@9011339],Id=2,results=6
01-10 23:03:02.135  3409  3819 W WifiMonitor: no need getAvailableWifis
01-10 23:03:02.135  1235  1454 D WifiConnectivityManager: AllSingleScanListener onResults: start network selection
01-10 23:03:02.135  3409  3819 W WifiMonitor: getScanResults has none
01-10 23:03:02.135  1235  1454 D WifiNetworkSelector: Current connected network: "ASUSCANCUN" , ID: 21
01-10 23:03:02.135  1235  2858 E WifiService: Permission violation - getScanResults not allowed for uid=10173, packageName=com.vkontakte.android, reason=java.lang.SecurityException: Location mode is disabled for the device
01-10 23:03:02.135  1235  1454 D WifiNetworkSelector: Current connected network already sufficient. Skip network selection.
01-10 23:03:02.135  1235  1509 E AppScanObserverService: Result available, null observers for user: 0
01-10 23:03:02.135  1521  1521 D PhoneStatusBar/NavigationBarView: onDraw
01-10 23:03:02.136  1235  2858 E Region  : Region::unflatten() failed, invalid region
01-10 23:03:02.136  1235  2858 E Region  : Region::unflatten() failed, invalid region
01-10 23:03:02.143  1521  1521 D PhoneStatusBarTintController: updateSamplingListener unregister 
01-10 23:03:02.143  1521  1521 D PhoneStatusBarTintController: updateSamplingListener register
01-10 23:03:02.144  1521  1521 D NavBarTintController:  updateSamplingListener false
01-10 23:03:02.147  1521  1521 D CollapsedStatusBarFragment:  currentFragment:CollapsedStatusBarFragment{11220dd #0 id=0x7f0a0434 CollapsedStatusBarFragmentDRIP} type is: DRIP switch hidden to: true
01-10 23:03:02.147  1521  1521 D CollapsedStatusBarFragment:  currentFragment:CollapsedStatusBarFragment{27e7cb4 #1 id=0x7f0a0434 CollapsedStatusBarFragmentNONE} type is: NONE switch hidden to: false
01-10 23:03:02.152  1521  1521 D StatusBarClock:  isNormalMode= true clock visible=true
01-10 23:03:02.153  1521  1521 V KeyguardUpdateMonitor: *** unregister callback for com.android.systemui.BatteryMeterView$1@2679703
01-10 23:03:02.153  1235  2858 E Region  : Region::unflatten() failed, invalid region
01-10 23:03:02.153  1235  2858 E Region  : Region::unflatten() failed, invalid region
01-10 23:03:02.158   516 19115 I hwcomposer: [HWCDisplay] [Display_0 (type:1)] fps:23.790539,dur:1008.80,max:572.04,min:12.75  
01-10 23:03:02.161   582   582 I SurfaceFlinger: screenshot (Splash Screen com.YourCompany.Proj#0)
01-10 23:03:02.161   582   582 I SurfaceFlinger: isIncludeStatusBarAndNavBar (1)
01-10 23:03:02.161   582   582 I SurfaceFlinger: screenshot (MiuiContrastOverlay#0)
01-10 23:03:02.161   582   582 I SurfaceFlinger: isIncludeStatusBarAndNavBar (1)
01-10 23:03:02.161   582   582 I SurfaceFlinger: screenshot (ScreenshotSurface#0)
01-10 23:03:02.161   582   582 I SurfaceFlinger: isIncludeStatusBarAndNavBar (1)
01-10 23:03:02.161   582   582 I SurfaceFlinger: screenshot (BlackSurface#0)
01-10 23:03:02.161   582   582 I SurfaceFlinger: isIncludeStatusBarAndNavBar (1)
01-10 23:03:02.161   582   582 I SurfaceFlinger: screenshot (BlackSurface#3)
01-10 23:03:02.161   582   582 I SurfaceFlinger: isIncludeStatusBarAndNavBar (1)
01-10 23:03:02.164  1521  1521 D SignalClusterView: updateMobileTypeImage  0
01-10 23:03:02.165  1521  1521 D MobileSignalController: updateDataType mSelectedDataTypeIcon[0]=2131232929, mSelectedDataActivityIndex=6
01-10 23:03:02.166  1521  1521 D TelephonyIcons: getSignalStrengthIcon: slot=0, inetCondition=1, level=4, roaming=false, signalstrength=SignalStrength:{mCdma=CellSignalStrengthCdma: cdmaDbm=2147483647 cdmaEcio=2147483647 evdoDbm=2147483647 evdoEcio=2147483647 evdoSnr=2147483647 miuiLevel=0 level=0,mGsm=CellSignalStrengthGsm: rssi=2147483647 ber=2147483647 mTa=2147483647 miuiLevel=0 mLevel=0,mWcdma=CellSignalStrengthWcdma: ss=2147483647 ber=2147483647 rscp=2147483647 ecno=2147483647 miuiLevel=0 level=0,mTdscdma=CellSignalStrengthTdscdma: rssi=2147483647 ber=2147483647 rscp=2147483647 miuiLevel=0 level=0,mLte=CellSignalStrengthLte: rssi=2147483647 rsrp=-102 rsrq=-15 rssnr=15 cqi=0 ta=0 miuiLevel=4 level=2,mNr=CellSignalStrengthNr:{ csiRsrp = 2147483647 csiRsrq = 2147483647 csiSinr = 2147483647 ssRsrp = 2147483647 ssRsrq = 2147483647 ssSinr = 2147483647 miuiLevel = 0 level = 0 },primary=CellSignalStrengthLte}, phoneId=0, mMtkLevel=-1, mMtkRsrpOnly=true, mMtkLteRsrpThreshold=null, mMtkLteRssnrThreshold=null
01-10 23:03:02.166  1521  1521 D TelephonyIcons: null signal icon name: drawable/stat_sys_signal_null
01-10 23:03:02.166  1521  1521 D TelephonyIcons: getDataTypeIcon sub=0
01-10 23:03:02.166  1521  1521 D SignalClusterView: updateMobileTypeImage  0
01-10 23:03:02.167  1521  1521 D SlaveWifiSignalController: notifyListeners: false
01-10 23:03:02.167  1521  1521 V KeyguardUpdateMonitor: *** register callback for com.android.systemui.BatteryMeterView$1@162d07
01-10 23:03:02.167  1521  1521 V KeyguardUpdateMonitor: *** unregister callback for null
01-10 23:03:02.170  1235  2858 E Region  : Region::unflatten() failed, invalid region
01-10 23:03:02.170  1235  2858 E Region  : Region::unflatten() failed, invalid region
01-10 23:03:02.170  1521  1521 D SignalClusterView: updateMobileTypeImage  0
01-10 23:03:02.172  1521  1521 I chatty  : uid=1000(system) com.android.systemui identical 4 lines
01-10 23:03:02.172  1521  1521 D SignalClusterView: updateMobileTypeImage  0
01-10 23:03:02.172  1521  1521 W StatusBar: removeNotification for unknown key: 0|android|0|com.android.server.wm.AlertWindowNotification - com.miui.notes|1000
01-10 23:03:02.172  1521  1521 D StatusBar: removeNotification null
01-10 23:03:02.186  1235  2872 E Region  : Region::unflatten() failed, invalid region
01-10 23:03:02.186  1235  2872 E Region  : Region::unflatten() failed, invalid region
01-10 23:03:02.196  1521  1521 D SignalClusterView: updateMobileTypeImage  0
01-10 23:03:02.198  1521  1521 I chatty  : uid=1000(system) com.android.systemui identical 2 lines
01-10 23:03:02.199  1521  1521 D SignalClusterView: updateMobileTypeImage  0
01-10 23:03:02.203  1235  2872 E Region  : Region::unflatten() failed, invalid region
01-10 23:03:02.203  1235  2872 E Region  : Region::unflatten() failed, invalid region
01-10 23:03:02.204  1521  1521 D SignalClusterView: updateMobileTypeImage  0
01-10 23:03:02.205  1521  1521 I chatty  : uid=1000(system) com.android.systemui identical 9 lines
01-10 23:03:02.207  1521  1521 D SignalClusterView: updateMobileTypeImage  0
01-10 23:03:02.220  1235  2872 E Region  : Region::unflatten() failed, invalid region
01-10 23:03:02.220  1235  2872 E Region  : Region::unflatten() failed, invalid region
01-10 23:03:02.223 15405 15405 I FeatureParser: can't find begonia.xml in assets/device_features/,it may be in /system/etc/device_features
01-10 23:03:02.231 15405 15405 E libc    : Access denied finding property "ro.vendor.df.effect.conflict"
01-10 23:03:02.225 15405 15405 W ourCompany.Proj: type=1400 audit(0.0:50730): avc: denied { read } for name="u:object_r:vendor_displayfeature_prop:s0" dev="tmpfs" ino=371 scontext=u:r:untrusted_app_27:s0:c229,c257,c512,c768 tcontext=u:object_r:vendor_displayfeature_prop:s0 tclass=file permissive=0
01-10 23:03:02.235  1235  1461 D SlaveWifiManager: getWifiSlaveConnectionInfo
01-10 23:03:02.235  1235  1453 D SlaveWifiService: Slave message handler : 155633
01-10 23:03:02.235  1235  1461 D SlaveWifiManager: getWifiSlaveConnectionInfo
01-10 23:03:02.235  1235  1453 D SlaveWifiService: Slave message handler : 155633
01-10 23:03:02.236  1235  2872 E Region  : Region::unflatten() failed, invalid region
01-10 23:03:02.236  1235  2872 E Region  : Region::unflatten() failed, invalid region
01-10 23:03:02.237 15405 15427 V UE4     : [NetworkChangedManager] Network Available: 103
01-10 23:03:02.238 15405 15427 V UE4     : [NetworkChangedManager] No network state set yet, setting naive network state checking connection fully.
01-10 23:03:02.238 15405 15427 V UE4     : [NetworkChangedManager] Network connectivity changed. New connectivity state: CONNECTION_AVAILABLE
01-10 23:03:02.240 15405 15427 V UE4     : [NetworkChangedManager] Network Capabilities changed, has Internet: true
01-10 23:03:02.240 15405 15428 V UE4     : [NetworkChangedManager] Verifying internet connection with host: https://example.com/
01-10 23:03:02.246   815   918 D AAL     : 01-10 11:03:02.061 BL= 109,ESS= 306, 01-10 11:03:02.079 BL= 108,ESS= 306, 01-10 11:03:02.162 BL= 108,ESS= 308, 01-10 11:03:02.212 BL= 107,ESS= 308, 01-10 11:03:02.245 BL= 107,ESS= 310, 
01-10 23:03:02.252 15405 15428 D NetworkSecurityConfig: No Network Security Config specified, using platform default
01-10 23:03:02.253  1235  2858 E Region  : Region::unflatten() failed, invalid region
01-10 23:03:02.253  1235  2858 E Region  : Region::unflatten() failed, invalid region
01-10 23:03:02.253 15405 15428 I System.out: [okhttp]:check permission begin!
01-10 23:03:02.253 15405 15428 W System  : ClassLoader referenced unknown path: system/framework/mediatek-cta.jar
01-10 23:03:02.254 15405 15428 I System.out: [okhttp] e:java.lang.ClassNotFoundException: com.mediatek.cta.CtaUtils
01-10 23:03:02.256   496 15432 E ResolverController: No valid NAT64 prefix (103, <unspecified>/0)
01-10 23:03:02.259 15405 15428 I System.out: [socket]:check permission begin!
01-10 23:03:02.259 15405 15428 W System  : ClassLoader referenced unknown path: system/framework/mediatek-cta.jar
01-10 23:03:02.260 15405 15428 I System.out: [socket] e:java.lang.ClassNotFoundException: com.mediatek.cta.CtaUtils
01-10 23:03:02.260   582   582 I SurfaceFlinger: screenshot (Letterbox - left#0)
01-10 23:03:02.260   582   582 I SurfaceFlinger: isIncludeStatusBarAndNavBar (1)
01-10 23:03:02.260   582   582 I SurfaceFlinger: screenshot (Splash Screen com.YourCompany.Proj#0)
01-10 23:03:02.260   582   582 I SurfaceFlinger: isIncludeStatusBarAndNavBar (1)
01-10 23:03:02.260   582   582 I SurfaceFlinger: screenshot (MiuiContrastOverlay#0)
01-10 23:03:02.260   582   582 I SurfaceFlinger: isIncludeStatusBarAndNavBar (1)
01-10 23:03:02.260   582   582 I SurfaceFlinger: screenshot (ScreenshotSurface#0)
01-10 23:03:02.260   582   582 I SurfaceFlinger: isIncludeStatusBarAndNavBar (1)
01-10 23:03:02.260   582   582 I SurfaceFlinger: screenshot (BlackSurface#0)
01-10 23:03:02.260   582   582 I SurfaceFlinger: isIncludeStatusBarAndNavBar (1)
01-10 23:03:02.260   582   582 I SurfaceFlinger: screenshot (BlackSurface#1)
01-10 23:03:02.260   582   582 I SurfaceFlinger: isIncludeStatusBarAndNavBar (1)
01-10 23:03:02.276 15405 15405 D ForceDarkHelper: updateByCheckExcludeList: pkg: com.YourCompany.Proj activity: com.epicgames.ue4.SplashActivity@2c20665
01-10 23:03:02.283 15405 15405 I Timeline: Timeline: Activity_launch_request time:61642280
01-10 23:03:02.283  1235  2872 I ActivityTaskManager: START u0 {flg=0x10000 cmp=com.YourCompany.Proj/com.epicgames.ue4.GameActivity (has extras)} from uid 10485
01-10 23:03:02.278 15405 15405 I chatty  : uid=10485(com.YourCompany.Proj) identical 1 line
01-10 23:03:02.278 15405 15405 D ForceDarkHelper: updateByCheckExcludeList: pkg: com.YourCompany.Proj activity: com.epicgames.ue4.SplashActivity@2c20665
01-10 23:03:02.284  1235  2872 D MiuiMultiWindowAdapter: MiuiMultiWindowAdapter::getFreeformBlackList::sSmallWindowBlackList = [com.miui.securitycenter, com.miui.weather2, com.miui.miservice, com.android.calendar, com.xiaomi.calendar, com.android.contacts, com.miui.mishare.connectivity, com.android.settings, com.android.printspooler, com.miui.backup, com.miui.huanji, com.miui.calculator, com.android.deskclock, com.android.thememanager, com.mfashiongallery.emag, com.miui.virtualsim, com.miui.smarttravel, com.mi.health, com.android.camera, com.lbe.security.miui, com.miui.cleanmaster, com.miui.newhome, com.miui.voiceassist, com.android.phone, com.miui.yellowpage, com.android.updater, com.miui.tsmclient, com.miui.securitycore, com.xiaomi.account, com.xiaomi.shop, com.xiaomi.smarthome, com.mipay.wallet, com.xiaomi.youpin, com.xiaomi.hm.health, com.miui.bugreport, com.xiaomi.mibrain.speech, com.xiaomi.mimoji, com.xiaomi.scanner, com.duokan.phone.remotecontroller, com.miui.hybrid, com.android.incallui, com.miui.video, com.miui.videoplayer, com.miui.player, com.miui.fm, com.miui.packageinstaller, com.mi.android.globallauncher, com.mi.android.globallauncher-poco, com.google.android.dialer, com.google.android.apps.magazines, com.miui.compass, com.miui.greenguard, com.kiteguard, com.google.android.apps.prodcasts, com.google.ar.lens, com.xiangkan.android, com.android.bankabc, com.sohu.inputmethod.sogou, com.tencent.mtt, com.shyz.toutiao, com.netease.mc.mi, com.outfit7.talkingtomgoldrun.mi, com.doudz.mi, com.wepie.snake.new.mi, cn.jj, com.standddz002.mi, com.miHoYo.bh3.mi, com.qqgame.hlddz, com.happyelements.AndroidAnimal, com.minitech.miniworld.TMobile.mi, com.mfp.jelly.xiaomi, com.lilithgames.afk.mi, com.tencent.peng, com.teenpatti.hd.gold, blockpuzzle.jewelgames.jewelslegend, com.playgendary.tanks, com.chillingo.robberybobfree.android.row, com.episodeinteractive.android.catalog, com.playrix.township, com.ansangha.drdriving, com.google.android.youtube, com.gbits.atm.mi, com.tencent.tetris, com.sukhavati.gotoplaying.bubble.BubbleShooter.mint, com.youzu.bs.mi]
01-10 23:03:02.285   538   598 I power@1.3-impl: powerHintInternal hint:8, data:1
01-10 23:03:02.287  1235  2872 D PowerHalWrapper: <amsBoostResume> last:com.YourCompany.Proj, next:com.YourCompany.Proj 
01-10 23:03:02.298  1701  1701 D RecentsImpl: mActivityStateObserver com.epicgames.ue4.SplashActivity
01-10 23:03:02.300  1235  2872 D PowerHalWrapper: amsBoostNotify pid:15405,activity:com.epicgames.ue4.GameActivity, package:com.YourCompany.Proj, mProcessCreatePackcom.YourCompany.Proj 
01-10 23:03:02.301  1521  1521 D EventBus: [1521, u0] send(AppTransitionFinishedEvent)
01-10 23:03:02.301  1521  1521 D EventBus: [1521, u0]  -> ForcedResizableInfoActivityController [0xe5d95f1, P1] onBusEvent(AppTransitionFinishedEvent)
01-10 23:03:02.301  1235  2872 I Timeline: Timeline: App_transition_ready time:61642298
01-10 23:03:02.301  1521  1521 D EventBus: [1521, u0] onBusEvent(AppTransitionFinishedEvent) duration: 9 microseconds, avg: 38
01-10 23:03:02.301  1521  1521 D EventBus: [1521, u0] send(AppTransitionFinishedEvent)
01-10 23:03:02.301  1235  2872 I Timeline: Timeline: App_transition_stopped time:61642298
01-10 23:03:02.301  1521  1521 D EventBus: [1521, u0]  -> ForcedResizableInfoActivityController [0xe5d95f1, P1] onBusEvent(AppTransitionFinishedEvent)
01-10 23:03:02.301  1521  1521 D EventBus: [1521, u0] onBusEvent(AppTransitionFinishedEvent) duration: 5 microseconds, avg: 38
01-10 23:03:02.302  1521  1521 D EventBus: [1521, u0] send(AppTransitionFinishedEvent)
01-10 23:03:02.302  1521  1521 D EventBus: [1521, u0]  -> ForcedResizableInfoActivityController [0xe5d95f1, P1] onBusEvent(AppTransitionFinishedEvent)
01-10 23:03:02.302  1521  1521 D EventBus: [1521, u0] onBusEvent(AppTransitionFinishedEvent) duration: 4 microseconds, avg: 38
01-10 23:03:02.303 15405 15405 W ActivityThread: handleWindowVisibility: no activity for token android.os.BinderProxy@1adaf3a
01-10 23:03:02.305  1235  1322 I PowerHalWrapper: <setRotation> do boost with 0ms 
01-10 23:03:02.320   582   582 I BufferQueue: [ScreenshotSurface#0](this:0x729a100800,id:3203,api:2,p:-1,c:-1) ~BufferQueueCore
01-10 23:03:02.320   582   582 D RefBase : RefBase: Explicit destruction, weak count = 0 (in 0x729a101c58)
01-10 23:03:02.320   582   582 W RefBase : CallStack::getCurrentInternal not linked, returning null
01-10 23:03:02.320   582   582 W RefBase : CallStack::logStackInternal not linked
01-10 23:03:02.322   516   682 W hwcomposer: [OVL] (0) No overlay input queue(0)  
01-10 23:03:02.322   516   682 I hwcomposer: [DBQ] (q2:0x7a60640700) Buffer queue is created with size(3)  
01-10 23:03:02.322   516   682 I hwcomposer: [DBQ] (q2:0x7a60640700) setConsumerListener  
01-10 23:03:02.322   516   682 I hwcomposer: [DBQ] (q2:0x7a60640700) Reallocate Slot(0), pool(0 -> 0) size(0 -> 10108800)  
01-10 23:03:02.351 15405 15405 D UE4     : Used memory before allocating anything was 161.04MB
01-10 23:03:02.372   582   582 I SurfaceFlinger: screenshot (Letterbox - left#1)
01-10 23:03:02.372   582   582 I SurfaceFlinger: isIncludeStatusBarAndNavBar (1)
01-10 23:03:02.372   582   582 I SurfaceFlinger: screenshot (Splash Screen com.YourCompany.Proj#0)
01-10 23:03:02.372   582   582 I SurfaceFlinger: isIncludeStatusBarAndNavBar (1)
01-10 23:03:02.372   582   582 I SurfaceFlinger: screenshot (MiuiContrastOverlay#0)
01-10 23:03:02.372   582   582 I SurfaceFlinger: isIncludeStatusBarAndNavBar (1)
01-10 23:03:02.405 10052 10052 E adbd    : failed to connect to socket 'tcp:6666': Connection refused
01-10 23:03:02.488   582   582 I SurfaceFlinger: screenshot (Letterbox - left#1)
01-10 23:03:02.488   582   582 I SurfaceFlinger: isIncludeStatusBarAndNavBar (1)
01-10 23:03:02.488   582   582 I SurfaceFlinger: screenshot (Splash Screen com.YourCompany.Proj#0)
01-10 23:03:02.488   582   582 I SurfaceFlinger: isIncludeStatusBarAndNavBar (1)
01-10 23:03:02.488   582   582 I SurfaceFlinger: screenshot (MiuiContrastOverlay#0)
01-10 23:03:02.488   582   582 I SurfaceFlinger: isIncludeStatusBarAndNavBar (1)
01-10 23:03:02.522 15405 15405 D UE4     : In the JNI_OnLoad function
01-10 23:03:02.523 15405 15405 D UE4     : [JNI] - Failed to determine if app purchasing is enabled!
01-10 23:03:02.524 15405 15405 D UE4     : Path found as '/storage/emulated/0'
01-10 23:03:02.524 15405 15405 D UE4     : Font Path found as '/system/fonts/'
01-10 23:03:02.524 15405 15405 D UE4     : In the JNI_OnLoad function 5
01-10 23:03:02.526 15405 15405 D OVRPlugin: JNI_OnLoad
01-10 23:03:02.530 15405 15405 D ForceDarkHelper: updateByCheckExcludeList: pkg: com.YourCompany.Proj activity: com.epicgames.ue4.GameActivity@635d948
01-10 23:03:02.533 15405 15405 I chatty  : uid=10485(com.YourCompany.Proj) identical 2 lines
01-10 23:03:02.533 15405 15405 D ForceDarkHelper: updateByCheckExcludeList: pkg: com.YourCompany.Proj activity: com.epicgames.ue4.GameActivity@635d948
01-10 23:03:02.538 15405 15441 D UE4     : Entering native app glue main function
01-10 23:03:02.538 15405 15441 D UE4     : Created event thread
01-10 23:03:02.538 15405 15441 D UE4     : Entered AndroidMain()
01-10 23:03:02.538 15405 15442 D UE4     : Entering event processing thread engine entry point
01-10 23:03:02.538 15405 15442 D UE4     : Prepared looper for event thread
01-10 23:03:02.538 15405 15442 D UE4     : Passed callback initialization
01-10 23:03:02.538 15405 15442 D UE4     : Passed sensor initialization
01-10 23:03:02.539 15405 15441 D UE4     : Controller interface supported
01-10 23:03:02.548 15405 15405 I SurfaceFactory: [static] sSurfaceFactory = com.mediatek.view.impl.SurfaceFactoryImpl@2d1a3e1
01-10 23:03:02.555 15405 15405 D ViewRootImpl[GameActivity]: hardware acceleration = true , fakeHwAccelerated = false, sRendererDisabled = false, forceHwAccelerated = false, sSystemRendererDisabled = false
01-10 23:03:02.557   582   625 I SurfaceFlinger: [SF client] NEW(0x729a133ec0) for (1235:system_server)
01-10 23:03:02.559 15405 15405 D UE4     : [GameActivity] Target SDK is 28.  This may cause issues if permissions are denied by the user.
01-10 23:03:02.560 15405 15405 E PermissionHelper: GVRTransition2DActivity.getActivity() failed. Trying to get GameActivity.
01-10 23:03:02.562 15405 15405 D PermissionHelper: checkPermission: android.permission.WRITE_EXTERNAL_STORAGE has granted
01-10 23:03:02.575  7950  8158 I PlayCommon: [1786] awdl.h(22): Preparing logs for uploading
01-10 23:03:02.577  7950  8158 I PlayCommon: [1786] awdl.h(166): Connecting to server: https://play.googleapis.com/play/log?format=raw&proto_v2=true
01-10 23:03:02.577  7950  8158 I System.out: [okhttp]:check permission begin!
01-10 23:03:02.577  7950  8158 W System  : ClassLoader referenced unknown path: system/framework/mediatek-cta.jar
01-10 23:03:02.578  7950  8158 I System.out: [okhttp] e:java.lang.ClassNotFoundException: com.mediatek.cta.CtaUtils
01-10 23:03:02.589   582   582 I SurfaceFlinger: screenshot (Letterbox - left#1)
01-10 23:03:02.589   582   582 I SurfaceFlinger: isIncludeStatusBarAndNavBar (1)
01-10 23:03:02.589   582   582 I SurfaceFlinger: screenshot (Splash Screen com.YourCompany.Proj#0)
01-10 23:03:02.589   582   582 I SurfaceFlinger: isIncludeStatusBarAndNavBar (1)
01-10 23:03:02.589   582   582 I SurfaceFlinger: screenshot (MiuiContrastOverlay#0)
01-10 23:03:02.589   582   582 I SurfaceFlinger: isIncludeStatusBarAndNavBar (1)
01-10 23:03:02.612   815   918 D AAL     : 01-10 11:03:02.345 BL= 106,ESS= 312, 01-10 11:03:02.428 BL= 106,ESS= 314, 01-10 11:03:02.478 BL= 105,ESS= 314, 01-10 11:03:02.528 BL= 105,ESS= 316, 01-10 11:03:02.612 BL= 104,ESS= 318, 
01-10 23:03:02.641 15405 15405 D ForceDarkHelper: updateByCheckExcludeList: pkg: com.YourCompany.Proj activity: com.epicgames.ue4.GameActivity@635d948
01-10 23:03:02.642 15405 15405 D UE4     : [GameActivity] Vulkan version: 1.1.0
01-10 23:03:02.642 15405 15405 D UE4     : [GameActivity] Vulkan level: 1
01-10 23:03:02.643 15405 15405 D UE4     : [GameActivity] Found DepthBufferPreference = 0
01-10 23:03:02.643 15405 15405 D UE4     : [GameActivity] Found bPackageDataInsideApk = 0
01-10 23:03:02.643 15405 15405 D UE4     : [GameActivity] Found ProjectName = Proj
01-10 23:03:02.643 15405 15405 D UE4     : [GameActivity] Found AppType = 
01-10 23:03:02.643 15405 15405 D UE4     : [GameActivity] Found bHasOBBFiles = 0
01-10 23:03:02.643 15405 15405 D UE4     : [GameActivity] Found bVerifyOBBOnStartUp = false
01-10 23:03:02.643 15405 15405 D UE4     : [GameActivity] UI hiding set to true
01-10 23:03:02.643 15405 15405 D UE4     : [GameActivity] BuildConfiguration set to Development
01-10 23:03:02.643 15405 15405 D UE4     : [GameActivity] UseExternalFilesDir set to false
01-10 23:03:02.643 15405 15405 D UE4     : [GameActivity] PublicLogFiles set to false
01-10 23:03:02.643 15405 15405 D UE4     : [GameActivity] AllowIMU set to true
01-10 23:03:02.643 15405 15405 D UE4     : [GameActivity] SupportsVulkan set to false
01-10 23:03:02.644 15405 15405 D UE4     : [GameActivity] No Oculus Mobile mode detected.
01-10 23:03:02.645 15405 15405 D UE4     : [GameActivity] Using commandline from: /storage/emulated/0/UE4Game/Proj/UE4CommandLine.txt
01-10 23:03:02.646 15405 15405 D UE4     : [GameActivity] Parsing commandline: ../../../Proj/Proj.uproject  /Game/Proj/Maps/Transit -Messaging -SessionId=26226166426565936F53F1800EC20266 -SessionOwner="misha" -SessionName="Launch On Device" -iterative
01-10 23:03:02.646 15405 15405 I GPUD    : @gpudInitialize: successfully initialized with 1, dbg=0 mmdump_dbg=0
01-10 23:03:02.652 15405 15405 I GED     : [GT]_get_procNameprocess pid(15405)
01-10 23:03:02.652 15405 15405 I GED     : [GT]_getprocess name(com.YourCompany.Proj)
01-10 23:03:02.652 15405 15405 I         : [GT] ret(1) gt_status(00000000) aniso_debug_level(0) gt_aniso_max_level(16) ani so mask(00000001) tri mask(00000002)
01-10 23:03:02.654   800   800 I thermal_repeater: [recvMdThermalInfo] ret=26, strLen=127,  3, 32, -50, 197, 32767, 1
01-10 23:03:02.658 15405 15405 D UE4     : [GameActivity] Hardware: MT6785V/CC
01-10 23:03:02.658 15405 15405 D UE4     : [GameActivity] ro.hardware: mt6785
01-10 23:03:02.658 15405 15405 D UE4     : [GameActivity] Memory: 5498 MB
01-10 23:03:02.660 15405 15405 D UE4     : [GameActivity] UseAffinity: false
01-10 23:03:02.660 15405 15405 D UE4     : [GameActivity] BigCoreMask: 0xffff
01-10 23:03:02.660 15405 15405 D UE4     : [GameActivity] LittleCoreMask: 0x0
01-10 23:03:02.661 15405 15405 D UE4     : [GameActivity] APK path: /data/app/com.YourCompany.Proj-Asumm9molvXuSYx4W_ctew==/base.apk
01-10 23:03:02.661 15405 15405 D UE4     : [GameActivity] OBB in APK: false
01-10 23:03:02.662 15405 15405 D UE4     : InternalFilePath found as '/data/user/0/com.YourCompany.Proj/files'
01-10 23:03:02.662 15405 15405 D UE4     : ExternalFilePath found as '/storage/emulated/0/Android/data/com.YourCompany.Proj/files'
01-10 23:03:02.662 15405 15405 D UE4     : App is running in Landscape
01-10 23:03:02.662 15405 15405 D UE4     : [GameActivity] Android version is 10
01-10 23:03:02.663 15405 15405 D UE4     : [GameActivity] Android manufacturer is Xiaomi
01-10 23:03:02.663 15405 15405 D UE4     : [GameActivity] Android model is Redmi Note 8 Pro
01-10 23:03:02.663 15405 15405 D UE4     : [GameActivity] Android build number is QP1A.190711.020
01-10 23:03:02.663 15405 15405 D UE4     : [GameActivity] OS language is set to ru_RU
01-10 23:03:02.663 15405 15405 D UE4     : [GameActivity] Debugger attached is false
01-10 23:03:02.664 15405 15405 D ForceDarkHelper: updateByCheckExcludeList: pkg: com.YourCompany.Proj activity: com.epicgames.ue4.GameActivity@635d948
01-10 23:03:02.690 15405 15405 I chatty  : uid=10485(com.YourCompany.Proj) identical 6 lines
01-10 23:03:02.692 15405 15405 D ForceDarkHelper: updateByCheckExcludeList: pkg: com.YourCompany.Proj activity: com.epicgames.ue4.GameActivity@635d948
01-10 23:03:02.699   516   679 I hwcomposer: [DPY] receive refesh frquest from driver: type[4]  
01-10 23:03:02.699   516   679 I hwcomposer: [HWC] fire a callback of refresh to SF  
01-10 23:03:02.709   516   682 I hwcomposer: [OVL] (0) Overlay input(0) was used with queue previously  
01-10 23:03:02.709   516   682 I hwcomposer: [DBQ] (q2:0x7a60640700) Buffer queue is destroyed  
01-10 23:03:02.709   516   682 I hwcomposer: [DBQ] (q2:0x7a60640700) Free Slot(0), handle=0x7a6232a940, 10108800 -> 0  
01-10 23:03:02.710   582   582 I SurfaceFlinger: screenshot (Letterbox - left#1)
01-10 23:03:02.710   582   582 I SurfaceFlinger: isIncludeStatusBarAndNavBar (1)
01-10 23:03:02.710   582   582 I SurfaceFlinger: screenshot (Splash Screen com.YourCompany.Proj#0)
01-10 23:03:02.710   582   582 I SurfaceFlinger: isIncludeStatusBarAndNavBar (1)
01-10 23:03:02.710   582   582 I SurfaceFlinger: screenshot (MiuiContrastOverlay#0)
01-10 23:03:02.710   582   582 I SurfaceFlinger: isIncludeStatusBarAndNavBar (1)
01-10 23:03:02.723 15405 15405 W PopupManager: You have not specified a View to use as content view for popups. Falling back to the Activity content view. Note that this may not work as expected in multi-screen environments
01-10 23:03:02.726 15405 15405 D UE4     : [GameActivity] googleClient is valid
01-10 23:03:02.726 15405 15405 D UE4     : [GameActivity] ==============> GameActive.onCreate complete!
01-10 23:03:02.729 15405 15442 D UE4     : LogAndroidEvents::EnqueueAppEvent : 9, [width=-1, height=-1], tid = 15442, APP_EVENT_STATE_ON_START
01-10 23:03:02.729 15405 15405 D UE4     : [GameActivity] Creating console command broadcast listener
01-10 23:03:02.731 15405 15405 D UE4     : [GameActivity] ==================================> Inside onStart function in GameActivity
01-10 23:03:02.731 15405 15405 V UE4     : [GameApp] App in foreground
01-10 23:03:02.733 15405 15442 D UE4     : Case APP_CMD_RESUME
01-10 23:03:02.733 15405 15442 D UE4     : LogAndroidEvents::EnqueueAppEvent : 7, [width=-1, height=-1], tid = 15442, APP_EVENT_STATE_ON_RESUME
01-10 23:03:02.733 15405 15405 D UE4     : [GameActivity] === Restoring Transparent Bars ===
01-10 23:03:02.734 15405 15405 D UE4     : [GameActivity] ==============> [JAVA] AndroidThunkJava_KeepScreenOn(false) - Enabled screen saver
01-10 23:03:02.734 15405 15405 D UE4     : [GameActivity] ==============> [JAVA] AndroidThunkJava_DisableScreenCapture(false) - Enabled screen captures
01-10 23:03:02.734 15405 15405 D UE4     : [GameActivity] Registering sensor listeners
01-10 23:03:02.736  1235  2872 D SensorService: Calling batch handle==2 flags=0rate=20000000 timeout== 0
01-10 23:03:02.736  1235  2872 D SensorService: SensorDevice::batch: ident=0x70b7bf1d80, handle=0x00000002, flags=0, period_ns=20000000 timeout=0
01-10 23:03:02.736  1235  2872 D SensorService: 	>>> curr_period=9223372036854775807 min_period=20000000 curr_timeout=0 min_timeout=0
01-10 23:03:02.736  1235  2872 D SensorService: 	>>> actuating h/w BATCH 0x00000002 20000000 0
01-10 23:03:02.736   794   794 I Accelerometer: batch: handle:0, flag:0,samplingPeriodNs:20000000 maxBatchReportLatencyNs:0

01-10 23:03:02.737  1235  2872 D SensorService: Calling activate on 2
01-10 23:03:02.737  1235  2872 D SensorService: SensorDevice::activate: ident=0x70b7bf1d80, handle=0x00000002, enabled=1, count=1
01-10 23:03:02.737  1235  2872 D SensorService: enable index=0
01-10 23:03:02.737  1235  2872 D SensorService: 	>>> actuating h/w activate handle=2 enabled=1
01-10 23:03:02.737   794   794 I Accelerometer: enable: handle:0, en:1

01-10 23:03:02.738  1235  2872 D SensorService: Calling batch handle==3 flags=0rate=20000000 timeout== 0
01-10 23:03:02.738  1235  2872 D SensorService: SensorDevice::batch: ident=0x70b7bf1d80, handle=0x00000003, flags=0, period_ns=20000000 timeout=0
01-10 23:03:02.738  1235  2872 D SensorService: 	>>> curr_period=9223372036854775807 min_period=20000000 curr_timeout=0 min_timeout=0
01-10 23:03:02.738  1235  2872 D SensorService: 	>>> actuating h/w BATCH 0x00000003 20000000 0
01-10 23:03:02.738   794   794 I Magnetic: batch: handle:1, flag:0, samplingPeriodNs:20000000,maxBatchReportLatencyNs:0

01-10 23:03:02.739 15405 15428 I System.out: [OkHttp] sendRequest>>
01-10 23:03:02.739 15405 15428 I System.out: [OkHttp] sendRequest<<
01-10 23:03:02.739  1235  2872 D SensorService: Calling activate on 3
01-10 23:03:02.740  1235  2872 D SensorService: SensorDevice::activate: ident=0x70b7bf1d80, handle=0x00000003, enabled=1, count=1
01-10 23:03:02.740  1235  2872 D SensorService: enable index=0
01-10 23:03:02.740  1235  2872 D SensorService: 	>>> actuating h/w activate handle=3 enabled=1
01-10 23:03:02.740   794   794 I Magnetic: enable: handle:1, en:1 

01-10 23:03:02.741  1235  2872 D SensorService: Calling batch handle==5 flags=0rate=20000000 timeout== 0
01-10 23:03:02.741  1235  2872 D SensorService: SensorDevice::batch: ident=0x70b7bf1d80, handle=0x00000005, flags=0, period_ns=20000000 timeout=0
01-10 23:03:02.741  1235  2872 D SensorService: 	>>> curr_period=9223372036854775807 min_period=20000000 curr_timeout=0 min_timeout=0
01-10 23:03:02.741  1235  2872 D SensorService: 	>>> actuating h/w BATCH 0x00000005 20000000 0
01-10 23:03:02.741   794   794 I Gyroscope: batch: handle:3, flag:0,samplingPeriodNs:20000000 maxBatchReportLatencyNs:0

01-10 23:03:02.741  1235  2872 D SensorService: Calling activate on 5
01-10 23:03:02.741  1235  2872 D SensorService: SensorDevice::activate: ident=0x70b7bf1d80, handle=0x00000005, enabled=1, count=1
01-10 23:03:02.741  1235  2872 D SensorService: enable index=0
01-10 23:03:02.742  1235  2872 D SensorService: 	>>> actuating h/w activate handle=5 enabled=1
01-10 23:03:02.742   794   794 I Gyroscope: enable: handle:3, en:1

01-10 23:03:02.742 15405 15405 D UE4     : App is running in Landscape
01-10 23:03:02.743 15405 15405 D UE4     : [GameActivity] === Restoring Transparent Bars ===
01-10 23:03:02.743 15405 15405 D UE4     : [GameActivity] ==============> Resuming main init
01-10 23:03:02.752 15405 15441 D UE4     : APK Commandline: ../../../Proj/Proj.uproject  /Game/Proj/Maps/Transit -Messaging -SessionId=B6E035564FF4DFA533455093D76B905D -SessionOwner="misha" -SessionName="Launch On Device" -iterative
01-10 23:03:02.752 15405 15441 D UE4     : Override Commandline: ../../../Proj/Proj.uproject  /Game/Proj/Maps/Transit -Messaging -SessionId=26226166426565936F53F1800EC20266 -SessionOwner="misha" -SessionName="Launch On Device" -iterative
01-10 23:03:02.752 15405 15441 D UE4     : Final commandline: ../../../Proj/Proj.uproject  /Game/Proj/Maps/Transit -Messaging -SessionId=26226166426565936F53F1800EC20266 -SessionOwner="misha" -SessionName="Launch On Device" -iterative
01-10 23:03:02.752 15405 15441 D UE4     : Created sync event
01-10 23:03:02.753 15405 15405 D UE4     : [GameActivity] ==============> GameActive.onResume complete!
01-10 23:03:02.754 15405 15405 V PhoneWindow: DecorView setVisiblity: visibility = 4, Parent = null, this = DecorView@2c99d0a[]
01-10 23:03:02.756 15405 15405 D ViewRootImpl[GameActivity]: hardware acceleration = true , fakeHwAccelerated = false, sRendererDisabled = false, forceHwAccelerated = false, sSystemRendererDisabled = false
01-10 23:03:02.759  6714 15202 W FA      : setCurrentScreen cannot be called while no activity active
01-10 23:03:02.760 15405 15405 V PhoneWindow: DecorView setVisiblity: visibility = 0, Parent = android.view.ViewRootImpl@cc587f1, this = DecorView@2c99d0a[GameActivity]
01-10 23:03:02.760  1701  1701 D RecentsImpl: mActivityStateObserver com.epicgames.ue4.GameActivity
01-10 23:03:02.761 15405 15405 W Looper  : Slow Looper main: Activity com.YourCompany.Proj/com.epicgames.ue4.GameActivity is 460ms late (wall=0ms running=0ms ClientTransaction{ callbacks=[android.app.servertransaction.TopResumedActivityChangeItem] }) because of 3 msg, msg 3 took 457ms (seq=8 late=3ms h=android.app.ActivityThread$H w=159)
01-10 23:03:02.765   582  1253 I BufferQueue: [unnamed-582-3205](this:0x727afe0800,id:3205,api:0,p:-1,c:-1) BufferQueue core=(582:/system/bin/surfaceflinger)
01-10 23:03:02.765   582  1253 I BufferQueueConsumer: [unnamed-582-3205](this:0x727afe0800,id:3205,api:0,p:-1,c:582) connect(C): consumer=(582:/system/bin/surfaceflinger) controlledByApp=false
01-10 23:03:02.765   582  1253 I BufferQueueConsumer: [unnamed-582-3205](this:0x727afe0800,id:3205,api:0,p:-1,c:582) setConsumerName: unnamed-582-3205
01-10 23:03:02.765   582  1253 I BufferQueueConsumer: [com.YourCompany.Proj/com.epicgames.ue4.GameActivity#0](this:0x727afe0800,id:3205,api:0,p:-1,c:582) setConsumerName: com.YourCompany.Proj/com.epicgames.ue4.GameActivity#0
01-10 23:03:02.765   582  1253 I BufferQueueConsumer: [com.YourCompany.Proj/com.epicgames.ue4.GameActivity#0](this:0x727afe0800,id:3205,api:0,p:-1,c:582) setDefaultBufferSize: width=1 height=1
01-10 23:03:02.768   582  2187 I BufferQueueConsumer: [com.YourCompany.Proj/com.epicgames.ue4.GameActivity#0](this:0x727afe0800,id:3205,api:0,p:-1,c:582) setDefaultBufferSize: width=2264 height=1080
01-10 23:03:02.772   516   682 W hwcomposer: [OVL] (0) No overlay input queue(0)  
01-10 23:03:02.772   516   682 I hwcomposer: [DBQ] (q2:0x7a60640700) Buffer queue is created with size(3)  
01-10 23:03:02.772   516   682 I hwcomposer: [DBQ] (q2:0x7a60640700) setConsumerListener  
01-10 23:03:02.772   516   682 I hwcomposer: [DBQ] (q2:0x7a60640700) Reallocate Slot(0), pool(0 -> 0) size(0 -> 10108800)  
01-10 23:03:02.772 15405 15405 E GraphicExt: Can't load libboost_ext_fwk
01-10 23:03:02.772 15405 15405 E GraphicExt: GraphicExtModuleLoader::CreateGraphicExtInstance false
01-10 23:03:02.775 15405 15429 I GED     : [GT]_get_procNameprocess pid(15405)
01-10 23:03:02.775 15405 15429 I GED     : [GT]_getprocess name(com.YourCompany.Proj)
01-10 23:03:02.775 15405 15429 I         : [GT] ret(1) gt_status(00000000) aniso_debug_level(0) gt_aniso_max_level(16) ani so mask(00000001) tri mask(00000002)
01-10 23:03:02.778 15405 15429 D Surface : Surface::connect(this=0x71b43e4000,api=1)
01-10 23:03:02.778   582   625 I BufferQueueProducer: [com.YourCompany.Proj/com.epicgames.ue4.GameActivity#0](this:0x727afe0800,id:3205,api:1,p:15405,c:582) connect(P): api=1 producer=(15405:com.YourCompany.Proj) producerControlledByApp=false
01-10 23:03:02.779 15405 15429 D mali_winsys: EGLint new_window_surface(egl_winsys_display *, void *, EGLSurface, EGLConfig, egl_winsys_surface **, EGLBoolean) returns 0x3000
01-10 23:03:02.779 15405 15429 D Surface : Surface::setBufferCount(this=0x71b43e4000,bufferCount=3)
01-10 23:03:02.779 15405 15429 D Surface : Surface::allocateBuffers(this=0x71b43e4000)
01-10 23:03:02.784   389   389 I hwservicemanager: getTransport: Cannot find entry android.hardware.graphics.mapper@3.0::IMapper/default in either framework or device manifest.
01-10 23:03:02.784 15405 15429 W Gralloc3: mapper 3.x is not supported
01-10 23:03:02.786 15405 15429 E gralloc : Arm Module v1.0
01-10 23:03:02.786 15405 15429 E ion     : ioctl c0044901 failed with code -1: Invalid argument
01-10 23:03:02.787 15405 15429 W gralloc : WARNING: internal format modifier bits not mutually exclusive. AFBC basic bit is always set, so extended AFBC support bits must always be checked.
01-10 23:03:02.790  1235  2858 E WifiService: Permission violation - getScanResults not allowed for uid=10173, packageName=com.vkontakte.android, reason=java.lang.SecurityException: Location mode is disabled for the device
01-10 23:03:02.805  1235  2858 I WindowManager: Relayout Window{ba29344 u0 com.YourCompany.Proj/com.epicgames.ue4.GameActivity}: oldVis=4 newVis=0 focusMayChange = true
01-10 23:03:02.805   582  2187 I BufferQueue: [unnamed-582-3206](this:0x729a024800,id:3206,api:0,p:-1,c:-1) BufferQueue core=(582:/system/bin/surfaceflinger)
01-10 23:03:02.806   582  2187 I BufferQueueConsumer: [unnamed-582-3206](this:0x729a024800,id:3206,api:0,p:-1,c:582) connect(C): consumer=(582:/system/bin/surfaceflinger) controlledByApp=false
01-10 23:03:02.806   582  2187 I BufferQueueConsumer: [unnamed-582-3206](this:0x729a024800,id:3206,api:0,p:-1,c:582) setConsumerName: unnamed-582-3206
01-10 23:03:02.806   582  2187 I BufferQueueConsumer: [com.YourCompany.Proj/com.epicgames.ue4.GameActivity#1](this:0x729a024800,id:3206,api:0,p:-1,c:582) setConsumerName: com.YourCompany.Proj/com.epicgames.ue4.GameActivity#1
01-10 23:03:02.806   582  2187 I BufferQueueConsumer: [com.YourCompany.Proj/com.epicgames.ue4.GameActivity#1](this:0x729a024800,id:3206,api:0,p:-1,c:582) setDefaultBufferSize: width=2264 height=1080
01-10 23:03:02.811  1235  2858 E WifiService: Permission violation - getScanResults not allowed for uid=10173, packageName=com.vkontakte.android, reason=java.lang.SecurityException: Location mode is disabled for the device
01-10 23:03:02.811 15405 15405 E GraphicExt: GraphicExtModuleLoader::CreateGraphicExtInstance false
01-10 23:03:02.813 15405 15429 D Surface : Surface::connect(this=0x7115d1d000,api=1)
01-10 23:03:02.813   582  2187 I BufferQueueProducer: [com.YourCompany.Proj/com.epicgames.ue4.GameActivity#1](this:0x729a024800,id:3206,api:1,p:15405,c:582) connect(P): api=1 producer=(15405:com.YourCompany.Proj) producerControlledByApp=false
01-10 23:03:02.814 15405 15429 D mali_winsys: EGLint new_window_surface(egl_winsys_display *, void *, EGLSurface, EGLConfig, egl_winsys_surface **, EGLBoolean) returns 0x3000
01-10 23:03:02.814 15405 15429 D Surface : Surface::setBufferCount(this=0x7115d1d000,bufferCount=3)
01-10 23:03:02.814 15405 15405 D SurfaceView: UPDATE null, mIsCastMode = false
01-10 23:03:02.815   582  2187 I SurfaceFlinger: [SF client] NEW(0x729a134e80) for (15405:com.YourCompany.Proj)
01-10 23:03:02.815   582  2187 I BufferQueue: [unnamed-582-3207](this:0x729a0ff000,id:3207,api:0,p:-1,c:-1) BufferQueue core=(582:/system/bin/surfaceflinger)
01-10 23:03:02.815   582  2187 I BufferQueueConsumer: [unnamed-582-3207](this:0x729a0ff000,id:3207,api:0,p:-1,c:582) connect(C): consumer=(582:/system/bin/surfaceflinger) controlledByApp=false
01-10 23:03:02.815   582  2187 I BufferQueueConsumer: [unnamed-582-3207](this:0x729a0ff000,id:3207,api:0,p:-1,c:582) setConsumerName: unnamed-582-3207
01-10 23:03:02.815   582  2187 I BufferQueueConsumer: [Bounds for - com.YourCompany.Proj/com.epicgames.ue4.GameActivity#0](this:0x729a0ff000,id:3207,api:0,p:-1,c:582) setConsumerName: Bounds for - com.YourCompany.Proj/com.epicgames.ue4.GameActivity#0
01-10 23:03:02.816 15405 15405 E GraphicExt: GraphicExtModuleLoader::CreateGraphicExtInstance false
01-10 23:03:02.816   582  2187 I SurfaceFlinger: [SF client] NEW(0x729a134340) for (15405:com.YourCompany.Proj)
01-10 23:03:02.816   582  2187 I BufferQueue: [unnamed-582-3208](this:0x729a14e800,id:3208,api:0,p:-1,c:-1) BufferQueue core=(582:/system/bin/surfaceflinger)
01-10 23:03:02.816   582  2187 I BufferQueueConsumer: [unnamed-582-3208](this:0x729a14e800,id:3208,api:0,p:-1,c:582) connect(C): consumer=(582:/system/bin/surfaceflinger) controlledByApp=false
01-10 23:03:02.816   582  2187 I BufferQueueConsumer: [unnamed-582-3208](this:0x729a14e800,id:3208,api:0,p:-1,c:582) setConsumerName: unnamed-582-3208
01-10 23:03:02.816   582  2187 I BufferQueueConsumer: [SurfaceView - com.YourCompany.Proj/com.epicgames.ue4.GameActivity#0](this:0x729a14e800,id:3208,api:0,p:-1,c:582) setConsumerName: SurfaceView - com.YourCompany.Proj/com.epicgames.ue4.GameActivity#0
01-10 23:03:02.816   582  2187 I BufferQueueConsumer: [SurfaceView - com.YourCompany.Proj/com.epicgames.ue4.GameActivity#0](this:0x729a14e800,id:3208,api:0,p:-1,c:582) setDefaultBufferSize: width=2264 height=1080
01-10 23:03:02.817 15405 15405 E GraphicExt: GraphicExtModuleLoader::CreateGraphicExtInstance false
01-10 23:03:02.817 15405 15405 D ViewRootImpl: setSurfaceViewCreated, created:true
01-10 23:03:02.817 15405 15442 D UE4     : Case APP_CMD_INIT_WINDOW
01-10 23:03:02.818 15405 15442 D UE4     : LogAndroidEvents::EnqueueAppEvent : 0, [width=2264, height=1080], tid = 15442, APP_EVENT_STATE_WINDOW_CREATED
01-10 23:03:02.823   582   582 I SurfaceFlinger: screenshot (Letterbox - left#1)
01-10 23:03:02.823   582   582 I SurfaceFlinger: isIncludeStatusBarAndNavBar (1)
01-10 23:03:02.823   582   582 I SurfaceFlinger: screenshot (Splash Screen com.YourCompany.Proj#0)
01-10 23:03:02.823   582   582 I SurfaceFlinger: isIncludeStatusBarAndNavBar (1)
01-10 23:03:02.823   582   582 I SurfaceFlinger: screenshot (MiuiContrastOverlay#0)
01-10 23:03:02.823   582   582 I SurfaceFlinger: isIncludeStatusBarAndNavBar (1)
01-10 23:03:02.831 15405 15405 D UE4     : [GameActivity] === Thermal status changed to 0
01-10 23:03:02.834  1235  1762 I Timeline: Timeline: Activity_windows_visible id: ActivityRecord{1e0b5a u0 com.YourCompany.Proj/com.epicgames.ue4.GameActivity t145} time:61642830
01-10 23:03:02.835  1235  1326 I ActivityTaskManager: Displayed com.YourCompany.Proj/com.epicgames.ue4.GameActivity: +1s135ms
01-10 23:03:02.839  1235  1322 D Surface : lockCanvas
01-10 23:03:02.842   516   682 W hwcomposer: [OVL] (0) No overlay input queue(2)  
01-10 23:03:02.842   516   682 I hwcomposer: [DBQ] (q2:0x7a60640d00) Buffer queue is created with size(3)  
01-10 23:03:02.842   516   682 I hwcomposer: [DBQ] (q2:0x7a60640d00) setConsumerListener  
01-10 23:03:02.842   516   682 I hwcomposer: [DBQ] (q2:0x7a60640d00) Reallocate Slot(0), pool(0 -> 0) size(0 -> 10108800)  
01-10 23:03:02.843  1235  1322 D View    : [Warning] assignParent to null: this = DecorView@119916b[Proj]
01-10 23:03:02.844   516   682 I hwcomposer: [OVL] (0) Overlay input(0) was used with queue previously  
01-10 23:03:02.844   516   682 I hwcomposer: [DBQ] (q2:0x7a60640700) Buffer queue is destroyed  
01-10 23:03:02.844   516   682 I hwcomposer: [DBQ] (q2:0x7a60640700) Free Slot(0), handle=0x7a6232a940, 10108800 -> 0  
01-10 23:03:02.846 15405 15405 D UE4     : [GameActivity] === Restoring Transparent Bars due to Visibility Change ===
01-10 23:03:02.846 15405 15405 D UE4     : [GameActivity] === Restoring Transparent Bars ===
01-10 23:03:02.846 15405 15442 D UE4     : LogAndroidEvents::EnqueueAppEvent : 11, [width=-1, height=-1], tid = 15442, APP_EVENT_STATE_WINDOW_GAINED_FOCUS
01-10 23:03:02.846 15405 15442 D UE4     : LogAndroidEvents::EnqueueAppEvent : 14, [width=-1, height=-1], tid = 15442, APP_EVENT_STATE_APP_ACTIVATED
01-10 23:03:02.846 15405 15442 D UE4     : LogAndroidEvents::EnqueueAppEvent : 15, [width=-1, height=-1], tid = 15442, APP_EVENT_RUN_CALLBACK
01-10 23:03:02.850 23873 23873 I GoogleInputMethodService: GoogleInputMethodService.onFinishInput():3308 
01-10 23:03:02.850 23873 23873 I GoogleInputMethodService: GoogleInputMethodService.onStartInput():1887 
01-10 23:03:02.854  1235  1322 D Surface : lockCanvas
01-10 23:03:02.857   516   682 I hwcomposer: [DBQ] (q2:0x7a60640d00) Reallocate Slot(1), pool(0 -> 0) size(0 -> 10108800)  
01-10 23:03:02.865  1235  1322 D Surface : Surface::disconnect(this=0x70b7ce2000,api=2)
01-10 23:03:02.865   582  2228 I BufferQueueProducer: [Splash Screen com.YourCompany.Proj#0](this:0x729a055800,id:3204,api:2,p:1235,c:582) disconnect(P): api 2
01-10 23:03:02.869  1235  2169 I GED     : ged_boost_gpu_freq, level 100, eOrigin 2, final_idx 27, oppidx_max 27, oppidx_min 0
01-10 23:03:02.875   516   682 I hwcomposer: [DBQ] (q2:0x7a60640d00) Reallocate Slot(2), pool(0 -> 0) size(0 -> 10108800)  
01-10 23:03:02.880   538   598 I power@1.3-impl: powerHintInternal hint:8, data:0
01-10 23:03:02.881  1235  1762 D PowerHalWrapper: amsBoostStop AMS_BOOST_PACK_SWITCH:true, AMS_BOOST_ACT_SWITCH:true, AMS_BOOST_PROCESS_CREATE:true 
01-10 23:03:02.885  1521  1521 D EventBus: [1521, u0] send(AppTransitionFinishedEvent)
01-10 23:03:02.885  1521  1521 D EventBus: [1521, u0]  -> ForcedResizableInfoActivityController [0xe5d95f1, P1] onBusEvent(AppTransitionFinishedEvent)
01-10 23:03:02.885  1521  1521 D EventBus: [1521, u0] onBusEvent(AppTransitionFinishedEvent) duration: 19 microseconds, avg: 38
01-10 23:03:02.939   582   582 I SurfaceFlinger: screenshot (Letterbox - left#1)
01-10 23:03:02.939   582   582 I SurfaceFlinger: isIncludeStatusBarAndNavBar (1)
01-10 23:03:02.939   582   582 I SurfaceFlinger: screenshot (Background for -SurfaceView - com.YourCompany.Proj/com.epicgames.ue4.GameActivity#0)
01-10 23:03:02.939   582   582 I SurfaceFlinger: isIncludeStatusBarAndNavBar (1)
01-10 23:03:02.939   582   582 I SurfaceFlinger: screenshot (com.YourCompany.Proj/com.epicgames.ue4.GameActivity#1)
01-10 23:03:02.939   582   582 I SurfaceFlinger: isIncludeStatusBarAndNavBar (1)
01-10 23:03:02.939   582   582 I SurfaceFlinger: screenshot (com.YourCompany.Proj/com.epicgames.ue4.GameActivity#0)
01-10 23:03:02.939   582   582 I SurfaceFlinger: isIncludeStatusBarAndNavBar (1)
01-10 23:03:02.939   582   582 I SurfaceFlinger: screenshot (Splash Screen com.YourCompany.Proj#0)
01-10 23:03:02.939   582   582 I SurfaceFlinger: isIncludeStatusBarAndNavBar (1)
01-10 23:03:02.939   582   582 I SurfaceFlinger: screenshot (MiuiContrastOverlay#0)
01-10 23:03:02.939   582   582 I SurfaceFlinger: isIncludeStatusBarAndNavBar (1)
01-10 23:03:02.951 15405 15441 D UE4     : EGL Extensions: 
