11-30 15:55:14.960   363   825 D MAL-Daemon: event_req = f719ea80, ID = 101 (vendor/mediatek/proprietary/frameworks/opt/mal/entity/mdmngr/mdmngr.c:122)

11-30 15:55:14.960   363   825 D MAL-Daemon: atcmd_resp->priv_data = f719ee80 (vendor/mediatek/proprietary/frameworks/opt/mal/entity/mdmngr/mdmngr.c:125)

11-30 15:55:14.960   363   844 E MAL-Daemon: [SIM_MNGR]  297 EN_SIM:Non cache data request()!!

11-30 15:55:14.960   363   844 I MAL-Daemon: [SIM_MNGR] 1434 EN_SIM:EVENT_MDMNGR_ATCMD_RESP,event_id = 205, event_req = 0xf719ee80, result = 1, str = (ERROR


11-30 15:55:14.960   363   844 I MAL-Daemon: )

11-30 15:55:14.960   363   847 I MAL-Daemon: mdfx_event_do_statistic(): [STATISTIC] TID = 847 has used 4387252 bytes!!

11-30 15:55:14.960   363   847 I MAL-Daemon: mdfx_event_do_statistic(): [STATISTIC] TID = 847 has used 4341352 bytes!!

11-30 15:55:14.960   363   847 W MAL-Daemon: [SIM_MNGR]  185 EN_SIM:simmngr_cache_load() SIM Type need retry result=1!!

11-30 15:55:14.961 31768 31792 D UE4     : LogPluginManager: Mounting plugin MovieRenderPipeline

11-30 15:55:14.964 31768 31792 D UE4     : LogPluginManager: Mounting plugin TemplateSequence

11-30 15:55:14.966 31768 31792 D UE4     : LogPluginManager: Mounting plugin NetcodeUnitTest

11-30 15:55:14.969 31768 31792 D UE4     : LogPluginManager: Mounting plugin OnlineSubsystemGooglePlay

11-30 15:55:14.972 31768 31792 D UE4     : LogPluginManager: Mounting plugin OnlineSubsystem

11-30 15:55:14.975 31768 31792 D UE4     : LogPluginManager: Mounting plugin OnlineSubsystemNull

11-30 15:55:14.978 31768 31792 D UE4     : LogPluginManager: Mounting plugin OnlineSubsystemUtils

11-30 15:55:14.981 31768 31792 D UE4     : LogPluginManager: Mounting plugin AndroidDeviceProfileSelector

11-30 15:55:14.983 31768 31792 D UE4     : LogPluginManager: Mounting plugin AndroidMoviePlayer

11-30 15:55:14.986 31768 31792 D UE4     : LogPluginManager: Mounting plugin AndroidPermission

11-30 15:55:14.988 31768 31792 D UE4     : LogPluginManager: Mounting plugin AppleImageUtils

11-30 15:55:14.991 31768 31792 D UE4     : LogPluginManager: Mounting plugin ArchVisCharacter

11-30 15:55:14.993 31768 31792 D UE4     : LogPluginManager: Mounting plugin AssetTags

11-30 15:55:14.996 31768 31792 D UE4     : LogPluginManager: Mounting plugin AudioCapture

11-30 15:55:14.998 31768 31792 D UE4     : LogPluginManager: Mounting plugin CableComponent

11-30 15:55:15.001 31768 31792 D UE4     : LogPluginManager: Mounting plugin CustomMeshComponent

11-30 15:55:15.004 31768 31792 D UE4     : LogPluginManager: Mounting plugin EditableMesh

11-30 15:55:15.006 31768 31792 D UE4     : LogPluginManager: Mounting plugin ExampleDeviceProfileSelector

11-30 15:55:15.010 31768 31792 D UE4     : LogPluginManager: Mounting plugin GoogleCloudMessaging

11-30 15:55:15.012 31768 31792 D UE4     : LogPluginManager: Mounting plugin GooglePAD

11-30 15:55:15.015 31768 31792 D UE4     : LogPluginManager: Mounting plugin LocationServicesBPLibrary

11-30 15:55:15.018 31768 31792 D UE4     : LogPluginManager: Mounting plugin MobilePatchingUtils

11-30 15:55:15.020 31768 31792 D UE4     : LogPluginManager: Mounting plugin OculusVR

11-30 15:55:15.024 31768 31792 D UE4     : LogPluginManager: Mounting plugin PhysXVehicles

11-30 15:55:15.027 31768 31792 D UE4     : LogPluginManager: Mounting plugin ProceduralMeshComponent

11-30 15:55:15.030 31768 31792 D UE4     : LogPluginManager: Mounting plugin RuntimePhysXCooking

11-30 15:55:15.033 31768 31792 D UE4     : LogPluginManager: Mounting plugin SignificanceManager

11-30 15:55:15.035 31768 31792 D UE4     : LogPluginManager: Mounting plugin SoundFields

11-30 15:55:15.038 31768 31792 D UE4     : LogPluginManager: Mounting plugin Synthesis

11-30 15:55:15.042 31768 31792 D UE4     : LogPluginManager: Mounting plugin ScreenshotTools

11-30 15:55:15.060   363   847 I MAL-Daemon: mdfx_event_do_statistic(): [STATISTIC] TID = 847 has used 4387252 bytes!!

11-30 15:55:15.061   363   847 W MAL-Daemon: event_get_last_addr(): No data available!!

11-30 15:55:15.061   363   847 I MAL-Daemon: mdfx_event_do_statistic(): [STATISTIC] TID = 847 has used 4341352 bytes!!

11-30 15:55:15.061   363   847 I MAL-Daemon: mdfx_event_do_statistic(): [STATISTIC] TID = 847 has used 4341356 bytes!!

11-30 15:55:15.061   363   847 I MAL-Daemon: mdfx_event_do_statistic(): [STATISTIC] TID = 847 has used 4341360 bytes!!

11-30 15:55:15.061   363   844 I MAL-Daemon: [SIM_MNGR] 1102 EN_SIM:atcmd = (AT+ESIMAPP=0,0)

11-30 15:55:15.061   363   847 I MAL-Daemon: mdfx_event_do_statistic(): [STATISTIC] TID = 847 has used 4341356 bytes!!

11-30 15:55:15.061   363   844 W MAL-Daemon: event_get_last_addr(): No data available!!

11-30 15:55:15.061   363   825 D MAL-Daemon: mdmngr_task_hdl(), receive event = 101 (vendor/mediatek/proprietary/frameworks/opt/mal/entity/mdmngr/mdmngr.c:36)

11-30 15:55:15.061   363   825 D MAL-Daemon: EVENT_MDMNGR_ATCMD_REQ@MDMNGR, priv_data = f719eb00, channel = 3, cmd = (AT+ESIMAPP=0,0) (vendor/mediatek/proprietary/frameworks/opt/mal/entity/mdmngr/mdmngr.c:67)

11-30 15:55:15.061   363   825 W MAL-Daemon: event_get_last_addr(): No data available!!

11-30 15:55:15.061   363   842 E MAL-Daemon: rilproxy_task_hdl(), receive event = 401

11-30 15:55:15.061   363   842 D MAL-Daemon: send ril request, request_id = 2130, serial_no = 116ca00, length = 20000000, send_size = 32(20), fd = 30

11-30 15:55:15.064   363   840 D MAL-Daemon: recv ril resp, length = 28, type = 0, result = 0, serial_no = 116ca00

11-30 15:55:15.064   363   840 D MAL-Daemon: event_id = 401

11-30 15:55:15.064   363   840 I MAL-Daemon: mdfx_event_do_statistic(): [STATISTIC] TID = 840 has used 1739439144 bytes!!

11-30 15:55:15.064   363   840 I MAL-Daemon: mdfx_event_do_statistic(): [STATISTIC] TID = 840 has used 1739393244 bytes!!

11-30 15:55:15.064   363   840 I MAL-Daemon: mdfx_event_do_statistic(): [STATISTIC] TID = 840 has used 1739347344 bytes!!

11-30 15:55:15.064   363   825 D MAL-Daemon: mdmngr_task_hdl(), receive event = 102 (vendor/mediatek/proprietary/frameworks/opt/mal/entity/mdmngr/mdmngr.c:36)

11-30 15:55:15.064   363   825 D MAL-Daemon: EVENT_MDMNGR_ATCMD_RESP@MDMNGR (vendor/mediatek/proprietary/frameworks/opt/mal/entity/mdmngr/mdmngr.c:115)

11-30 15:55:15.064   363   825 D MAL-Daemon: event_req = f719eb00, ID = 101 (vendor/mediatek/proprietary/frameworks/opt/mal/entity/mdmngr/mdmngr.c:122)

11-30 15:55:15.064   363   825 D MAL-Daemon: atcmd_resp->priv_data = f719e600 (vendor/mediatek/proprietary/frameworks/opt/mal/entity/mdmngr/mdmngr.c:125)

11-30 15:55:15.064   363   844 E MAL-Daemon: [SIM_MNGR]  297 EN_SIM:Non cache data request()!!

11-30 15:55:15.064   363   844 I MAL-Daemon: [SIM_MNGR] 1434 EN_SIM:EVENT_MDMNGR_ATCMD_RESP,event_id = 205, event_req = 0xf719e600, result = 1, str = (ERROR


11-30 15:55:15.064   363   844 I MAL-Daemon: )

11-30 15:55:15.064   363   844 I MAL-Daemon: [SIM_MNGR] 1485 EN_SIM:atcmd = (AT+ESIMAPP=0)

11-30 15:55:15.064   363   844 W MAL-Daemon: event_get_last_addr(): No data available!!

11-30 15:55:15.065   363   825 D MAL-Daemon: mdmngr_task_hdl(), receive event = 101 (vendor/mediatek/proprietary/frameworks/opt/mal/entity/mdmngr/mdmngr.c:36)

11-30 15:55:15.065   363   825 D MAL-Daemon: EVENT_MDMNGR_ATCMD_REQ@MDMNGR, priv_data = f719ea80, channel = 3, cmd = (AT+ESIMAPP=0) (vendor/mediatek/proprietary/frameworks/opt/mal/entity/mdmngr/mdmngr.c:67)

11-30 15:55:15.065   363   825 W MAL-Daemon: event_get_last_addr(): No data available!!

11-30 15:55:15.065   363   842 E MAL-Daemon: rilproxy_task_hdl(), receive event = 401

11-30 15:55:15.065   363   842 D MAL-Daemon: send ril request, request_id = 2130, serial_no = 116cb00, length = 20000000, send_size = 32(20), fd = 30

11-30 15:55:15.067   363   840 D MAL-Daemon: recv ril resp, length = 28, type = 0, result = 0, serial_no = 116cb00

11-30 15:55:15.067   363   840 D MAL-Daemon: event_id = 401

11-30 15:55:15.067   363   840 I MAL-Daemon: mdfx_event_do_statistic(): [STATISTIC] TID = 840 has used 1739393244 bytes!!

11-30 15:55:15.067   363   840 I MAL-Daemon: mdfx_event_do_statistic(): [STATISTIC] TID = 840 has used 1739347344 bytes!!

11-30 15:55:15.067   363   840 I MAL-Daemon: mdfx_event_do_statistic(): [STATISTIC] TID = 840 has used 1739301444 bytes!!

11-30 15:55:15.067   363   825 D MAL-Daemon: mdmngr_task_hdl(), receive event = 102 (vendor/mediatek/proprietary/frameworks/opt/mal/entity/mdmngr/mdmngr.c:36)

11-30 15:55:15.067   363   825 D MAL-Daemon: EVENT_MDMNGR_ATCMD_RESP@MDMNGR (vendor/mediatek/proprietary/frameworks/opt/mal/entity/mdmngr/mdmngr.c:115)

11-30 15:55:15.067   363   825 D MAL-Daemon: event_req = f719ea80, ID = 101 (vendor/mediatek/proprietary/frameworks/opt/mal/entity/mdmngr/mdmngr.c:122)

11-30 15:55:15.067   363   825 D MAL-Daemon: atcmd_resp->priv_data = f719e600 (vendor/mediatek/proprietary/frameworks/opt/mal/entity/mdmngr/mdmngr.c:125)

11-30 15:55:15.067   363   844 E MAL-Daemon: [SIM_MNGR]  297 EN_SIM:Non cache data request()!!

11-30 15:55:15.067   363   844 I MAL-Daemon: [SIM_MNGR] 1434 EN_SIM:EVENT_MDMNGR_ATCMD_RESP,event_id = 205, event_req = 0xf719e600, result = 1, str = (ERROR


11-30 15:55:15.067   363   844 I MAL-Daemon: )

11-30 15:55:15.068   363   847 I MAL-Daemon: mdfx_event_do_statistic(): [STATISTIC] TID = 847 has used 4387256 bytes!!

11-30 15:55:15.068   363   847 I MAL-Daemon: mdfx_event_do_statistic(): [STATISTIC] TID = 847 has used 4341356 bytes!!

11-30 15:55:15.068   363   847 W MAL-Daemon: [SIM_MNGR]  185 EN_SIM:simmngr_cache_load() SIM Type need retry result=1!!

11-30 15:55:15.144  3703  3741 I octvm_klo: read wakeups from wakealarm_fd:1

11-30 15:55:15.144  3703  3741 I octvm_klo: new timerfd interval:

11-30 15:55:15.144  3703  3741 I octvm_klo: 	itval.it_interval.tv_sec 1, itval.it_interval.tv_nsec 0

11-30 15:55:15.144  3703  3741 I octvm_klo: 	itval.it_value.tv_sec 0, itval.it_value.tv_nsec 999999230

11-30 15:55:15.168   363   847 I MAL-Daemon: mdfx_event_do_statistic(): [STATISTIC] TID = 847 has used 4387256 bytes!!

11-30 15:55:15.168   363   847 W MAL-Daemon: event_get_last_addr(): No data available!!

11-30 15:55:15.168   363   847 I MAL-Daemon: mdfx_event_do_statistic(): [STATISTIC] TID = 847 has used 4341356 bytes!!

11-30 15:55:15.168   363   847 I MAL-Daemon: mdfx_event_do_statistic(): [STATISTIC] TID = 847 has used 4341360 bytes!!

11-30 15:55:15.168   363   847 I MAL-Daemon: mdfx_event_do_statistic(): [STATISTIC] TID = 847 has used 4341364 bytes!!

11-30 15:55:15.168   363   844 I MAL-Daemon: [SIM_MNGR] 1102 EN_SIM:atcmd = (AT+ESIMAPP=0,0)

11-30 15:55:15.168   363   847 I MAL-Daemon: mdfx_event_do_statistic(): [STATISTIC] TID = 847 has used 4341360 bytes!!

11-30 15:55:15.168   363   844 W MAL-Daemon: event_get_last_addr(): No data available!!

11-30 15:55:15.168   363   825 D MAL-Daemon: mdmngr_task_hdl(), receive event = 101 (vendor/mediatek/proprietary/frameworks/opt/mal/entity/mdmngr/mdmngr.c:36)

11-30 15:55:15.168   363   825 D MAL-Daemon: EVENT_MDMNGR_ATCMD_REQ@MDMNGR, priv_data = f719ee80, channel = 3, cmd = (AT+ESIMAPP=0,0) (vendor/mediatek/proprietary/frameworks/opt/mal/entity/mdmngr/mdmngr.c:67)

11-30 15:55:15.168   363   825 W MAL-Daemon: event_get_last_addr(): No data available!!

11-30 15:55:15.168   363   842 E MAL-Daemon: rilproxy_task_hdl(), receive event = 401

11-30 15:55:15.168   363   842 D MAL-Daemon: send ril request, request_id = 2130, serial_no = 116cc00, length = 20000000, send_size = 32(20), fd = 30

11-30 15:55:15.171   363   840 D MAL-Daemon: recv ril resp, length = 28, type = 0, result = 0, serial_no = 116cc00

11-30 15:55:15.171   363   840 D MAL-Daemon: event_id = 401

11-30 15:55:15.171   363   840 I MAL-Daemon: mdfx_event_do_statistic(): [STATISTIC] TID = 840 has used 1739347344 bytes!!

11-30 15:55:15.171   363   840 I MAL-Daemon: mdfx_event_do_statistic(): [STATISTIC] TID = 840 has used 1739301444 bytes!!

11-30 15:55:15.171   363   840 I MAL-Daemon: mdfx_event_do_statistic(): [STATISTIC] TID = 840 has used 1739255544 bytes!!

11-30 15:55:15.171   363   825 D MAL-Daemon: mdmngr_task_hdl(), receive event = 102 (vendor/mediatek/proprietary/frameworks/opt/mal/entity/mdmngr/mdmngr.c:36)

11-30 15:55:15.172   363   825 D MAL-Daemon: EVENT_MDMNGR_ATCMD_RESP@MDMNGR (vendor/mediatek/proprietary/frameworks/opt/mal/entity/mdmngr/mdmngr.c:115)

11-30 15:55:15.172   363   825 D MAL-Daemon: event_req = f719ee80, ID = 101 (vendor/mediatek/proprietary/frameworks/opt/mal/entity/mdmngr/mdmngr.c:122)

11-30 15:55:15.172   363   825 D MAL-Daemon: atcmd_resp->priv_data = f719eb00 (vendor/mediatek/proprietary/frameworks/opt/mal/entity/mdmngr/mdmngr.c:125)

11-30 15:55:15.172   363   844 E MAL-Daemon: [SIM_MNGR]  297 EN_SIM:Non cache data request()!!

11-30 15:55:15.172   363   844 I MAL-Daemon: [SIM_MNGR] 1434 EN_SIM:EVENT_MDMNGR_ATCMD_RESP,event_id = 205, event_req = 0xf719eb00, result = 1, str = (ERROR


11-30 15:55:15.172   363   844 I MAL-Daemon: )

11-30 15:55:15.172   363   844 I MAL-Daemon: [SIM_MNGR] 1485 EN_SIM:atcmd = (AT+ESIMAPP=0)

11-30 15:55:15.172   363   844 W MAL-Daemon: event_get_last_addr(): No data available!!

11-30 15:55:15.172   363   825 D MAL-Daemon: mdmngr_task_hdl(), receive event = 101 (vendor/mediatek/proprietary/frameworks/opt/mal/entity/mdmngr/mdmngr.c:36)

11-30 15:55:15.172   363   825 D MAL-Daemon: EVENT_MDMNGR_ATCMD_REQ@MDMNGR, priv_data = f719ea80, channel = 3, cmd = (AT+ESIMAPP=0) (vendor/mediatek/proprietary/frameworks/opt/mal/entity/mdmngr/mdmngr.c:67)

11-30 15:55:15.172   363   825 W MAL-Daemon: event_get_last_addr(): No data available!!

11-30 15:55:15.172   363   842 E MAL-Daemon: rilproxy_task_hdl(), receive event = 401

11-30 15:55:15.172   363   842 D MAL-Daemon: send ril request, request_id = 2130, serial_no = 116cd00, length = 20000000, send_size = 32(20), fd = 30

11-30 15:55:15.175   363   840 D MAL-Daemon: recv ril resp, length = 28, type = 0, result = 0, serial_no = 116cd00

11-30 15:55:15.175   363   840 D MAL-Daemon: event_id = 401

11-30 15:55:15.175   363   840 I MAL-Daemon: mdfx_event_do_statistic(): [STATISTIC] TID = 840 has used 1739301444 bytes!!

11-30 15:55:15.175   363   840 I MAL-Daemon: mdfx_event_do_statistic(): [STATISTIC] TID = 840 has used 1739255544 bytes!!

11-30 15:55:15.175   363   840 I MAL-Daemon: mdfx_event_do_statistic(): [STATISTIC] TID = 840 has used 1739209644 bytes!!

11-30 15:55:15.175   363   825 D MAL-Daemon: mdmngr_task_hdl(), receive event = 102 (vendor/mediatek/proprietary/frameworks/opt/mal/entity/mdmngr/mdmngr.c:36)

11-30 15:55:15.175   363   825 D MAL-Daemon: EVENT_MDMNGR_ATCMD_RESP@MDMNGR (vendor/mediatek/proprietary/frameworks/opt/mal/entity/mdmngr/mdmngr.c:115)

11-30 15:55:15.175   363   825 D MAL-Daemon: event_req = f719ea80, ID = 101 (vendor/mediatek/proprietary/frameworks/opt/mal/entity/mdmngr/mdmngr.c:122)

11-30 15:55:15.175   363   825 D MAL-Daemon: atcmd_resp->priv_data = f719eb00 (vendor/mediatek/proprietary/frameworks/opt/mal/entity/mdmngr/mdmngr.c:125)

11-30 15:55:15.175   363   844 E MAL-Daemon: [SIM_MNGR]  297 EN_SIM:Non cache data request()!!

11-30 15:55:15.175   363   844 I MAL-Daemon: [SIM_MNGR] 1434 EN_SIM:EVENT_MDMNGR_ATCMD_RESP,event_id = 205, event_req = 0xf719eb00, result = 1, str = (ERROR


11-30 15:55:15.175   363   844 I MAL-Daemon: )

11-30 15:55:15.175   363   847 I MAL-Daemon: mdfx_event_do_statistic(): [STATISTIC] TID = 847 has used 4387260 bytes!!

11-30 15:55:15.175   363   847 I MAL-Daemon: mdfx_event_do_statistic(): [STATISTIC] TID = 847 has used 4341360 bytes!!

11-30 15:55:15.175   363   847 W MAL-Daemon: [SIM_MNGR]  185 EN_SIM:simmngr_cache_load() SIM Type need retry result=1!!

11-30 15:55:15.178 31691 31719 E NetworkUtilities: [MTK_net]ss.ss_family:2

11-30 15:55:15.178 31691 31719 I System.out: [socket][2:47792] exception

11-30 15:55:15.180 31691 31719 I System.out: [CDS][DNS] getAllByNameImpl netId = 0

11-30 15:55:15.180 31691 31719 D libc-netbsd: [getaddrinfo]: hostname = x.x.x.x; servname = x.x.x.x; netid=0; mark=0

11-30 15:55:15.180 31691 31719 D libc-netbsd: getaddrinfo( app_uid:10047

11-30 15:55:15.180 31691 31719 D libc-netbsd: getaddrinfo() uid prop:

11-30 15:55:15.180 31691 31719 D libc-netbsd: getaddrinfo() getuid():10047

11-30 15:55:15.180 31691 31719 D libc-netbsd: [getaddrinfo]: mtk ai_addrlen=0; ai_canonname=(null); ai_flags=4; ai_family=0

11-30 15:55:15.180 31691 31719 D libc-netbsd: [getaddrinfo]: hostname = x.x.x.x; servname = x.x.x.x; netid=0; mark=0

11-30 15:55:15.180 31691 31719 D libc-netbsd: getaddrinfo( app_uid:10047

11-30 15:55:15.180 31691 31719 D libc-netbsd: getaddrinfo() uid prop:

11-30 15:55:15.180 31691 31719 D libc-netbsd: getaddrinfo() getuid():10047

11-30 15:55:15.180 31691 31719 D libc-netbsd: [getaddrinfo]: mtk ai_addrlen=0; ai_canonname=(null); ai_flags=1024; ai_family=0

11-30 15:55:15.180   502  1165 D FrameworkListener: dispatchCommand data = ********

11-30 15:55:15.181   502 31843 D libc-netbsd: [getaddrinfo]: hostname = x.x.x.x; servname = x.x.x.x; netid=1028; mark=1028

11-30 15:55:15.181   502 31843 D libc-netbsd: getaddrinfo( app_uid:0

11-30 15:55:15.181   502 31843 D libc-netbsd: [getaddrinfo]: mtk ai_addrlen=0; ai_canonname=(null); ai_flags=1024; ai_family=0

11-30 15:55:15.181   502 31843 D libc-netbsd: getaddrinfo: firebaseinstallations.googleapis.com get result from proxy gai_error = 11

11-30 15:55:15.181   502 31843 D libc-netbsd: default dns: query_ipv6=0, query_ipv4=1

11-30 15:55:15.181   502 31843 D libc-netbsd: res_queryN name = firebaseinstallations.googleapis.com, class = 1, type = 1

11-30 15:55:15.181   502 31843 D libc-netbsd: res_queryN name = firebaseinstallations.googleapis.com succeed

11-30 15:55:15.181   502 31843 D SocketClient: SocketClient sendData done:********

11-30 15:55:15.181   502 31843 D SocketClient: SocketClient sendData done:********

11-30 15:55:15.181   502 31843 D SocketClient: SocketClient sendData done:********

11-30 15:55:15.181   502 31843 D SocketClient: SocketClient sendData done:********

11-30 15:55:15.181   502 31843 D SocketClient: SocketClient sendData done:********

11-30 15:55:15.181   502 31843 D SocketClient: SocketClient sendData done:********

11-30 15:55:15.181   502 31843 D SocketClient: SocketClient sendData done:********

11-30 15:55:15.181   502 31843 D SocketClient: SocketClient sendData done:********

11-30 15:55:15.181   502 31843 D SocketClient: SocketClient sendData done:********

11-30 15:55:15.181   502 31843 D SocketClient: SocketClient sendData done:********

11-30 15:55:15.181 31691 31719 D libc-netbsd: getaddrinfo: firebaseinstallations.googleapis.com get result from proxy gai_error = 0

11-30 15:55:15.182 31691 31719 I System.out: [CDS]rx timeout:10000

11-30 15:55:15.182 31691 31719 E NetworkUtilities: [MTK_net]ss.ss_family:10

11-30 15:55:15.182 31691 31719 I System.out: [socket][2] connection ********;LocalPort=49515(10000)

11-30 15:55:15.182 31691 31719 E NetworkUtilities: [MTK_net]ss.ss_family:2

11-30 15:55:15.182 31691 31719 I System.out: [CDS]connect[firebaseinstallations.googleapis.com/216.58.209.202:443] tm:10

11-30 15:55:15.182 31691 31719 D Posix   : [Posix_connect Debug]Process ru.yandex.yandexmaps:Metrica :443 

11-30 15:55:15.182 31691 31719 E NetworkUtilities: [MTK_net]ss.ss_family:2

11-30 15:55:15.182   502  1168 D SocketClient: SocketClient sendData done:********

11-30 15:55:15.243 31768 31792 D UE4     : LogInit: Using libcurl 7.46.0

11-30 15:55:15.243 31768 31792 D UE4     : LogInit:  - built for arm-unknown-linux-androideabi

11-30 15:55:15.243 31768 31792 D UE4     : LogInit:  - supports SSL with OpenSSL/1.0.1s

11-30 15:55:15.243 31768 31792 D UE4     : LogInit:  - supports HTTP deflate (compression) using libz 1.2.8

11-30 15:55:15.243 31768 31792 D UE4     : LogInit:  - other features:

11-30 15:55:15.243 31768 31792 D UE4     : LogInit:      CURL_VERSION_SSL

11-30 15:55:15.243 31768 31792 D UE4     : LogInit:      CURL_VERSION_LIBZ

11-30 15:55:15.243 31768 31792 D UE4     : LogInit:      CURL_VERSION_IPV6

11-30 15:55:15.243 31768 31792 D UE4     : LogInit:      CURL_VERSION_ASYNCHDNS

11-30 15:55:15.243 31768 31792 D UE4     : LogInit:      CURL_VERSION_TLSAUTH_SRP

11-30 15:55:15.243 31768 31792 D UE4     : LogInit:  CurlRequestOptions (configurable via config and command line):

11-30 15:55:15.243 31768 31792 D UE4     : LogInit:  - bVerifyPeer = true  - Libcurl will verify peer certificate

11-30 15:55:15.244 31768 31792 D UE4     : LogInit:  - bUseHttpProxy = false  - Libcurl will NOT use HTTP proxy

11-30 15:55:15.244 31768 31792 D UE4     : LogInit:  - bDontReuseConnections = false  - Libcurl will reuse connections

11-30 15:55:15.244 31768 31792 D UE4     : LogInit:  - MaxHostConnections = 16  - Libcurl will limit the number of connections to a host

11-30 15:55:15.244 31768 31792 D UE4     : LogInit:  - LocalHostAddr = Default

11-30 15:55:15.244 31768 31792 D UE4     : LogInit:  - BufferSize = 65536

11-30 15:55:15.245 31768 31792 D UE4     : LogOnline: Display: OSS: OnlineSubsystemGooglePlayModule::StartupModule()

11-30 15:55:15.245 31768 31792 D UE4     : LogOnline: OSS: Creating online subsystem instance for: GooglePlay

11-30 15:55:15.245 31768 31792 D UE4     : LogOnline: Warning: OSS: FOnlineSubsystemGooglePlayModule was disabled

11-30 15:55:15.245 31768 31792 D UE4     : LogOnline: OSS: Unable to create OnlineSubsystem module GooglePlay

11-30 15:55:15.245 31768 31792 D UE4     : LogOnline: OSS: Creating online subsystem instance for: NULL

11-30 15:55:15.246 31768 31792 D UE4     : LogOnline: OSS: TryLoadSubsystemAndSetDefault: Loaded subsystem for module [NULL]

11-30 15:55:15.246 31768 31792 D UE4     : LogOnline: OSS: Creating online subsystem instance for: GooglePlay

11-30 15:55:15.246 31768 31792 D UE4     : LogOnline: Warning: OSS: FOnlineSubsystemGooglePlayModule was disabled

11-30 15:55:15.246 31768 31792 D UE4     : LogHMD: App is not packaged for Oculus Mobile

11-30 15:55:15.246 31768 31792 D UE4     : LogInit: Build: ++UE4+Release-4.25-CL-13942748

11-30 15:55:15.246 31768 31792 D UE4     : LogInit: Engine Version: 4.25.3-13942748+++UE4+Release-4.25

11-30 15:55:15.246 31768 31792 D UE4     : LogInit: Compatible Engine Version: 4.25.0-13144385+++UE4+Release-4.25

11-30 15:55:15.246 31768 31792 D UE4     : LogInit: Net CL: 13144385

11-30 15:55:15.246 31768 31792 D UE4     : LogInit: OS: Android (6.0), CPU: Redmi Note 4X, GPU: Mali-T880

11-30 15:55:15.246 31768 31792 D UE4     : LogInit: Compiled (32-bit): Jul 25 2020 06:15:17

11-30 15:55:15.246 31768 31792 D UE4     : LogInit: Compiled with Clang: 9.0.8 (https://android.googlesource.com/toolchain/llvm-project e0caee08e5f09b374a27a676d04978c81fcb1928)

11-30 15:55:15.247 31768 31792 D UE4     : LogInit: Build Configuration: Development

11-30 15:55:15.247 31768 31792 D UE4     : LogInit: Branch Name: ++UE4+Release-4.25

11-30 15:55:15.247 31768 31792 D UE4     : LogInit: Command Line:   /Game/Proj/Maps/Transit -Messaging -SessionId=C928F0CC468E631D5792E6B3FE859A37 -SessionOwner="neret" -SessionName="Launch On Device" -iterative

11-30 15:55:15.247 31768 31792 D UE4     : LogInit: Base Directory: 

11-30 15:55:15.247 31768 31792 D UE4     : LogInit: Allocator: binned

11-30 15:55:15.247 31768 31792 D UE4     : LogInit: Installed Engine Build: 0

11-30 15:55:15.247 31768 31792 D UE4     : LogDevObjectVersion: Number of dev versions registered: 26

11-30 15:55:15.247 31768 31792 D UE4     : LogDevObjectVersion:   Dev-Blueprints (B0D832E4-1F89-4F0D-ACCF-7EB736FD4AA2): 10

11-30 15:55:15.247 31768 31792 D UE4     : LogDevObjectVersion:   Dev-Build (E1C64328-A22C-4D53-A36C-8E866417BD8C): 0

11-30 15:55:15.247 31768 31792 D UE4     : LogDevObjectVersion:   Dev-Core (375EC13C-06E4-48FB-B500-84F0262A717E): 4

11-30 15:55:15.247 31768 31792 D UE4     : LogDevObjectVersion:   Dev-Editor (E4B068ED-F494-42E9-A231-DA0B2E46BB41): 38

11-30 15:55:15.247 31768 31792 D UE4     : LogDevObjectVersion:   Dev-Framework (CFFC743F-43B0-4480-9391-14DF171D2073): 37

11-30 15:55:15.247 31768 31792 D UE4     : LogDevObjectVersion:   Dev-Mobile (B02B49B5-BB20-44E9-A304-32B752E40360): 2

11-30 15:55:15.247 31768 31792 D UE4     : LogDevObjectVersion:   Dev-Networking (A4E4105C-59A1-49B5-A7C5-40C4547EDFEE): 0

11-30 15:55:15.247 31768 31792 D UE4     : LogDevObjectVersion:   Dev-Online (39C831C9-5AE6-47DC-9A44-9C173E1C8E7C): 0

11-30 15:55:15.247 31768 31792 D UE4     : LogDevObjectVersion:   Dev-Physics (78F01B33-EBEA-4F98-B9B4-84EACCB95AA2): 4

11-30 15:55:15.247 31768 31792 D UE4     : LogDevObjectVersion:   Dev-Platform (6631380F-2D4D-43E0-8009-CF276956A95A): 0

11-30 15:55:15.247 31768 31792 D UE4     : LogDevObjectVersion:   Dev-Rendering (12F88B9F-8875-4AFC-A67C-D90C383ABD29): 43

11-30 15:55:15.247 31768 31792 D UE4     : LogDevObjectVersion:   Dev-Sequencer (7B5AE74C-D270-4C10-A958-57980B212A5A): 12

11-30 15:55:15.247 31768 31792 D UE4     : LogDevObjectVersion:   Dev-VR (D7296918-1DD6-4BDD-9DE2-64A83CC13884): 3

11-30 15:55:15.247 31768 31792 D UE4     : LogDevObjectVersion:   Dev-LoadTimes (C2A15278-BFE7-4AFE-6C17-90FF531DF755): 1

11-30 15:55:15.248 31768 31792 D UE4     : LogDevObjectVersion:   Private-Geometry (6EACA3D4-40EC-4CC1-B786-8BED09428FC5): 3

11-30 15:55:15.248 31768 31792 D UE4     : LogDevObjectVersion:   Dev-AnimPhys (29E575DD-E0A3-4627-9D10-D276232CDCEA): 17

11-30 15:55:15.248 31768 31792 D UE4     : LogDevObjectVersion:   Dev-Anim (AF43A65D-7FD3-4947-9873-3E8ED9C1BB05): 7

11-30 15:55:15.248 31768 31792 D UE4     : LogDevObjectVersion:   Dev-ReflectionCapture (6B266CEC-1EC7-4B8F-A30B-E4D90942FC07): 1

11-30 15:55:15.248 31768 31792 D UE4     : LogDevObjectVersion:   Dev-Automation (0DF73D61-A23F-47EA-B727-89E90C41499A): 1

11-30 15:55:15.248 31768 31792 D UE4     : LogDevObjectVersion:   FortniteMain (601D1886-AC64-4F84-AA16-D3DE0DEAC7D6): 31

11-30 15:55:15.248 31768 31792 D UE4     : LogDevObjectVersion:   Dev-Enterprise (9DFFBCD6-494F-0158-E221-12823C92A888): 10

11-30 15:55:15.248 31768 31792 D UE4     : LogDevObjectVersion:   Dev-Niagara (F2AED0AC-9AFE-416F-8664-AA7FFA26D6FC): 1

11-30 15:55:15.248 31768 31792 D UE4     : LogDevObjectVersion:   Dev-Destruction (174F1F0B-B4C6-45A5-B13F-2EE8D0FB917D): 10

11-30 15:55:15.248 31768 31792 D UE4     : LogDevObjectVersion:   Dev-Physics-Ext (35F94A83-E258-406C-A318-09F59610247C): 37

11-30 15:55:15.248 31768 31792 D UE4     : LogDevObjectVersion:   Dev-PhysicsMaterial-Chaos (B68FC16E-8B1B-42E2-B453-215C058844FE): 1

11-30 15:55:15.248 31768 31792 D UE4     : LogDevObjectVersion:   Dev-CineCamera (B2E18506-4273-CFC2-A54E-F4BB758BBA07): 1

11-30 15:55:15.273 31768 31792 D UE4     : LogInit: Presizing for max 131072 objects, including 1 objects not considered by GC, pre-allocating 0 bytes for permanent pool.

11-30 15:55:15.274 31768 31792 D UE4     : LogConfig: Applying CVar settings from Section [/Script/Engine.StreamingSettings] File [../../../Proj/Saved/Config/Android/Engine.ini]

11-30 15:55:15.274 31768 31792 D UE4     : LogConfig: Setting CVar [[s.MinBulkDataSizeForAsyncLoading:131072]]

11-30 15:55:15.274 31768 31792 D UE4     : LogConfig: Setting CVar [[s.AsyncLoadingThreadEnabled:0]]

11-30 15:55:15.274 31768 31792 D UE4     : LogConfig: Setting CVar [[s.EventDrivenLoaderEnabled:1]]

11-30 15:55:15.274 31768 31792 D UE4     : LogConfig: Setting CVar [[s.WarnIfTimeLimitExceeded:0]]

11-30 15:55:15.274 31768 31792 D UE4     : LogConfig: Setting CVar [[s.TimeLimitExceededMultiplier:1.5]]

11-30 15:55:15.274 31768 31792 D UE4     : LogConfig: Setting CVar [[s.TimeLimitExceededMinTime:0.005]]

11-30 15:55:15.274 31768 31792 D UE4     : LogConfig: Setting CVar [[s.UseBackgroundLevelStreaming:1]]

11-30 15:55:15.275 31768 31792 D UE4     : LogConfig: Setting CVar [[s.PriorityAsyncLoadingExtraTime:15.0]]

11-30 15:55:15.275 31768 31792 D UE4     : LogConfig: Setting CVar [[s.LevelStreamingActorsUpdateTimeLimit:5.0]]

11-30 15:55:15.275 31768 31792 D UE4     : LogConfig: Setting CVar [[s.PriorityLevelStreamingActorsUpdateExtraTime:5.0]]

11-30 15:55:15.275 31768 31792 D UE4     : LogConfig: Setting CVar [[s.LevelStreamingComponentsRegistrationGranularity:10]]

11-30 15:55:15.275 31768 31792 D UE4     : LogConfig: Setting CVar [[s.UnregisterComponentsTimeLimit:1.0]]

11-30 15:55:15.275 31768 31792 D UE4     : LogConfig: Setting CVar [[s.LevelStreamingComponentsUnregistrationGranularity:5]]

11-30 15:55:15.275 31768 31792 D UE4     : LogConfig: Setting CVar [[s.FlushStreamingOnExit:1]]

11-30 15:55:15.275 31768 31792 D UE4     : LogStreaming: Display: Async Loading initialized: Event Driven Loader: true, Async Loading Thread: false, Async Post Load: true

11-30 15:55:15.276   363   847 I MAL-Daemon: mdfx_event_do_statistic(): [STATISTIC] TID = 847 has used 4387260 bytes!!

11-30 15:55:15.276   363   847 W MAL-Daemon: event_get_last_addr(): No data available!!

11-30 15:55:15.276   363   847 I MAL-Daemon: mdfx_event_do_statistic(): [STATISTIC] TID = 847 has used 4341360 bytes!!

11-30 15:55:15.276   363   847 I MAL-Daemon: mdfx_event_do_statistic(): [STATISTIC] TID = 847 has used 4341364 bytes!!

11-30 15:55:15.276   363   847 I MAL-Daemon: mdfx_event_do_statistic(): [STATISTIC] TID = 847 has used 4341368 bytes!!

11-30 15:55:15.276   363   844 I MAL-Daemon: [SIM_MNGR] 1102 EN_SIM:atcmd = (AT+ESIMAPP=0,0)

11-30 15:55:15.276   363   847 I MAL-Daemon: mdfx_event_do_statistic(): [STATISTIC] TID = 847 has used 4341364 bytes!!

11-30 15:55:15.276   363   844 W MAL-Daemon: event_get_last_addr(): No data available!!

11-30 15:55:15.276   363   825 D MAL-Daemon: mdmngr_task_hdl(), receive event = 101 (vendor/mediatek/proprietary/frameworks/opt/mal/entity/mdmngr/mdmngr.c:36)

11-30 15:55:15.276   363   825 D MAL-Daemon: EVENT_MDMNGR_ATCMD_REQ@MDMNGR, priv_data = f719e600, channel = 3, cmd = (AT+ESIMAPP=0,0) (vendor/mediatek/proprietary/frameworks/opt/mal/entity/mdmngr/mdmngr.c:67)

11-30 15:55:15.276   363   825 W MAL-Daemon: event_get_last_addr(): No data available!!

11-30 15:55:15.276   363   842 E MAL-Daemon: rilproxy_task_hdl(), receive event = 401

11-30 15:55:15.276   363   842 D MAL-Daemon: send ril request, request_id = 2130, serial_no = 116ce00, length = 20000000, send_size = 32(20), fd = 30

11-30 15:55:15.279   363   840 D MAL-Daemon: recv ril resp, length = 28, type = 0, result = 0, serial_no = 116ce00

11-30 15:55:15.279   363   840 D MAL-Daemon: event_id = 401

11-30 15:55:15.279   363   840 I MAL-Daemon: mdfx_event_do_statistic(): [STATISTIC] TID = 840 has used 1739255544 bytes!!

11-30 15:55:15.279   363   840 I MAL-Daemon: mdfx_event_do_statistic(): [STATISTIC] TID = 840 has used 1739209644 bytes!!

11-30 15:55:15.279   363   840 I MAL-Daemon: mdfx_event_do_statistic(): [STATISTIC] TID = 840 has used 1739163744 bytes!!

11-30 15:55:15.279   363   825 D MAL-Daemon: mdmngr_task_hdl(), receive event = 102 (vendor/mediatek/proprietary/frameworks/opt/mal/entity/mdmngr/mdmngr.c:36)

11-30 15:55:15.279   363   825 D MAL-Daemon: EVENT_MDMNGR_ATCMD_RESP@MDMNGR (vendor/mediatek/proprietary/frameworks/opt/mal/entity/mdmngr/mdmngr.c:115)

11-30 15:55:15.279   363   825 D MAL-Daemon: event_req = f719e600, ID = 101 (vendor/mediatek/proprietary/frameworks/opt/mal/entity/mdmngr/mdmngr.c:122)

11-30 15:55:15.279   363   825 D MAL-Daemon: atcmd_resp->priv_data = f719ee80 (vendor/mediatek/proprietary/frameworks/opt/mal/entity/mdmngr/mdmngr.c:125)

11-30 15:55:15.279   363   844 E MAL-Daemon: [SIM_MNGR]  297 EN_SIM:Non cache data request()!!

11-30 15:55:15.279   363   844 I MAL-Daemon: [SIM_MNGR] 1434 EN_SIM:EVENT_MDMNGR_ATCMD_RESP,event_id = 205, event_req = 0xf719ee80, result = 1, str = (ERROR


11-30 15:55:15.279   363   844 I MAL-Daemon: )

11-30 15:55:15.279   363   844 I MAL-Daemon: [SIM_MNGR] 1485 EN_SIM:atcmd = (AT+ESIMAPP=0)

11-30 15:55:15.279   363   844 W MAL-Daemon: event_get_last_addr(): No data available!!

11-30 15:55:15.279   363   825 D MAL-Daemon: mdmngr_task_hdl(), receive event = 101 (vendor/mediatek/proprietary/frameworks/opt/mal/entity/mdmngr/mdmngr.c:36)

11-30 15:55:15.279   363   825 D MAL-Daemon: EVENT_MDMNGR_ATCMD_REQ@MDMNGR, priv_data = f719ea80, channel = 3, cmd = (AT+ESIMAPP=0) (vendor/mediatek/proprietary/frameworks/opt/mal/entity/mdmngr/mdmngr.c:67)

11-30 15:55:15.279   363   825 W MAL-Daemon: event_get_last_addr(): No data available!!

11-30 15:55:15.279   363   842 E MAL-Daemon: rilproxy_task_hdl(), receive event = 401

11-30 15:55:15.279   363   842 D MAL-Daemon: send ril request, request_id = 2130, serial_no = 116cf00, length = 20000000, send_size = 32(20), fd = 30

11-30 15:55:15.282   363   840 D MAL-Daemon: recv ril resp, length = 28, type = 0, result = 0, serial_no = 116cf00

11-30 15:55:15.282   363   840 D MAL-Daemon: event_id = 401

11-30 15:55:15.282   363   840 I MAL-Daemon: mdfx_event_do_statistic(): [STATISTIC] TID = 840 has used 1739209644 bytes!!

11-30 15:55:15.282   363   840 I MAL-Daemon: mdfx_event_do_statistic(): [STATISTIC] TID = 840 has used 1739163744 bytes!!

11-30 15:55:15.282   363   840 I MAL-Daemon: mdfx_event_do_statistic(): [STATISTIC] TID = 840 has used 1739117844 bytes!!

11-30 15:55:15.282   363   825 D MAL-Daemon: mdmngr_task_hdl(), receive event = 102 (vendor/mediatek/proprietary/frameworks/opt/mal/entity/mdmngr/mdmngr.c:36)

11-30 15:55:15.283   363   825 D MAL-Daemon: EVENT_MDMNGR_ATCMD_RESP@MDMNGR (vendor/mediatek/proprietary/frameworks/opt/mal/entity/mdmngr/mdmngr.c:115)

11-30 15:55:15.283   363   825 D MAL-Daemon: event_req = f719ea80, ID = 101 (vendor/mediatek/proprietary/frameworks/opt/mal/entity/mdmngr/mdmngr.c:122)

11-30 15:55:15.283   363   825 D MAL-Daemon: atcmd_resp->priv_data = f719ee80 (vendor/mediatek/proprietary/frameworks/opt/mal/entity/mdmngr/mdmngr.c:125)

11-30 15:55:15.283   363   844 E MAL-Daemon: [SIM_MNGR]  297 EN_SIM:Non cache data request()!!

11-30 15:55:15.283   363   844 I MAL-Daemon: [SIM_MNGR] 1434 EN_SIM:EVENT_MDMNGR_ATCMD_RESP,event_id = 205, event_req = 0xf719ee80, result = 1, str = (ERROR


11-30 15:55:15.283   363   844 I MAL-Daemon: )

11-30 15:55:15.283   363   847 I MAL-Daemon: mdfx_event_do_statistic(): [STATISTIC] TID = 847 has used 4387264 bytes!!

11-30 15:55:15.283   363   847 I MAL-Daemon: mdfx_event_do_statistic(): [STATISTIC] TID = 847 has used 4341364 bytes!!

11-30 15:55:15.283   363   847 W MAL-Daemon: [SIM_MNGR]  185 EN_SIM:simmngr_cache_load() SIM Type need retry result=1!!

11-30 15:55:15.290 31768 31792 D UE4     : LogInit: Object subsystem initialized

11-30 15:55:15.293 31768 31792 D UE4     : LogConfig: Setting CVar [[con.DebugEarlyDefault:1]]

11-30 15:55:15.293 31768 31792 D UE4     : [2020.11.30-12.55.15:293][  0]LogConfig: Setting CVar [[con.DebugEarlyDefault:1]]

11-30 15:55:15.293 31768 31792 D UE4     : [2020.11.30-12.55.15:293][  0]LogConfig: Applying CVar settings from Section [/Script/Engine.RendererSettings] File [../../../Proj/Saved/Config/Android/Engine.ini]

11-30 15:55:15.293 31768 31792 D UE4     : [2020.11.30-12.55.15:293][  0]LogConfig: Setting CVar [[r.GPUCrashDebugging:0]]

11-30 15:55:15.293 31768 31792 D UE4     : [2020.11.30-12.55.15:293][  0]LogConfig: Applying CVar settings from Section [/Script/Engine.RendererOverrideSettings] File [../../../Proj/Saved/Config/Android/Engine.ini]

11-30 15:55:15.293 31768 31792 D UE4     : [2020.11.30-12.55.15:293][  0]LogConfig: Applying CVar settings from Section [/Script/Engine.StreamingSettings] File [../../../Proj/Saved/Config/Android/Engine.ini]

11-30 15:55:15.293 31768 31792 D UE4     : [2020.11.30-12.55.15:293][  0]LogConfig: Setting CVar [[s.MinBulkDataSizeForAsyncLoading:131072]]

11-30 15:55:15.293 31768 31792 D UE4     : [2020.11.30-12.55.15:293][  0]LogConfig: Setting CVar [[s.AsyncLoadingThreadEnabled:0]]

11-30 15:55:15.294 31768 31792 D UE4     : [2020.11.30-12.55.15:294][  0]LogConfig: Setting CVar [[s.EventDrivenLoaderEnabled:1]]

11-30 15:55:15.294 31768 31792 D UE4     : [2020.11.30-12.55.15:294][  0]LogConfig: Setting CVar [[s.WarnIfTimeLimitExceeded:0]]

11-30 15:55:15.294 31768 31792 D UE4     : [2020.11.30-12.55.15:294][  0]LogConfig: Setting CVar [[s.TimeLimitExceededMultiplier:1.5]]

11-30 15:55:15.294 31768 31792 D UE4     : [2020.11.30-12.55.15:294][  0]LogConfig: Setting CVar [[s.TimeLimitExceededMinTime:0.005]]

11-30 15:55:15.294 31768 31792 D UE4     : [2020.11.30-12.55.15:294][  0]LogConfig: Setting CVar [[s.UseBackgroundLevelStreaming:1]]

11-30 15:55:15.294 31768 31792 D UE4     : [2020.11.30-12.55.15:294][  0]LogConfig: Setting CVar [[s.PriorityAsyncLoadingExtraTime:15.0]]

11-30 15:55:15.294 31768 31792 D UE4     : [2020.11.30-12.55.15:294][  0]LogConfig: Setting CVar [[s.LevelStreamingActorsUpdateTimeLimit:5.0]]

11-30 15:55:15.294 31768 31792 D UE4     : [2020.11.30-12.55.15:294][  0]LogConfig: Setting CVar [[s.PriorityLevelStreamingActorsUpdateExtraTime:5.0]]

11-30 15:55:15.294 31768 31792 D UE4     : [2020.11.30-12.55.15:294][  0]LogConfig: Setting CVar [[s.LevelStreamingComponentsRegistrationGranularity:10]]

11-30 15:55:15.294 31768 31792 D UE4     : [2020.11.30-12.55.15:294][  0]LogConfig: Setting CVar [[s.UnregisterComponentsTimeLimit:1.0]]

11-30 15:55:15.294 31768 31792 D UE4     : [2020.11.30-12.55.15:294][  0]LogConfig: Setting CVar [[s.LevelStreamingComponentsUnregistrationGranularity:5]]

11-30 15:55:15.294 31768 31792 D UE4     : [2020.11.30-12.55.15:294][  0]LogConfig: Setting CVar [[s.FlushStreamingOnExit:1]]

11-30 15:55:15.295 31768 31792 D UE4     : [2020.11.30-12.55.15:295][  0]LogConfig: Applying CVar settings from Section [/Script/Engine.GarbageCollectionSettings] File [../../../Proj/Saved/Config/Android/Engine.ini]

11-30 15:55:15.295 31768 31792 D UE4     : [2020.11.30-12.55.15:295][  0]LogConfig: Setting CVar [[gc.MaxObjectsNotConsideredByGC:1]]

11-30 15:55:15.295 31768 31792 D UE4     : [2020.11.30-12.55.15:295][  0]LogConfig: Setting CVar [[gc.SizeOfPermanentObjectPool:0]]

11-30 15:55:15.295 31768 31792 D UE4     : [2020.11.30-12.55.15:295][  0]LogConfig: Setting CVar [[gc.FlushStreamingOnGC:0]]

11-30 15:55:15.295 31768 31792 D UE4     : [2020.11.30-12.55.15:295][  0]LogConfig: Setting CVar [[gc.NumRetriesBeforeForcingGC:10]]

11-30 15:55:15.295 31768 31792 D UE4     : [2020.11.30-12.55.15:295][  0]LogConfig: Setting CVar [[gc.AllowParallelGC:1]]

11-30 15:55:15.295 31768 31792 D UE4     : [2020.11.30-12.55.15:295][  0]LogConfig: Setting CVar [[gc.TimeBetweenPurgingPendingKillObjects:61.1]]

11-30 15:55:15.295 31768 31792 D UE4     : [2020.11.30-12.55.15:295][  0]LogConfig: Setting CVar [[gc.MaxObjectsInEditor:25165824]]

11-30 15:55:15.295 31768 31792 D UE4     : [2020.11.30-12.55.15:295][  0]LogConfig: Setting CVar [[gc.IncrementalBeginDestroyEnabled:1]]

11-30 15:55:15.295 31768 31792 D UE4     : [2020.11.30-12.55.15:295][  0]LogConfig: Setting CVar [[gc.CreateGCClusters:1]]

11-30 15:55:15.295 31768 31792 D UE4     : [2020.11.30-12.55.15:295][  0]LogConfig: Setting CVar [[gc.MinGCClusterSize:5]]

11-30 15:55:15.295 31768 31792 D UE4     : [2020.11.30-12.55.15:295][  0]LogConfig: Setting CVar [[gc.ActorClusteringEnabled:0]]

11-30 15:55:15.295 31768 31792 D UE4     : [2020.11.30-12.55.15:295][  0]LogConfig: Setting CVar [[gc.BlueprintClusteringEnabled:0]]

11-30 15:55:15.296 31768 31792 D UE4     : [2020.11.30-12.55.15:296][  0]LogConfig: Setting CVar [[gc.UseDisregardForGCOnDedicatedServers:0]]

11-30 15:55:15.296 31768 31792 D UE4     : [2020.11.30-12.55.15:296][  0]LogConfig: Setting CVar [[gc.MaxObjectsInGame:131072]]

11-30 15:55:15.296 31768 31792 D UE4     : [2020.11.30-12.55.15:296][  0]LogConfig: Applying CVar settings from Section [/Script/Engine.NetworkSettings] File [../../../Proj/Saved/Config/Android/Engine.ini]

11-30 15:55:15.296 31768 31792 D UE4     : [2020.11.30-12.55.15:296][  0]LogAndroid: Mobile HDR: YES

11-30 15:55:15.296 31768 31792 D UE4     : [2020.11.30-12.55.15:296][  0]LogAndroidWindowUtils: Setting Width=1280 and Height=720 (requested scale = 1.000000)

11-30 15:55:15.296 31768 31792 D UE4     : [2020.11.30-12.55.15:296][  0]LogConfig: Applying CVar settings from Section [ViewDistanceQuality@3] File [../../../Proj/Saved/Config/Android/Scalability.ini]

11-30 15:55:15.296 31768 31792 D UE4     : [2020.11.30-12.55.15:296][  0]LogConfig: Setting CVar [[r.SkeletalMeshLODBias:0]]

11-30 15:55:15.297 31768 31792 D UE4     : [2020.11.30-12.55.15:297][  0]LogConfig: Setting CVar [[r.ViewDistanceScale:1.0]]

11-30 15:55:15.297 31768 31792 D UE4     : [2020.11.30-12.55.15:297][  0]LogConfig: Setting CVar [[r.NeverOcclusionTestDistance:2000]]

11-30 15:55:15.297 31768 31792 D UE4     : [2020.11.30-12.55.15:297][  0]LogConfig: Applying CVar settings from Section [AntiAliasingQuality@3] File [../../../Proj/Saved/Config/Android/Scalability.ini]

11-30 15:55:15.297 31768 31792 D UE4     : [2020.11.30-12.55.15:297][  0]LogConfig: Setting CVar [[r.PostProcessAAQuality:4]]

11-30 15:55:15.297 31768 31792 D UE4     : [2020.11.30-12.55.15:297][  0]LogConfig: Applying CVar settings from Section [ShadowQuality@3] File [../../../Proj/Saved/Config/Android/Scalability.ini]

11-30 15:55:15.297 31768 31792 D UE4     : [2020.11.30-12.55.15:297][  0]LogConfig: Setting CVar [[r.LightFunctionQuality:1]]

11-30 15:55:15.297 31768 31792 D UE4     : [2020.11.30-12.55.15:297][  0]LogConfig: Setting CVar [[r.ShadowQuality:2]]

11-30 15:55:15.297 31768 31792 D UE4     : [2020.11.30-12.55.15:297][  0]LogConfig: Setting CVar [[r.Shadow.CSM.MaxCascades:2]]

11-30 15:55:15.297 31768 31792 D UE4     : [2020.11.30-12.55.15:297][  0]LogConfig: Setting CVar [[r.Shadow.MaxResolution:2048]]

11-30 15:55:15.297 31768 31792 D UE4     : [2020.11.30-12.55.15:297][  0]LogConfig: Setting CVar [[r.Shadow.MaxCSMResolution:2048]]

11-30 15:55:15.297 31768 31792 D UE4     : [2020.11.30-12.55.15:297][  0]LogConfig: Setting CVar [[r.Shadow.RadiusThreshold:0.06]]

11-30 15:55:15.297 31768 31792 D UE4     : [2020.11.30-12.55.15:297][  0]LogConfig: Setting CVar [[r.Shadow.DistanceScale:1.0]]

11-30 15:55:15.298 31768 31792 D UE4     : [2020.11.30-12.55.15:297][  0]LogConfig: Setting CVar [[r.Shadow.CSM.TransitionScale:1.0]]

11-30 15:55:15.298 31768 31792 D UE4     : [2020.11.30-12.55.15:298][  0]LogConfig: Setting CVar [[r.Shadow.PreShadowResolutionFactor:1.0]]

11-30 15:55:15.298 31768 31792 D UE4     : [2020.11.30-12.55.15:298][  0]LogConfig: Setting CVar [[r.DistanceFieldShadowing:1]]

11-30 15:55:15.298 31768 31792 D UE4     : [2020.11.30-12.55.15:298][  0]LogConfig: Setting CVar [[r.DistanceFieldAO:1]]

11-30 15:55:15.298 31768 31792 D UE4     : [2020.11.30-12.55.15:298][  0]LogConfig: Setting CVar [[r.AOQuality:2]]

11-30 15:55:15.298 31768 31792 D UE4     : [2020.11.30-12.55.15:298][  0]LogConfig: Setting CVar [[r.VolumetricFog:1]]

11-30 15:55:15.298 31768 31792 D UE4     : [2020.11.30-12.55.15:298][  0]LogConfig: Setting CVar [[r.VolumetricFog.GridPixelSize:8]]

11-30 15:55:15.298 31768 31792 D UE4     : [2020.11.30-12.55.15:298][  0]LogConfig: Setting CVar [[r.VolumetricFog.GridSizeZ:128]]

11-30 15:55:15.298 31768 31792 D UE4     : [2020.11.30-12.55.15:298][  0]LogConfig: Setting CVar [[r.VolumetricFog.HistoryMissSupersampleCount:4]]

11-30 15:55:15.298 31768 31792 D UE4     : [2020.11.30-12.55.15:298][  0]LogConfig: Setting CVar [[r.LightMaxDrawDistanceScale:1]]

11-30 15:55:15.298 31768 31792 D UE4     : [2020.11.30-12.55.15:298][  0]LogConfig: Setting CVar [[r.CapsuleShadows:1]]

11-30 15:55:15.298 31768 31792 D UE4     : [2020.11.30-12.55.15:298][  0]LogConfig: Applying CVar settings from Section [PostProcessQuality@3] File [../../../Proj/Saved/Config/Android/Scalability.ini]

11-30 15:55:15.299 31768 31792 D UE4     : [2020.11.30-12.55.15:299][  0]LogConfig: Setting CVar [[r.MotionBlurQuality:4]]

11-30 15:55:15.299 31768 31792 D UE4     : [2020.11.30-12.55.15:299][  0]LogConfig: Setting CVar [[r.AmbientOcclusionMipLevelFactor:0.4]]

11-30 15:55:15.299 31768 31792 D UE4     : [2020.11.30-12.55.15:299][  0]LogConfig: Setting CVar [[r.AmbientOcclusionMaxQuality:100]]

11-30 15:55:15.299 31768 31792 D UE4     : [2020.11.30-12.55.15:299][  0]LogConfig: Setting CVar [[r.AmbientOcclusionLevels:-1]]

11-30 15:55:15.299 31768 31792 D UE4     : [2020.11.30-12.55.15:299][  0]LogConfig: Setting CVar [[r.AmbientOcclusionRadiusScale:1.0]]

11-30 15:55:15.299 31768 31792 D UE4     : [2020.11.30-12.55.15:299][  0]LogConfig: Setting CVar [[r.DepthOfFieldQuality:1]]

11-30 15:55:15.299 31768 31792 D UE4     : [2020.11.30-12.55.15:299][  0]LogConfig: Setting CVar [[r.RenderTargetPoolMin:400]]

11-30 15:55:15.299 31768 31792 D UE4     : [2020.11.30-12.55.15:299][  0]LogConfig: Setting CVar [[r.LensFlareQuality:2]]

11-30 15:55:15.299 31768 31792 D UE4     : [2020.11.30-12.55.15:299][  0]LogConfig: Setting CVar [[r.SceneColorFringeQuality:1]]

11-30 15:55:15.299 31768 31792 D UE4     : [2020.11.30-12.55.15:299][  0]LogConfig: Setting CVar [[r.EyeAdaptationQuality:2]]

11-30 15:55:15.299 31768 31792 D UE4     : [2020.11.30-12.55.15:299][  0]LogConfig: Setting CVar [[r.BloomQuality:1]]

11-30 15:55:15.299 31768 31792 D UE4     : [2020.11.30-12.55.15:299][  0]LogConfig: Setting CVar [[r.FastBlurThreshold:100]]

11-30 15:55:15.299 31768 31792 D UE4     : [2020.11.30-12.55.15:299][  0]LogConfig: Setting CVar [[r.Upscale.Quality:3]]

11-30 15:55:15.300 31768 31792 D UE4     : [2020.11.30-12.55.15:300][  0]LogConfig: Setting CVar [[r.Tonemapper.GrainQuantization:1]]

11-30 15:55:15.300 31768 31792 D UE4     : [2020.11.30-12.55.15:300][  0]LogConfig: Setting CVar [[r.LightShaftQuality:1]]

11-30 15:55:15.300 31768 31792 D UE4     : [2020.11.30-12.55.15:300][  0]LogConfig: Setting CVar [[r.Filter.SizeScale:1]]

11-30 15:55:15.300 31768 31792 D UE4     : [2020.11.30-12.55.15:300][  0]LogConfig: Setting CVar [[r.Tonemapper.Quality:3]]

11-30 15:55:15.300 31768 31792 D UE4     : [2020.11.30-12.55.15:300][  0]LogConfig: Setting CVar [[r.DOF.Gather.AccumulatorQuality:1        ; higher gathering accumulator quality]]

11-30 15:55:15.300 31768 31792 D UE4     : [2020.11.30-12.55.15:300][  0]LogConfig: Setting CVar [[r.DOF.Gather.PostfilterMethod:1          ; Median3x3 postfilering method]]

11-30 15:55:15.300 31768 31792 D UE4     : [2020.11.30-12.55.15:300][  0]LogConfig: Setting CVar [[r.DOF.Gather.EnableBokehSettings:0       ; no bokeh simulation when gathering]]

11-30 15:55:15.300 31768 31792 D UE4     : [2020.11.30-12.55.15:300][  0]LogConfig: Setting CVar [[r.DOF.Gather.RingCount:4                 ; medium number of samples when gathering]]

11-30 15:55:15.300 31768 31792 D UE4     : [2020.11.30-12.55.15:300][  0]LogConfig: Setting CVar [[r.DOF.Scatter.ForegroundCompositing:1    ; additive foreground scattering]]

11-30 15:55:15.300 31768 31792 D UE4     : [2020.11.30-12.55.15:300][  0]LogConfig: Setting CVar [[r.DOF.Scatter.BackgroundCompositing:2    ; additive background scattering]]

11-30 15:55:15.300 31768 31792 D UE4     : [2020.11.30-12.55.15:300][  0]LogConfig: Setting CVar [[r.DOF.Scatter.EnableBokehSettings:1      ; bokeh simulation when scattering]]

11-30 15:55:15.300 31768 31792 D UE4     : [2020.11.30-12.55.15:300][  0]LogConfig: Setting CVar [[r.DOF.Scatter.MaxSpriteRatio:0.1         ; only a maximum of 10% of scattered bokeh]]

11-30 15:55:15.301 31768 31792 D UE4     : [2020.11.30-12.55.15:300][  0]LogConfig: Setting CVar [[r.DOF.Recombine.Quality:1                ; cheap slight out of focus]]

11-30 15:55:15.301 31768 31792 D UE4     : [2020.11.30-12.55.15:301][  0]LogConfig: Setting CVar [[r.DOF.Recombine.EnableBokehSettings:0    ; no bokeh simulation on slight out of focus]]

11-30 15:55:15.301 31768 31792 D UE4     : [2020.11.30-12.55.15:301][  0]LogConfig: Setting CVar [[r.DOF.TemporalAAQuality:1                ; more stable temporal accumulation]]

11-30 15:55:15.301 31768 31792 D UE4     : [2020.11.30-12.55.15:301][  0]LogConfig: Setting CVar [[r.DOF.Kernel.MaxForegroundRadius:0.025]]

11-30 15:55:15.301 31768 31792 D UE4     : [2020.11.30-12.55.15:301][  0]LogConfig: Setting CVar [[r.DOF.Kernel.MaxBackgroundRadius:0.025]]

11-30 15:55:15.301 31768 31792 D UE4     : [2020.11.30-12.55.15:301][  0]LogConfig: Setting CVar [[r.RefractionQuality:1]]

11-30 15:55:15.301 31768 31792 D UE4     : [2020.11.30-12.55.15:301][  0]LogConfig: Setting CVar [[Slate.ForceBackgroundBlurLowQualityOverride:1]]

11-30 15:55:15.301 31768 31792 D UE4     : [2020.11.30-12.55.15:301][  0]LogConfig: Applying CVar settings from Section [TextureQuality@3] File [../../../Proj/Saved/Config/Android/Scalability.ini]

11-30 15:55:15.301 31768 31792 D UE4     : [2020.11.30-12.55.15:301][  0]LogConfig: Setting CVar [[r.Streaming.MipBias:0]]

11-30 15:55:15.301 31768 31792 D UE4     : [2020.11.30-12.55.15:301][  0]LogConfig: Setting CVar [[r.Streaming.AmortizeCPUToGPUCopy:0]]

11-30 15:55:15.301 31768 31792 D UE4     : [2020.11.30-12.55.15:301][  0]LogConfig: Setting CVar [[r.Streaming.MaxNumTexturesToStreamPerFrame:0]]

11-30 15:55:15.301 31768 31792 D UE4     : [2020.11.30-12.55.15:301][  0]LogConfig: Setting CVar [[r.Streaming.Boost:1]]

11-30 15:55:15.301 31768 31792 D UE4     : [2020.11.30-12.55.15:301][  0]LogConfig: Setting CVar [[r.MaxAnisotropy:4]]

11-30 15:55:15.302 31768 31792 D UE4     : [2020.11.30-12.55.15:302][  0]LogConfig: Setting CVar [[r.VT.MaxAnisotropy:8]]

11-30 15:55:15.302 31768 31792 D UE4     : [2020.11.30-12.55.15:302][  0]LogConfig: Setting CVar [[r.Streaming.LimitPoolSizeToVRAM:0]]

11-30 15:55:15.302 31768 31792 D UE4     : [2020.11.30-12.55.15:302][  0]LogConfig: Setting CVar [[r.Streaming.PoolSize:1000]]

11-30 15:55:15.302 31768 31792 D UE4     : [2020.11.30-12.55.15:302][  0]LogConfig: Setting CVar [[r.Streaming.MaxEffectiveScreenSize:0]]

11-30 15:55:15.302 31768 31792 D UE4     : [2020.11.30-12.55.15:302][  0]LogConfig: Applying CVar settings from Section [EffectsQuality@3] File [../../../Proj/Saved/Config/Android/Scalability.ini]

