01-12 18:40:40.592   582   582 I SurfaceFlinger: screenshot (SurfaceView - com.YourCompany.Proj/com.epicgames.ue4.GameActivity#0)
01-12 18:40:40.592   582   582 I SurfaceFlinger: isIncludeStatusBarAndNavBar (1)
01-12 18:40:40.592   582   582 I SurfaceFlinger: screenshot (com.YourCompany.Proj/com.epicgames.ue4.GameActivity#1)
01-12 18:40:40.592   582   582 I SurfaceFlinger: isIncludeStatusBarAndNavBar (1)
01-12 18:40:40.709   582   582 I SurfaceFlinger: screenshot (Letterbox - left#1)
01-12 18:40:40.709   582   582 I SurfaceFlinger: isIncludeStatusBarAndNavBar (1)
01-12 18:40:40.709   582   582 I SurfaceFlinger: screenshot (Background for -SurfaceView - com.YourCompany.Proj/com.epicgames.ue4.GameActivity#0)
01-12 18:40:40.709   582   582 I SurfaceFlinger: isIncludeStatusBarAndNavBar (1)
01-12 18:40:40.709   582   582 I SurfaceFlinger: screenshot (SurfaceView - com.YourCompany.Proj/com.epicgames.ue4.GameActivity#0)
01-12 18:40:40.709   582   582 I SurfaceFlinger: isIncludeStatusBarAndNavBar (1)
01-12 18:40:40.709   582   582 I SurfaceFlinger: screenshot (com.YourCompany.Proj/com.epicgames.ue4.GameActivity#1)
01-12 18:40:40.709   582   582 I SurfaceFlinger: isIncludeStatusBarAndNavBar (1)
01-12 18:40:40.809   582   582 I SurfaceFlinger: screenshot (Letterbox - left#1)
01-12 18:40:40.809   582   582 I SurfaceFlinger: isIncludeStatusBarAndNavBar (1)
01-12 18:40:40.809   582   582 I SurfaceFlinger: screenshot (Background for -SurfaceView - com.YourCompany.Proj/com.epicgames.ue4.GameActivity#0)
01-12 18:40:40.809   582   582 I SurfaceFlinger: isIncludeStatusBarAndNavBar (1)
01-12 18:40:40.809   582   582 I SurfaceFlinger: screenshot (SurfaceView - com.YourCompany.Proj/com.epicgames.ue4.GameActivity#0)
01-12 18:40:40.809   582   582 I SurfaceFlinger: isIncludeStatusBarAndNavBar (1)
01-12 18:40:40.809   582   582 I SurfaceFlinger: screenshot (com.YourCompany.Proj/com.epicgames.ue4.GameActivity#1)
01-12 18:40:40.809   582   582 I SurfaceFlinger: isIncludeStatusBarAndNavBar (1)
01-12 18:40:40.926   582   582 I SurfaceFlinger: screenshot (Letterbox - left#1)
01-12 18:40:40.926   582   582 I SurfaceFlinger: isIncludeStatusBarAndNavBar (1)
01-12 18:40:40.926   582   582 I SurfaceFlinger: screenshot (Background for -SurfaceView - com.YourCompany.Proj/com.epicgames.ue4.GameActivity#0)
01-12 18:40:40.926   582   582 I SurfaceFlinger: isIncludeStatusBarAndNavBar (1)
01-12 18:40:40.926   582   582 I SurfaceFlinger: screenshot (SurfaceView - com.YourCompany.Proj/com.epicgames.ue4.GameActivity#0)
01-12 18:40:40.926   582   582 I SurfaceFlinger: isIncludeStatusBarAndNavBar (1)
01-12 18:40:40.926   582   582 I SurfaceFlinger: screenshot (com.YourCompany.Proj/com.epicgames.ue4.GameActivity#1)
01-12 18:40:40.926   582   582 I SurfaceFlinger: isIncludeStatusBarAndNavBar (1)
01-12 18:40:40.945   582   625 I BufferQueueProducer: [SurfaceView - com.YourCompany.Proj/com.epicgames.ue4.GameActivity#0](this:0x727b0ae000,id:8056,api:1,p:24439,c:582) queueBuffer: fps=60.14 dur=1014.34 max=29.57 min=6.61
01-12 18:40:40.958   516   602 I hwcomposer: [HWCDisplay] [Display_0 (type:1)] fps:59.070789,dur:1015.73,max:32.02,min:16.45  
01-12 18:40:41.026   582   582 I SurfaceFlinger: screenshot (Letterbox - left#1)
01-12 18:40:41.026   582   582 I SurfaceFlinger: isIncludeStatusBarAndNavBar (1)
01-12 18:40:41.026   582   582 I SurfaceFlinger: screenshot (Background for -SurfaceView - com.YourCompany.Proj/com.epicgames.ue4.GameActivity#0)
01-12 18:40:41.026   582   582 I SurfaceFlinger: isIncludeStatusBarAndNavBar (1)
01-12 18:40:41.026   582   582 I SurfaceFlinger: screenshot (SurfaceView - com.YourCompany.Proj/com.epicgames.ue4.GameActivity#0)
01-12 18:40:41.026   582   582 I SurfaceFlinger: isIncludeStatusBarAndNavBar (1)
01-12 18:40:41.026   582   582 I SurfaceFlinger: screenshot (com.YourCompany.Proj/com.epicgames.ue4.GameActivity#1)
01-12 18:40:41.026   582   582 I SurfaceFlinger: isIncludeStatusBarAndNavBar (1)
01-12 18:40:41.142   582   582 I SurfaceFlinger: screenshot (Letterbox - left#1)
01-12 18:40:41.142   582   582 I SurfaceFlinger: isIncludeStatusBarAndNavBar (1)
01-12 18:40:41.142   582   582 I SurfaceFlinger: screenshot (Background for -SurfaceView - com.YourCompany.Proj/com.epicgames.ue4.GameActivity#0)
01-12 18:40:41.143   582   582 I SurfaceFlinger: isIncludeStatusBarAndNavBar (1)
01-12 18:40:41.143   582   582 I SurfaceFlinger: screenshot (SurfaceView - com.YourCompany.Proj/com.epicgames.ue4.GameActivity#0)
01-12 18:40:41.143   582   582 I SurfaceFlinger: isIncludeStatusBarAndNavBar (1)
01-12 18:40:41.143   582   582 I SurfaceFlinger: screenshot (com.YourCompany.Proj/com.epicgames.ue4.GameActivity#1)
01-12 18:40:41.143   582   582 I SurfaceFlinger: isIncludeStatusBarAndNavBar (1)
01-12 18:40:41.242   582   582 I SurfaceFlinger: screenshot (Letterbox - left#1)
01-12 18:40:41.243   582   582 I SurfaceFlinger: isIncludeStatusBarAndNavBar (1)
01-12 18:40:41.243   582   582 I SurfaceFlinger: screenshot (Background for -SurfaceView - com.YourCompany.Proj/com.epicgames.ue4.GameActivity#0)
01-12 18:40:41.243   582   582 I SurfaceFlinger: isIncludeStatusBarAndNavBar (1)
01-12 18:40:41.243   582   582 I SurfaceFlinger: screenshot (SurfaceView - com.YourCompany.Proj/com.epicgames.ue4.GameActivity#0)
01-12 18:40:41.243   582   582 I SurfaceFlinger: isIncludeStatusBarAndNavBar (1)
01-12 18:40:41.243   582   582 I SurfaceFlinger: screenshot (com.YourCompany.Proj/com.epicgames.ue4.GameActivity#1)
01-12 18:40:41.243   582   582 I SurfaceFlinger: isIncludeStatusBarAndNavBar (1)
01-12 18:40:41.279   538   597 I libPowerHal: 31: cpu_ctrl set freq: -1 -1 -1 -1
01-12 18:40:41.359   582   582 I SurfaceFlinger: screenshot (Letterbox - left#1)
01-12 18:40:41.360   582   582 I SurfaceFlinger: isIncludeStatusBarAndNavBar (1)
01-12 18:40:41.360   582   582 I SurfaceFlinger: screenshot (Background for -SurfaceView - com.YourCompany.Proj/com.epicgames.ue4.GameActivity#0)
01-12 18:40:41.360   582   582 I SurfaceFlinger: isIncludeStatusBarAndNavBar (1)
01-12 18:40:41.360   582   582 I SurfaceFlinger: screenshot (SurfaceView - com.YourCompany.Proj/com.epicgames.ue4.GameActivity#0)
01-12 18:40:41.360   582   582 I SurfaceFlinger: isIncludeStatusBarAndNavBar (1)
01-12 18:40:41.360   582   582 I SurfaceFlinger: screenshot (com.YourCompany.Proj/com.epicgames.ue4.GameActivity#1)
01-12 18:40:41.360   582   582 I SurfaceFlinger: isIncludeStatusBarAndNavBar (1)
01-12 18:40:41.405 24439 24464 I ourCompany.Pro: ProcessProfilingInfo new_methods=504 is saved saved_to_disk=1 resolve_classes_delay=8000
01-12 18:40:41.446   582   625 I BufferQueueProducer: [StatusBar#0](this:0x729a054000,id:3,api:1,p:1521,c:582) queueBuffer: fps=0.25 dur=4016.78 max=4016.78 min=4016.78
01-12 18:40:41.476   582   582 I SurfaceFlinger: screenshot (Letterbox - left#1)
01-12 18:40:41.476   582   582 I SurfaceFlinger: isIncludeStatusBarAndNavBar (1)
01-12 18:40:41.476   582   582 I SurfaceFlinger: screenshot (Background for -SurfaceView - com.YourCompany.Proj/com.epicgames.ue4.GameActivity#0)
01-12 18:40:41.476   582   582 I SurfaceFlinger: isIncludeStatusBarAndNavBar (1)
01-12 18:40:41.476   582   582 I SurfaceFlinger: screenshot (SurfaceView - com.YourCompany.Proj/com.epicgames.ue4.GameActivity#0)
01-12 18:40:41.476   582   582 I SurfaceFlinger: isIncludeStatusBarAndNavBar (1)
01-12 18:40:41.476   582   582 I SurfaceFlinger: screenshot (com.YourCompany.Proj/com.epicgames.ue4.GameActivity#1)
01-12 18:40:41.476   582   582 I SurfaceFlinger: isIncludeStatusBarAndNavBar (1)
01-12 18:40:41.591 32109 32109 I ADB_SERVICES: service_to_fd shell,v2,raw:ps
01-12 18:40:41.593   582   582 I SurfaceFlinger: screenshot (Letterbox - left#1)
01-12 18:40:41.593   582   582 I SurfaceFlinger: isIncludeStatusBarAndNavBar (1)
01-12 18:40:41.593   582   582 I SurfaceFlinger: screenshot (Background for -SurfaceView - com.YourCompany.Proj/com.epicgames.ue4.GameActivity#0)
01-12 18:40:41.593   582   582 I SurfaceFlinger: isIncludeStatusBarAndNavBar (1)
01-12 18:40:41.593   582   582 I SurfaceFlinger: screenshot (SurfaceView - com.YourCompany.Proj/com.epicgames.ue4.GameActivity#0)
01-12 18:40:41.593   582   582 I SurfaceFlinger: isIncludeStatusBarAndNavBar (1)
01-12 18:40:41.593   582   582 I SurfaceFlinger: screenshot (com.YourCompany.Proj/com.epicgames.ue4.GameActivity#1)
01-12 18:40:41.593   582   582 I SurfaceFlinger: isIncludeStatusBarAndNavBar (1)
01-12 18:40:41.640 32109 24610 I ADB_SERVICES: post waitpid (pid=24609) status=0000
01-12 18:40:41.640 32109 32109 I ADB_SERVICES: for fd 26, revents = 2010
01-12 18:40:41.640 32109 32109 I ADB_SERVICES: for fd 26, revents = 2011
01-12 18:40:41.650  1235  1454 D WifiConnectivityManager: periodicScanTimerHandler
01-12 18:40:41.650  1235  1454 D WifiConnectivityManager: No partial scan because firmware roaming is supported.
01-12 18:40:41.650  1235  1454 D WifiConnectivityManager: schedulePeriodicScanTimer, intervalMs: 40000
01-12 18:40:41.673  2786  2805 D SoundPool: native_release called
01-12 18:40:41.673  2156  2156 I Finsky  : [2] aebc.onStartJob(3): SCH: onJobSchedulerWakeup with jobId 9000
01-12 18:40:41.676  2786  4470 D AudioManager: getStreamVolume isRestricted mode = 0
01-12 18:40:41.676  2786  2805 D SoundPool: native_release end
01-12 18:40:41.676  2786  2805 D SoundPool: native_release called
01-12 18:40:41.676  2786  2805 D SoundPool: native_release end
01-12 18:40:41.677  2786  2805 D SoundPool: native_release called
01-12 18:40:41.677  2786  2805 D SoundPool: native_release end
01-12 18:40:41.677  2786  2805 D SoundPool: native_release called
01-12 18:40:41.678  2786  2805 D SoundPool: native_release end
01-12 18:40:41.679  2786  4470 D AudioManager: getStreamVolume isRestricted mode = 0
01-12 18:40:41.681  2786  4470 D AudioManager: getStreamVolume isRestricted mode = 0
01-12 18:40:41.681  2156 23904 I System.out: [okhttp]:check permission begin!
01-12 18:40:41.682  2786  4470 D AudioManager: getStreamVolume isRestricted mode = 0
01-12 18:40:41.683  2156 23904 W System  : ClassLoader referenced unknown path: system/framework/mediatek-cta.jar
01-12 18:40:41.684  2156 23904 I System.out: [okhttp] e:java.lang.ClassNotFoundException: com.mediatek.cta.CtaUtils
01-12 18:40:41.684  2156 23904 I System.out: [OkHttp] sendRequest>>
01-12 18:40:41.684  2156 23904 I System.out: [OkHttp] sendRequest<<
01-12 18:40:41.704 25501 23563 I NetworkScheduler.Stats: Task com.google.android.gms/com.google.android.gms.icing.service.IcingGcmTaskService started execution. cause:4 exec_start_elapsed_seconds: 279907 [CONTEXT service_id=218 ]
01-12 18:40:41.709   582   582 I SurfaceFlinger: screenshot (Letterbox - left#1)
01-12 18:40:41.709   582   582 I SurfaceFlinger: isIncludeStatusBarAndNavBar (1)
01-12 18:40:41.709   582   582 I SurfaceFlinger: screenshot (Background for -SurfaceView - com.YourCompany.Proj/com.epicgames.ue4.GameActivity#0)
01-12 18:40:41.710   582   582 I SurfaceFlinger: isIncludeStatusBarAndNavBar (1)
01-12 18:40:41.710   582   582 I SurfaceFlinger: screenshot (SurfaceView - com.YourCompany.Proj/com.epicgames.ue4.GameActivity#0)
01-12 18:40:41.710   582   582 I SurfaceFlinger: isIncludeStatusBarAndNavBar (1)
01-12 18:40:41.710   582   582 I SurfaceFlinger: screenshot (com.YourCompany.Proj/com.epicgames.ue4.GameActivity#1)
01-12 18:40:41.710   582   582 I SurfaceFlinger: isIncludeStatusBarAndNavBar (1)
01-12 18:40:41.710 25501 19815 I NetworkScheduler.Stats: Task com.google.android.gms/com.google.android.gms.icing.service.IcingGcmTaskService finished executing. cause:4 result: 1 elapsed_millis: 26 uptime_millis: 26 exec_start_elapsed_seconds: 279907 [CONTEXT service_id=218 ]
01-12 18:40:41.713  2156  2156 I Finsky  : [2] adww.handleMessage(4): SCH: DeviceState: DeviceState{currentTime=1610466041706, isCharging=true, isIdle=false, netAny=true, netNotRoaming=true, netUnmetered=true, batteryPercent=100.0}
01-12 18:40:41.720  2156 24611 I Finsky  : [4018] adza.c(5): SCH: Jobs in database: 1-1337 12-1 26-1414141414 34-1571 34-1572 34-1574 34-1577 34-1581 34-1585 34-1589 34-1590 34-1591 34-1594 34-1595 34-1596 34-1599 34-1600 34-1601 34-1602 
01-12 18:40:41.725  2156  2156 I Finsky  : [2] adwx.m(9): SCH: Running job: 12-1
01-12 18:40:41.725  2156  2156 I Finsky  : [2] ContentSyncJob.s(1): [ContentSync] job started
01-12 18:40:41.725  2156  2156 I Finsky  : [2] adww.handleMessage(29): SCH: RunningQueue size: 1, PendingQueue size: 0
01-12 18:40:41.726  2156  2156 I Finsky  : [2] adww.handleMessage(32): SCH: Running queue: 12-1 
01-12 18:40:41.770 25501 23563 I NetworkScheduler.Stats: Task com.google.android.gms/com.google.android.gms.clearcut.uploader.QosUploaderService started execution. cause:5 exec_start_elapsed_seconds: 279908 [CONTEXT service_id=218 ]
01-12 18:40:41.810   582   582 I SurfaceFlinger: screenshot (Letterbox - left#1)
01-12 18:40:41.810   582   582 I SurfaceFlinger: isIncludeStatusBarAndNavBar (1)
01-12 18:40:41.810   582   582 I SurfaceFlinger: screenshot (Background for -SurfaceView - com.YourCompany.Proj/com.epicgames.ue4.GameActivity#0)
01-12 18:40:41.810   582   582 I SurfaceFlinger: isIncludeStatusBarAndNavBar (1)
01-12 18:40:41.810   582   582 I SurfaceFlinger: screenshot (SurfaceView - com.YourCompany.Proj/com.epicgames.ue4.GameActivity#0)
01-12 18:40:41.810   582   582 I SurfaceFlinger: isIncludeStatusBarAndNavBar (1)
01-12 18:40:41.810   582   582 I SurfaceFlinger: screenshot (com.YourCompany.Proj/com.epicgames.ue4.GameActivity#1)
01-12 18:40:41.810   582   582 I SurfaceFlinger: isIncludeStatusBarAndNavBar (1)
01-12 18:40:41.852 25501 23563 I NetworkScheduler.Stats: Task com.google.android.gms/com.google.android.gms.clearcut.uploader.QosUploaderService finished executing. cause:5 result: 1 elapsed_millis: 111 uptime_millis: 111 exec_start_elapsed_seconds: 279908 [CONTEXT service_id=218 ]
01-12 18:40:41.889  1235  1454 E WifiVendorHal: getWifiLinkLayerStats_1_3_Internal(l.927) failed {.code = ERROR_NOT_SUPPORTED, .description = }
01-12 18:40:41.897  1235  1461 D SlaveWifiManager: getWifiSlaveConnectionInfo
01-12 18:40:41.897  1235  1453 D SlaveWifiService: Slave message handler : 155633
01-12 18:40:41.897  1235  1461 D SlaveWifiManager: getWifiSlaveConnectionInfo
01-12 18:40:41.898  1235  1453 D SlaveWifiService: Slave message handler : 155633
01-12 18:40:41.900  1521  1521 D SignalClusterView: updateMobileTypeImage  0
01-12 18:40:41.902  1521  1521 I chatty  : uid=1000(system) com.android.systemui identical 3 lines
01-12 18:40:41.902  1521  1521 D SignalClusterView: updateMobileTypeImage  0
01-12 18:40:41.908 19922 19972 I CarrierServices: [11147] csk.onConnectivityChange: FiST: Wifi connectivity status true
01-12 18:40:41.909 19922 20013 I CarrierServices: [11171] dag.c: (PEv2-SM): DisabledState: event Connectivity event [null]
01-12 18:40:41.909 19922 19972 I CarrierServices: [11147] ctc.d: Connected state: [1], networkType: [WIFI]
01-12 18:40:41.910 24439 24465 V UE4     : [NetworkChangedManager] Network Capabilities changed, has Internet: true
01-12 18:40:41.912 24439 24614 V UE4     : [NetworkChangedManager] Verifying internet connection with host: https://example.com/
01-12 18:40:41.912 19922 20015 I CarrierServices: [11173] dfx.d: RCS Configuration storage in Bugle is disabled by p/h flag, using ProvisioningEngineStateCacheUtil.getProvisioningConfigurationForGivenSim()
01-12 18:40:41.913 24439 24614 I System.out: [okhttp]:check permission begin!
01-12 18:40:41.913 24439 24614 W System  : ClassLoader referenced unknown path: system/framework/mediatek-cta.jar
01-12 18:40:41.914 24439 24614 I System.out: [okhttp] e:java.lang.ClassNotFoundException: com.mediatek.cta.CtaUtils
01-12 18:40:41.916  1521  1521 D SignalClusterView: updateMobileTypeImage  0
01-12 18:40:41.916 24439 24614 I System.out: [OkHttp] sendRequest>>
01-12 18:40:41.916 24439 24614 I System.out: [OkHttp] sendRequest<<
01-12 18:40:41.920  1521  1521 D SignalClusterView: updateMobileTypeImage  0
01-12 18:40:41.921  1521  1521 I chatty  : uid=1000(system) com.android.systemui identical 1 line
01-12 18:40:41.922  1521  1521 D SignalClusterView: updateMobileTypeImage  0
01-12 18:40:41.927   582   582 I SurfaceFlinger: screenshot (Letterbox - left#1)
01-12 18:40:41.927   582   582 I SurfaceFlinger: isIncludeStatusBarAndNavBar (1)
01-12 18:40:41.928   582   582 I SurfaceFlinger: screenshot (Background for -SurfaceView - com.YourCompany.Proj/com.epicgames.ue4.GameActivity#0)
01-12 18:40:41.928   582   582 I SurfaceFlinger: isIncludeStatusBarAndNavBar (1)
01-12 18:40:41.928   582   582 I SurfaceFlinger: screenshot (SurfaceView - com.YourCompany.Proj/com.epicgames.ue4.GameActivity#0)
01-12 18:40:41.928   582   582 I SurfaceFlinger: isIncludeStatusBarAndNavBar (1)
01-12 18:40:41.928   582   582 I SurfaceFlinger: screenshot (com.YourCompany.Proj/com.epicgames.ue4.GameActivity#1)
01-12 18:40:41.928   582   582 I SurfaceFlinger: isIncludeStatusBarAndNavBar (1)
01-12 18:40:41.958   516   602 I hwcomposer: [HWCDisplay] [Display_0 (type:1)] fps:59.987076,dur:1000.22,max:17.85,min:15.37  
01-12 18:40:41.964   582   625 I BufferQueueProducer: [SurfaceView - com.YourCompany.Proj/com.epicgames.ue4.GameActivity#0](this:0x727b0ae000,id:8056,api:1,p:24439,c:582) queueBuffer: fps=59.88 dur=1018.72 max=24.59 min=8.58
01-12 18:40:42.001  2156 24613 I Finsky  : [4020] gyx.b(1): Completed 0 account content syncs with 0 successful.
01-12 18:40:42.002  2156  2156 I Finsky  : [2] ContentSyncJob.a(1): [ContentSync] Installation state replication succeeded.
01-12 18:40:42.002  2156  2156 I Finsky  : [2] adxr.n(4): SCH: jobFinished: 12-1. TimeElapsed: 277ms.
01-12 18:40:42.002  2156  2156 I Finsky  : [2] adwx.b(3): SCH: Job 12-1 finished. Not rescheduling.
01-12 18:40:42.003  2156  2156 I Finsky  : [2] adww.handleMessage(29): SCH: RunningQueue size: 0, PendingQueue size: 0
01-12 18:40:42.003  2156  2156 I Finsky  : [2] adww.handleMessage(10): SCH: Executor finished
01-12 18:40:42.016  2156  2156 I Finsky  : [2] adza.c(5): SCH: Jobs in database: 1-1337 26-1414141414 34-1571 34-1572 34-1574 34-1577 34-1581 34-1585 34-1589 34-1590 34-1591 34-1594 34-1595 34-1596 34-1599 34-1600 34-1601 34-1602 
01-12 18:40:42.023  2156  2156 I Finsky  : [2] adxe.d(37): SCH: ConstraintMapping: 1-1337, 34-1601,  -> L: 30878921ms, D: 74078921ms, C: false, I: false, N: 1
01-12 18:40:42.023  2156  2156 I Finsky  : [2] adxe.d(37): SCH: ConstraintMapping: 34-1571, 34-1572, 34-1574, 34-1577, 34-1581, 34-1585, 34-1589, 34-1590, 34-1591, 34-1594, 34-1595, 34-1596, 34-1599, 34-1600, 34-1602,  -> L: 76388822ms, D: 1372388822ms, C: false, I: true, N: 2
01-12 18:40:42.023  2156  2156 I Finsky  : [2] adxe.d(37): SCH: ConstraintMapping: 34-1571, 34-1572, 34-1574, 34-1577, 34-1581, 34-1585, 34-1589, 34-1590, 34-1591, 34-1594, 34-1595, 34-1596, 34-1599, 34-1600, 34-1602,  -> L: 76388822ms, D: 1372388822ms, C: true, I: true, N: 2
01-12 18:40:42.024  2156  2156 I Finsky  : [2] adxe.d(37): SCH: ConstraintMapping: 26-1414141414,  -> L: 16001686ms, D: 16901686ms, C: false, I: false, N: 0
01-12 18:40:42.043   582   582 I SurfaceFlinger: screenshot (Letterbox - left#1)
01-12 18:40:42.043   582   582 I SurfaceFlinger: isIncludeStatusBarAndNavBar (1)
01-12 18:40:42.043   582   582 I SurfaceFlinger: screenshot (Background for -SurfaceView - com.YourCompany.Proj/com.epicgames.ue4.GameActivity#0)
01-12 18:40:42.043   582   582 I SurfaceFlinger: isIncludeStatusBarAndNavBar (1)
01-12 18:40:42.043   582   582 I SurfaceFlinger: screenshot (SurfaceView - com.YourCompany.Proj/com.epicgames.ue4.GameActivity#0)
01-12 18:40:42.043   582   582 I SurfaceFlinger: isIncludeStatusBarAndNavBar (1)
01-12 18:40:42.043   582   582 I SurfaceFlinger: screenshot (com.YourCompany.Proj/com.epicgames.ue4.GameActivity#1)
01-12 18:40:42.043   582   582 I SurfaceFlinger: isIncludeStatusBarAndNavBar (1)
01-12 18:40:42.044  2156  2156 I Finsky  : [2] adxe.f(7): SCH: Cancelling existing jobscheduler jobs: 9004 9001 9003 
01-12 18:40:42.045  2156  2156 I Finsky  : [2] adxe.e(23): SCH: Scheduling job Id: 9002, L: 30878921, D: 74078921, C: false, I: false, N: 1
01-12 18:40:42.046  2156  2156 I Finsky  : [2] adxe.e(23): SCH: Scheduling job Id: 9005, L: 76388822, D: 1372388822, C: false, I: true, N: 2
01-12 18:40:42.047  2156  2156 I Finsky  : [2] adxe.e(23): SCH: Scheduling job Id: 9006, L: 76388822, D: 1372388822, C: true, I: true, N: 2
01-12 18:40:42.048  2156  2156 I Finsky  : [2] adxe.e(23): SCH: Scheduling job Id: 9007, L: 16001686, D: 16901686, C: false, I: false, N: 0
01-12 18:40:42.057 24439 24614 V UE4     : [NetworkChangedManager] Connectivity hasn't changed. Current state: CONNECTION_AVAILABLE
01-12 18:40:42.057 24439 24614 V UE4     : [NetworkChangedManager] Full network check complete. State: CONNECTION_AVAILABLE
01-12 18:40:42.143   582   582 I SurfaceFlinger: screenshot (Letterbox - left#1)
01-12 18:40:42.143   582   582 I SurfaceFlinger: isIncludeStatusBarAndNavBar (1)
01-12 18:40:42.143   582   582 I SurfaceFlinger: screenshot (Background for -SurfaceView - com.YourCompany.Proj/com.epicgames.ue4.GameActivity#0)
01-12 18:40:42.143   582   582 I SurfaceFlinger: isIncludeStatusBarAndNavBar (1)
01-12 18:40:42.143   582   582 I SurfaceFlinger: screenshot (SurfaceView - com.YourCompany.Proj/com.epicgames.ue4.GameActivity#0)
01-12 18:40:42.143   582   582 I SurfaceFlinger: isIncludeStatusBarAndNavBar (1)
01-12 18:40:42.143   582   582 I SurfaceFlinger: screenshot (com.YourCompany.Proj/com.epicgames.ue4.GameActivity#1)
01-12 18:40:42.143   582   582 I SurfaceFlinger: isIncludeStatusBarAndNavBar (1)
01-12 18:40:42.243   582   582 I SurfaceFlinger: screenshot (Letterbox - left#1)
01-12 18:40:42.243   582   582 I SurfaceFlinger: isIncludeStatusBarAndNavBar (1)
01-12 18:40:42.243   582   582 I SurfaceFlinger: screenshot (Background for -SurfaceView - com.YourCompany.Proj/com.epicgames.ue4.GameActivity#0)
01-12 18:40:42.243   582   582 I SurfaceFlinger: isIncludeStatusBarAndNavBar (1)
01-12 18:40:42.243   582   582 I SurfaceFlinger: screenshot (SurfaceView - com.YourCompany.Proj/com.epicgames.ue4.GameActivity#0)
01-12 18:40:42.243   582   582 I SurfaceFlinger: isIncludeStatusBarAndNavBar (1)
01-12 18:40:42.243   582   582 I SurfaceFlinger: screenshot (com.YourCompany.Proj/com.epicgames.ue4.GameActivity#1)
01-12 18:40:42.243   582   582 I SurfaceFlinger: isIncludeStatusBarAndNavBar (1)
01-12 18:40:42.355 25501 19815 W NetworkScheduler: Error inserting flex_time=1367000 job_id=-1 period=2736000 source=16 requires_charging=0 preferred_network_type=1 target_class=com.google.android.gms.measurement.PackageMeasurementTaskService user_id=0 target_package=com.google.android.gms tag=Measurement.PackageMeasurementTaskService.UPLOAD_TASK_TAG task_type=0 required_idleness_state=0 service_kind=0 source_version=204714000 persistence_level=1 preferred_charging_state=1 required_network_type=0 runtime=1610466042353 retry_strategy={"maximum_backoff_seconds":{"3600":0},"initial_backoff_seconds":{"30":0},"retry_policy":{"0":0}} last_runtime=0, error message: UNIQUE constraint failed: pending_ops.tag, pending_ops.target_class, pending_ops.target_package, pending_ops.user_id (code 2067 SQLITE_CONSTRAINT_UNIQUE) [CONTEXT service_id=218 ]
01-12 18:40:42.359   582   582 I SurfaceFlinger: screenshot (Letterbox - left#1)
01-12 18:40:42.359   582   582 I SurfaceFlinger: isIncludeStatusBarAndNavBar (1)
01-12 18:40:42.359   582   582 I SurfaceFlinger: screenshot (Background for -SurfaceView - com.YourCompany.Proj/com.epicgames.ue4.GameActivity#0)
01-12 18:40:42.359   582   582 I SurfaceFlinger: isIncludeStatusBarAndNavBar (1)
01-12 18:40:42.359   582   582 I SurfaceFlinger: screenshot (SurfaceView - com.YourCompany.Proj/com.epicgames.ue4.GameActivity#0)
01-12 18:40:42.359   582   582 I SurfaceFlinger: isIncludeStatusBarAndNavBar (1)
01-12 18:40:42.359   582   582 I SurfaceFlinger: screenshot (com.YourCompany.Proj/com.epicgames.ue4.GameActivity#1)
01-12 18:40:42.359   582   582 I SurfaceFlinger: isIncludeStatusBarAndNavBar (1)
01-12 18:40:42.460   582   582 I SurfaceFlinger: screenshot (Letterbox - left#1)
01-12 18:40:42.460   582   582 I SurfaceFlinger: isIncludeStatusBarAndNavBar (1)
01-12 18:40:42.460   582   582 I SurfaceFlinger: screenshot (Background for -SurfaceView - com.YourCompany.Proj/com.epicgames.ue4.GameActivity#0)
01-12 18:40:42.460   582   582 I SurfaceFlinger: isIncludeStatusBarAndNavBar (1)
01-12 18:40:42.460   582   582 I SurfaceFlinger: screenshot (SurfaceView - com.YourCompany.Proj/com.epicgames.ue4.GameActivity#0)
01-12 18:40:42.460   582   582 I SurfaceFlinger: isIncludeStatusBarAndNavBar (1)
01-12 18:40:42.460   582   582 I SurfaceFlinger: screenshot (com.YourCompany.Proj/com.epicgames.ue4.GameActivity#1)
01-12 18:40:42.460   582   582 I SurfaceFlinger: isIncludeStatusBarAndNavBar (1)
01-12 18:40:42.486   815  1518 D AAL     : onALIChanged: 3 -> 9
01-12 18:40:42.576   582   582 I SurfaceFlinger: screenshot (Letterbox - left#1)
01-12 18:40:42.577   582   582 I SurfaceFlinger: isIncludeStatusBarAndNavBar (1)
01-12 18:40:42.577   582   582 I SurfaceFlinger: screenshot (Background for -SurfaceView - com.YourCompany.Proj/com.epicgames.ue4.GameActivity#0)
01-12 18:40:42.577   582   582 I SurfaceFlinger: isIncludeStatusBarAndNavBar (1)
01-12 18:40:42.577   582   582 I SurfaceFlinger: screenshot (SurfaceView - com.YourCompany.Proj/com.epicgames.ue4.GameActivity#0)
01-12 18:40:42.577   582   582 I SurfaceFlinger: isIncludeStatusBarAndNavBar (1)
01-12 18:40:42.577   582   582 I SurfaceFlinger: screenshot (com.YourCompany.Proj/com.epicgames.ue4.GameActivity#1)
01-12 18:40:42.577   582   582 I SurfaceFlinger: isIncludeStatusBarAndNavBar (1)
01-12 18:40:42.679 32109 32109 I ADB_SERVICES: service_to_fd shell,v2,raw:ps
01-12 18:40:42.693   582   582 I SurfaceFlinger: screenshot (Letterbox - left#1)
01-12 18:40:42.693   582   582 I SurfaceFlinger: isIncludeStatusBarAndNavBar (1)
01-12 18:40:42.693   582   582 I SurfaceFlinger: screenshot (Background for -SurfaceView - com.YourCompany.Proj/com.epicgames.ue4.GameActivity#0)
01-12 18:40:42.693   582   582 I SurfaceFlinger: isIncludeStatusBarAndNavBar (1)
01-12 18:40:42.693   582   582 I SurfaceFlinger: screenshot (SurfaceView - com.YourCompany.Proj/com.epicgames.ue4.GameActivity#0)
01-12 18:40:42.693   582   582 I SurfaceFlinger: isIncludeStatusBarAndNavBar (1)
01-12 18:40:42.693   582   582 I SurfaceFlinger: screenshot (com.YourCompany.Proj/com.epicgames.ue4.GameActivity#1)
01-12 18:40:42.693   582   582 I SurfaceFlinger: isIncludeStatusBarAndNavBar (1)
01-12 18:40:42.741 32109 24617 I ADB_SERVICES: post waitpid (pid=24616) status=0000
01-12 18:40:42.741 32109 32109 I ADB_SERVICES: for fd 26, revents = 2011
01-12 18:40:42.793   582   582 I SurfaceFlinger: screenshot (Letterbox - left#1)
01-12 18:40:42.793   582   582 I SurfaceFlinger: isIncludeStatusBarAndNavBar (1)
01-12 18:40:42.793   582   582 I SurfaceFlinger: screenshot (Background for -SurfaceView - com.YourCompany.Proj/com.epicgames.ue4.GameActivity#0)
01-12 18:40:42.793   582   582 I SurfaceFlinger: isIncludeStatusBarAndNavBar (1)
01-12 18:40:42.793   582   582 I SurfaceFlinger: screenshot (SurfaceView - com.YourCompany.Proj/com.epicgames.ue4.GameActivity#0)
01-12 18:40:42.793   582   582 I SurfaceFlinger: isIncludeStatusBarAndNavBar (1)
01-12 18:40:42.793   582   582 I SurfaceFlinger: screenshot (com.YourCompany.Proj/com.epicgames.ue4.GameActivity#1)
01-12 18:40:42.793   582   582 I SurfaceFlinger: isIncludeStatusBarAndNavBar (1)
01-12 18:40:42.909   582   582 I SurfaceFlinger: screenshot (Letterbox - left#1)
01-12 18:40:42.910   582   582 I SurfaceFlinger: isIncludeStatusBarAndNavBar (1)
01-12 18:40:42.910   582   582 I SurfaceFlinger: screenshot (Background for -SurfaceView - com.YourCompany.Proj/com.epicgames.ue4.GameActivity#0)
01-12 18:40:42.910   582   582 I SurfaceFlinger: isIncludeStatusBarAndNavBar (1)
01-12 18:40:42.910   582   582 I SurfaceFlinger: screenshot (SurfaceView - com.YourCompany.Proj/com.epicgames.ue4.GameActivity#0)
01-12 18:40:42.910   582   582 I SurfaceFlinger: isIncludeStatusBarAndNavBar (1)
01-12 18:40:42.910   582   582 I SurfaceFlinger: screenshot (com.YourCompany.Proj/com.epicgames.ue4.GameActivity#1)
01-12 18:40:42.910   582   582 I SurfaceFlinger: isIncludeStatusBarAndNavBar (1)
01-12 18:40:42.958   516   602 I hwcomposer: [HWCDisplay] [Display_0 (type:1)] fps:59.979942,dur:1000.33,max:17.09,min:16.38  
01-12 18:40:42.980   582   625 I BufferQueueProducer: [SurfaceView - com.YourCompany.Proj/com.epicgames.ue4.GameActivity#0](this:0x727b0ae000,id:8056,api:1,p:24439,c:582) queueBuffer: fps=60.05 dur=1015.77 max=19.92 min=13.39
01-12 18:40:43.026   582   582 I SurfaceFlinger: screenshot (Letterbox - left#1)
01-12 18:40:43.026   582   582 I SurfaceFlinger: isIncludeStatusBarAndNavBar (1)
01-12 18:40:43.026   582   582 I SurfaceFlinger: screenshot (Background for -SurfaceView - com.YourCompany.Proj/com.epicgames.ue4.GameActivity#0)
01-12 18:40:43.026   582   582 I SurfaceFlinger: isIncludeStatusBarAndNavBar (1)
01-12 18:40:43.026   582   582 I SurfaceFlinger: screenshot (SurfaceView - com.YourCompany.Proj/com.epicgames.ue4.GameActivity#0)
01-12 18:40:43.026   582   582 I SurfaceFlinger: isIncludeStatusBarAndNavBar (1)
01-12 18:40:43.027   582   582 I SurfaceFlinger: screenshot (com.YourCompany.Proj/com.epicgames.ue4.GameActivity#1)
01-12 18:40:43.027   582   582 I SurfaceFlinger: isIncludeStatusBarAndNavBar (1)
01-12 18:40:43.135  1235  1452 I MiuiNetworkPolicy: updateUidState uid = 99075, uidState = 11
01-12 18:40:43.135  1235  1452 I MiuiNetworkPolicy: updateUidState uid = 10023, uidState = 6
01-12 18:40:43.143   582   582 I SurfaceFlinger: screenshot (Letterbox - left#1)
01-12 18:40:43.143   582   582 I SurfaceFlinger: isIncludeStatusBarAndNavBar (1)
01-12 18:40:43.143   582   582 I SurfaceFlinger: screenshot (Background for -SurfaceView - com.YourCompany.Proj/com.epicgames.ue4.GameActivity#0)
01-12 18:40:43.143   582   582 I SurfaceFlinger: isIncludeStatusBarAndNavBar (1)
01-12 18:40:43.143   582   582 I SurfaceFlinger: screenshot (SurfaceView - com.YourCompany.Proj/com.epicgames.ue4.GameActivity#0)
01-12 18:40:43.143   582   582 I SurfaceFlinger: isIncludeStatusBarAndNavBar (1)
01-12 18:40:43.143   582   582 I SurfaceFlinger: screenshot (com.YourCompany.Proj/com.epicgames.ue4.GameActivity#1)
01-12 18:40:43.143   582   582 I SurfaceFlinger: isIncludeStatusBarAndNavBar (1)
01-12 18:40:43.150   815   918 D AAL     : 01-12 06:40:43.067 BL= 904,ESS= 266, 01-12 06:40:43.084 BL= 903,ESS= 266, 01-12 06:40:43.117 BL= 901,ESS= 266, 01-12 06:40:43.134 BL= 900,ESS= 266, 01-12 06:40:43.150 BL= 899,ESS= 266, 
01-12 18:40:43.250   815   918 D AAL     : 01-12 06:40:43.184 BL= 898,ESS= 266, 01-12 06:40:43.200 BL= 897,ESS= 266, 01-12 06:40:43.217 BL= 896,ESS= 266, 01-12 06:40:43.233 BL= 895,ESS= 266, 01-12 06:40:43.250 BL= 894,ESS= 266, 
01-12 18:40:43.260   582   582 I SurfaceFlinger: screenshot (Letterbox - left#1)
01-12 18:40:43.260   582   582 I SurfaceFlinger: isIncludeStatusBarAndNavBar (1)
01-12 18:40:43.260   582   582 I SurfaceFlinger: screenshot (Background for -SurfaceView - com.YourCompany.Proj/com.epicgames.ue4.GameActivity#0)
01-12 18:40:43.260   582   582 I SurfaceFlinger: isIncludeStatusBarAndNavBar (1)
01-12 18:40:43.260   582   582 I SurfaceFlinger: screenshot (SurfaceView - com.YourCompany.Proj/com.epicgames.ue4.GameActivity#0)
01-12 18:40:43.260   582   582 I SurfaceFlinger: isIncludeStatusBarAndNavBar (1)
01-12 18:40:43.260   582   582 I SurfaceFlinger: screenshot (com.YourCompany.Proj/com.epicgames.ue4.GameActivity#1)
01-12 18:40:43.260   582   582 I SurfaceFlinger: isIncludeStatusBarAndNavBar (1)
01-12 18:40:43.350   815   918 D AAL     : 01-12 06:40:43.267 BL= 893,ESS= 266, 01-12 06:40:43.284 BL= 892,ESS= 266, 01-12 06:40:43.317 BL= 891,ESS= 266, 01-12 06:40:43.334 BL= 890,ESS= 266, 01-12 06:40:43.350 BL= 889,ESS= 266, 
01-12 18:40:43.352 22703 23174 E ActivityThread: Failed to find provider info for com.vk.im.providers.im
01-12 18:40:43.360   582   582 I SurfaceFlinger: screenshot (Letterbox - left#1)
01-12 18:40:43.360   582   582 I SurfaceFlinger: isIncludeStatusBarAndNavBar (1)
01-12 18:40:43.360   582   582 I SurfaceFlinger: screenshot (Background for -SurfaceView - com.YourCompany.Proj/com.epicgames.ue4.GameActivity#0)
01-12 18:40:43.360   582   582 I SurfaceFlinger: isIncludeStatusBarAndNavBar (1)
01-12 18:40:43.360   582   582 I SurfaceFlinger: screenshot (SurfaceView - com.YourCompany.Proj/com.epicgames.ue4.GameActivity#0)
01-12 18:40:43.360   582   582 I SurfaceFlinger: isIncludeStatusBarAndNavBar (1)
01-12 18:40:43.360   582   582 I SurfaceFlinger: screenshot (com.YourCompany.Proj/com.epicgames.ue4.GameActivity#1)
01-12 18:40:43.360   582   582 I SurfaceFlinger: isIncludeStatusBarAndNavBar (1)
01-12 18:40:43.467   815   918 D AAL     : 01-12 06:40:43.367 BL= 888,ESS= 266, 01-12 06:40:43.384 BL= 887,ESS= 266, 01-12 06:40:43.417 BL= 885,ESS= 266, 01-12 06:40:43.434 BL= 884,ESS= 266, 01-12 06:40:43.467 BL= 883,ESS= 266, 
01-12 18:40:43.477   582   582 I SurfaceFlinger: screenshot (Letterbox - left#1)
01-12 18:40:43.477   582   582 I SurfaceFlinger: isIncludeStatusBarAndNavBar (1)
01-12 18:40:43.477   582   582 I SurfaceFlinger: screenshot (Background for -SurfaceView - com.YourCompany.Proj/com.epicgames.ue4.GameActivity#0)
01-12 18:40:43.477   582   582 I SurfaceFlinger: isIncludeStatusBarAndNavBar (1)
01-12 18:40:43.477   582   582 I SurfaceFlinger: screenshot (SurfaceView - com.YourCompany.Proj/com.epicgames.ue4.GameActivity#0)
01-12 18:40:43.477   582   582 I SurfaceFlinger: isIncludeStatusBarAndNavBar (1)
01-12 18:40:43.477   582   582 I SurfaceFlinger: screenshot (com.YourCompany.Proj/com.epicgames.ue4.GameActivity#1)
01-12 18:40:43.477   582   582 I SurfaceFlinger: isIncludeStatusBarAndNavBar (1)
01-12 18:40:43.486  1235  1337 D AutomaticBrightnessControllerInjector: AmbientLux=10.599454, mAmbientDarkeningThreshold=5.299727, mAmbientBrighteningThreshold=20.599453, angle_xy2horizon=0.0
01-12 18:40:43.486  1235  1337 D AutomaticBrightnessController: updateAutoBrightness: mScreenAutoBrightness=937, newScreenAutoBrightness=1106
01-12 18:40:43.489  1235  1235 V SettingsProvider: Notifying for 0: content://settings/system/screen_brightness
01-12 18:40:43.497   519   519 D lights  : write_int open fd=7
01-12 18:40:43.500   815   918 D AAL     : onBacklightChanged: 937/1023 -> 939/1023(phy:1878/4095)
01-12 18:40:43.509   519   519 D lights  : write_int open fd=7
01-12 18:40:43.516   815   918 D AAL     : onBacklightChanged: 939/1023 -> 946/1023(phy:1892/4095)
01-12 18:40:43.526   519   519 D lights  : write_int open fd=7
01-12 18:40:43.532   815   918 D AAL     : onBacklightChanged: 946/1023 -> 954/1023(phy:1908/4095)
01-12 18:40:43.542   519   519 D lights  : write_int open fd=7
01-12 18:40:43.549   815   918 D AAL     : onBacklightChanged: 954/1023 -> 961/1023(phy:1922/4095)
01-12 18:40:43.550   815   918 D AAL     : 01-12 06:40:43.484 BL= 882,ESS= 266, 01-12 06:40:43.501 BL= 883,ESS= 266, 01-12 06:40:43.517 BL= 888,ESS= 266, 01-12 06:40:43.533 BL= 895,ESS= 266, 01-12 06:40:43.550 BL= 901,ESS= 266, 
01-12 18:40:43.559   519   519 D lights  : write_int open fd=7
01-12 18:40:43.566   815   918 D AAL     : onBacklightChanged: 961/1023 -> 969/1023(phy:1938/4095)
01-12 18:40:43.575   519   519 D lights  : write_int open fd=7
01-12 18:40:43.582   815   918 D AAL     : onBacklightChanged: 969/1023 -> 976/1023(phy:1952/4095)
01-12 18:40:43.592   519   519 D lights  : write_int open fd=7
01-12 18:40:43.593   582   582 I SurfaceFlinger: screenshot (Letterbox - left#1)
01-12 18:40:43.593   582   582 I SurfaceFlinger: isIncludeStatusBarAndNavBar (1)
01-12 18:40:43.593   582   582 I SurfaceFlinger: screenshot (Background for -SurfaceView - com.YourCompany.Proj/com.epicgames.ue4.GameActivity#0)
01-12 18:40:43.593   582   582 I SurfaceFlinger: isIncludeStatusBarAndNavBar (1)
01-12 18:40:43.593   582   582 I SurfaceFlinger: screenshot (SurfaceView - com.YourCompany.Proj/com.epicgames.ue4.GameActivity#0)
01-12 18:40:43.593   582   582 I SurfaceFlinger: isIncludeStatusBarAndNavBar (1)
01-12 18:40:43.593   582   582 I SurfaceFlinger: screenshot (com.YourCompany.Proj/com.epicgames.ue4.GameActivity#1)
01-12 18:40:43.593   582   582 I SurfaceFlinger: isIncludeStatusBarAndNavBar (1)
01-12 18:40:43.599   815   918 D AAL     : onBacklightChanged: 976/1023 -> 984/1023(phy:1968/4095)
01-12 18:40:43.609   519   519 D lights  : write_int open fd=7
01-12 18:40:43.616   815   918 D AAL     : onBacklightChanged: 984/1023 -> 991/1023(phy:1982/4095)
01-12 18:40:43.625   519   519 D lights  : write_int open fd=7
01-12 18:40:43.632   815   918 D AAL     : onBacklightChanged: 991/1023 -> 999/1023(phy:1998/4095)
01-12 18:40:43.633   815   918 D AAL     : 01-12 06:40:43.567 BL= 907,ESS= 266, 01-12 06:40:43.584 BL= 913,ESS= 266, 01-12 06:40:43.601 BL= 920,ESS= 266, 01-12 06:40:43.618 BL= 925,ESS= 266, 01-12 06:40:43.633 BL= 932,ESS= 266, 
01-12 18:40:43.642   519   519 D lights  : write_int open fd=7
01-12 18:40:43.649  1235  1337 V DisplayPowerController: Brightness [20] reason changing to: 'automatic [ dim ]', previous reason: 'automatic'.
01-12 18:40:43.649   815   918 D AAL     : onBacklightChanged: 999/1023 -> 1006/1023(phy:2012/4095)
01-12 18:40:43.659   519   519 D lights  : write_int open fd=7
01-12 18:40:43.666   815   918 D AAL     : onBacklightChanged: 1006/1023 -> 965/1023(phy:1930/4095)
01-12 18:40:43.676   519   519 D lights  : write_int open fd=7
01-12 18:40:43.682   815   918 D AAL     : onBacklightChanged: 965/1023 -> 924/1023(phy:1848/4095)
01-12 18:40:43.692   519   519 D lights  : write_int open fd=7
01-12 18:40:43.693   582   582 I SurfaceFlinger: screenshot (Letterbox - left#1)
01-12 18:40:43.693   582   582 I SurfaceFlinger: isIncludeStatusBarAndNavBar (1)
01-12 18:40:43.693   582   582 I SurfaceFlinger: screenshot (Background for -SurfaceView - com.YourCompany.Proj/com.epicgames.ue4.GameActivity#0)
01-12 18:40:43.693   582   582 I SurfaceFlinger: isIncludeStatusBarAndNavBar (1)
01-12 18:40:43.693   582   582 I SurfaceFlinger: screenshot (SurfaceView - com.YourCompany.Proj/com.epicgames.ue4.GameActivity#0)
01-12 18:40:43.693   582   582 I SurfaceFlinger: isIncludeStatusBarAndNavBar (1)
01-12 18:40:43.693   582   582 I SurfaceFlinger: screenshot (com.YourCompany.Proj/com.epicgames.ue4.GameActivity#1)
01-12 18:40:43.693   582   582 I SurfaceFlinger: isIncludeStatusBarAndNavBar (1)
01-12 18:40:43.699   815   918 D AAL     : onBacklightChanged: 924/1023 -> 883/1023(phy:1766/4095)
01-12 18:40:43.709   519   519 D lights  : write_int open fd=7
01-12 18:40:43.716   815   918 D AAL     : onBacklightChanged: 883/1023 -> 842/1023(phy:1684/4095)
01-12 18:40:43.717   815   918 D AAL     : 01-12 06:40:43.651 BL= 937,ESS= 266, 01-12 06:40:43.667 BL= 898,ESS= 266, 01-12 06:40:43.684 BL= 859,ESS= 266, 01-12 06:40:43.700 BL= 820,ESS= 266, 01-12 06:40:43.717 BL= 781,ESS= 266, 
01-12 18:40:43.726   519   519 D lights  : write_int open fd=7
01-12 18:40:43.733   815   918 D AAL     : onBacklightChanged: 842/1023 -> 801/1023(phy:1602/4095)
01-12 18:40:43.742   519   519 D lights  : write_int open fd=7
01-12 18:40:43.749   815   918 D AAL     : onBacklightChanged: 801/1023 -> 759/1023(phy:1518/4095)
01-12 18:40:43.759   519   519 D lights  : write_int open fd=7
01-12 18:40:43.766   815   918 D AAL     : onBacklightChanged: 759/1023 -> 718/1023(phy:1436/4095)
01-12 18:40:43.776   519   519 D lights  : write_int open fd=7
01-12 18:40:43.780 32109 32109 I ADB_SERVICES: service_to_fd shell,v2,raw:ps
01-12 18:40:43.783   815   918 D AAL     : onBacklightChanged: 718/1023 -> 677/1023(phy:1354/4095)
01-12 18:40:43.792   519   519 D lights  : write_int open fd=7
01-12 18:40:43.793   582   582 I SurfaceFlinger: screenshot (Letterbox - left#1)
01-12 18:40:43.793   582   582 I SurfaceFlinger: isIncludeStatusBarAndNavBar (1)
01-12 18:40:43.793   582   582 I SurfaceFlinger: screenshot (Background for -SurfaceView - com.YourCompany.Proj/com.epicgames.ue4.GameActivity#0)
01-12 18:40:43.793   582   582 I SurfaceFlinger: isIncludeStatusBarAndNavBar (1)
01-12 18:40:43.793   582   582 I SurfaceFlinger: screenshot (SurfaceView - com.YourCompany.Proj/com.epicgames.ue4.GameActivity#0)
01-12 18:40:43.793   582   582 I SurfaceFlinger: isIncludeStatusBarAndNavBar (1)
01-12 18:40:43.793   582   582 I SurfaceFlinger: screenshot (com.YourCompany.Proj/com.epicgames.ue4.GameActivity#1)
01-12 18:40:43.793   582   582 I SurfaceFlinger: isIncludeStatusBarAndNavBar (1)
01-12 18:40:43.799   815   918 D AAL     : onBacklightChanged: 677/1023 -> 636/1023(phy:1272/4095)
01-12 18:40:43.800   815   918 D AAL     : 01-12 06:40:43.734 BL= 742,ESS= 266, 01-12 06:40:43.751 BL= 703,ESS= 266, 01-12 06:40:43.767 BL= 664,ESS= 266, 01-12 06:40:43.784 BL= 625,ESS= 266, 01-12 06:40:43.800 BL= 587,ESS= 266, 
01-12 18:40:43.809   519   519 D lights  : write_int open fd=7
01-12 18:40:43.816   815   918 D AAL     : onBacklightChanged: 636/1023 -> 595/1023(phy:1190/4095)
01-12 18:40:43.826   519   519 D lights  : write_int open fd=7
01-12 18:40:43.830 32109 24619 I ADB_SERVICES: post waitpid (pid=24618) status=0000
01-12 18:40:43.830 32109 32109 I ADB_SERVICES: for fd 26, revents = 2010
01-12 18:40:43.830 32109 32109 I ADB_SERVICES: for fd 26, revents = 2011
01-12 18:40:43.832   815   918 D AAL     : onBacklightChanged: 595/1023 -> 554/1023(phy:1108/4095)
01-12 18:40:43.842   519   519 D lights  : write_int open fd=7
01-12 18:40:43.849   815   918 D AAL     : onBacklightChanged: 554/1023 -> 513/1023(phy:1026/4095)
01-12 18:40:43.859   519   519 D lights  : write_int open fd=7
01-12 18:40:43.866   815   918 D AAL     : onBacklightChanged: 513/1023 -> 472/1023(phy:944/4095)
01-12 18:40:43.876   519   519 D lights  : write_int open fd=7
01-12 18:40:43.883   815   918 D AAL     : onBacklightChanged: 472/1023 -> 431/1023(phy:862/4095)
01-12 18:40:43.884   815   918 D AAL     : 01-12 06:40:43.817 BL= 549,ESS= 266, 01-12 06:40:43.834 BL= 511,ESS= 266, 01-12 06:40:43.851 BL= 473,ESS= 266, 01-12 06:40:43.867 BL= 435,ESS= 266, 01-12 06:40:43.884 BL= 398,ESS= 266, 
01-12 18:40:43.892   519   519 D lights  : write_int open fd=7
01-12 18:40:43.899   815   918 D AAL     : onBacklightChanged: 431/1023 -> 389/1023(phy:778/4095)
01-12 18:40:43.909   519   519 D lights  : write_int open fd=7
01-12 18:40:43.910   582   582 I SurfaceFlinger: screenshot (Letterbox - left#1)
01-12 18:40:43.910   582   582 I SurfaceFlinger: isIncludeStatusBarAndNavBar (1)
01-12 18:40:43.910   582   582 I SurfaceFlinger: screenshot (Background for -SurfaceView - com.YourCompany.Proj/com.epicgames.ue4.GameActivity#0)
01-12 18:40:43.910   582   582 I SurfaceFlinger: isIncludeStatusBarAndNavBar (1)
01-12 18:40:43.910   582   582 I SurfaceFlinger: screenshot (SurfaceView - com.YourCompany.Proj/com.epicgames.ue4.GameActivity#0)
01-12 18:40:43.910   582   582 I SurfaceFlinger: isIncludeStatusBarAndNavBar (1)
01-12 18:40:43.910   582   582 I SurfaceFlinger: screenshot (com.YourCompany.Proj/com.epicgames.ue4.GameActivity#1)
01-12 18:40:43.910   582   582 I SurfaceFlinger: isIncludeStatusBarAndNavBar (1)
01-12 18:40:43.916   815   918 D AAL     : onBacklightChanged: 389/1023 -> 348/1023(phy:696/4095)
01-12 18:40:43.926   519   519 D lights  : write_int open fd=7
01-12 18:40:43.933   815   918 D AAL     : onBacklightChanged: 348/1023 -> 307/1023(phy:614/4095)
01-12 18:40:43.943   519   519 D lights  : write_int open fd=7
01-12 18:40:43.949   815   918 D AAL     : onBacklightChanged: 307/1023 -> 266/1023(phy:532/4095)
01-12 18:40:43.959   516   602 I hwcomposer: [HWCDisplay] [Display_0 (type:1)] fps:59.971672,dur:1000.47,max:17.04,min:16.32  
01-12 18:40:43.959   519   519 D lights  : write_int open fd=7
01-12 18:40:43.966   815   918 D AAL     : onBacklightChanged: 266/1023 -> 225/1023(phy:450/4095)
01-12 18:40:43.967   815   918 D AAL     : 01-12 06:40:43.900 BL= 359,ESS= 266, 01-12 06:40:43.917 BL= 321,ESS= 266, 01-12 06:40:43.934 BL= 283,ESS= 266, 01-12 06:40:43.950 BL= 245,ESS= 266, 01-12 06:40:43.967 BL= 207,ESS= 266, 
01-12 18:40:43.976   519   519 D lights  : write_int open fd=7
01-12 18:40:43.976   793 23078 E MtkV4L2Device: [0xe8cb4cdc] BSQFlushing(1), FBQFlushing(0), BSQFlushDone(0), FBQFlushDone(0)
01-12 18:40:43.982   815   918 D AAL     : onBacklightChanged: 225/1023 -> 184/1023(phy:368/4095)
01-12 18:40:43.986   793 23078 E MtkV4L2Device: [0xe8cb4cdc] BSQFlushing(1), FBQFlushing(0), BSQFlushDone(0), FBQFlushDone(1)
01-12 18:40:43.992   519   519 D lights  : write_int open fd=7
01-12 18:40:43.995   582   630 I BufferQueueProducer: [SurfaceView - com.YourCompany.Proj/com.epicgames.ue4.GameActivity#0](this:0x727b0ae000,id:8056,api:1,p:24439,c:582) queueBuffer: fps=60.08 dur=1015.36 max=19.24 min=14.69
01-12 18:40:43.996   793 23078 E MtkV4L2Device: [0xe8cb4cdc] BSQFlushing(1), FBQFlushing(0), BSQFlushDone(0), FBQFlushDone(1)
01-12 18:40:43.998   793 23078 I chatty  : uid=1046(mediacodec) omx@1.0-service identical 2 lines
01-12 18:40:43.999   793 23078 E MtkV4L2Device: [0xe8cb4cdc] BSQFlushing(1), FBQFlushing(0), BSQFlushDone(0), FBQFlushDone(1)
01-12 18:40:43.999   815   918 D AAL     : onBacklightChanged: 184/1023 -> 143/1023(phy:286/4095)
01-12 18:40:44.000   793 23078 E MtkV4L2Device: [0xe8cb4cdc] BSQFlushing(1), FBQFlushing(0), BSQFlushDone(0), FBQFlushDone(1)
01-12 18:40:44.009   519   519 D lights  : write_int open fd=7
01-12 18:40:44.010   793 23077 E MtkOmxVdecExV4L2: [0xe8cb4a80] --- FTBQ: mNumPendingOutput 0; mFillThisBufQ.size() 0,  CCDst: 0, CCSrc: 0
01-12 18:40:44.010   793 23077 E MtkOmxVdecExV4L2: [0xe8cb4a80] + Wait FB flush done, wait mFlushFrameBufferDoneSem, mDecoderInitCompleteFlag(1), queuedFrameBufferCount(0), mFlushInProcess(1)
01-12 18:40:44.011   793 23077 E MtkOmxVdecExV4L2: [0xe8cb4a80] - Wait FB flush done, mFlushFrameBufferDoneSem 0
01-12 18:40:44.011   793 23077 E MtkOmxVdecExV4L2: [0xe8cb4a80] -FlushOutputPort -> mNumPendingOutput(0)
01-12 18:40:44.015 22703 24620 D AudioTrack: stop(sessionID=6793)
01-12 18:40:44.015 22703 24620 D AudioTrack: stop(889): 0x6fd850b000, prior state:STATE_FLUSHED
01-12 18:40:44.016 22703 24620 D AudioTrack: ~AudioTrack(889): 0x6fd850b000
01-12 18:40:44.016 22703 24620 D AudioTrack: ~AudioTrack(sessionID=6793)
01-12 18:40:44.016   815   918 D AAL     : onBacklightChanged: 143/1023 -> 102/1023(phy:204/4095)
01-12 18:40:44.017 22703 24620 D AudioTrack: stop(sessionID=6793)
01-12 18:40:44.017 22703 24620 D AudioTrack: stop(889): 0x6fd850b000, prior state:STATE_FLUSHED
01-12 18:40:44.019  2786  3426 D AudioManager: getStreamVolume isRestricted mode = 0
01-12 18:40:44.021  2786  3426 D AudioManager: getStreamVolume isRestricted mode = 0
01-12 18:40:44.026   519   519 D lights  : write_int open fd=7
01-12 18:40:44.027   582   582 I SurfaceFlinger: screenshot (Letterbox - left#1)
01-12 18:40:44.027   582   582 I SurfaceFlinger: isIncludeStatusBarAndNavBar (1)
01-12 18:40:44.027   582   582 I SurfaceFlinger: screenshot (Background for -SurfaceView - com.YourCompany.Proj/com.epicgames.ue4.GameActivity#0)
01-12 18:40:44.027   582   582 I SurfaceFlinger: isIncludeStatusBarAndNavBar (1)
01-12 18:40:44.027   582   582 I SurfaceFlinger: screenshot (SurfaceView - com.YourCompany.Proj/com.epicgames.ue4.GameActivity#0)
01-12 18:40:44.027   582   582 I SurfaceFlinger: isIncludeStatusBarAndNavBar (1)
01-12 18:40:44.027   582   582 I SurfaceFlinger: screenshot (com.YourCompany.Proj/com.epicgames.ue4.GameActivity#1)
01-12 18:40:44.027   582   582 I SurfaceFlinger: isIncludeStatusBarAndNavBar (1)
01-12 18:40:44.027 22703 23086 D CCodecBuffers: [c2.android.aac.decoder#49:1D-Output.Impl[N]] Client returned a buffer it does not own according to our record: 0
01-12 18:40:44.027 22703 23086 D CCodecBuffers: [c2.android.aac.decoder#49:1D-Output.Impl[N]] Client returned a buffer it does not own according to our record: 1
01-12 18:40:44.027 22703 23086 D CCodecBuffers: [c2.android.aac.decoder#49:1D-Output.Impl[N]] Client returned a buffer it does not own according to our record: 2
01-12 18:40:44.028 22703 23086 W Codec2Client: query -- param skipped: index = 1342179345.
01-12 18:40:44.028 22703 23086 W Codec2Client: query -- param skipped: index = 2415921170.
01-12 18:40:44.028 22703 23086 W Codec2Client: query -- param skipped: index = 1610614798.
01-12 18:40:44.033   815   918 D AAL     : onBacklightChanged: 102/1023 -> 61/1023(phy:122/4095)
01-12 18:40:44.038   793 23077 E MtkOmxVdecExV4L2: [0xe8cb4a80] --- FTBQ: mNumPendingOutput 15; mFillThisBufQ.size() 14,  CCDst: 0, CCSrc: 0
01-12 18:40:44.038   793 23077 E MtkOmxVdecExV4L2: [0xe8cb4a80] + Wait FB flush done, wait mFlushFrameBufferDoneSem, mDecoderInitCompleteFlag(1), queuedFrameBufferCount(1), mFlushInProcess(1)
01-12 18:40:44.042   519   519 D lights  : write_int open fd=7
01-12 18:40:44.049   815   918 D AAL     : onBacklightChanged: 61/1023 -> 20/1023(phy:40/4095)
01-12 18:40:44.050   815   918 D AAL     : 01-12 06:40:43.983 BL= 170,ESS= 266, 01-12 06:40:44.001 BL= 132,ESS= 266, 01-12 06:40:44.018 BL=  94,ESS= 266, 01-12 06:40:44.033 BL=  56,ESS= 266, 01-12 06:40:44.050 BL=  18,ESS= 266, 
01-12 18:40:44.056   793 23078 E MtkOmxVdecExV4L2: [0xe8cb4a80] Dequeued PTS: -1  NOT exist
01-12 18:40:44.056   793 23077 E MtkOmxVdecExV4L2: [0xe8cb4a80] - Wait FB flush done, mFlushFrameBufferDoneSem 0
01-12 18:40:44.056   793 23077 E MtkOmxVdecExV4L2: [0xe8cb4a80] -FlushOutputPort -> mNumPendingOutput(0)
01-12 18:40:44.061 22703 23073 D BufferQueueProducer: [SurfaceTexture-1-22703-1](this:0x6ff47a2800,id:1,api:3,p:22703,c:22703) cancelBuffer: slot 0
01-12 18:40:44.061 22703 23073 D BufferQueueProducer: [SurfaceTexture-1-22703-1](this:0x6ff47a2800,id:1,api:3,p:22703,c:22703) cancelBuffer: slot 1
01-12 18:40:44.062 22703 23073 D BufferQueueProducer: [SurfaceTexture-1-22703-1](this:0x6ff47a2800,id:1,api:3,p:22703,c:22703) cancelBuffer: slot 2
