01-10 23:03:03.258 15405 15441 D UE4     : [2021.01.10-20.03.03:258][  0]LogImageWrapper: Warning: PNG Warning: iCCP: known incorrect sRGB profile
01-10 23:03:03.259 15405 15441 D UE4     : [2021.01.10-20.03.03:259][  0]LogImageWrapper: Warning: PNG Warning: iCCP: cHRM chunk does not match sRGB
01-10 23:03:03.259 15405 15441 D UE4     : [2021.01.10-20.03.03:259][  0]LogImageWrapper: Warning: PNG Warning: iCCP: known incorrect sRGB profile
01-10 23:03:03.259 15405 15441 D UE4     : [2021.01.10-20.03.03:259][  0]LogImageWrapper: Warning: PNG Warning: iCCP: cHRM chunk does not match sRGB
01-10 23:03:03.259 15405 15470 D UE4     : [2021.01.10-20.03.03:259][  0]LogImageWrapper: Warning: PNG Warning: iCCP: known incorrect sRGB profile
01-10 23:03:03.259 15405 15470 D UE4     : [2021.01.10-20.03.03:259][  0]LogImageWrapper: Warning: PNG Warning: iCCP: cHRM chunk does not match sRGB
01-10 23:03:03.259 15405 15470 D UE4     : [2021.01.10-20.03.03:259][  0]LogImageWrapper: Warning: PNG Warning: iCCP: known incorrect sRGB profile
01-10 23:03:03.259 15405 15470 D UE4     : [2021.01.10-20.03.03:259][  0]LogImageWrapper: Warning: PNG Warning: iCCP: cHRM chunk does not match sRGB
01-10 23:03:03.259 15405 15471 D UE4     : [2021.01.10-20.03.03:259][  0]LogImageWrapper: Warning: PNG Warning: iCCP: known incorrect sRGB profile
01-10 23:03:03.259 15405 15471 D UE4     : [2021.01.10-20.03.03:259][  0]LogImageWrapper: Warning: PNG Warning: iCCP: known incorrect sRGB profile
01-10 23:03:03.259 15405 15472 D UE4     : [2021.01.10-20.03.03:259][  0]LogImageWrapper: Warning: PNG Warning: iCCP: known incorrect sRGB profile
01-10 23:03:03.259 15405 15472 D UE4     : [2021.01.10-20.03.03:259][  0]LogImageWrapper: Warning: PNG Warning: iCCP: cHRM chunk does not match sRGB
01-10 23:03:03.259 15405 15472 D UE4     : [2021.01.10-20.03.03:259][  0]LogImageWrapper: Warning: PNG Warning: iCCP: known incorrect sRGB profile
01-10 23:03:03.259 15405 15472 D UE4     : [2021.01.10-20.03.03:259][  0]LogImageWrapper: Warning: PNG Warning: iCCP: cHRM chunk does not match sRGB
01-10 23:03:03.260 15405 15470 D UE4     : [2021.01.10-20.03.03:260][  0]LogImageWrapper: Warning: PNG Warning: iCCP: known incorrect sRGB profile
01-10 23:03:03.260 15405 15470 I chatty  : uid=10485(com.YourCompany.Proj) identical 2 lines
01-10 23:03:03.260 15405 15470 D UE4     : [2021.01.10-20.03.03:260][  0]LogImageWrapper: Warning: PNG Warning: iCCP: known incorrect sRGB profile
01-10 23:03:03.261 15405 15472 D UE4     : [2021.01.10-20.03.03:261][  0]LogImageWrapper: Warning: PNG Warning: iCCP: known incorrect sRGB profile
01-10 23:03:03.261 15405 15472 D UE4     : [2021.01.10-20.03.03:261][  0]LogImageWrapper: Warning: PNG Warning: iCCP: known incorrect sRGB profile
01-10 23:03:03.261 15405 15469 D UE4     : [2021.01.10-20.03.03:261][  0]LogImageWrapper: Warning: PNG Warning: iCCP: known incorrect sRGB profile
01-10 23:03:03.261 15405 15469 D UE4     : [2021.01.10-20.03.03:261][  0]LogImageWrapper: Warning: PNG Warning: iCCP: known incorrect sRGB profile
01-10 23:03:03.262 15405 15470 D UE4     : [2021.01.10-20.03.03:262][  0]LogImageWrapper: Warning: PNG Warning: iCCP: known incorrect sRGB profile
01-10 23:03:03.262 15405 15470 D UE4     : [2021.01.10-20.03.03:262][  0]LogImageWrapper: Warning: PNG Warning: iCCP: known incorrect sRGB profile
01-10 23:03:03.262 15405 15471 D UE4     : [2021.01.10-20.03.03:262][  0]LogImageWrapper: Warning: PNG Warning: iCCP: known incorrect sRGB profile
01-10 23:03:03.262 15405 15472 D UE4     : [2021.01.10-20.03.03:262][  0]LogImageWrapper: Warning: PNG Warning: iCCP: known incorrect sRGB profile
01-10 23:03:03.263 15405 15472 D UE4     : [2021.01.10-20.03.03:263][  0]LogImageWrapper: Warning: PNG Warning: iCCP: known incorrect sRGB profile
01-10 23:03:03.263 15405 15471 D UE4     : [2021.01.10-20.03.03:263][  0]LogImageWrapper: Warning: PNG Warning: iCCP: known incorrect sRGB profile
01-10 23:03:03.263 15405 15469 D UE4     : [2021.01.10-20.03.03:263][  0]LogImageWrapper: Warning: PNG Warning: iCCP: known incorrect sRGB profile
01-10 23:03:03.263 15405 15469 D UE4     : [2021.01.10-20.03.03:263][  0]LogImageWrapper: Warning: PNG Warning: iCCP: known incorrect sRGB profile
01-10 23:03:03.263 15405 15441 D UE4     : [2021.01.10-20.03.03:263][  0]LogImageWrapper: Warning: PNG Warning: iCCP: known incorrect sRGB profile
01-10 23:03:03.263 15405 15441 D UE4     : [2021.01.10-20.03.03:263][  0]LogImageWrapper: Warning: PNG Warning: iCCP: known incorrect sRGB profile
01-10 23:03:03.282 15405 15441 D UE4     : [2021.01.10-20.03.03:282][  0]LogShaderLibrary: Display: Using ../../../Proj/Content/ShaderArchive-Proj-GLSL_ES3_1_ANDROID.ushaderbytecode for material shader code. Total 1924 unique shaders.
01-10 23:03:03.282 15405 15441 D UE4     : [2021.01.10-20.03.03:282][  0]LogShaderLibrary: Display: Cooked Context: Using Shared Shader Library Proj
01-10 23:03:03.282 15405 15441 D UE4     : [2021.01.10-20.03.03:282][  0]LogRHI: Display: Opened pipeline cache after state change and enqueued 0 of 0 tasks for precompile.
01-10 23:03:03.282 15405 15441 D UE4     : [2021.01.10-20.03.03:282][  0]LogRHI: Display: Failed to open default shader pipeline cache for Proj using shader platform 24.
01-10 23:03:03.282 15405 15441 D UE4     : [2021.01.10-20.03.03:282][  0]LogInit: Using OS detected language (ru-RU).
01-10 23:03:03.282 15405 15441 D UE4     : [2021.01.10-20.03.03:282][  0]LogInit: Using OS detected locale (ru-RU).
01-10 23:03:03.282 15405 15441 D UE4     : [2021.01.10-20.03.03:282][  0]LogTextLocalizationManager: No localization for 'ru-RU' exists, so 'en' will be used for the language.
01-10 23:03:03.282 15405 15441 D UE4     : [2021.01.10-20.03.03:282][  0]LogTextLocalizationManager: No localization for 'ru-RU' exists, so 'en' will be used for the locale.
01-10 23:03:03.284 15405 15441 D UE4     : [2021.01.10-20.03.03:284][  0]LogTextLocalizationManager: Compacting localization data took   1.71ms
01-10 23:03:03.290 15405 15441 D UE4     : [2021.01.10-20.03.03:290][  0]LogAssetRegistry: FAssetRegistry took 0.0056 seconds to start up
01-10 23:03:03.335   516   679 I hwcomposer: [DPY] receive refesh frquest from driver: type[4]  
01-10 23:03:03.335   516   679 I hwcomposer: [HWC] fire a callback of refresh to SF  
01-10 23:03:03.342   582   582 I BufferQueueProducer: [FramebufferSurface](this:0x7282501800,id:0,api:1,p:582,c:582) queueBuffer: fps=16.63 dur=1382.68 max=633.88 min=12.61
01-10 23:03:03.350 15405 15494 D UE4     : [2021.01.10-20.03.03:350][  0]LogRHI: AndroidEGL:SwapBuffers eglGetCompositorTimingANDROID EGL_COMPOSITE_DEADLINE_ANDROID=61643349567629, EGL_COMPOSITE_INTERVAL_ANDROID=16671974, EGL_COMPOSITE_TO_PRESENT_LATENCY_ANDROID=25043948
01-10 23:03:03.352 15405 15494 D UE4     : [2021.01.10-20.03.03:352][  0]LogRHI: JNI Display getRefreshRate=59.990002
01-10 23:03:03.352 15405 15494 D UE4     : [2021.01.10-20.03.03:352][  0]LogRHI: Final display timing metrics: DriverRefreshRate=59.9809  DriverRefreshNanos=16671974
01-10 23:03:03.352 15405 15494 D UE4     : [2021.01.10-20.03.03:352][  0]LogRHI: AndroidEGL:SwapBuffers Min=0, Max=1, Request=1, ClosestDriver=1, SetDriver=1
01-10 23:03:03.352 15405 15494 D UE4     : [2021.01.10-20.03.03:352][  0]LogRHI: Called eglSwapInterval 1
01-10 23:03:03.373   582   582 I SurfaceFlinger: screenshot (Letterbox - left#1)
01-10 23:03:03.373   582   582 I SurfaceFlinger: isIncludeStatusBarAndNavBar (1)
01-10 23:03:03.373   582   582 I SurfaceFlinger: screenshot (Background for -SurfaceView - com.YourCompany.Proj/com.epicgames.ue4.GameActivity#0)
01-10 23:03:03.373   582   582 I SurfaceFlinger: isIncludeStatusBarAndNavBar (1)
01-10 23:03:03.373   582   582 I SurfaceFlinger: screenshot (SurfaceView - com.YourCompany.Proj/com.epicgames.ue4.GameActivity#0)
01-10 23:03:03.373   582   582 I SurfaceFlinger: isIncludeStatusBarAndNavBar (1)
01-10 23:03:03.373   582   582 I SurfaceFlinger: screenshot (com.YourCompany.Proj/com.epicgames.ue4.GameActivity#1)
01-10 23:03:03.373   582   582 I SurfaceFlinger: isIncludeStatusBarAndNavBar (1)
01-10 23:03:03.373   582   582 I SurfaceFlinger: screenshot (com.YourCompany.Proj/com.epicgames.ue4.GameActivity#0)
01-10 23:03:03.373   582   582 I SurfaceFlinger: isIncludeStatusBarAndNavBar (1)
01-10 23:03:03.373   582   582 I SurfaceFlinger: screenshot (MiuiContrastOverlay#0)
01-10 23:03:03.373   582   582 I SurfaceFlinger: isIncludeStatusBarAndNavBar (1)
01-10 23:03:03.405 15405 15441 D UE4     : [2021.01.10-20.03.03:405][  0]LogStreaming: Display: FlushAsyncLoading: 1 QueuedPackages, 0 AsyncPackages
01-10 23:03:03.405 15405 15441 D UE4     : [2021.01.10-20.03.03:405][  0]LogPackageLocalizationCache: Processed 18 localized package path(s) for 1 prioritized culture(s) in 0.000083 seconds
01-10 23:03:03.416 15405 15441 D UE4     : [2021.01.10-20.03.03:416][  0]LogSerialization: Display: AllowBulkDataInIoStore: 'true'
01-10 23:03:03.417 15405 15441 D UE4     : [2021.01.10-20.03.03:417][  0]LogInit: Active device profile: [0x7060250040][0x706020d8a0 49] Android_Mali_G76
01-10 23:03:03.417 15405 15441 D UE4     : [2021.01.10-20.03.03:417][  0]LogInit: Profiles: [0x7060252c80][0x706020ec50 49] Android, [0x7060252e00][0x70be5a0010 49] Android_High, [0x7060250040][0x706020d8a0 49] Android_Mali_G76, 
01-10 23:03:03.437 15405 15441 D UE4     : [2021.01.10-20.03.03:437][  0]LogNetVersion: Proj 1.0.0, NetCL: 14830424, EngineNetVer: 16, GameNetVer: 0 (Checksum: 1994436291)
01-10 23:03:03.439   433   443 E PSITrigger: get PSI events detail failed!! errno=25
01-10 23:03:03.524 15405 15441 D UE4     : [2021.01.10-20.03.03:524][  0]LogAudioCaptureCore: Display: No Audio Capture implementations found. Audio input will be silent.
01-10 23:03:03.524 15405 15441 D UE4     : [2021.01.10-20.03.03:524][  0]LogAudioCaptureCore: Display: No Audio Capture implementations found. Audio input will be silent.
01-10 23:03:03.531 15405 15441 D UE4     : [2021.01.10-20.03.03:531][  0]LogHMD: PokeAHoleMaterial loaded successfully
01-10 23:03:03.579   815   918 D AAL     : 01-10 11:03:03.278 BL= 102,ESS= 326, 01-10 11:03:03.345 BL= 102,ESS= 324, 01-10 11:03:03.429 BL= 103,ESS= 322, 01-10 11:03:03.512 BL= 103,ESS= 320, 01-10 11:03:03.579 BL= 104,ESS= 320, 
01-10 23:03:03.600 15405 15441 D UE4     : [2021.01.10-20.03.03:600][  0]LogMoviePlayer: Initializing movie player
01-10 23:03:03.600 15405 15441 D UE4     : [2021.01.10-20.03.03:600][  0]LogTcpMessaging: Initializing TcpMessaging bridge, listening on 127.0.0.1:6666
01-10 23:03:03.601 15405 15441 D UE4     : [2021.01.10-20.03.03:601][  0]LogUdpMessaging: Initializing bridge on interface 0.0.0.0:0 to multicast group 230.0.0.1:6666.
01-10 23:03:03.606 15405 15441 D UE4     : [2021.01.10-20.03.03:606][  0]LogAndroidPermission: UAndroidPermissionCallbackProxy::GetInstance
01-10 23:03:03.606 15405 15441 D UE4     : [2021.01.10-20.03.03:606][  0]LogGooglePAD: Display: GooglePAD disabled.
01-10 23:03:03.606 15405 15441 D UE4     : [2021.01.10-20.03.03:606][  0]LogOcInput: OculusInput pre-init called
01-10 23:03:03.613 15405 15441 D UE4     : [2021.01.10-20.03.03:613][  0]LogUObjectArray: 14621 objects as part of root set at end of initial load.
01-10 23:03:03.613 15405 15441 D UE4     : [2021.01.10-20.03.03:613][  0]LogUObjectArray: 2 objects are not in the root set, but can never be destroyed because they are in the DisregardForGC set.
01-10 23:03:03.613 15405 15441 D UE4     : [2021.01.10-20.03.03:613][  0]LogUObjectAllocator: 2964216 out of 0 bytes used by permanent object pool.
01-10 23:03:03.613 15405 15441 D UE4     : [2021.01.10-20.03.03:613][  0]LogUObjectArray: CloseDisregardForGC: 14621/14621 objects in disregard for GC pool
01-10 23:03:03.624 15405 15441 D UE4     : [2021.01.10-20.03.03:624][  0]LogAndroid: Display: Passed PreInit()
01-10 23:03:03.624 15405 15441 D UE4     : [2021.01.10-20.03.03:624][  0]LogEngine: Initializing Engine...
01-10 23:03:03.625 15405 15441 D UE4     : [2021.01.10-20.03.03:625][  0]LogStats: UGameplayTagsManager::InitializeManager -  0.000 s
01-10 23:03:03.656 15405 15441 D UE4     : [2021.01.10-20.03.03:656][  0]LogInit: Initializing FReadOnlyCVARCache
01-10 23:03:03.656 15405 15441 D UE4     : [2021.01.10-20.03.03:656][  0]LogAudio: Display: Initializing Audio Device Manager...
01-10 23:03:03.656 15405 15441 D UE4     : [2021.01.10-20.03.03:656][  0]LogAudio: Display: Audio Device Manager Initialized
01-10 23:03:03.656 15405 15441 D UE4     : [2021.01.10-20.03.03:656][  0]LogAudio: Display: Creating Audio Device:                 Id: 1, Scope: Shared, Realtime: True
01-10 23:03:03.657 15405 15441 D UE4     : [GameActivity] [JAVA] audiomanager.framesPerBuffer = 256
01-10 23:03:03.657 15405 15441 D UE4     : [2021.01.10-20.03.03:657][  0]LogAudioMixer: Display: Audio Mixer Platform Settings:
01-10 23:03:03.657 15405 15441 D UE4     : [2021.01.10-20.03.03:657][  0]LogAudioMixer: Display: 	Sample Rate:						  48000
01-10 23:03:03.657 15405 15441 D UE4     : [2021.01.10-20.03.03:657][  0]LogAudioMixer: Display: 	Callback Buffer Frame Size Requested: 1024
01-10 23:03:03.657 15405 15441 D UE4     : [2021.01.10-20.03.03:657][  0]LogAudioMixer: Display: 	Callback Buffer Frame Size To Use:	  1024
01-10 23:03:03.657 15405 15441 D UE4     : [2021.01.10-20.03.03:657][  0]LogAudioMixer: Display: 	Number of buffers to queue:			  2
01-10 23:03:03.657 15405 15441 D UE4     : [2021.01.10-20.03.03:657][  0]LogAudioMixer: Display: 	Max Channels (voices):				  32
01-10 23:03:03.657 15405 15441 D UE4     : [2021.01.10-20.03.03:657][  0]LogAudioMixer: Display: 	Number of Async Source Workers:		  0
01-10 23:03:03.657 15405 15441 D UE4     : [2021.01.10-20.03.03:657][  0]LogAudio: Display: AudioDevice MaxSources: 32
01-10 23:03:03.657 15405 15441 D UE4     : [2021.01.10-20.03.03:657][  0]LogAudio: Display: Using built-in audio occlusion.
01-10 23:03:03.657 15405 15441 D UE4     : [2021.01.10-20.03.03:657][  0]LogAudioMixer: Display: Initializing audio mixer.
01-10 23:03:03.658 15405 15441 D UE4     : [GameActivity] [JAVA] audiomanager.optimalSampleRate = 48000
01-10 23:03:03.658 15405 15441 D UE4     : [GameActivity] [JAVA] audiomanager.framesPerBuffer = 256
01-10 23:03:03.658 15405 15441 D         : PlayerBase::PlayerBase()
01-10 23:03:03.659 15405 15441 D         : TrackPlayerBase::TrackPlayerBase()
01-10 23:03:03.659 15405 15441 I libOpenSLES: Emulating old channel mask behavior (ignoring positional mask 0x3, using default mask 0x3 based on channel count of 2)
01-10 23:03:03.659 15405 15441 D AudioTrack: set(): 0x7071524c00, streamType 3, sampleRate 48000, format 0x1, channelMask 0x3, frameCount 0, flags #104, notificationFrames -1, sessionId 3345, transferType 0, uid -1, pid -1
01-10 23:03:03.659 15405 15441 D AudioTrack: set(sessionID=3345)
01-10 23:03:03.659 15405 15441 D AudioTrack: set(): 0x7071524c00, Create AudioTrackThread, tid = 15506
01-10 23:03:03.661   569  1478 D APM_AudioPolicyManager: getOutputForAttr() returns output 29 requestedPortId 0 selectedDeviceId 3 for port ID 432
01-10 23:03:03.662   569  1478 W AudioFlinger_Threads: createTrack_l(): mismatch between requested flags (00000104) and output flags (00000004)
01-10 23:03:03.662   569  1478 D AudioFlinger_Threads: Client defaulted notificationFrames to 256 for frameCount 512
01-10 23:03:03.662   569  1478 D AF::TrackHandle: OpPlayAudio: track:440 usage:1 not muted
01-10 23:03:03.663   569  1478 D AF::Track: Track, track(0x780abd7000): mFastIndex 2, mStreamType 3, mId 440, mFrameCount 512, mSampleRate 48000, mFormat 1, mChannelCount 2, mTrackCount 385, thread 0x777e2e0d40, sessionId 3345, AudioOut_1D, primary-4
01-10 23:03:03.664 15405 15441 I AudioTrack: createTrack_l(1818386802): AUDIO_OUTPUT_FLAG_FAST successful; frameCount 0 -> 512
01-10 23:03:03.664 15405 15441 D AudioTrack: checkWhiteListPackage() Uid 10485, package name com.YourCompany.Proj
01-10 23:03:03.664 15405 15441 D AudioTrack: createTrack_l(432): 0x7071524c00, mCblk = 0x7053600000, mLatency = 94, mAfLatency = 84, frameCount = 512, mSampleRate = 48000, mFlags = 0x4, mReqFrameCount = 512, mNotificationFramesAct = 256
01-10 23:03:03.664 15405 15441 D AudioTrack: createTrack_l() isReduceVolume 0
01-10 23:03:03.665 15405 15441 D UE4     : [2021.01.10-20.03.03:665][  0]LogAudioMixer: Display: Using Audio Device Android Audio Device
01-10 23:03:03.665 15405 15441 D UE4     : [2021.01.10-20.03.03:665][  0]LogAudioMixer: Display: Initializing Sound Submixes...
01-10 23:03:03.668 15405 15441 D UE4     : [2021.01.10-20.03.03:668][  0]LogAudioMixer: Display: Creating Master Submix 'MasterSubmixDefault'
01-10 23:03:03.668 15405 15441 D UE4     : [2021.01.10-20.03.03:668][  0]LogAudioMixer: Display: Creating Master Submix 'MasterReverbSubmixDefault'
01-10 23:03:03.670 15405 15441 D UE4     : [2021.01.10-20.03.03:670][  0]LogAudioMixer: Display: Creating Master Submix 'MasterEQSubmixDefault'
01-10 23:03:03.670 15405 15441 D UE4     : [2021.01.10-20.03.03:670][  0]LogAudioMixer: Display: Output buffers initialized: Frames=1024, Channels=2, Samples=2048
01-10 23:03:03.671 15405 15507 D UE4     : [2021.01.10-20.03.03:670][  0]LogAudioMixer: Display: Starting AudioMixerPlatformInterface::RunInternal()
01-10 23:03:03.671 15405 15441 D AudioTrack: start(432): 0x7071524c00, prior state:STATE_STOPPED
01-10 23:03:03.671   569 18045 D AudioPolicyManagerCustomImpl: hifiAudio_startOutputSamplerate() +output = 432  +samplerate = 48000 mPrimaryOutput = 13 HifiState = 0
01-10 23:03:03.671   569 18045 D APM_AudioPolicyManager: startOutput() output 29, stream 3, session 3345
01-10 23:03:03.672  2786  4470 D AudioManager: getStreamVolume isRestricted mode = 0
01-10 23:03:03.672   501   501 D AudioALSAHardware: +getParameters(), key = hifi_state
01-10 23:03:03.673   501   501 D AudioALSAHardware: getHiFiStateFromXML(), get HiFi state from xml = 0
01-10 23:03:03.673   501   501 D AudioALSAHardware: getParameters(), get HiFi state = 0
01-10 23:03:03.673   501   501 D AudioALSAHardware: -getParameters(), return "hifi_state=0"
01-10 23:03:03.673   569 18045 I hash_map_utils: key: 'hifi_state' value: ''
01-10 23:03:03.673   569 18045 E AudioFlinger_Threads: open /proc/15405/cmdline error
01-10 23:03:03.673   569 18045 I AudioFlinger_Threads: setAppName(), name=[], active=[1]
01-10 23:03:03.673  1235  1326 D ProcessManager: add audio active uid : 10485
01-10 23:03:03.674   501 12419 D AudioALSAStreamManager: +syncSharedOutDevice(), routingSharedOutDevice: 2
01-10 23:03:03.674   501 12419 D AudioALSAStreamManager: -syncSharedOutDevice()
01-10 23:03:03.674   501 12419 D AudioMTKGainController: setNormalVolume(), mSceneIndex = 0, stream 3, devices 0x2, index 6, mode 0x0
01-10 23:03:03.674   501 12419 D AudioALSAStreamOut: open(), flags 4
01-10 23:03:03.674   501 12419 D AudioALSAStreamManager: +createPlaybackHandler(), mAudioMode = 0, output_devices = 0x2, isMixerOut = 0x0, flag = 4
01-10 23:03:03.674   501 12419 D AudioALSAStreamManager: needEnableVoip(), output_devices = 0x2, flags: 0x4, mAvailableOutputFlags: 0x1800e
01-10 23:03:03.674   501 12419 D AudioSpeechEnhanceInfo: IsAPDMNRTuningEnable(), 0
01-10 23:03:03.674 15405 15441 D UE4     : [2021.01.10-20.03.03:674][  0]LogInit: FAudioDevice initialized.
01-10 23:03:03.674   501 12419 D AudioALSAPlaybackHandlerFast: AudioALSAPlaybackHandlerFast()
01-10 23:03:03.674   501 12419 D AudioALSAPlaybackHandlerFast: +open(), mDevice = 0x2
01-10 23:03:03.674   501 12419 D AudioALSADeviceParser: compare pcm success = 2, stringpair = Playback_2
01-10 23:03:03.674   501 12419 D AudioALSADeviceConfigManager: ApplyDeviceTurnonSequenceByName() DeviceName = PLAYBACK2_TO_DSPDL descriptor->DeviceStatusCounte = 0
01-10 23:03:03.674   501 12419 D AudioALSADeviceConfigManager: ApplyDeviceTurnonSequenceByName() DeviceName = PLAYBACK2_TO_CAPTURE6 descriptor->DeviceStatusCounte = 0
01-10 23:03:03.674 15405 15441 D UE4     : [2021.01.10-20.03.03:674][  0]LogNetVersion: Set ProjectVersion to 1.0.0.0. Version Checksum will be recalculated on next use.
01-10 23:03:03.675 15405 15441 D UE4     : [2021.01.10-20.03.03:675][  0]LogInit: Texture streaming: Enabled
01-10 23:03:03.676   501 12419 D AudioALSAPlaybackHandlerFast: ChooseTargetSampleRate() hifi_enable = 0 device_support_hifi = 0, PrimarySampleRate = 48000
01-10 23:03:03.676   501 12419 D AudioALSAPlaybackHandlerBase: transferAudioFormatToPcmFormat(), audio_format(0x4) => pcm_format(0x3)
01-10 23:03:03.676   501 12419 D AudioALSAPlaybackHandlerFast: open(), mConfig: channels = 2, rate = 48000, period_size = 256, period_count = 2, format = 3, buffer size 4096 2048
01-10 23:03:03.676   501 12419 D AudioALSAPlaybackHandlerBase: CreateAurisysLibManager, voip: 0, mAurisysScenario: 1
01-10 23:03:03.676   501 12419 D aurisys_utility: input dev: 0x80000080, fmt = 0x3, fs: 48000, max fs: 48000, ch: 2, max ch: 2, ch maks: 0x3, hw_info_mask: 0x0; output dev: 0x2, fmt = 0x3, fs: 48000, max fs: 48000, ch: 2, max ch: 2, ch maks: 0x3, hw_info_mask: 0x8; task_scene: 2, audio_mode: 0, stream_type: -1, output_flags: 0x4, input_source: 0, input_flags: 0x0; network_info: 0, enhancement_feature_mask: 0x0
01-10 23:03:03.676   501 12419 D aurisys_utility: lib, working fs: 48000, fmt: 0x3, frame = 1, b_interleave = 0, num_ul_ref_buf_array = 0, num_dl_ref_buf_array = 0
01-10 23:03:03.676   501 12419 D aurisys_utility: dl in[type:2], ch: 2, ch_mask: 0x3, buf fs: 48000, buf content fs: 48000, fmt: 0x3; dl out[type:3], ch: 2, ch_mask: 0x3, buf fs: 48000, buf content fs: 48000, fmt: 0x3
01-10 23:03:03.676   501 12419 E         : misound_arsi_query_param_buf_size_by_custom_info(), get param buf size 128 for enh mode SetAudioCustomScene= from file /vendor/etc/misound_res.bin
01-10 23:03:03.676   501 12419 E         : misound_arsi_parsing_param_file_by_custom_info(), parsing file /vendor/etc/misound_res.bin, custom_info = SetAudioCustomScene=, private buf 0x0
01-10 23:03:03.676   501 12419 E         : misoundfx parse param end misound_arsi_parsing_param_file_by_custom_info 207
01-10 23:03:03.676   501 12419 W aurisys_lib_handler: param_buf->data_size = 0!! => set to 128. Need lib fix it
01-10 23:03:03.676   501 12419 D aurisys_lib_handler: aurisys_arsi_parsing_param_file(), gProductInfo "platform=MT6785,device=begonia,model=Redmi Note 8 Pro", file_path "/vendor/etc/misound_res.bin", enhancement_mode 0, param_buf_size 128, data_size 128, custom_info SetAudioCustomScene=
01-10 23:03:03.676   501 12419 E         : misound_arsi_create_handler entry.
01-10 23:03:03.676   501 12419 E         : misoundfx Init CMiSoundFX_Init 49
01-10 23:03:03.676   501 12419 E         : misoundfx Init Load config CMiSoundFX_Init 116
01-10 23:03:03.676   501 12419 E         : misoundfx Init end CMiSoundFX_Init 120
01-10 23:03:03.676   501 12419 E         : misound_spk_init done.
01-10 23:03:03.676   501 12419 E         : misoundfx create handler end. misound_arsi_create_handler 296
01-10 23:03:03.676   501 12419 D aurisys_lib_handler: aurisys_arsi_create_handler(), lib_name misound, 0xf1552b80, memory_size 336, arsi_handler 0xf15b1380, retval 0x0
01-10 23:03:03.676   501 12419 D aurisys_lib_handler: aurisys_arsi_create_handler(), arsi_query_process_unit_bytes, ul 0, dl 384, retval 0
01-10 23:03:03.676   501 12419 D aurisys_lib_manager: DL Lib, lib_name misound, 0xf1552b80, sample_rate: 48000 => 48000, num_channels: 2 => 2, audio_format: 0x3 => 0x3, interleave: 1 => 0, frame: 0 => 1
01-10 23:03:03.676   501 12419 D aurisys_lib_manager: DL out, sample_rate: 48000 => 48000, num_channels: 2 => 2, audio_format: 0x3 => 0x4, interleave: 0 => 1, frame: 1 => 0
01-10 23:03:03.678   501 12419 D AudioALSAPlaybackHandlerBase: openPcmDriverWithFlag(), pcm device = 2 flag = 0x8 mPcm = 0xf158f7e0
01-10 23:03:03.678   501 12419 D AudioDspStreamManager: checkPlaybackStatus ret = 1 mDspStreamState = 0 dspstartflag = 1
01-10 23:03:03.679   501 12419 D AudioDspStreamManager: setDspRuntimeEn(), task_scene = 9, condition = 1
01-10 23:03:03.680  1235  1318 D LocationManagerService: Skip applyRequirementsLocked, provider: passive provider.isUseableLocked(): false isBatterySaverDisablingLocation: false isSettingsExemptLocked(record): false record: UpdateRecord[passive android(1000 foreground) Request[POWER_NONE passive fastest=0] null]
01-10 23:03:03.680  1235  1318 D LocationManagerService: Skip applyRequirementsLocked, provider: passive provider.isUseableLocked(): false isBatterySaverDisablingLocation: false isSettingsExemptLocked(record): false record: UpdateRecord[passive android(1000 foreground) Request[POWER_NONE passive fastest=+30m0s0ms] null]
01-10 23:03:03.680  1235  1318 D LocationManagerService: Skip applyRequirementsLocked, provider: passive provider.isUseableLocked(): false isBatterySaverDisablingLocation: false isSettingsExemptLocked(record): false record: UpdateRecord[passive com.xiaomi.location.fused(1000 foreground) Request[POWER_NONE passive fastest=+1s0ms] null]
01-10 23:03:03.681 15405 15441 D UE4     : [2021.01.10-20.03.03:681][  0]LogAudio: Display: Audio Device (ID: 1) registered with world 'Untitled'.
01-10 23:03:03.681   501 12419 D audio_messenger_ipi: audio_ipi_dma_cbk_register(), task 9, sz 294912/294912, cbk 0xee6ff784, arg 0xf15c8c00
01-10 23:03:03.681  1235  1318 D GnssLocationProvider: setRequest ProviderRequest[OFF]
01-10 23:03:03.681   501 12419 D AudioALSAPlaybackHandlerBase: OpenPCMDumpDSP() flag 4, dsp_taskdump_property = 0
01-10 23:03:03.681   501 12419 D audio_messenger_ipi: hal send, task: 9, msg_id: 0x100, ack_type: 0, p1: 0x0, p2: 0x0
01-10 23:03:03.681  3409  3480 I FusedLocationProvider: onSetRequest
01-10 23:03:03.682  3409  3878 I AbsoluteLocationDispatcher: request type:0
01-10 23:03:03.682 15405 15441 D UE4     : [2021.01.10-20.03.03:682][  0]LogSlate: Updating window title bar state: overlay mode, drag disabled, window buttons hidden, title bar hidden
01-10 23:03:03.682   501 12419 D AudioALSADeviceParser: compare pcm success = 55, stringpair = DSP_Playback_Playback
01-10 23:03:03.682   501 12419 D AudioALSADeviceParser: compare pcm success = 14, stringpair = Capture_6
01-10 23:03:03.682   501 12419 D AudioALSADeviceParser: compare pcm success = 12, stringpair = Capture_4
01-10 23:03:03.682   501 12419 D AudioALSADeviceParser: compare pcm success = 4, stringpair = Playback_4
01-10 23:03:03.682   501 12419 D aurisys_utility: input dev: 0x0, fmt = 0x4, fs: 48000, max fs: 48000, ch: 2, max ch: 2, ch maks: 0xc, hw_info_mask: 0x0; output dev: 0x2, fmt = 0x4, fs: 48000, max fs: 48000, ch: 2, max ch: 2, ch maks: 0xc, hw_info_mask: 0x8; task_scene: 9, audio_mode: 0, stream_type: 0, output_flags: 0x800, input_source: 0, input_flags: 0x800; network_info: 0, enhancement_feature_mask: 0x0
01-10 23:03:03.682   501 12419 D aurisys_utility: lib, working fs: 48000, fmt: 0x4, frame = 0, b_interleave = 1, num_ul_ref_buf_array = 0, num_dl_ref_buf_array = 1
01-10 23:03:03.682   501 12419 D aurisys_utility: dl in[type:2], ch: 2, ch_mask: 0x3, buf fs: 48000, buf content fs: 48000, fmt: 0x4; dl out[type:3], ch: 2, ch_mask: 0x3, buf fs: 48000, buf content fs: 48000, fmt: 0x4
01-10 23:03:03.682   501 12419 D aurisys_utility: dl ref[type:5], ch: 2, ch_mask: 0x3, buf fs: 48000, buf content fs: 48000, fmt: 0x4
01-10 23:03:03.682   501 12419 D aurisys_lib_handler: [LIB] [NXP info] tfadsp_arsi_query_param_buf_size_by_custom_info(): output_device=2  audio_mode=0  task_scene=9
01-10 23:03:03.682   501 12419 D aurisys_lib_handler: [LIB] [NXP info] tfadsp_arsi_query_param_buf_size_by_custom_info(): device_size=612  profile_size=1512
01-10 23:03:03.682   501 12419 D aurisys_lib_handler: [LIB] [NXP info] tfadsp_arsi_query_param_buf_size_by_custom_info():  Get param buf size 2132
01-10 23:03:03.682   501 12419 D aurisys_lib_handler: [LIB] [NXP info] tfadsp_arsi_parsing_param_file_by_custom_info(): memory_size=4264
01-10 23:03:03.682   501 12419 D aurisys_lib_handler: [LIB] [NXP info] tfadsp_arsi_parsing_param_file_by_custom_info(): output_device=2  audio_mode=0  task_scene=9
01-10 23:03:03.682   501 12419 D aurisys_lib_handler: [LIB] [NXP info] tfadsp_arsi_parsing_param_file_by_custom_info:  loading dev section!!!
01-10 23:03:03.682   501 12419 D aurisys_lib_handler: [LIB] [NXP info] tfadsp_arsi_parsing_param_file_by_custom_info:  loading profile section!!!    profile_id=1
01-10 23:03:03.682   501 12419 D aurisys_lib_handler: [LIB] [NXP info] tfadsp_arsi_parsing_param_file_by_custom_info:  exit.    data_size=2132    memory_size=4264
01-10 23:03:03.682   501 12419 D aurisys_lib_handler: aurisys_arsi_parsing_param_file(), gProductInfo "platform=MT6785,device=begonia,model=Redmi Note 8 Pro", file_path "/vendor/etc/audio_param/", enhancement_mode 0, param_buf_size 2132, data_size 2132, custom_info SetAudioCustomScene=
01-10 23:03:03.683   501 12419 D audio_messenger_ipi: hal send, task: 9, msg_id: 0x12, ack_type: 1, p1: 0xa94, p2: 0x0, dma sz: 0, idx: 0, hal sz: 2708
01-10 23:03:03.683 15405 15441 D UE4     : [2021.01.10-20.03.03:683][  0]LogInit: Display: Game Engine Initialized.
01-10 23:03:03.683 15405 15441 D UE4     : [2021.01.10-20.03.03:683][  0]LogInit: Display: Starting Game.
01-10 23:03:03.683 15405 15441 D UE4     : [2021.01.10-20.03.03:683][  0]LogNet: Browse: /Game/Proj/Maps/Transit?Name=Player
01-10 23:03:03.684 15405 15441 D UE4     : [2021.01.10-20.03.03:684][  0]LogLoad: LoadMap: /Game/Proj/Maps/Transit?Name=Player
01-10 23:03:03.684 15405 15441 D UE4     : [2021.01.10-20.03.03:684][  0]LogWorld: BeginTearingDown for /Temp/Untitled_0
01-10 23:03:03.685   501 12419 D AudioALSADeviceConfigManager: ApplyDeviceTurnonSequenceByName() DeviceName = I2S0_TO_CAPTURE4 descriptor->DeviceStatusCounte = 0
01-10 23:03:03.685 15405 15441 D UE4     : [2021.01.10-20.03.03:685][  0]LogWorld: UWorld::CleanupWorld for Untitled, bSessionEnded=true, bCleanupResources=true
01-10 23:03:03.685 15405 15441 D UE4     : [2021.01.10-20.03.03:685][  0]LogSlate: InvalidateAllWidgets triggered.  All widgets were invalidated
01-10 23:03:03.685   501 12419 D AudioALSADeviceConfigManager: ApplyDeviceTurnonSequenceByName() DeviceName = PLAYBACK4_TO_I2S3 descriptor->DeviceStatusCounte = 0
01-10 23:03:03.690 15405 15441 D UE4     : [2021.01.10-20.03.03:690][  0]LogAudio: Display: Audio Device unregistered from world 'None'.
01-10 23:03:03.693 15405 15441 D UE4     : [2021.01.10-20.03.03:693][  0]LogUObjectHash: Compacting FUObjectHashTables data took   0.91ms
01-10 23:03:03.710   501 12419 D AudioDspStreamManager: startPlaybackTask(), mDspTaskPlaybackActive = 1, mPlaybackUlindex = 14, mPlaybackDlindex = 4, mDspIndex = 55, mPlaybackDlConfig: channels = 2, rate = 48000, period_size = 256, period_count = 4, format = 3, mPlaybackIVConfig: channels = 2, rate = 48000, period_size = 256, period_count = 4, format = 3, mPlaybackUlConfig: channels = 2, rate = 48000, period_size = 256, period_count = 4, format = 3, mDspConfig: channels = 2, rate = 48000, period_size = 256, period_count = 4, format = 3
01-10 23:03:03.710   501 12419 D AudioDspStreamManager: addPlaybackHandler() mDspStreamState = DSP_STREAM_START
01-10 23:03:03.710   501 12419 D AudioDspStreamManager: addPlaybackHandler(), playbackHandler = 4049374208 0xf15c8c00
01-10 23:03:03.710   501 12419 D AudioALSAHardwareResourceManager: +startOutputDevice(), new_devices = 0x2, mOutputDevices = 0x0, mStartOutputDevicesCount = 0 SampleRate = 48000
01-10 23:03:03.710   501 12419 D AudioSmartPaController: +dspOnBoardSpeakerOn(), SampleRate: 48000, MD_type: 0, isEchoRefEnable: 0
01-10 23:03:03.710   501 12419 D AudioALSAVoiceWakeUpController: updateSpeakerPlaybackStatus(), isSpeakerPlaying = 1
01-10 23:03:03.710   501 12419 D AudioALSAPlaybackHandlerFast: -open()
01-10 23:03:03.710   501 12419 D AudioALSAStreamOut: [DEBUG] open: setMiSoundLimiter when stream open
01-10 23:03:03.710   501 12419 D AudioALSAHardware: [DEBUG] setMiSoundLimiter: [LIMIT]setMiSoundLimiter[enable]
01-10 23:03:03.710   501 12419 W aurisys_controller: lib_name misound, scene 0, no active handler!!
01-10 23:03:03.764 10052 10052 I ADB_SERVICES: service_to_fd shell,v2,raw:ps
01-10 23:03:03.794  1235  1454 E WifiVendorHal: getWifiLinkLayerStats_1_3_Internal(l.927) failed {.code = ERROR_NOT_SUPPORTED, .description = }
01-10 23:03:03.838 15405 15441 D UE4     : [2021.01.10-20.03.03:838][  0]LogAudio: Display: Audio Device (ID: 1) registered with world 'Transit'.
01-10 23:03:03.839 15405 15441 D UE4     : [2021.01.10-20.03.03:839][  0]LogAIModule: Creating AISystem for world Transit
01-10 23:03:03.839 15405 15441 D UE4     : [2021.01.10-20.03.03:839][  0]LogLoad: Game class is 'GM_Main_C'
01-10 23:03:03.845 15405 15441 D UE4     : [2021.01.10-20.03.03:845][  0]LogWorld: Bringing World /Game/Proj/Maps/Transit.Transit up for play (max tick rate 0) at 2021.01.10-23.03.03
01-10 23:03:03.845 15405 15441 D UE4     : [2021.01.10-20.03.03:845][  0]LogWorld: Bringing up level for play took: 0.004643
01-10 23:03:03.847 15405 15441 D UE4     : [2021.01.10-20.03.03:847][  0]LogOnlineIdentity: Display: OSS: FOnlineIdentityGooglePlay::GetPlayerNickname
01-10 23:03:03.853 25501 13216 W NetworkScheduler: Error inserting flex_time=2038000 job_id=-1 period=4078000 source=16 requires_charging=0 preferred_network_type=1 target_class=com.google.android.gms.measurement.PackageMeasurementTaskService user_id=0 target_package=com.google.android.gms tag=Measurement.PackageMeasurementTaskService.UPLOAD_TASK_TAG task_type=0 required_idleness_state=0 service_kind=0 source_version=204714000 persistence_level=1 preferred_charging_state=1 required_network_type=0 runtime=1610308983848 retry_strategy={"maximum_backoff_seconds":{"3600":0},"initial_backoff_seconds":{"30":0},"retry_policy":{"0":0}} last_runtime=0, error message: UNIQUE constraint failed: pending_ops.tag, pending_ops.target_class, pending_ops.target_package, pending_ops.user_id (code 2067 SQLITE_CONSTRAINT_UNIQUE) [CONTEXT service_id=218 ]
01-10 23:03:03.857 15405 15441 D UE4     : [2021.01.10-20.03.03:857][  0]LogMediaAssets: Error: Failed to validate media source Lift_1 (file://C:/Users/neret/Downloads/Lift_1.wmv)
01-10 23:03:03.857 15405 15441 D UE4     : [2021.01.10-20.03.03:857][  0]LogLevel: Warning: Failed to find streaming level object associated with 'None'
01-10 23:03:03.858 15405 15441 D UE4     : [2021.01.10-20.03.03:858][  0]LogLoad: Took 0.174878 seconds to LoadMap(/Game/Proj/Maps/Transit)
01-10 23:03:03.860 15405 15441 D UE4     : [2021.01.10-20.03.03:860][  0]LogSlate: Took 0.000993 seconds to synchronously load lazily loaded font '../../../Engine/Content/EngineFonts/Faces/RobotoBold.ufont' (160K)
01-10 23:03:03.871   433   443 E PSITrigger: get PSI events detail failed!! errno=25
01-10 23:03:03.872 15405 15494 D UE4     : AndroidEGL::  ReleaseContextOwnership,  thread releasing rendering context tid: 15494
01-10 23:03:03.872 15405 15494 D UE4     : AndroidEGL::ResetDisplay()
01-10 23:03:03.876 15405 15441 D UE4     : [2021.01.10-20.03.03:876][  0]LogRHI: Display: ShaderPipelineCache: Paused Batching. 1
01-10 23:03:03.876 15405 15441 D UE4     : [2021.01.10-20.03.03:876][  0]LogRHI: Display: ShaderPipelineCache: Resumed Batching. 0
01-10 23:03:03.876 15405 15441 D UE4     : [2021.01.10-20.03.03:876][  0]LogRHI: Display: ShaderPipelineCache: Batching Resumed.
01-10 23:03:03.876 15405 15441 D UE4     : [2021.01.10-20.03.03:876][  0]LogAndroid: Passed GEngineLoop.Init()
01-10 23:03:03.877 15405 15441 D UE4     : [2021.01.10-20.03.03:877][  0]LogAndroidEvents: Display: LogAndroidEvents::DequeueAppEvent : 9, [width=-1, height=-1], APP_EVENT_STATE_ON_START
01-10 23:03:03.877 15405 15441 D UE4     : FAppEventManager::Tick processing, 9
01-10 23:03:03.877 15405 15441 D UE4     : [2021.01.10-20.03.03:877][  0]LogAndroidEvents: Display: LogAndroidEvents::DequeueAppEvent : 7, [width=-1, height=-1], APP_EVENT_STATE_ON_RESUME
01-10 23:03:03.877 15405 15441 D UE4     : FAppEventManager::Tick processing, 7
01-10 23:03:03.877 15405 15441 D UE4     : [2021.01.10-20.03.03:877][  0]LogAndroidEvents: Display: LogAndroidEvents::DequeueAppEvent : 0, [width=2264, height=1080], APP_EVENT_STATE_WINDOW_CREATED
01-10 23:03:03.877 15405 15441 D UE4     : FAppEventManager::Tick processing, 0
01-10 23:03:03.877 15405 15441 D UE4     : [2021.01.10-20.03.03:877][  0]LogAndroidEvents: Display: ExecWindowCreated
01-10 23:03:03.878 15405 15441 D UE4     : AndroidEGL::ReInitWindow()
01-10 23:03:03.878 15405 15441 D UE4     : [2021.01.10-20.03.03:878][  0]LogAndroid: AndroidEGL::RefreshWindowSize updating window size = 1504, 720, cached size : 0, 0 tid : 15441
01-10 23:03:03.878 15405 15441 D UE4     : [2021.01.10-20.03.03:878][  0]LogAndroid: AndroidEGL::ResizeSharedContextSurface, PImplData->Window=0x7115c54010, PImplData->eglWidth=8, PImplData->eglHeight=8!, CachedWidth=1504, CachedHeight=720, tid: 15441
01-10 23:03:03.878 15405 15441 D UE4     : AndroidEGL::UnBindShared()
01-10 23:03:03.878 15405 15441 D UE4     : AndroidEGL::ResetDisplay()
01-10 23:03:03.879 15405 15429 D Surface : Surface::disconnect(this=0x71b43e4000,api=1)
01-10 23:03:03.879 15405 15441 D UE4     : AndroidEGL::DestroySharedSurface()
01-10 23:03:03.879 15405 15441 D UE4     : AndroidEGL::InitSharedSurface 0
01-10 23:03:03.879 15405 15441 D UE4     : AndroidEGL::InitSharedSurface, Using CachedWindowRect, width: 1504, height 720 
01-10 23:03:03.879 15405 15441 D UE4     : AndroidEGL::InitSharedSurface, Using width: 1504, height 720 
01-10 23:03:03.879 15405 15441 D UE4     : AndroidEGL::InitSharedSurface, width: 1504, height 720 
01-10 23:03:03.879 15405 15441 D UE4     : AndroidEGL::CreateEGLSharedSurface(), auxSurface = eglCreatePbufferSurface(), 8x8
01-10 23:03:03.879 15405 15441 D UE4     : ExecWindowCreated, 0, 1, 1
01-10 23:03:03.880 15405 15441 D UE4     : [2021.01.10-20.03.03:879][  0]LogAndroidEvents: Display: LogAndroidEvents::DequeueAppEvent : 11, [width=-1, height=-1], APP_EVENT_STATE_WINDOW_GAINED_FOCUS
01-10 23:03:03.880 15405 15441 D UE4     : FAppEventManager::Tick processing, 11
01-10 23:03:03.880 15405 15441 D UE4     : [2021.01.10-20.03.03:880][  0]LogAndroidEvents: Display: LogAndroidEvents::DequeueAppEvent : 14, [width=-1, height=-1], APP_EVENT_STATE_APP_ACTIVATED
01-10 23:03:03.880 15405 15441 D UE4     : FAppEventManager::Tick processing, 14
01-10 23:03:03.880 15405 15441 D UE4     : Execution will be resumed!
01-10 23:03:03.880 15405 15441 D UE4     : [2021.01.10-20.03.03:880][  0]LogAndroidEvents: Display: LogAndroidEvents::DequeueAppEvent : 15, [width=-1, height=-1], APP_EVENT_RUN_CALLBACK
01-10 23:03:03.880 15405 15441 D UE4     : FAppEventManager::Tick processing, 15
01-10 23:03:03.880 15405 15441 D UE4     : [2021.01.10-20.03.03:880][  0]LogAndroidEvents: Display: Event thread callback running.
01-10 23:03:03.880 15405 15441 D UE4     : [2021.01.10-20.03.03:880][  0]LogAndroid: performing app foregrounding callback.
01-10 23:03:03.880 15405 15512 D UE4     : [2021.01.10-20.03.03:880][  0]LogRenderer: Reallocating scene render targets to support 1504x720 Format 10 NumSamples 1 (Frame:1).
01-10 23:03:03.880 15405 15441 D UE4     : [GameActivity] Registering volume receiver
01-10 23:03:03.880   582   625 I BufferQueueProducer: [com.YourCompany.Proj/com.epicgames.ue4.GameActivity#0](this:0x727afe0800,id:3205,api:1,p:15405,c:582) disconnect(P): api 1
01-10 23:03:03.882 15405 15405 D View    : [Warning] assignParent to null: this = DecorView@2f8809d[GameActivity]
01-10 23:03:03.884 15405 15494 D UE4     : [2021.01.10-20.03.03:883][  0]LogRHI: AndroidOpenGL: Using a maximum of 4000 occlusion queries.
01-10 23:03:03.885 10052 15511 I ADB_SERVICES: post waitpid (pid=15510) status=0000
01-10 23:03:03.885 10052 10052 I ADB_SERVICES: for fd 25, revents = 2011
01-10 23:03:03.885 10052 10052 I ADB_SERVICES: for fd 25, revents = 2011
01-10 23:03:03.885 15405 15441 D AudioManager: getStreamVolume isRestricted mode = 0
01-10 23:03:03.886 15405 15441 D UE4     : [GameActivity] startVolumeReceiver: 6
01-10 23:03:03.886 15405 15441 D UE4     : nativeVolumeEvent(6)
01-10 23:03:03.886 15405 15441 D UE4     : [GameActivity] Registering battery receiver
01-10 23:03:03.889   582   582 I BufferQueue: [com.YourCompany.Proj/com.epicgames.ue4.GameActivity#0](this:0x727afe0800,id:3205,api:1,p:-1,c:-1) ~BufferQueueCore
01-10 23:03:03.889   582   582 D RefBase : RefBase: Explicit destruction, weak count = 0 (in 0x727afe1c58)
01-10 23:03:03.889   582   582 W RefBase : CallStack::getCurrentInternal not linked, returning null
01-10 23:03:03.889   582   582 W RefBase : CallStack::logStackInternal not linked
01-10 23:03:03.890 15405 15441 D UE4     : [GameActivity] Registering headset receiver
01-10 23:03:03.890 15405 15405 D UE4     : [GameActivity] Battery: status = 2, rawlevel = 99, scale = 100
01-10 23:03:03.890 15405 15405 D UE4     : nativeBatteryEvent(stat = 2, lvl = 99  temp = 28.50 C)
01-10 23:03:03.891 15405 15441 D UE4     : [GameActivity] startHeadsetReceiver: 0
01-10 23:03:03.891 15405 15441 D UE4     : nativeHeadsetEvent(0)
01-10 23:03:03.891 15405 15441 D UE4     : [2021.01.10-20.03.03:891][  0]LogCore: Display: AppLifetime: Application has entered foreground
01-10 23:03:03.891 15405 15405 D UE4     : [GameActivity] headsetReceiver::onReceive
01-10 23:03:03.892 15405 15405 D UE4     : nativeHeadsetEvent(0)
01-10 23:03:03.896   815   918 D AAL     : 01-10 11:03:03.628 BL= 104,ESS= 318, 01-10 11:03:03.712 BL= 105,ESS= 316, 01-10 11:03:03.795 BL= 105,ESS= 314, 01-10 11:03:03.847 BL= 106,ESS= 314, 01-10 11:03:03.896 BL= 106,ESS= 312, 
01-10 23:03:03.896   582   582 I SurfaceFlinger: screenshot (Letterbox - left#1)
01-10 23:03:03.896   582   582 I SurfaceFlinger: isIncludeStatusBarAndNavBar (1)
01-10 23:03:03.896   582   582 I SurfaceFlinger: screenshot (Background for -SurfaceView - com.YourCompany.Proj/com.epicgames.ue4.GameActivity#0)
01-10 23:03:03.896   582   582 I SurfaceFlinger: isIncludeStatusBarAndNavBar (1)
01-10 23:03:03.896   582   582 I SurfaceFlinger: screenshot (SurfaceView - com.YourCompany.Proj/com.epicgames.ue4.GameActivity#0)
01-10 23:03:03.896   582   582 I SurfaceFlinger: isIncludeStatusBarAndNavBar (1)
01-10 23:03:03.896   582   582 I SurfaceFlinger: screenshot (com.YourCompany.Proj/com.epicgames.ue4.GameActivity#1)
01-10 23:03:03.896   582   582 I SurfaceFlinger: isIncludeStatusBarAndNavBar (1)
01-10 23:03:03.896   582   582 I SurfaceFlinger: screenshot (MiuiContrastOverlay#0)
01-10 23:03:03.896   582   582 I SurfaceFlinger: isIncludeStatusBarAndNavBar (1)
01-10 23:03:03.897 15405 15494 D UE4     : [2021.01.10-20.03.03:897][  0]LogRHI: Using OpenGL program LRU cache: 0
01-10 23:03:04.025   582   582 I SurfaceFlinger: screenshot (Letterbox - left#1)
01-10 23:03:04.025   582   582 I SurfaceFlinger: isIncludeStatusBarAndNavBar (1)
01-10 23:03:04.025   582   582 I SurfaceFlinger: screenshot (Background for -SurfaceView - com.YourCompany.Proj/com.epicgames.ue4.GameActivity#0)
01-10 23:03:04.025   582   582 I SurfaceFlinger: isIncludeStatusBarAndNavBar (1)
01-10 23:03:04.025   582   582 I SurfaceFlinger: screenshot (SurfaceView - com.YourCompany.Proj/com.epicgames.ue4.GameActivity#0)
01-10 23:03:04.025   582   582 I SurfaceFlinger: isIncludeStatusBarAndNavBar (1)
01-10 23:03:04.025   582   582 I SurfaceFlinger: screenshot (com.YourCompany.Proj/com.epicgames.ue4.GameActivity#1)
01-10 23:03:04.025   582   582 I SurfaceFlinger: isIncludeStatusBarAndNavBar (1)
01-10 23:03:04.025   582   582 I SurfaceFlinger: screenshot (MiuiContrastOverlay#0)
01-10 23:03:04.026   582   582 I SurfaceFlinger: isIncludeStatusBarAndNavBar (1)
01-10 23:03:04.147  1235  1321 I system_server: Explicit concurrent copying GC freed 132528(6179KB) AllocSpace objects, 10(328KB) LOS objects, 33% free, 47MB/71MB, paused 80us total 231.978ms
01-10 23:03:04.150  1235  1313 W System  : A resource failed to call release. 
01-10 23:03:04.150  1235  1313 D Surface : Surface::disconnect(this=0x71220cd000,api=2)
01-10 23:03:04.150   582  2187 I BufferQueueProducer: [SnapshotStartingWindow for taskId=129#0](this:0x729a10a800,id:3193,api:2,p:1235,c:582) disconnect(P): api 2
01-10 23:03:04.150   582   630 I BufferQueue: [SnapshotStartingWindow for taskId=129#0](this:0x727b1bb000,id:3174,api:2,p:-1,c:-1) ~BufferQueueCore
01-10 23:03:04.150   582   630 D RefBase : RefBase: Explicit destruction, weak count = 0 (in 0x727b1bc458)
01-10 23:03:04.150   582   630 W RefBase : CallStack::getCurrentInternal not linked, returning null
01-10 23:03:04.150   582   630 W RefBase : CallStack::logStackInternal not linked
01-10 23:03:04.151  1235  1313 W System  : A resource failed to call release. 
01-10 23:03:04.151  1235  1313 W System  : A resource failed to call release. 
01-10 23:03:04.153   582   582 I BufferQueue: [SnapshotStartingWindow for taskId=129#0](this:0x729a10a800,id:3193,api:2,p:-1,c:-1) ~BufferQueueCore
01-10 23:03:04.154   582   582 D RefBase : RefBase: Explicit destruction, weak count = 0 (in 0x729a10bc58)
01-10 23:03:04.154   582   582 W RefBase : CallStack::getCurrentInternal not linked, returning null
01-10 23:03:04.154   582   582 W RefBase : CallStack::logStackInternal not linked
01-10 23:03:04.154   582   582 I BufferQueue: [SnapshotStartingWindow for taskId=129 - task-snapshot-surface#0](this:0x727af5a800,id:3194,api:2,p:-1,c:-1) ~BufferQueueCore
01-10 23:03:04.154   582   582 D RefBase : RefBase: Explicit destruction, weak count = 0 (in 0x727af5bc58)
01-10 23:03:04.154   582   582 W RefBase : CallStack::getCurrentInternal not linked, returning null
01-10 23:03:04.154   582   582 W RefBase : CallStack::logStackInternal not linked
01-10 23:03:04.162   582   582 I SurfaceFlinger: screenshot (Letterbox - left#1)
01-10 23:03:04.162   582   582 I SurfaceFlinger: isIncludeStatusBarAndNavBar (1)
01-10 23:03:04.162   582   582 I SurfaceFlinger: screenshot (Background for -SurfaceView - com.YourCompany.Proj/com.epicgames.ue4.GameActivity#0)
01-10 23:03:04.162   582   582 I SurfaceFlinger: isIncludeStatusBarAndNavBar (1)
01-10 23:03:04.162   582   582 I SurfaceFlinger: screenshot (SurfaceView - com.YourCompany.Proj/com.epicgames.ue4.GameActivity#0)
01-10 23:03:04.162   582   582 I SurfaceFlinger: isIncludeStatusBarAndNavBar (1)
01-10 23:03:04.162   582   582 I SurfaceFlinger: screenshot (com.YourCompany.Proj/com.epicgames.ue4.GameActivity#1)
01-10 23:03:04.162   582   582 I SurfaceFlinger: isIncludeStatusBarAndNavBar (1)
01-10 23:03:04.162   582   582 I SurfaceFlinger: screenshot (MiuiContrastOverlay#0)
01-10 23:03:04.162   582   582 I SurfaceFlinger: isIncludeStatusBarAndNavBar (1)
01-10 23:03:04.178   815   918 D AAL     : 01-10 11:03:03.911 BL= 106,ESS= 314, 01-10 11:03:03.963 BL= 105,ESS= 314, 01-10 11:03:04.012 BL= 105,ESS= 316, 01-10 11:03:04.096 BL= 104,ESS= 318, 01-10 11:03:04.178 BL= 104,ESS= 320, 
01-10 23:03:04.423   815   919 D AALLightSensor: newLux = 9, [8, 8] -> 9
01-10 23:03:04.496   815   918 D AAL     : 01-10 11:03:04.228 BL= 103,ESS= 320, 01-10 11:03:04.294 BL= 103,ESS= 322, 01-10 11:03:04.362 BL= 102,ESS= 324, 01-10 11:03:04.445 BL= 102,ESS= 326, 01-10 11:03:04.496 BL= 101,ESS= 326, 
01-10 23:03:04.601 15405 15514 D UE4     : [2021.01.10-20.03.04:601][  0]LogTcpMessaging: Started Connection to '127.0.0.1:33147'
01-10 23:03:04.601 15405 15514 D UE4     : [2021.01.10-20.03.04:601][  0]LogTcpMessaging: Discovered node '37A4A607403C673315335F83804A078C' on connection '127.0.0.1:33147'...
01-10 23:03:04.702 15405 15441 D UE4     : [2021.01.10-20.03.04:702][  0]LogUdpMessaging: Initializing bridge on interface 0.0.0.0:0 to multicast group 230.0.0.1:6666.
01-10 23:03:04.729   815   918 D AAL     : 01-10 11:03:04.528 BL= 101,ESS= 328, 01-10 11:03:04.578 BL= 101,ESS= 330, 01-10 11:03:04.595 BL= 100,ESS= 330, 01-10 11:03:04.662 BL= 100,ESS= 332, 01-10 11:03:04.729 BL=  99,ESS= 332, 
01-10 23:03:04.775 15405 15506 I AudioTrack: isLongTimeZoreData zoer date time 1 Seconds
01-10 23:03:04.888  6714  7100 E QQQQ    : queue-workaround-1
01-10 23:03:04.888  6714  7100 E QQQQ    : queue-workaround-2: 1
01-10 23:03:04.888  6714  7100 E QQQQ    : queue-workaround-3: 0 / 1
01-10 23:03:04.888  6714  7100 E QQQQ    : queue-workaround-5
01-10 23:03:04.888  6714  7100 E QQQQ    : queue-workaround-6
01-10 23:03:04.888  6714  7100 E QQQQ    : queue-workaround-9
01-10 23:03:04.924 10052 10052 I ADB_SERVICES: service_to_fd shell,v2,raw:ps
01-10 23:03:04.966 10052 15520 I ADB_SERVICES: post waitpid (pid=15519) status=0000
01-10 23:03:04.966 10052 10052 I ADB_SERVICES: for fd 26, revents = 2010
01-10 23:03:04.966 10052 10052 I ADB_SERVICES: for fd 26, revents = 2011
01-10 23:03:04.996   815   918 D AAL     : 01-10 11:03:04.745 BL=  99,ESS= 334, 01-10 11:03:04.828 BL=  99,ESS= 336, 01-10 11:03:04.862 BL=  98,ESS= 336, 01-10 11:03:04.929 BL=  98,ESS= 338, 01-10 11:03:04.996 BL=  97,ESS= 338, 
01-10 23:03:05.093   496   496 D OemNetd : setLimit: enable, rate=0
01-10 23:03:05.279   815   918 D AAL     : 01-10 11:03:05.012 BL=  97,ESS= 340, 01-10 11:03:05.095 BL=  97,ESS= 342, 01-10 11:03:05.129 BL=  96,ESS= 342, 01-10 11:03:05.178 BL=  96,ESS= 344, 01-10 11:03:05.279 BL=  95,ESS= 346, 
01-10 23:03:05.457 15405 15514 D UE4     : [2021.01.10-20.03.05:457][  0]LogTcpMessaging: Lost node '37A4A607403C673315335F83804A078C' on connection '127.0.0.1:33147'...
01-10 23:03:05.457 10052 10052 I ADB_SERVICES: for fd 18, revents = 2001
01-10 23:03:05.457 10052 10052 I ADB_SERVICES: for fd 18, revents = 2011
01-10 23:03:05.529   815   918 D AAL     : 01-10 11:03:05.362 BL=  95,ESS= 348, 01-10 11:03:05.396 BL=  94,ESS= 348, 01-10 11:03:05.429 BL=  94,ESS= 350, 01-10 11:03:05.512 BL=  94,ESS= 352, 01-10 11:03:05.529 BL=  93,ESS= 352, 
01-10 23:03:05.557 15405 15441 D UE4     : [2021.01.10-20.03.05:557][  0]LogTcpMessaging: Initializing TcpMessaging bridge, listening on 127.0.0.1:6666
01-10 23:03:05.558 15405 15441 D UE4     : [2021.01.10-20.03.05:558][  0]LogCore: Display: AppLifetime: Application has reactivated
01-10 23:03:05.558 15405 15441 D UE4     : [2021.01.10-20.03.05:558][  0]LogTemp: Android resume audio
