01-12 18:40:33.305  1521  1983 D mali_winsys: EGLint new_window_surface(egl_winsys_display *, void *, EGLSurface, EGLConfig, egl_winsys_surface **, EGLBoolean) returns 0x3000
01-12 18:40:33.305  1521  1983 D Surface : Surface::setBufferCount(this=0x70ae2bb000,bufferCount=3)
01-12 18:40:33.306  1521  1521 D SignalClusterView: updateMobileTypeImage  0
01-12 18:40:33.306  1235  2876 E Region  : Region::unflatten() failed, invalid region
01-12 18:40:33.306  1235  2876 E Region  : Region::unflatten() failed, invalid region
01-12 18:40:33.307  1521  1521 D SignalClusterView: updateMobileTypeImage  0
01-12 18:40:33.307  1521  1521 D SignalClusterView: updateMobileTypeImage  0
01-12 18:40:33.320   582  2228 I BufferQueueProducer: [StatusBar#0](this:0x729a054000,id:3,api:1,p:1521,c:582) queueBuffer: fps=0.36 dur=2768.22 max=2768.22 min=2768.22
01-12 18:40:33.323  1235  2876 E Region  : Region::unflatten() failed, invalid region
01-12 18:40:33.323  1235  2876 E Region  : Region::unflatten() failed, invalid region
01-12 18:40:33.325  1521  1521 D PhoneStatusBar/NavigationBarView: setDisabledFlags back:false home:false recent:false
01-12 18:40:33.326  1521  1983 D Surface : Surface::disconnect(this=0x70ae23a000,api=1)
01-12 18:40:33.326   582  1253 I BufferQueueProducer: [NavigationBar#0](this:0x727d016800,id:8044,api:1,p:1521,c:582) disconnect(P): api 1
01-12 18:40:33.327  1521  1983 D Surface : Surface::connect(this=0x70ae23a000,api=1)
01-12 18:40:33.327   582  1253 I BufferQueueProducer: [NavigationBar#0](this:0x727d016800,id:8044,api:1,p:1521,c:582) connect(P): api=1 producer=(1521:com.android.systemui) producerControlledByApp=false
01-12 18:40:33.328  1521  1983 D mali_winsys: EGLint new_window_surface(egl_winsys_display *, void *, EGLSurface, EGLConfig, egl_winsys_surface **, EGLBoolean) returns 0x3000
01-12 18:40:33.328  1521  1983 D Surface : Surface::setBufferCount(this=0x70ae23a000,bufferCount=3)
01-12 18:40:33.329  1521  1521 D PhoneStatusBar/NavigationBarView: onDraw
01-12 18:40:33.333  1521  1521 D QSControlCenterTileLayout: onMeasure height:1147  showLines:5
01-12 18:40:33.336  1521  1521 D QSControlCenterTileLayout: onMeasure height:1147  showLines:5
01-12 18:40:33.338  1521  1521 D SignalClusterView: updateMobileTypeImage  0
01-12 18:40:33.340  1235  1762 E Region  : Region::unflatten() failed, invalid region
01-12 18:40:33.340  1235  1762 E Region  : Region::unflatten() failed, invalid region
01-12 18:40:33.345  1521  1521 D EventBus: [1521, u0] send(AppTransitionFinishedEvent)
01-12 18:40:33.346  1521  1521 D EventBus: [1521, u0]  -> ForcedResizableInfoActivityController [0xe5d95f1, P1] onBusEvent(AppTransitionFinishedEvent)
01-12 18:40:33.346  1521  1521 D EventBus: [1521, u0] onBusEvent(AppTransitionFinishedEvent) duration: 18 microseconds, avg: 44
01-12 18:40:33.346  1521  1521 D StatusBar: disable<e i a s b h r c s > disable2<q i n g r >
01-12 18:40:33.346  1521  1521 D StatusBarClock:  isNormalMode= true clock visible=true
01-12 18:40:33.346  1521  1521 D EventBus: [1521, u0] send(AppTransitionFinishedEvent)
01-12 18:40:33.346  1521  1521 D EventBus: [1521, u0]  -> ForcedResizableInfoActivityController [0xe5d95f1, P1] onBusEvent(AppTransitionFinishedEvent)
01-12 18:40:33.346  1521  1521 D EventBus: [1521, u0] onBusEvent(AppTransitionFinishedEvent) duration: 15 microseconds, avg: 44
01-12 18:40:33.349  1521  1521 D SignalClusterView: updateMobileTypeImage  0
01-12 18:40:33.351  1521  1521 I chatty  : uid=1000(system) com.android.systemui identical 6 lines
01-12 18:40:33.351  1521  1521 D SignalClusterView: updateMobileTypeImage  0
01-12 18:40:33.353  1521  1521 D BluetoothController: fireStateChange
01-12 18:40:33.353  1521  1521 D PhoneStatusBarPolicy: updateBluetooth bluetoothEnabled = false bluetoothBattery visible=false
01-12 18:40:33.353  1521  1521 D QSTile.BluetoothTile: onBluetoothStateChange: enabled = false
01-12 18:40:33.354  1521  1840 D QSTile.BluetoothTile: handleUpdateState: mTargetEnable = falsemController.getBluetoothState() = 10
01-12 18:40:33.356  1521  1521 D SignalClusterView: updateMobileTypeImage  0
01-12 18:40:33.356  1521  1521 I chatty  : uid=1000(system) com.android.systemui identical 2 lines
01-12 18:40:33.356  1521  1521 D SignalClusterView: updateMobileTypeImage  0
01-12 18:40:33.357  1235  2876 E Region  : Region::unflatten() failed, invalid region
01-12 18:40:33.357  1521  1521 D SignalClusterView: updateMobileTypeImage  0
01-12 18:40:33.357  1235  2876 E Region  : Region::unflatten() failed, invalid region
01-12 18:40:33.357  1521  1521 D SignalClusterView: updateMobileTypeImage  0
01-12 18:40:33.357  1521  1521 I chatty  : uid=1000(system) com.android.systemui identical 1 line
01-12 18:40:33.357  1521  1521 D SignalClusterView: updateMobileTypeImage  0
01-12 18:40:33.359  1521  1521 D EventBus: [1521, u0] send(AppTransitionFinishedEvent)
01-12 18:40:33.359  1521  1521 D EventBus: [1521, u0]  -> ForcedResizableInfoActivityController [0xe5d95f1, P1] onBusEvent(AppTransitionFinishedEvent)
01-12 18:40:33.359  1521  1521 D EventBus: [1521, u0] onBusEvent(AppTransitionFinishedEvent) duration: 17 microseconds, avg: 44
01-12 18:40:33.359  1521  1521 D EventBus: [1521, u0] send(AppTransitionFinishedEvent)
01-12 18:40:33.359  1521  1521 D EventBus: [1521, u0]  -> ForcedResizableInfoActivityController [0xe5d95f1, P1] onBusEvent(AppTransitionFinishedEvent)
01-12 18:40:33.359  1521  1521 D EventBus: [1521, u0] onBusEvent(AppTransitionFinishedEvent) duration: 7 microseconds, avg: 44
01-12 18:40:33.360  1521  1521 D StatusBar: onNotificationRemoved key=0|android|0|com.android.server.wm.AlertWindowNotification - com.miui.notes|1000 reason=8
01-12 18:40:33.361  1521  1521 D SignalClusterView: updateMobileTypeImage  0
01-12 18:40:33.371  1521  1521 I chatty  : uid=1000(system) com.android.systemui identical 10 lines
01-12 18:40:33.371  1521  1521 D SignalClusterView: updateMobileTypeImage  0
01-12 18:40:33.373  1235  2876 E Region  : Region::unflatten() failed, invalid region
01-12 18:40:33.373  1235  2876 E Region  : Region::unflatten() failed, invalid region
01-12 18:40:33.383  1521  1521 D SignalClusterView: updateMobileTypeImage  0
01-12 18:40:33.387  1521  1521 I chatty  : uid=1000(system) com.android.systemui identical 16 lines
01-12 18:40:33.388  1521  1521 D SignalClusterView: updateMobileTypeImage  0
01-12 18:40:33.390  1235  1762 E Region  : Region::unflatten() failed, invalid region
01-12 18:40:33.390  1235  1762 E Region  : Region::unflatten() failed, invalid region
01-12 18:40:33.391  1521  1521 D CollapsedStatusBarFragment:  currentFragment:CollapsedStatusBarFragment{11220dd #0 id=0x7f0a0434 CollapsedStatusBarFragmentDRIP} type is: DRIP switch hidden to: true
01-12 18:40:33.391  1521  1521 D CollapsedStatusBarFragment:  currentFragment:CollapsedStatusBarFragment{27e7cb4 #1 id=0x7f0a0434 CollapsedStatusBarFragmentNONE} type is: NONE switch hidden to: false
01-12 18:40:33.396   582   582 I SurfaceFlinger: screenshot (Splash Screen com.YourCompany.Proj#0)
01-12 18:40:33.396   582   582 I SurfaceFlinger: isIncludeStatusBarAndNavBar (1)
01-12 18:40:33.396   582   582 I SurfaceFlinger: screenshot (ScreenshotSurface#0)
01-12 18:40:33.396   582   582 I SurfaceFlinger: isIncludeStatusBarAndNavBar (1)
01-12 18:40:33.396   582   582 I SurfaceFlinger: screenshot (BlackSurface#0)
01-12 18:40:33.396   582   582 I SurfaceFlinger: isIncludeStatusBarAndNavBar (1)
01-12 18:40:33.396   582   582 I SurfaceFlinger: screenshot (BlackSurface#1)
01-12 18:40:33.396   582   582 I SurfaceFlinger: isIncludeStatusBarAndNavBar (1)
01-12 18:40:33.397  1521  1521 D StatusBarClock:  isNormalMode= true clock visible=true
01-12 18:40:33.398  1521  1521 V KeyguardUpdateMonitor: *** unregister callback for com.android.systemui.BatteryMeterView$1@214a222
01-12 18:40:33.407  1235  2876 E Region  : Region::unflatten() failed, invalid region
01-12 18:40:33.407  1235  2876 E Region  : Region::unflatten() failed, invalid region
01-12 18:40:33.409  1521  1521 D SignalClusterView: updateMobileTypeImage  0
01-12 18:40:33.411  1521  1521 D MobileSignalController: updateDataType mSelectedDataTypeIcon[0]=2131232929, mSelectedDataActivityIndex=6
01-12 18:40:33.411  1521  1521 D TelephonyIcons: getSignalStrengthIcon: slot=0, inetCondition=1, level=4, roaming=false, signalstrength=SignalStrength:{mCdma=CellSignalStrengthCdma: cdmaDbm=2147483647 cdmaEcio=2147483647 evdoDbm=2147483647 evdoEcio=2147483647 evdoSnr=2147483647 miuiLevel=0 level=0,mGsm=CellSignalStrengthGsm: rssi=2147483647 ber=2147483647 mTa=2147483647 miuiLevel=0 mLevel=0,mWcdma=CellSignalStrengthWcdma: ss=2147483647 ber=2147483647 rscp=2147483647 ecno=2147483647 miuiLevel=0 level=0,mTdscdma=CellSignalStrengthTdscdma: rssi=2147483647 ber=2147483647 rscp=2147483647 miuiLevel=0 level=0,mLte=CellSignalStrengthLte: rssi=2147483647 rsrp=-102 rsrq=-17 rssnr=-40 cqi=0 ta=0 miuiLevel=4 level=0,mNr=CellSignalStrengthNr:{ csiRsrp = 2147483647 csiRsrq = 2147483647 csiSinr = 2147483647 ssRsrp = 2147483647 ssRsrq = 2147483647 ssSinr = 2147483647 miuiLevel = 0 level = 0 },primary=CellSignalStrengthLte}, phoneId=0, mMtkLevel=-1, mMtkRsrpOnly=true, mMtkLteRsrpThreshold=null, mMtkLteRssnrThreshold=null
01-12 18:40:33.412  1521  1521 D TelephonyIcons: null signal icon name: drawable/stat_sys_signal_null
01-12 18:40:33.412  1521  1521 D TelephonyIcons: getDataTypeIcon sub=0
01-12 18:40:33.412  1521  1521 D SignalClusterView: updateMobileTypeImage  0
01-12 18:40:33.412  1521  1521 D SlaveWifiSignalController: notifyListeners: false
01-12 18:40:33.413  1521  1521 V KeyguardUpdateMonitor: *** register callback for com.android.systemui.BatteryMeterView$1@d3f0ee1
01-12 18:40:33.413  1521  1521 V KeyguardUpdateMonitor: *** unregister callback for null
01-12 18:40:33.417  1521  1521 D SignalClusterView: updateMobileTypeImage  0
01-12 18:40:33.418  1521  1521 I chatty  : uid=1000(system) com.android.systemui identical 4 lines
01-12 18:40:33.418  1521  1521 D SignalClusterView: updateMobileTypeImage  0
01-12 18:40:33.419  1521  1521 D PhoneStatusBarTintController: updateSamplingListener unregister 
01-12 18:40:33.419  1521  1521 D PhoneStatusBarTintController: updateSamplingListener register
01-12 18:40:33.419 24439 24439 I FeatureParser: can't find begonia.xml in assets/device_features/,it may be in /system/etc/device_features
01-12 18:40:33.423  1521  1521 D SignalClusterView: updateMobileTypeImage  0
01-12 18:40:33.423  1235  2876 E Region  : Region::unflatten() failed, invalid region
01-12 18:40:33.423  1235  2876 E Region  : Region::unflatten() failed, invalid region
01-12 18:40:33.423  1521  1521 D SignalClusterView: updateMobileTypeImage  0
01-12 18:40:33.427  1521  1521 I chatty  : uid=1000(system) com.android.systemui identical 1 line
01-12 18:40:33.428  1521  1521 D SignalClusterView: updateMobileTypeImage  0
01-12 18:40:33.428 24439 24439 E libc    : Access denied finding property "ro.vendor.df.effect.conflict"
01-12 18:40:33.425 24439 24439 W ourCompany.Proj: type=1400 audit(0.0:109017): avc: denied { read } for name="u:object_r:vendor_displayfeature_prop:s0" dev="tmpfs" ino=371 scontext=u:r:untrusted_app_27:s0:c234,c257,c512,c768 tcontext=u:object_r:vendor_displayfeature_prop:s0 tclass=file permissive=0
01-12 18:40:33.432  1521  1521 D PhoneStatusBar/NavigationBarView: onDraw
01-12 18:40:33.434  1235  1461 D SlaveWifiManager: getWifiSlaveConnectionInfo
01-12 18:40:33.435  1235  1453 D SlaveWifiService: Slave message handler : 155633
01-12 18:40:33.435  1235  1461 D SlaveWifiManager: getWifiSlaveConnectionInfo
01-12 18:40:33.435  1235  1453 D SlaveWifiService: Slave message handler : 155633
01-12 18:40:33.437 24439 24465 V UE4     : [NetworkChangedManager] Network Available: 120
01-12 18:40:33.437 24439 24465 V UE4     : [NetworkChangedManager] No network state set yet, setting naive network state checking connection fully.
01-12 18:40:33.438 24439 24465 V UE4     : [NetworkChangedManager] Network connectivity changed. New connectivity state: CONNECTION_AVAILABLE
01-12 18:40:33.439  1521  1521 D NavBarTintController:  updateSamplingListener false
01-12 18:40:33.439 24439 24465 V UE4     : [NetworkChangedManager] Network Capabilities changed, has Internet: true
01-12 18:40:33.439  1521  1521 W StatusBar: removeNotification for unknown key: 0|android|0|com.android.server.wm.AlertWindowNotification - com.miui.notes|1000
01-12 18:40:33.439  1521  1521 D StatusBar: removeNotification null
01-12 18:40:33.440 24439 24466 V UE4     : [NetworkChangedManager] Verifying internet connection with host: https://example.com/
01-12 18:40:33.440  1235  2876 E Region  : Region::unflatten() failed, invalid region
01-12 18:40:33.440  1235  2876 E Region  : Region::unflatten() failed, invalid region
01-12 18:40:33.445 24439 24466 D NetworkSecurityConfig: No Network Security Config specified, using platform default
01-12 18:40:33.447 24439 24466 I System.out: [okhttp]:check permission begin!
01-12 18:40:33.447 24439 24466 W System  : ClassLoader referenced unknown path: system/framework/mediatek-cta.jar
01-12 18:40:33.448 24439 24466 I System.out: [okhttp] e:java.lang.ClassNotFoundException: com.mediatek.cta.CtaUtils
01-12 18:40:33.450   496 24470 E ResolverController: No valid NAT64 prefix (120, <unspecified>/0)
01-12 18:40:33.452 24439 24466 I System.out: [socket]:check permission begin!
01-12 18:40:33.453 24439 24466 W System  : ClassLoader referenced unknown path: system/framework/mediatek-cta.jar
01-12 18:40:33.454 24439 24466 I System.out: [socket] e:java.lang.ClassNotFoundException: com.mediatek.cta.CtaUtils
01-12 18:40:33.456  1235  3850 E Region  : Region::unflatten() failed, invalid region
01-12 18:40:33.456  1235  3850 E Region  : Region::unflatten() failed, invalid region
01-12 18:40:33.468  1521  1521 D SignalClusterView: updateMobileTypeImage  0
01-12 18:40:33.469  1521  1521 I chatty  : uid=1000(system) com.android.systemui identical 8 lines
01-12 18:40:33.469  1521  1521 D SignalClusterView: updateMobileTypeImage  0
01-12 18:40:33.473  1235  3850 E Region  : Region::unflatten() failed, invalid region
01-12 18:40:33.473  1235  3850 E Region  : Region::unflatten() failed, invalid region
01-12 18:40:33.474  1521  1521 D SignalClusterView: updateMobileTypeImage  0
01-12 18:40:33.475  1521  1521 I chatty  : uid=1000(system) com.android.systemui identical 1 line
01-12 18:40:33.485  1521  1521 D SignalClusterView: updateMobileTypeImage  0
01-12 18:40:33.490  1235  1762 E Region  : Region::unflatten() failed, invalid region
01-12 18:40:33.490  1235  1762 E Region  : Region::unflatten() failed, invalid region
01-12 18:40:33.496 24439 24439 D ForceDarkHelper: updateByCheckExcludeList: pkg: com.YourCompany.Proj activity: com.epicgames.ue4.SplashActivity@2c20665
01-12 18:40:33.502 24439 24439 I Timeline: Timeline: Activity_launch_request time:138017344
01-12 18:40:33.503  1235  1762 I ActivityTaskManager: START u0 {flg=0x10000 cmp=com.YourCompany.Proj/com.epicgames.ue4.GameActivity (has extras)} from uid 10490
01-12 18:40:33.497 24439 24439 I chatty  : uid=10490(com.YourCompany.Proj) identical 1 line
01-12 18:40:33.498 24439 24439 D ForceDarkHelper: updateByCheckExcludeList: pkg: com.YourCompany.Proj activity: com.epicgames.ue4.SplashActivity@2c20665
01-12 18:40:33.503  1235  1762 D MiuiMultiWindowAdapter: MiuiMultiWindowAdapter::getFreeformBlackList::sSmallWindowBlackList = [com.miui.securitycenter, com.miui.weather2, com.miui.miservice, com.android.calendar, com.xiaomi.calendar, com.android.contacts, com.miui.mishare.connectivity, com.android.settings, com.android.printspooler, com.miui.backup, com.miui.huanji, com.miui.calculator, com.android.deskclock, com.android.thememanager, com.mfashiongallery.emag, com.miui.virtualsim, com.miui.smarttravel, com.mi.health, com.android.camera, com.lbe.security.miui, com.miui.cleanmaster, com.miui.newhome, com.miui.voiceassist, com.android.phone, com.miui.yellowpage, com.android.updater, com.miui.tsmclient, com.miui.securitycore, com.xiaomi.account, com.xiaomi.shop, com.xiaomi.smarthome, com.mipay.wallet, com.xiaomi.youpin, com.xiaomi.hm.health, com.miui.bugreport, com.xiaomi.mibrain.speech, com.xiaomi.mimoji, com.xiaomi.scanner, com.duokan.phone.remotecontroller, com.miui.hybrid, com.android.incallui, com.miui.video, com.miui.videoplayer, com.miui.player, com.miui.fm, com.miui.packageinstaller, com.mi.android.globallauncher, com.mi.android.globallauncher-poco, com.google.android.dialer, com.google.android.apps.magazines, com.miui.compass, com.miui.greenguard, com.kiteguard, com.google.android.apps.prodcasts, com.google.ar.lens, com.xiangkan.android, com.android.bankabc, com.sohu.inputmethod.sogou, com.tencent.mtt, com.shyz.toutiao, com.netease.mc.mi, com.outfit7.talkingtomgoldrun.mi, com.doudz.mi, com.wepie.snake.new.mi, cn.jj, com.standddz002.mi, com.miHoYo.bh3.mi, com.qqgame.hlddz, com.happyelements.AndroidAnimal, com.minitech.miniworld.TMobile.mi, com.mfp.jelly.xiaomi, com.lilithgames.afk.mi, com.tencent.peng, com.teenpatti.hd.gold, blockpuzzle.jewelgames.jewelslegend, com.playgendary.tanks, com.chillingo.robberybobfree.android.row, com.episodeinteractive.android.catalog, com.playrix.township, com.ansangha.drdriving, com.google.android.youtube, com.gbits.atm.mi, com.tencent.tetris, com.sukhavati.gotoplaying.bubble.BubbleShooter.mint, com.youzu.bs.mi]
01-12 18:40:33.504   538   598 I power@1.3-impl: powerHintInternal hint:8, data:1
01-12 18:40:33.506  1235  1762 D PowerHalWrapper: <amsBoostResume> last:com.YourCompany.Proj, next:com.YourCompany.Proj 
01-12 18:40:33.515   815   918 D AAL     : 01-12 06:40:32.982 BL= 862,ESS= 262, 01-12 06:40:33.216 BL= 863,ESS= 264, 01-12 06:40:33.316 BL= 863,ESS= 266, 01-12 06:40:33.415 BL= 863,ESS= 268, 01-12 06:40:33.515 BL= 863,ESS= 270, 
01-12 18:40:33.516   582   582 I SurfaceFlinger: screenshot (Letterbox - left#0)
01-12 18:40:33.516   582   582 I SurfaceFlinger: isIncludeStatusBarAndNavBar (1)
01-12 18:40:33.516   582   582 I SurfaceFlinger: screenshot (Splash Screen com.YourCompany.Proj#0)
01-12 18:40:33.516   582   582 I SurfaceFlinger: isIncludeStatusBarAndNavBar (1)
01-12 18:40:33.516   582   582 I SurfaceFlinger: screenshot (BlackSurface#1)
01-12 18:40:33.516   582   582 I SurfaceFlinger: isIncludeStatusBarAndNavBar (1)
01-12 18:40:33.518  1701  1701 D RecentsImpl: mActivityStateObserver com.epicgames.ue4.SplashActivity
01-12 18:40:33.518 24439 24439 W Looper  : Slow Looper main: Activity com.YourCompany.Proj/com.epicgames.ue4.SplashActivity is 372ms late (wall=0ms running=0ms ClientTransaction{ callbacks=[android.app.servertransaction.TopResumedActivityChangeItem] }) because of 3 msg, msg 2 took 289ms (seq=2 late=6ms h=android.app.ActivityThread$H w=110), msg 3 took 82ms (seq=3 late=290ms h=android.app.ActivityThread$H w=159)
01-12 18:40:33.521  1235  2876 D PowerHalWrapper: amsBoostNotify pid:24439,activity:com.epicgames.ue4.GameActivity, package:com.YourCompany.Proj, mProcessCreatePackcom.YourCompany.Proj 
01-12 18:40:33.523  1235  2876 I Timeline: Timeline: App_transition_ready time:138017364
01-12 18:40:33.523  1235  2876 I Timeline: Timeline: App_transition_stopped time:138017364
01-12 18:40:33.524  1521  1521 D EventBus: [1521, u0] send(AppTransitionFinishedEvent)
01-12 18:40:33.524  1521  1521 D EventBus: [1521, u0]  -> ForcedResizableInfoActivityController [0xe5d95f1, P1] onBusEvent(AppTransitionFinishedEvent)
01-12 18:40:33.524  1521  1521 D EventBus: [1521, u0] onBusEvent(AppTransitionFinishedEvent) duration: 11 microseconds, avg: 44
01-12 18:40:33.524 24439 24439 W ActivityThread: handleWindowVisibility: no activity for token android.os.BinderProxy@1adaf3a
01-12 18:40:33.525  1235  1322 I PowerHalWrapper: <setRotation> do boost with 0ms 
01-12 18:40:33.525  1521  1521 D EventBus: [1521, u0] send(AppTransitionFinishedEvent)
01-12 18:40:33.525  1521  1521 D EventBus: [1521, u0]  -> ForcedResizableInfoActivityController [0xe5d95f1, P1] onBusEvent(AppTransitionFinishedEvent)
01-12 18:40:33.525  1521  1521 D EventBus: [1521, u0] onBusEvent(AppTransitionFinishedEvent) duration: 13 microseconds, avg: 44
01-12 18:40:33.525  1521  1521 D EventBus: [1521, u0] send(AppTransitionFinishedEvent)
01-12 18:40:33.526  1521  1521 D EventBus: [1521, u0]  -> ForcedResizableInfoActivityController [0xe5d95f1, P1] onBusEvent(AppTransitionFinishedEvent)
01-12 18:40:33.526  1521  1521 D EventBus: [1521, u0] onBusEvent(AppTransitionFinishedEvent) duration: 11 microseconds, avg: 44
01-12 18:40:33.539   582   582 I BufferQueue: [ScreenshotSurface#0](this:0x727c65c000,id:8051,api:2,p:-1,c:-1) ~BufferQueueCore
01-12 18:40:33.540   582   582 D RefBase : RefBase: Explicit destruction, weak count = 0 (in 0x727c65d458)
01-12 18:40:33.540   582   582 W RefBase : CallStack::getCurrentInternal not linked, returning null
01-12 18:40:33.540   582   582 W RefBase : CallStack::logStackInternal not linked
01-12 18:40:33.543   516   682 W hwcomposer: [OVL] (0) No overlay input queue(0)  
01-12 18:40:33.543   516   682 I hwcomposer: [DBQ] (q2:0x7a6063e600) Buffer queue is created with size(3)  
01-12 18:40:33.543   516   682 I hwcomposer: [DBQ] (q2:0x7a6063e600) setConsumerListener  
01-12 18:40:33.543   516   682 I hwcomposer: [DBQ] (q2:0x7a6063e600) Reallocate Slot(0), pool(0 -> 0) size(0 -> 10108800)  
01-12 18:40:33.625   582   582 I SurfaceFlinger: screenshot (Letterbox - left#1)
01-12 18:40:33.625   582   582 I SurfaceFlinger: isIncludeStatusBarAndNavBar (1)
01-12 18:40:33.625   582   582 I SurfaceFlinger: screenshot (Splash Screen com.YourCompany.Proj#0)
01-12 18:40:33.625   582   582 I SurfaceFlinger: isIncludeStatusBarAndNavBar (1)
01-12 18:40:33.707   516   602 I hwcomposer: [HWCDisplay] [Display_0 (type:1)] fps:51.171356,dur:1016.19,max:138.88,min:11.75  
01-12 18:40:33.720 24439 24439 D UE4     : Used memory before allocating anything was 158.71MB
01-12 18:40:33.741   582   582 I SurfaceFlinger: screenshot (Letterbox - left#1)
01-12 18:40:33.741   582   582 I SurfaceFlinger: isIncludeStatusBarAndNavBar (1)
01-12 18:40:33.741   582   582 I SurfaceFlinger: screenshot (Splash Screen com.YourCompany.Proj#0)
01-12 18:40:33.741   582   582 I SurfaceFlinger: isIncludeStatusBarAndNavBar (1)
01-12 18:40:33.861   582   582 I SurfaceFlinger: screenshot (Letterbox - left#1)
01-12 18:40:33.861   582   582 I SurfaceFlinger: isIncludeStatusBarAndNavBar (1)
01-12 18:40:33.861   582   582 I SurfaceFlinger: screenshot (Splash Screen com.YourCompany.Proj#0)
01-12 18:40:33.861   582   582 I SurfaceFlinger: isIncludeStatusBarAndNavBar (1)
01-12 18:40:33.878   516   679 I hwcomposer: [DPY] receive refesh frquest from driver: type[4]  
01-12 18:40:33.878   516   679 I hwcomposer: [HWC] fire a callback of refresh to SF  
01-12 18:40:33.893   582   582 I BufferQueueProducer: [FramebufferSurface](this:0x7282501800,id:0,api:1,p:582,c:582) queueBuffer: fps=22.34 dur=1029.57 max=364.92 min=13.21
01-12 18:40:33.894   516   682 I hwcomposer: [OVL] (0) Overlay input(0) was used with queue previously  
01-12 18:40:33.894   516   682 I hwcomposer: [DBQ] (q2:0x7a6063e600) Buffer queue is destroyed  
01-12 18:40:33.894   516   682 I hwcomposer: [DBQ] (q2:0x7a6063e600) Free Slot(0), handle=0x7a623c5ec0, 10108800 -> 0  
01-12 18:40:33.907 22703 22728 W FA      : setCurrentScreen cannot be called while no activity active
01-12 18:40:33.915   815   918 D AAL     : 01-12 06:40:33.615 BL= 863,ESS= 272, 01-12 06:40:33.715 BL= 863,ESS= 274, 01-12 06:40:33.782 BL= 862,ESS= 274, 01-12 06:40:33.815 BL= 862,ESS= 276, 01-12 06:40:33.915 BL= 862,ESS= 278, 
01-12 18:40:33.942 24439 24466 I System.out: [OkHttp] sendRequest>>
01-12 18:40:33.942 24439 24466 I System.out: [OkHttp] sendRequest<<
01-12 18:40:33.966  1235  3850 E WifiService: Permission violation - getScanResults not allowed for uid=10173, packageName=com.vkontakte.android, reason=java.lang.SecurityException: Location mode is disabled for the device
01-12 18:40:33.978   582   582 I SurfaceFlinger: screenshot (Letterbox - left#1)
01-12 18:40:33.978   582   582 I SurfaceFlinger: isIncludeStatusBarAndNavBar (1)
01-12 18:40:33.978   582   582 I SurfaceFlinger: screenshot (Splash Screen com.YourCompany.Proj#0)
01-12 18:40:33.978   582   582 I SurfaceFlinger: isIncludeStatusBarAndNavBar (1)
01-12 18:40:34.215   815   918 D AAL     : 01-12 06:40:33.998 BL= 862,ESS= 280, 01-12 06:40:34.098 BL= 862,ESS= 282, 01-12 06:40:34.115 BL= 861,ESS= 282, 01-12 06:40:34.198 BL= 860,ESS= 284, 01-12 06:40:34.215 BL= 859,ESS= 284, 
01-12 18:40:34.224 24439 24466 V UE4     : [NetworkChangedManager] Connectivity hasn't changed. Current state: CONNECTION_AVAILABLE
01-12 18:40:34.224 24439 24466 V UE4     : [NetworkChangedManager] Full network check complete. State: CONNECTION_AVAILABLE
01-12 18:40:34.298   815   918 D AAL     : 01-12 06:40:34.232 BL= 858,ESS= 284, 01-12 06:40:34.248 BL= 857,ESS= 284, 01-12 06:40:34.265 BL= 856,ESS= 284, 01-12 06:40:34.282 BL= 855,ESS= 284, 01-12 06:40:34.298 BL= 854,ESS= 286, 
01-12 18:40:34.374   433   443 E PSITrigger: get PSI events detail failed!! errno=25
01-12 18:40:34.385 24439 24439 D UE4     : In the JNI_OnLoad function
01-12 18:40:34.386 24439 24439 D UE4     : [JNI] - Failed to determine if app purchasing is enabled!
01-12 18:40:34.387 24439 24439 D UE4     : Path found as '/storage/emulated/0'
01-12 18:40:34.387 24439 24439 D UE4     : Font Path found as '/system/fonts/'
01-12 18:40:34.387 24439 24439 D UE4     : In the JNI_OnLoad function 5
01-12 18:40:34.393 24439 24439 D OVRPlugin: JNI_OnLoad
01-12 18:40:34.398 24439 24439 D ForceDarkHelper: updateByCheckExcludeList: pkg: com.YourCompany.Proj activity: com.epicgames.ue4.GameActivity@3903697
01-12 18:40:34.399   815   918 D AAL     : 01-12 06:40:34.315 BL= 853,ESS= 286, 01-12 06:40:34.348 BL= 852,ESS= 286, 01-12 06:40:34.365 BL= 851,ESS= 286, 01-12 06:40:34.382 BL= 850,ESS= 286, 01-12 06:40:34.399 BL= 849,ESS= 288, 
01-12 18:40:34.401 24439 24439 D ForceDarkHelper: updateByCheckExcludeList: pkg: com.YourCompany.Proj activity: com.epicgames.ue4.GameActivity@3903697
01-12 18:40:34.402 24439 24439 I chatty  : uid=10490(com.YourCompany.Proj) identical 1 line
01-12 18:40:34.402 24439 24439 D ForceDarkHelper: updateByCheckExcludeList: pkg: com.YourCompany.Proj activity: com.epicgames.ue4.GameActivity@3903697
01-12 18:40:34.447   794  1022 E Situation: processEvent, handle:26, flush_action:0
01-12 18:40:33.985  1235  3850 E WifiService: Permission violation - getScanResults not allowed for uid=10173, packageName=com.vkontakte.android, reason=java.lang.SecurityException: Location mode is disabled for the device
01-12 18:40:34.448  1235  1319 V WindowOrientationListener: Proposed rotation changed!  mDesiredRotation=0, newRotation=0
01-12 18:40:34.458   516   682 W hwcomposer: [OVL] (0) No overlay input queue(0)  
01-12 18:40:34.458   516   682 I hwcomposer: [DBQ] (q2:0x7a6063e600) Buffer queue is created with size(3)  
01-12 18:40:34.458   516   682 I hwcomposer: [DBQ] (q2:0x7a6063e600) setConsumerListener  
01-12 18:40:34.458   516   682 I hwcomposer: [DBQ] (q2:0x7a6063e600) Reallocate Slot(0), pool(0 -> 0) size(0 -> 10108800)  
01-12 18:40:34.459   582   582 I SurfaceFlinger: screenshot (Letterbox - left#1)
01-12 18:40:34.459   582   582 I SurfaceFlinger: isIncludeStatusBarAndNavBar (1)
01-12 18:40:34.459   582   582 I SurfaceFlinger: screenshot (Splash Screen com.YourCompany.Proj#0)
01-12 18:40:34.459   582   582 I SurfaceFlinger: isIncludeStatusBarAndNavBar (1)
01-12 18:40:34.482   815   918 D AAL     : 01-12 06:40:34.415 BL= 848,ESS= 288, 01-12 06:40:34.432 BL= 847,ESS= 288, 01-12 06:40:34.448 BL= 846,ESS= 288, 01-12 06:40:34.471 BL= 845,ESS= 288, 01-12 06:40:34.482 BL= 844,ESS= 288, 
01-12 18:40:34.569   496 24475 E ResolverController: No valid NAT64 prefix (120, <unspecified>/0)
01-12 18:40:34.569 22703 22942 I System.out: [socket]:check permission begin!
01-12 18:40:34.565  1235  1235 W Binder:1235_1C: type=1400 audit(0.0:109018): avc: denied { read open } for path="/mnt/media_rw/40A8-68D9/Android/obb" dev="mmcblk0p1" ino=1866884 scontext=u:r:system_server:s0 tcontext=u:object_r:vfat:s0 tclass=dir permissive=0
01-12 18:40:34.569 22703 22942 W System  : ClassLoader referenced unknown path: system/framework/mediatek-cta.jar
01-12 18:40:34.570 22703 22942 I System.out: [socket] e:java.lang.ClassNotFoundException: com.mediatek.cta.CtaUtils
01-12 18:40:34.578   582   582 I SurfaceFlinger: screenshot (Letterbox - left#1)
01-12 18:40:34.578   582   582 I SurfaceFlinger: isIncludeStatusBarAndNavBar (1)
01-12 18:40:34.578   582   582 I SurfaceFlinger: screenshot (Splash Screen com.YourCompany.Proj#0)
01-12 18:40:34.578   582   582 I SurfaceFlinger: isIncludeStatusBarAndNavBar (1)
01-12 18:40:34.582   815   918 D AAL     : 01-12 06:40:34.498 BL= 843,ESS= 290, 01-12 06:40:34.515 BL= 842,ESS= 290, 01-12 06:40:34.548 BL= 841,ESS= 290, 01-12 06:40:34.565 BL= 840,ESS= 290, 01-12 06:40:34.582 BL= 839,ESS= 292, 
01-12 18:40:34.594   516   679 I hwcomposer: [DPY] receive refesh frquest from driver: type[4]  
01-12 18:40:34.594   516   679 I hwcomposer: [HWC] fire a callback of refresh to SF  
01-12 18:40:34.610   516   682 I hwcomposer: [OVL] (0) Overlay input(0) was used with queue previously  
01-12 18:40:34.610   516   682 I hwcomposer: [DBQ] (q2:0x7a6063e600) Buffer queue is destroyed  
01-12 18:40:34.610   516   682 I hwcomposer: [DBQ] (q2:0x7a6063e600) Free Slot(0), handle=0x7a623c5ec0, 10108800 -> 0  
01-12 18:40:34.665   815   918 D AAL     : 01-12 06:40:34.599 BL= 838,ESS= 292, 01-12 06:40:34.616 BL= 837,ESS= 292, 01-12 06:40:34.632 BL= 836,ESS= 292, 01-12 06:40:34.649 BL= 835,ESS= 292, 01-12 06:40:34.665 BL= 834,ESS= 292, 
01-12 18:40:34.695   582   582 I SurfaceFlinger: screenshot (Letterbox - left#1)
01-12 18:40:34.695   582   582 I SurfaceFlinger: isIncludeStatusBarAndNavBar (1)
01-12 18:40:34.695   582   582 I SurfaceFlinger: screenshot (Splash Screen com.YourCompany.Proj#0)
01-12 18:40:34.695   582   582 I SurfaceFlinger: isIncludeStatusBarAndNavBar (1)
01-12 18:40:34.765   815   918 D AAL     : 01-12 06:40:34.682 BL= 833,ESS= 294, 01-12 06:40:34.698 BL= 832,ESS= 294, 01-12 06:40:34.715 BL= 831,ESS= 294, 01-12 06:40:34.748 BL= 830,ESS= 294, 01-12 06:40:34.765 BL= 829,ESS= 294, 
01-12 18:40:34.807  1235  3850 W BpBinder: Slow Binder: BpBinder transact took 237 ms, interface=android.os.IVold, code=21 oneway=false
01-12 18:40:34.807 24439 24439 W BpBinder: Slow Binder: BpBinder transact took 238 ms, interface=android.os.storage.IStorageManager, code=35 oneway=false
01-12 18:40:34.819 24439 24476 D UE4     : Entering native app glue main function
01-12 18:40:34.819 24439 24476 D UE4     : Created event thread
01-12 18:40:34.819 24439 24476 D UE4     : Entered AndroidMain()
01-12 18:40:34.819 24439 24477 D UE4     : Entering event processing thread engine entry point
01-12 18:40:34.819 24439 24477 D UE4     : Prepared looper for event thread
01-12 18:40:34.819 24439 24477 D UE4     : Passed callback initialization
01-12 18:40:34.819 24439 24477 D UE4     : Passed sensor initialization
01-12 18:40:34.819 24439 24476 D UE4     : Controller interface supported
01-12 18:40:34.832 24439 24439 I SurfaceFactory: [static] sSurfaceFactory = com.mediatek.view.impl.SurfaceFactoryImpl@4d37084
01-12 18:40:34.840 24439 24439 D ViewRootImpl[GameActivity]: hardware acceleration = true , fakeHwAccelerated = false, sRendererDisabled = false, forceHwAccelerated = false, sSystemRendererDisabled = false
01-12 18:40:34.840 32109 32109 E adbd    : failed to connect to socket 'tcp:6666': Connection refused
01-12 18:40:34.845   582  2228 I SurfaceFlinger: [SF client] NEW(0x727b0df540) for (1235:system_server)
01-12 18:40:34.849   815   918 D AAL     : 01-12 06:40:34.782 BL= 828,ESS= 296, 01-12 06:40:34.798 BL= 827,ESS= 296, 01-12 06:40:34.815 BL= 826,ESS= 296, 01-12 06:40:34.832 BL= 825,ESS= 296, 01-12 06:40:34.849 BL= 824,ESS= 296, 
01-12 18:40:34.850 24439 24439 D UE4     : [GameActivity] Target SDK is 28.  This may cause issues if permissions are denied by the user.
01-12 18:40:34.851 24439 24439 E PermissionHelper: GVRTransition2DActivity.getActivity() failed. Trying to get GameActivity.
01-12 18:40:34.852 24439 24439 D PermissionHelper: checkPermission: android.permission.WRITE_EXTERNAL_STORAGE has granted
01-12 18:40:34.858   516   602 I hwcomposer: [HWCDisplay] [Display_0 (type:1)] fps:6.954195,dur:1150.38,max:564.21,min:15.60  
01-12 18:40:34.858   516   682 W hwcomposer: [OVL] (0) No overlay input queue(0)  
01-12 18:40:34.858   516   682 I hwcomposer: [DBQ] (q2:0x7a6063e600) Buffer queue is created with size(3)  
01-12 18:40:34.858   516   682 I hwcomposer: [DBQ] (q2:0x7a6063e600) setConsumerListener  
01-12 18:40:34.858   516   682 I hwcomposer: [DBQ] (q2:0x7a6063e600) Reallocate Slot(0), pool(0 -> 0) size(0 -> 10108800)  
01-12 18:40:34.859   582   582 I SurfaceFlinger: screenshot (Letterbox - left#1)
01-12 18:40:34.859   582   582 I SurfaceFlinger: isIncludeStatusBarAndNavBar (1)
01-12 18:40:34.859   582   582 I SurfaceFlinger: screenshot (Splash Screen com.YourCompany.Proj#0)
01-12 18:40:34.859   582   582 I SurfaceFlinger: isIncludeStatusBarAndNavBar (1)
01-12 18:40:34.923 32109 32109 I ADB_SERVICES: service_to_fd shell,v2,raw:ps
01-12 18:40:34.933 24439 24439 D ForceDarkHelper: updateByCheckExcludeList: pkg: com.YourCompany.Proj activity: com.epicgames.ue4.GameActivity@3903697
01-12 18:40:34.934 24439 24439 D UE4     : [GameActivity] Vulkan version: 1.1.0
01-12 18:40:34.934 24439 24439 D UE4     : [GameActivity] Vulkan level: 1
01-12 18:40:34.935 24439 24439 D UE4     : [GameActivity] Found DepthBufferPreference = 0
01-12 18:40:34.936 24439 24439 D UE4     : [GameActivity] Found bPackageDataInsideApk = 0
01-12 18:40:34.936 24439 24439 D UE4     : [GameActivity] Found ProjectName = Proj
01-12 18:40:34.936 24439 24439 D UE4     : [GameActivity] Found AppType = 
01-12 18:40:34.936 24439 24439 D UE4     : [GameActivity] Found bHasOBBFiles = 0
01-12 18:40:34.936 24439 24439 D UE4     : [GameActivity] Found bVerifyOBBOnStartUp = false
01-12 18:40:34.936 24439 24439 D UE4     : [GameActivity] UI hiding set to true
01-12 18:40:34.936 24439 24439 D UE4     : [GameActivity] BuildConfiguration set to Development
01-12 18:40:34.936 24439 24439 D UE4     : [GameActivity] UseExternalFilesDir set to false
01-12 18:40:34.936 24439 24439 D UE4     : [GameActivity] PublicLogFiles set to false
01-12 18:40:34.936 24439 24439 D UE4     : [GameActivity] AllowIMU set to true
01-12 18:40:34.936 24439 24439 D UE4     : [GameActivity] SupportsVulkan set to false
01-12 18:40:34.936 24439 24439 D UE4     : [GameActivity] No Oculus Mobile mode detected.
01-12 18:40:34.938 24439 24439 D UE4     : [GameActivity] Using commandline from: /storage/emulated/0/UE4Game/Proj/UE4CommandLine.txt
01-12 18:40:34.938 24439 24439 D UE4     : [GameActivity] Parsing commandline: ../../../Proj/Proj.uproject  /Game/Proj/Maps/Transit -Messaging -SessionId=434976EE45BD4978A1D72E8D91DEC10E -SessionOwner="misha" -SessionName="Launch On Device" -iterative
01-12 18:40:34.940 24439 24439 I GPUD    : @gpudInitialize: successfully initialized with 1, dbg=0 mmdump_dbg=0
01-12 18:40:34.949   815   918 D AAL     : 01-12 06:40:34.866 BL= 823,ESS= 298, 01-12 06:40:34.882 BL= 822,ESS= 298, 01-12 06:40:34.899 BL= 821,ESS= 298, 01-12 06:40:34.933 BL= 820,ESS= 298, 01-12 06:40:34.949 BL= 819,ESS= 298, 
01-12 18:40:34.953 24439 24439 I GED     : [GT]_get_procNameprocess pid(24439)
01-12 18:40:34.953 24439 24439 I GED     : [GT]_getprocess name(com.YourCompany.Proj)
01-12 18:40:34.953 24439 24439 I         : [GT] ret(1) gt_status(00000000) aniso_debug_level(0) gt_aniso_max_level(16) ani so mask(00000001) tri mask(00000002)
01-12 18:40:34.960 24439 24439 D UE4     : [GameActivity] Hardware: MT6785V/CC
01-12 18:40:34.960 24439 24439 D UE4     : [GameActivity] ro.hardware: mt6785
01-12 18:40:34.961 24439 24439 D UE4     : [GameActivity] Memory: 5498 MB
01-12 18:40:34.964 24439 24439 D UE4     : [GameActivity] UseAffinity: false
01-12 18:40:34.964 24439 24439 D UE4     : [GameActivity] BigCoreMask: 0xffff
01-12 18:40:34.964 24439 24439 D UE4     : [GameActivity] LittleCoreMask: 0x0
01-12 18:40:34.964 24439 24439 D UE4     : [GameActivity] APK path: /data/app/com.YourCompany.Proj-Jy4odBTUr4Z1PPq14i8Vvw==/base.apk
01-12 18:40:34.964 24439 24439 D UE4     : [GameActivity] OBB in APK: false
01-12 18:40:34.967 24439 24439 D UE4     : InternalFilePath found as '/data/user/0/com.YourCompany.Proj/files'
01-12 18:40:34.967 24439 24439 D UE4     : ExternalFilePath found as '/storage/emulated/0/Android/data/com.YourCompany.Proj/files'
01-12 18:40:34.967 24439 24439 D UE4     : App is running in Landscape
01-12 18:40:34.967 24439 24439 D UE4     : [GameActivity] Android version is 10
01-12 18:40:34.967 24439 24439 D UE4     : [GameActivity] Android manufacturer is Xiaomi
01-12 18:40:34.967 24439 24439 D UE4     : [GameActivity] Android model is Redmi Note 8 Pro
01-12 18:40:34.967 24439 24439 D UE4     : [GameActivity] Android build number is QP1A.190711.020
01-12 18:40:34.967 24439 24439 D UE4     : [GameActivity] OS language is set to ru_RU
01-12 18:40:34.967 24439 24439 D UE4     : [GameActivity] Debugger attached is false
01-12 18:40:34.968 24439 24439 D ForceDarkHelper: updateByCheckExcludeList: pkg: com.YourCompany.Proj activity: com.epicgames.ue4.GameActivity@3903697
01-12 18:40:34.978   582   582 I SurfaceFlinger: screenshot (Letterbox - left#1)
01-12 18:40:34.978   582   582 I SurfaceFlinger: isIncludeStatusBarAndNavBar (1)
01-12 18:40:34.978   582   582 I SurfaceFlinger: screenshot (Splash Screen com.YourCompany.Proj#0)
01-12 18:40:34.978   582   582 I SurfaceFlinger: isIncludeStatusBarAndNavBar (1)
01-12 18:40:34.981 32109 24479 I ADB_SERVICES: post waitpid (pid=24478) status=0000
01-12 18:40:34.981 32109 32109 I ADB_SERVICES: for fd 25, revents = 2010
01-12 18:40:34.981 32109 32109 I ADB_SERVICES: for fd 25, revents = 2011
01-12 18:40:34.982 25501 23563 W NetworkScheduler: Error inserting flex_time=1374000 job_id=-1 period=2750000 source=16 requires_charging=0 preferred_network_type=1 target_class=com.google.android.gms.measurement.PackageMeasurementTaskService user_id=0 target_package=com.google.android.gms tag=Measurement.PackageMeasurementTaskService.UPLOAD_TASK_TAG task_type=0 required_idleness_state=0 service_kind=0 source_version=204714000 persistence_level=1 preferred_charging_state=1 required_network_type=0 runtime=1610466034980 retry_strategy={"maximum_backoff_seconds":{"3600":0},"initial_backoff_seconds":{"30":0},"retry_policy":{"0":0}} last_runtime=0, error message: UNIQUE constraint failed: pending_ops.tag, pending_ops.target_class, pending_ops.target_package, pending_ops.user_id (code 2067 SQLITE_CONSTRAINT_UNIQUE) [CONTEXT service_id=218 ]
01-12 18:40:34.990   516   679 I hwcomposer: [DPY] receive refesh frquest from driver: type[4]  
01-12 18:40:34.990   516   679 I hwcomposer: [HWC] fire a callback of refresh to SF  
01-12 18:40:34.994 24439 24439 D ForceDarkHelper: updateByCheckExcludeList: pkg: com.YourCompany.Proj activity: com.epicgames.ue4.GameActivity@3903697
01-12 18:40:35.008 24439 24439 I chatty  : uid=10490(com.YourCompany.Proj) identical 4 lines
01-12 18:40:35.009 24439 24439 D ForceDarkHelper: updateByCheckExcludeList: pkg: com.YourCompany.Proj activity: com.epicgames.ue4.GameActivity@3903697
01-12 18:40:35.009   582   582 I BufferQueueProducer: [FramebufferSurface](this:0x7282501800,id:0,api:1,p:582,c:582) queueBuffer: fps=1.79 dur=1116.70 max=716.43 min=400.27
01-12 18:40:35.010   516   682 I hwcomposer: [OVL] (0) Overlay input(0) was used with queue previously  
01-12 18:40:35.010   516   682 I hwcomposer: [DBQ] (q2:0x7a6063e600) Buffer queue is destroyed  
01-12 18:40:35.010   516   682 I hwcomposer: [DBQ] (q2:0x7a6063e600) Free Slot(0), handle=0x7a623c5ec0, 10108800 -> 0  
01-12 18:40:35.011 24439 24439 D ForceDarkHelper: updateByCheckExcludeList: pkg: com.YourCompany.Proj activity: com.epicgames.ue4.GameActivity@3903697
01-12 18:40:35.032   815   918 D AAL     : 01-12 06:40:34.966 BL= 818,ESS= 300, 01-12 06:40:34.983 BL= 817,ESS= 300, 01-12 06:40:34.999 BL= 816,ESS= 300, 01-12 06:40:35.015 BL= 815,ESS= 300, 01-12 06:40:35.032 BL= 814,ESS= 300, 
01-12 18:40:35.038 24439 24439 W PopupManager: You have not specified a View to use as content view for popups. Falling back to the Activity content view. Note that this may not work as expected in multi-screen environments
01-12 18:40:35.041 24439 24439 D UE4     : [GameActivity] googleClient is valid
01-12 18:40:35.041 24439 24439 D UE4     : [GameActivity] ==============> GameActive.onCreate complete!
01-12 18:40:35.041 24439 24439 W Activity: Slow Operation: Activity com.YourCompany.Proj/com.epicgames.ue4.GameActivity onCreate took 645ms
01-12 18:40:35.043 24439 24477 D UE4     : LogAndroidEvents::EnqueueAppEvent : 9, [width=-1, height=-1], tid = 24477, APP_EVENT_STATE_ON_START
01-12 18:40:35.043 24439 24439 D UE4     : [GameActivity] Creating console command broadcast listener
01-12 18:40:35.044 24439 24439 D UE4     : [GameActivity] ==================================> Inside onStart function in GameActivity
01-12 18:40:35.044 24439 24439 V UE4     : [GameApp] App in foreground
01-12 18:40:35.046 24439 24477 D UE4     : Case APP_CMD_RESUME
01-12 18:40:35.046 24439 24439 D UE4     : [GameActivity] === Restoring Transparent Bars ===
01-12 18:40:35.046 24439 24477 D UE4     : LogAndroidEvents::EnqueueAppEvent : 7, [width=-1, height=-1], tid = 24477, APP_EVENT_STATE_ON_RESUME
01-12 18:40:35.046 24439 24439 D UE4     : [GameActivity] ==============> [JAVA] AndroidThunkJava_KeepScreenOn(false) - Enabled screen saver
01-12 18:40:35.046 24439 24439 D UE4     : [GameActivity] ==============> [JAVA] AndroidThunkJava_DisableScreenCapture(false) - Enabled screen captures
01-12 18:40:35.047 24439 24439 D UE4     : [GameActivity] Registering sensor listeners
01-12 18:40:35.047  1235  1762 D SensorService: Calling batch handle==2 flags=0rate=20000000 timeout== 0
01-12 18:40:35.047  1235  1762 D SensorService: SensorDevice::batch: ident=0x70b7bf1c00, handle=0x00000002, flags=0, period_ns=20000000 timeout=0
01-12 18:40:35.047  1235  1762 D SensorService: 	>>> curr_period=9223372036854775807 min_period=20000000 curr_timeout=0 min_timeout=0
01-12 18:40:35.047  1235  1762 D SensorService: 	>>> actuating h/w BATCH 0x00000002 20000000 0
01-12 18:40:35.048   794   794 I Accelerometer: batch: handle:0, flag:0,samplingPeriodNs:20000000 maxBatchReportLatencyNs:0

01-12 18:40:35.049  1235  1762 D SensorService: Calling activate on 2
01-12 18:40:35.049  1235  1762 D SensorService: SensorDevice::activate: ident=0x70b7bf1c00, handle=0x00000002, enabled=1, count=1
01-12 18:40:35.049  1235  1762 D SensorService: enable index=0
01-12 18:40:35.049  1235  1762 D SensorService: 	>>> actuating h/w activate handle=2 enabled=1
01-12 18:40:35.049   794   794 I Accelerometer: enable: handle:0, en:1

01-12 18:40:35.051  1235  1762 D SensorService: Calling batch handle==3 flags=0rate=20000000 timeout== 0
01-12 18:40:35.051  1235  1762 D SensorService: SensorDevice::batch: ident=0x70b7bf1c00, handle=0x00000003, flags=0, period_ns=20000000 timeout=0
01-12 18:40:35.051  1235  1762 D SensorService: 	>>> curr_period=9223372036854775807 min_period=20000000 curr_timeout=0 min_timeout=0
01-12 18:40:35.051  1235  1762 D SensorService: 	>>> actuating h/w BATCH 0x00000003 20000000 0
01-12 18:40:35.051   794   794 I Magnetic: batch: handle:1, flag:0, samplingPeriodNs:20000000,maxBatchReportLatencyNs:0

01-12 18:40:35.051  1235  1762 D SensorService: Calling activate on 3
01-12 18:40:35.051  1235  1762 D SensorService: SensorDevice::activate: ident=0x70b7bf1c00, handle=0x00000003, enabled=1, count=1
01-12 18:40:35.051  1235  1762 D SensorService: enable index=0
01-12 18:40:35.051  1235  1762 D SensorService: 	>>> actuating h/w activate handle=3 enabled=1
01-12 18:40:35.051   794   794 I Magnetic: enable: handle:1, en:1 

01-12 18:40:35.052  1235  1762 D SensorService: Calling batch handle==5 flags=0rate=20000000 timeout== 0
01-12 18:40:35.052  1235  1762 D SensorService: SensorDevice::batch: ident=0x70b7bf1c00, handle=0x00000005, flags=0, period_ns=20000000 timeout=0
01-12 18:40:35.052  1235  1762 D SensorService: 	>>> curr_period=9223372036854775807 min_period=20000000 curr_timeout=0 min_timeout=0
01-12 18:40:35.052  1235  1762 D SensorService: 	>>> actuating h/w BATCH 0x00000005 20000000 0
01-12 18:40:35.052   794   794 I Gyroscope: batch: handle:3, flag:0,samplingPeriodNs:20000000 maxBatchReportLatencyNs:0

01-12 18:40:35.053  1235  1762 D SensorService: Calling activate on 5
01-12 18:40:35.053  1235  1762 D SensorService: SensorDevice::activate: ident=0x70b7bf1c00, handle=0x00000005, enabled=1, count=1
01-12 18:40:35.053  1235  1762 D SensorService: enable index=0
01-12 18:40:35.053  1235  1762 D SensorService: 	>>> actuating h/w activate handle=5 enabled=1
01-12 18:40:35.053   794   794 I Gyroscope: enable: handle:3, en:1

01-12 18:40:35.054 24439 24439 D UE4     : App is running in Landscape
01-12 18:40:35.054 24439 24439 D UE4     : [GameActivity] === Restoring Transparent Bars ===
01-12 18:40:35.054 24439 24439 D UE4     : [GameActivity] ==============> Resuming main init
01-12 18:40:35.061 24439 24476 D UE4     : APK Commandline: ../../../Proj/Proj.uproject  /Game/Proj/Maps/Transit -Messaging -SessionId=7CA3C4094B77217795927C90412FFDB2 -SessionOwner="misha" -SessionName="Launch On Device" -iterative
01-12 18:40:35.062 24439 24476 D UE4     : Override Commandline: ../../../Proj/Proj.uproject  /Game/Proj/Maps/Transit -Messaging -SessionId=434976EE45BD4978A1D72E8D91DEC10E -SessionOwner="misha" -SessionName="Launch On Device" -iterative
01-12 18:40:35.062 24439 24476 D UE4     : Final commandline: ../../../Proj/Proj.uproject  /Game/Proj/Maps/Transit -Messaging -SessionId=434976EE45BD4978A1D72E8D91DEC10E -SessionOwner="misha" -SessionName="Launch On Device" -iterative
01-12 18:40:35.062 24439 24476 D UE4     : Created sync event
01-12 18:40:35.065 24439 24439 D UE4     : [GameActivity] ==============> GameActive.onResume complete!
01-12 18:40:35.065 24439 24439 V PhoneWindow: DecorView setVisiblity: visibility = 4, Parent = null, this = DecorView@2c99d0a[]
01-12 18:40:35.067 24439 24439 D ViewRootImpl[GameActivity]: hardware acceleration = true , fakeHwAccelerated = false, sRendererDisabled = false, forceHwAccelerated = false, sSystemRendererDisabled = false
01-12 18:40:35.071 24439 24439 V PhoneWindow: DecorView setVisiblity: visibility = 0, Parent = android.view.ViewRootImpl@cc587f1, this = DecorView@2c99d0a[GameActivity]
01-12 18:40:35.072  1701  1701 D RecentsImpl: mActivityStateObserver com.epicgames.ue4.GameActivity
01-12 18:40:35.073 24439 24439 W Looper  : Slow Looper main: Long Msg: seq=10 plan=18:40:33.521  late=4ms wall=1547ms running=0ms h=android.app.ActivityThread$H w=159
01-12 18:40:35.074 24439 24439 W Looper  : Slow Looper main: Activity com.YourCompany.Proj/com.epicgames.ue4.GameActivity is 1552ms late (wall=0ms running=0ms ClientTransaction{ callbacks=[android.app.servertransaction.TopResumedActivityChangeItem] }) because of 3 msg, msg 3 took 1547ms (seq=10 late=4ms h=android.app.ActivityThread$H w=159)
01-12 18:40:35.075   516   682 W hwcomposer: [OVL] (0) No overlay input queue(0)  
01-12 18:40:35.075   516   682 I hwcomposer: [DBQ] (q2:0x7a6063e600) Buffer queue is created with size(3)  
01-12 18:40:35.075   516   682 I hwcomposer: [DBQ] (q2:0x7a6063e600) setConsumerListener  
01-12 18:40:35.075   516   682 I hwcomposer: [DBQ] (q2:0x7a6063e600) Reallocate Slot(0), pool(0 -> 0) size(0 -> 10108800)  
01-12 18:40:35.077   582  1253 I BufferQueue: [unnamed-582-8053](this:0x727c6dc000,id:8053,api:0,p:-1,c:-1) BufferQueue core=(582:/system/bin/surfaceflinger)
01-12 18:40:35.077   582  1253 I BufferQueueConsumer: [unnamed-582-8053](this:0x727c6dc000,id:8053,api:0,p:-1,c:582) connect(C): consumer=(582:/system/bin/surfaceflinger) controlledByApp=false
01-12 18:40:35.077   582  1253 I BufferQueueConsumer: [unnamed-582-8050](this:0x727c6dc000,id:8053,api:0,p:-1,c:582) setConsumerName: unnamed-582-8050
01-12 18:40:35.077   582  1253 I BufferQueueConsumer: [com.YourCompany.Proj/com.epicgames.ue4.GameActivity#0](this:0x727c6dc000,id:8053,api:0,p:-1,c:582) setConsumerName: com.YourCompany.Proj/com.epicgames.ue4.GameActivity#0
01-12 18:40:35.077   582  1253 I BufferQueueConsumer: [com.YourCompany.Proj/com.epicgames.ue4.GameActivity#0](this:0x727c6dc000,id:8053,api:0,p:-1,c:582) setDefaultBufferSize: width=1 height=1
01-12 18:40:35.079   582  1253 I BufferQueueConsumer: [com.YourCompany.Proj/com.epicgames.ue4.GameActivity#0](this:0x727c6dc000,id:8053,api:0,p:-1,c:582) setDefaultBufferSize: width=2264 height=1080
01-12 18:40:35.089 24439 24439 E GraphicExt: Can't load libboost_ext_fwk
01-12 18:40:35.090 24439 24439 E GraphicExt: GraphicExtModuleLoader::CreateGraphicExtInstance false
01-12 18:40:35.090   582   630 W ServiceManager: Permission failure: android.permission.ACCESS_SURFACE_FLINGER from uid=10490 pid=24439
01-12 18:40:35.090   582   630 D PermissionCache: checking android.permission.ACCESS_SURFACE_FLINGER for uid=10490 => denied (186 us)
01-12 18:40:35.092   582   582 I SurfaceFlinger: screenshot (Letterbox - left#1)
01-12 18:40:35.092   582   582 I SurfaceFlinger: isIncludeStatusBarAndNavBar (1)
01-12 18:40:35.092   582   582 I SurfaceFlinger: screenshot (Splash Screen com.YourCompany.Proj#0)
01-12 18:40:35.092   582   582 I SurfaceFlinger: isIncludeStatusBarAndNavBar (1)
01-12 18:40:35.093 24439 24467 I GED     : [GT]_get_procNameprocess pid(24439)
01-12 18:40:35.093 24439 24467 I GED     : [GT]_getprocess name(com.YourCompany.Proj)
01-12 18:40:35.093 24439 24467 I         : [GT] ret(1) gt_status(00000000) aniso_debug_level(0) gt_aniso_max_level(16) ani so mask(00000001) tri mask(00000002)
01-12 18:40:35.095 24439 24467 D Surface : Surface::connect(this=0x71b43e4000,api=1)
