01-15 17:20:07.637   582   582 I SurfaceFlinger: screenshot (SurfaceView - com.YourCompany.Proj/com.epicgames.ue4.GameActivity#0)
01-15 17:20:07.637   582   582 I SurfaceFlinger: isIncludeStatusBarAndNavBar (1)
01-15 17:20:07.637   582   582 I SurfaceFlinger: screenshot (com.YourCompany.Proj/com.epicgames.ue4.GameActivity#1)
01-15 17:20:07.637   582   582 I SurfaceFlinger: isIncludeStatusBarAndNavBar (1)
01-15 17:20:07.664   582  2187 I BufferQueueProducer: [SurfaceView - com.YourCompany.Proj/com.epicgames.ue4.GameActivity#0](this:0x727af5a800,id:14198,api:1,p:27991,c:582) queueBuffer: fps=59.72 dur=1004.64 max=25.21 min=7.61
01-15 17:20:07.686   516   602 I hwcomposer: [HWCDisplay] [Display_0 (type:1)] fps:59.150997,dur:1014.35,max:32.69,min:14.35  
01-15 17:20:07.737   582   582 I SurfaceFlinger: screenshot (Letterbox - left#2)
01-15 17:20:07.737   582   582 I SurfaceFlinger: isIncludeStatusBarAndNavBar (1)
01-15 17:20:07.737   582   582 I SurfaceFlinger: screenshot (Background for -SurfaceView - com.YourCompany.Proj/com.epicgames.ue4.GameActivity#0)
01-15 17:20:07.737   582   582 I SurfaceFlinger: isIncludeStatusBarAndNavBar (1)
01-15 17:20:07.737   582   582 I SurfaceFlinger: screenshot (SurfaceView - com.YourCompany.Proj/com.epicgames.ue4.GameActivity#0)
01-15 17:20:07.737   582   582 I SurfaceFlinger: isIncludeStatusBarAndNavBar (1)
01-15 17:20:07.737   582   582 I SurfaceFlinger: screenshot (com.YourCompany.Proj/com.epicgames.ue4.GameActivity#1)
01-15 17:20:07.737   582   582 I SurfaceFlinger: isIncludeStatusBarAndNavBar (1)
01-15 17:20:07.762 32546 32546 I ADB_SERVICES: service_to_fd shell,v2,raw:ps
01-15 17:20:07.824 32546 28269 I ADB_SERVICES: post waitpid (pid=28268) status=0000
01-15 17:20:07.824 32546 32546 I ADB_SERVICES: for fd 25, revents = 2011
01-15 17:20:07.824 32546 32546 I ADB_SERVICES: for fd 25, revents = 2011
01-15 17:20:07.837   582   582 I SurfaceFlinger: screenshot (Letterbox - left#2)
01-15 17:20:07.838   582   582 I SurfaceFlinger: isIncludeStatusBarAndNavBar (1)
01-15 17:20:07.838   582   582 I SurfaceFlinger: screenshot (Background for -SurfaceView - com.YourCompany.Proj/com.epicgames.ue4.GameActivity#0)
01-15 17:20:07.838   582   582 I SurfaceFlinger: isIncludeStatusBarAndNavBar (1)
01-15 17:20:07.838   582   582 I SurfaceFlinger: screenshot (SurfaceView - com.YourCompany.Proj/com.epicgames.ue4.GameActivity#0)
01-15 17:20:07.838   582   582 I SurfaceFlinger: isIncludeStatusBarAndNavBar (1)
01-15 17:20:07.838   582   582 I SurfaceFlinger: screenshot (com.YourCompany.Proj/com.epicgames.ue4.GameActivity#1)
01-15 17:20:07.838   582   582 I SurfaceFlinger: isIncludeStatusBarAndNavBar (1)
01-15 17:20:07.954   582   582 I SurfaceFlinger: screenshot (Letterbox - left#2)
01-15 17:20:07.954   582   582 I SurfaceFlinger: isIncludeStatusBarAndNavBar (1)
01-15 17:20:07.954   582   582 I SurfaceFlinger: screenshot (Background for -SurfaceView - com.YourCompany.Proj/com.epicgames.ue4.GameActivity#0)
01-15 17:20:07.954   582   582 I SurfaceFlinger: isIncludeStatusBarAndNavBar (1)
01-15 17:20:07.954   582   582 I SurfaceFlinger: screenshot (SurfaceView - com.YourCompany.Proj/com.epicgames.ue4.GameActivity#0)
01-15 17:20:07.954   582   582 I SurfaceFlinger: isIncludeStatusBarAndNavBar (1)
01-15 17:20:07.954   582   582 I SurfaceFlinger: screenshot (com.YourCompany.Proj/com.epicgames.ue4.GameActivity#1)
01-15 17:20:07.954   582   582 I SurfaceFlinger: isIncludeStatusBarAndNavBar (1)
01-15 17:20:08.054   582   582 I SurfaceFlinger: screenshot (Letterbox - left#2)
01-15 17:20:08.054   582   582 I SurfaceFlinger: isIncludeStatusBarAndNavBar (1)
01-15 17:20:08.054   582   582 I SurfaceFlinger: screenshot (Background for -SurfaceView - com.YourCompany.Proj/com.epicgames.ue4.GameActivity#0)
01-15 17:20:08.054   582   582 I SurfaceFlinger: isIncludeStatusBarAndNavBar (1)
01-15 17:20:08.054   582   582 I SurfaceFlinger: screenshot (SurfaceView - com.YourCompany.Proj/com.epicgames.ue4.GameActivity#0)
01-15 17:20:08.054   582   582 I SurfaceFlinger: isIncludeStatusBarAndNavBar (1)
01-15 17:20:08.054   582   582 I SurfaceFlinger: screenshot (com.YourCompany.Proj/com.epicgames.ue4.GameActivity#1)
01-15 17:20:08.054   582   582 I SurfaceFlinger: isIncludeStatusBarAndNavBar (1)
01-15 17:20:08.171   582   582 I SurfaceFlinger: screenshot (Letterbox - left#2)
01-15 17:20:08.171   582   582 I SurfaceFlinger: isIncludeStatusBarAndNavBar (1)
01-15 17:20:08.171   582   582 I SurfaceFlinger: screenshot (Background for -SurfaceView - com.YourCompany.Proj/com.epicgames.ue4.GameActivity#0)
01-15 17:20:08.171   582   582 I SurfaceFlinger: isIncludeStatusBarAndNavBar (1)
01-15 17:20:08.171   582   582 I SurfaceFlinger: screenshot (SurfaceView - com.YourCompany.Proj/com.epicgames.ue4.GameActivity#0)
01-15 17:20:08.171   582   582 I SurfaceFlinger: isIncludeStatusBarAndNavBar (1)
01-15 17:20:08.172   582   582 I SurfaceFlinger: screenshot (com.YourCompany.Proj/com.epicgames.ue4.GameActivity#1)
01-15 17:20:08.172   582   582 I SurfaceFlinger: isIncludeStatusBarAndNavBar (1)
01-15 17:20:08.287   582   582 I SurfaceFlinger: screenshot (Letterbox - left#2)
01-15 17:20:08.287   582   582 I SurfaceFlinger: isIncludeStatusBarAndNavBar (1)
01-15 17:20:08.287   582   582 I SurfaceFlinger: screenshot (Background for -SurfaceView - com.YourCompany.Proj/com.epicgames.ue4.GameActivity#0)
01-15 17:20:08.287   582   582 I SurfaceFlinger: isIncludeStatusBarAndNavBar (1)
01-15 17:20:08.287   582   582 I SurfaceFlinger: screenshot (SurfaceView - com.YourCompany.Proj/com.epicgames.ue4.GameActivity#0)
01-15 17:20:08.287   582   582 I SurfaceFlinger: isIncludeStatusBarAndNavBar (1)
01-15 17:20:08.287   582   582 I SurfaceFlinger: screenshot (com.YourCompany.Proj/com.epicgames.ue4.GameActivity#1)
01-15 17:20:08.287   582   582 I SurfaceFlinger: isIncludeStatusBarAndNavBar (1)
01-15 17:20:08.404   582   582 I SurfaceFlinger: screenshot (Letterbox - left#2)
01-15 17:20:08.404   582   582 I SurfaceFlinger: isIncludeStatusBarAndNavBar (1)
01-15 17:20:08.404   582   582 I SurfaceFlinger: screenshot (Background for -SurfaceView - com.YourCompany.Proj/com.epicgames.ue4.GameActivity#0)
01-15 17:20:08.404   582   582 I SurfaceFlinger: isIncludeStatusBarAndNavBar (1)
01-15 17:20:08.404   582   582 I SurfaceFlinger: screenshot (SurfaceView - com.YourCompany.Proj/com.epicgames.ue4.GameActivity#0)
01-15 17:20:08.404   582   582 I SurfaceFlinger: isIncludeStatusBarAndNavBar (1)
01-15 17:20:08.404   582   582 I SurfaceFlinger: screenshot (com.YourCompany.Proj/com.epicgames.ue4.GameActivity#1)
01-15 17:20:08.404   582   582 I SurfaceFlinger: isIncludeStatusBarAndNavBar (1)
01-15 17:20:08.520   582   582 I SurfaceFlinger: screenshot (Letterbox - left#2)
01-15 17:20:08.521   582   582 I SurfaceFlinger: isIncludeStatusBarAndNavBar (1)
01-15 17:20:08.521   582   582 I SurfaceFlinger: screenshot (Background for -SurfaceView - com.YourCompany.Proj/com.epicgames.ue4.GameActivity#0)
01-15 17:20:08.521   582   582 I SurfaceFlinger: isIncludeStatusBarAndNavBar (1)
01-15 17:20:08.521   582   582 I SurfaceFlinger: screenshot (SurfaceView - com.YourCompany.Proj/com.epicgames.ue4.GameActivity#0)
01-15 17:20:08.521   582   582 I SurfaceFlinger: isIncludeStatusBarAndNavBar (1)
01-15 17:20:08.521   582   582 I SurfaceFlinger: screenshot (com.YourCompany.Proj/com.epicgames.ue4.GameActivity#1)
01-15 17:20:08.521   582   582 I SurfaceFlinger: isIncludeStatusBarAndNavBar (1)
01-15 17:20:08.621   582   582 I SurfaceFlinger: screenshot (Letterbox - left#2)
01-15 17:20:08.621   582   582 I SurfaceFlinger: isIncludeStatusBarAndNavBar (1)
01-15 17:20:08.621   582   582 I SurfaceFlinger: screenshot (Background for -SurfaceView - com.YourCompany.Proj/com.epicgames.ue4.GameActivity#0)
01-15 17:20:08.621   582   582 I SurfaceFlinger: isIncludeStatusBarAndNavBar (1)
01-15 17:20:08.621   582   582 I SurfaceFlinger: screenshot (SurfaceView - com.YourCompany.Proj/com.epicgames.ue4.GameActivity#0)
01-15 17:20:08.621   582   582 I SurfaceFlinger: isIncludeStatusBarAndNavBar (1)
01-15 17:20:08.621   582   582 I SurfaceFlinger: screenshot (com.YourCompany.Proj/com.epicgames.ue4.GameActivity#1)
01-15 17:20:08.621   582   582 I SurfaceFlinger: isIncludeStatusBarAndNavBar (1)
01-15 17:20:08.667   582  2187 I BufferQueueProducer: [SurfaceView - com.YourCompany.Proj/com.epicgames.ue4.GameActivity#0](this:0x727af5a800,id:14198,api:1,p:27991,c:582) queueBuffer: fps=59.81 dur=1003.15 max=23.74 min=9.46
01-15 17:20:08.686   516   602 I hwcomposer: [HWCDisplay] [Display_0 (type:1)] fps:59.985142,dur:1000.25,max:17.62,min:15.78  
01-15 17:20:08.720  1235  1454 E WifiVendorHal: getWifiLinkLayerStats_1_3_Internal(l.927) failed {.code = ERROR_NOT_SUPPORTED, .description = }
01-15 17:20:08.721   582   582 I SurfaceFlinger: screenshot (Letterbox - left#2)
01-15 17:20:08.721   582   582 I SurfaceFlinger: isIncludeStatusBarAndNavBar (1)
01-15 17:20:08.721   582   582 I SurfaceFlinger: screenshot (Background for -SurfaceView - com.YourCompany.Proj/com.epicgames.ue4.GameActivity#0)
01-15 17:20:08.721   582   582 I SurfaceFlinger: isIncludeStatusBarAndNavBar (1)
01-15 17:20:08.721   582   582 I SurfaceFlinger: screenshot (SurfaceView - com.YourCompany.Proj/com.epicgames.ue4.GameActivity#0)
01-15 17:20:08.721   582   582 I SurfaceFlinger: isIncludeStatusBarAndNavBar (1)
01-15 17:20:08.721   582   582 I SurfaceFlinger: screenshot (com.YourCompany.Proj/com.epicgames.ue4.GameActivity#1)
01-15 17:20:08.721   582   582 I SurfaceFlinger: isIncludeStatusBarAndNavBar (1)
01-15 17:20:08.821   582   582 I SurfaceFlinger: screenshot (Letterbox - left#2)
01-15 17:20:08.821   582   582 I SurfaceFlinger: isIncludeStatusBarAndNavBar (1)
01-15 17:20:08.821   582   582 I SurfaceFlinger: screenshot (Background for -SurfaceView - com.YourCompany.Proj/com.epicgames.ue4.GameActivity#0)
01-15 17:20:08.821   582   582 I SurfaceFlinger: isIncludeStatusBarAndNavBar (1)
01-15 17:20:08.821   582   582 I SurfaceFlinger: screenshot (SurfaceView - com.YourCompany.Proj/com.epicgames.ue4.GameActivity#0)
01-15 17:20:08.821   582   582 I SurfaceFlinger: isIncludeStatusBarAndNavBar (1)
01-15 17:20:08.821   582   582 I SurfaceFlinger: screenshot (com.YourCompany.Proj/com.epicgames.ue4.GameActivity#1)
01-15 17:20:08.821   582   582 I SurfaceFlinger: isIncludeStatusBarAndNavBar (1)
01-15 17:20:08.862 32546 32546 I ADB_SERVICES: service_to_fd shell,v2,raw:ps
01-15 17:20:08.930 32546 28271 I ADB_SERVICES: post waitpid (pid=28270) status=0000
01-15 17:20:08.930 32546 32546 I ADB_SERVICES: for fd 25, revents = 2010
01-15 17:20:08.930 32546 32546 I ADB_SERVICES: for fd 25, revents = 2011
01-15 17:20:08.937   582   582 I SurfaceFlinger: screenshot (Letterbox - left#2)
01-15 17:20:08.937   582   582 I SurfaceFlinger: isIncludeStatusBarAndNavBar (1)
01-15 17:20:08.937   582   582 I SurfaceFlinger: screenshot (Background for -SurfaceView - com.YourCompany.Proj/com.epicgames.ue4.GameActivity#0)
01-15 17:20:08.937   582   582 I SurfaceFlinger: isIncludeStatusBarAndNavBar (1)
01-15 17:20:08.937   582   582 I SurfaceFlinger: screenshot (SurfaceView - com.YourCompany.Proj/com.epicgames.ue4.GameActivity#0)
01-15 17:20:08.937   582   582 I SurfaceFlinger: isIncludeStatusBarAndNavBar (1)
01-15 17:20:08.937   582   582 I SurfaceFlinger: screenshot (com.YourCompany.Proj/com.epicgames.ue4.GameActivity#1)
01-15 17:20:08.937   582   582 I SurfaceFlinger: isIncludeStatusBarAndNavBar (1)
01-15 17:20:09.054   582   582 I SurfaceFlinger: screenshot (Letterbox - left#2)
01-15 17:20:09.054   582   582 I SurfaceFlinger: isIncludeStatusBarAndNavBar (1)
01-15 17:20:09.054   582   582 I SurfaceFlinger: screenshot (Background for -SurfaceView - com.YourCompany.Proj/com.epicgames.ue4.GameActivity#0)
01-15 17:20:09.054   582   582 I SurfaceFlinger: isIncludeStatusBarAndNavBar (1)
01-15 17:20:09.054   582   582 I SurfaceFlinger: screenshot (SurfaceView - com.YourCompany.Proj/com.epicgames.ue4.GameActivity#0)
01-15 17:20:09.054   582   582 I SurfaceFlinger: isIncludeStatusBarAndNavBar (1)
01-15 17:20:09.054   582   582 I SurfaceFlinger: screenshot (com.YourCompany.Proj/com.epicgames.ue4.GameActivity#1)
01-15 17:20:09.054   582   582 I SurfaceFlinger: isIncludeStatusBarAndNavBar (1)
01-15 17:20:09.154   582   582 I SurfaceFlinger: screenshot (Letterbox - left#2)
01-15 17:20:09.155   582   582 I SurfaceFlinger: isIncludeStatusBarAndNavBar (1)
01-15 17:20:09.155   582   582 I SurfaceFlinger: screenshot (Background for -SurfaceView - com.YourCompany.Proj/com.epicgames.ue4.GameActivity#0)
01-15 17:20:09.155   582   582 I SurfaceFlinger: isIncludeStatusBarAndNavBar (1)
01-15 17:20:09.155   582   582 I SurfaceFlinger: screenshot (SurfaceView - com.YourCompany.Proj/com.epicgames.ue4.GameActivity#0)
01-15 17:20:09.155   582   582 I SurfaceFlinger: isIncludeStatusBarAndNavBar (1)
01-15 17:20:09.155   582   582 I SurfaceFlinger: screenshot (com.YourCompany.Proj/com.epicgames.ue4.GameActivity#1)
01-15 17:20:09.155   582   582 I SurfaceFlinger: isIncludeStatusBarAndNavBar (1)
01-15 17:20:09.233  1235  1452 I MiuiNetworkPolicy: updateUidState uid = 10053, uidState = 4
01-15 17:20:09.254   582   582 I SurfaceFlinger: screenshot (Letterbox - left#2)
01-15 17:20:09.254   582   582 I SurfaceFlinger: isIncludeStatusBarAndNavBar (1)
01-15 17:20:09.255   582   582 I SurfaceFlinger: screenshot (Background for -SurfaceView - com.YourCompany.Proj/com.epicgames.ue4.GameActivity#0)
01-15 17:20:09.255   582   582 I SurfaceFlinger: isIncludeStatusBarAndNavBar (1)
01-15 17:20:09.255   582   582 I SurfaceFlinger: screenshot (SurfaceView - com.YourCompany.Proj/com.epicgames.ue4.GameActivity#0)
01-15 17:20:09.255   582   582 I SurfaceFlinger: isIncludeStatusBarAndNavBar (1)
01-15 17:20:09.255   582   582 I SurfaceFlinger: screenshot (com.YourCompany.Proj/com.epicgames.ue4.GameActivity#1)
01-15 17:20:09.255   582   582 I SurfaceFlinger: isIncludeStatusBarAndNavBar (1)
01-15 17:20:09.338  1235  1452 I MiuiNetworkPolicy: updateUidState uid = 99075, uidState = 11
01-15 17:20:09.355   582   582 I SurfaceFlinger: screenshot (Letterbox - left#2)
01-15 17:20:09.355   582   582 I SurfaceFlinger: isIncludeStatusBarAndNavBar (1)
01-15 17:20:09.355   582   582 I SurfaceFlinger: screenshot (Background for -SurfaceView - com.YourCompany.Proj/com.epicgames.ue4.GameActivity#0)
01-15 17:20:09.355   582   582 I SurfaceFlinger: isIncludeStatusBarAndNavBar (1)
01-15 17:20:09.355   582   582 I SurfaceFlinger: screenshot (SurfaceView - com.YourCompany.Proj/com.epicgames.ue4.GameActivity#0)
01-15 17:20:09.355   582   582 I SurfaceFlinger: isIncludeStatusBarAndNavBar (1)
01-15 17:20:09.355   582   582 I SurfaceFlinger: screenshot (com.YourCompany.Proj/com.epicgames.ue4.GameActivity#1)
01-15 17:20:09.355   582   582 I SurfaceFlinger: isIncludeStatusBarAndNavBar (1)
01-15 17:20:09.455   582   582 I SurfaceFlinger: screenshot (Letterbox - left#2)
01-15 17:20:09.455   582   582 I SurfaceFlinger: isIncludeStatusBarAndNavBar (1)
01-15 17:20:09.455   582   582 I SurfaceFlinger: screenshot (Background for -SurfaceView - com.YourCompany.Proj/com.epicgames.ue4.GameActivity#0)
01-15 17:20:09.455   582   582 I SurfaceFlinger: isIncludeStatusBarAndNavBar (1)
01-15 17:20:09.455   582   582 I SurfaceFlinger: screenshot (SurfaceView - com.YourCompany.Proj/com.epicgames.ue4.GameActivity#0)
01-15 17:20:09.455   582   582 I SurfaceFlinger: isIncludeStatusBarAndNavBar (1)
01-15 17:20:09.455   582   582 I SurfaceFlinger: screenshot (com.YourCompany.Proj/com.epicgames.ue4.GameActivity#1)
01-15 17:20:09.455   582   582 I SurfaceFlinger: isIncludeStatusBarAndNavBar (1)
01-15 17:20:09.572   582   582 I SurfaceFlinger: screenshot (Letterbox - left#2)
01-15 17:20:09.573   582   582 I SurfaceFlinger: isIncludeStatusBarAndNavBar (1)
01-15 17:20:09.573   582   582 I SurfaceFlinger: screenshot (Background for -SurfaceView - com.YourCompany.Proj/com.epicgames.ue4.GameActivity#0)
01-15 17:20:09.573   582   582 I SurfaceFlinger: isIncludeStatusBarAndNavBar (1)
01-15 17:20:09.573   582   582 I SurfaceFlinger: screenshot (SurfaceView - com.YourCompany.Proj/com.epicgames.ue4.GameActivity#0)
01-15 17:20:09.573   582   582 I SurfaceFlinger: isIncludeStatusBarAndNavBar (1)
01-15 17:20:09.573   582   582 I SurfaceFlinger: screenshot (com.YourCompany.Proj/com.epicgames.ue4.GameActivity#1)
01-15 17:20:09.573   582   582 I SurfaceFlinger: isIncludeStatusBarAndNavBar (1)
01-15 17:20:09.672   582  2187 I BufferQueueProducer: [SurfaceView - com.YourCompany.Proj/com.epicgames.ue4.GameActivity#0](this:0x727af5a800,id:14198,api:1,p:27991,c:582) queueBuffer: fps=59.73 dur=1004.55 max=26.06 min=9.39
01-15 17:20:09.686   516   602 I hwcomposer: [HWCDisplay] [Display_0 (type:1)] fps:59.997540,dur:1000.04,max:17.74,min:15.19  
01-15 17:20:09.687   582   582 I SurfaceFlinger: screenshot (Letterbox - left#2)
01-15 17:20:09.687   582   582 I SurfaceFlinger: isIncludeStatusBarAndNavBar (1)
01-15 17:20:09.687   582   582 I SurfaceFlinger: screenshot (Background for -SurfaceView - com.YourCompany.Proj/com.epicgames.ue4.GameActivity#0)
01-15 17:20:09.687   582   582 I SurfaceFlinger: isIncludeStatusBarAndNavBar (1)
01-15 17:20:09.688   582   582 I SurfaceFlinger: screenshot (SurfaceView - com.YourCompany.Proj/com.epicgames.ue4.GameActivity#0)
01-15 17:20:09.688   582   582 I SurfaceFlinger: isIncludeStatusBarAndNavBar (1)
01-15 17:20:09.688   582   582 I SurfaceFlinger: screenshot (com.YourCompany.Proj/com.epicgames.ue4.GameActivity#1)
01-15 17:20:09.688   582   582 I SurfaceFlinger: isIncludeStatusBarAndNavBar (1)
01-15 17:20:09.696   815   919 D AALLightSensor: newLux = 2, [2, 2] -> 2
01-15 17:20:09.788   582   582 I SurfaceFlinger: screenshot (Letterbox - left#2)
01-15 17:20:09.788   582   582 I SurfaceFlinger: isIncludeStatusBarAndNavBar (1)
01-15 17:20:09.788   582   582 I SurfaceFlinger: screenshot (Background for -SurfaceView - com.YourCompany.Proj/com.epicgames.ue4.GameActivity#0)
01-15 17:20:09.788   582   582 I SurfaceFlinger: isIncludeStatusBarAndNavBar (1)
01-15 17:20:09.788   582   582 I SurfaceFlinger: screenshot (SurfaceView - com.YourCompany.Proj/com.epicgames.ue4.GameActivity#0)
01-15 17:20:09.788   582   582 I SurfaceFlinger: isIncludeStatusBarAndNavBar (1)
01-15 17:20:09.788   582   582 I SurfaceFlinger: screenshot (com.YourCompany.Proj/com.epicgames.ue4.GameActivity#1)
01-15 17:20:09.788   582   582 I SurfaceFlinger: isIncludeStatusBarAndNavBar (1)
01-15 17:20:09.888   815   918 D AAL     : 01-15 05:20:09.787 BL= 615,ESS= 266, 01-15 05:20:09.803 BL= 614,ESS= 266, 01-15 05:20:09.837 BL= 613,ESS= 266, 01-15 05:20:09.871 BL= 612,ESS= 266, 01-15 05:20:09.888 BL= 611,ESS= 266, 
01-15 17:20:09.888   582   582 I SurfaceFlinger: screenshot (Letterbox - left#2)
01-15 17:20:09.888   582   582 I SurfaceFlinger: isIncludeStatusBarAndNavBar (1)
01-15 17:20:09.888   582   582 I SurfaceFlinger: screenshot (Background for -SurfaceView - com.YourCompany.Proj/com.epicgames.ue4.GameActivity#0)
01-15 17:20:09.888   582   582 I SurfaceFlinger: isIncludeStatusBarAndNavBar (1)
01-15 17:20:09.888   582   582 I SurfaceFlinger: screenshot (SurfaceView - com.YourCompany.Proj/com.epicgames.ue4.GameActivity#0)
01-15 17:20:09.888   582   582 I SurfaceFlinger: isIncludeStatusBarAndNavBar (1)
01-15 17:20:09.888   582   582 I SurfaceFlinger: screenshot (com.YourCompany.Proj/com.epicgames.ue4.GameActivity#1)
01-15 17:20:09.888   582   582 I SurfaceFlinger: isIncludeStatusBarAndNavBar (1)
01-15 17:20:09.970 32546 32546 I ADB_SERVICES: service_to_fd shell,v2,raw:ps
01-15 17:20:10.004   582   582 I SurfaceFlinger: screenshot (Letterbox - left#2)
01-15 17:20:10.004   582   582 I SurfaceFlinger: isIncludeStatusBarAndNavBar (1)
01-15 17:20:10.004   582   582 I SurfaceFlinger: screenshot (Background for -SurfaceView - com.YourCompany.Proj/com.epicgames.ue4.GameActivity#0)
01-15 17:20:10.004   582   582 I SurfaceFlinger: isIncludeStatusBarAndNavBar (1)
01-15 17:20:10.004   582   582 I SurfaceFlinger: screenshot (SurfaceView - com.YourCompany.Proj/com.epicgames.ue4.GameActivity#0)
01-15 17:20:10.004   582   582 I SurfaceFlinger: isIncludeStatusBarAndNavBar (1)
01-15 17:20:10.004   582   582 I SurfaceFlinger: screenshot (com.YourCompany.Proj/com.epicgames.ue4.GameActivity#1)
01-15 17:20:10.004   582   582 I SurfaceFlinger: isIncludeStatusBarAndNavBar (1)
01-15 17:20:10.028 32546 28274 I ADB_SERVICES: post waitpid (pid=28273) status=0000
01-15 17:20:10.028 32546 32546 I ADB_SERVICES: for fd 25, revents = 2010
01-15 17:20:10.028 32546 32546 I ADB_SERVICES: for fd 25, revents = 2011
01-15 17:20:10.037   815   918 D AAL     : 01-15 05:20:09.921 BL= 610,ESS= 266, 01-15 05:20:09.954 BL= 609,ESS= 266, 01-15 05:20:09.970 BL= 608,ESS= 266, 01-15 05:20:10.004 BL= 607,ESS= 266, 01-15 05:20:10.037 BL= 606,ESS= 266, 
01-15 17:20:10.104   582   582 I SurfaceFlinger: screenshot (Letterbox - left#2)
01-15 17:20:10.104   582   582 I SurfaceFlinger: isIncludeStatusBarAndNavBar (1)
01-15 17:20:10.104   582   582 I SurfaceFlinger: screenshot (Background for -SurfaceView - com.YourCompany.Proj/com.epicgames.ue4.GameActivity#0)
01-15 17:20:10.104   582   582 I SurfaceFlinger: isIncludeStatusBarAndNavBar (1)
01-15 17:20:10.104   582   582 I SurfaceFlinger: screenshot (SurfaceView - com.YourCompany.Proj/com.epicgames.ue4.GameActivity#0)
01-15 17:20:10.104   582   582 I SurfaceFlinger: isIncludeStatusBarAndNavBar (1)
01-15 17:20:10.104   582   582 I SurfaceFlinger: screenshot (com.YourCompany.Proj/com.epicgames.ue4.GameActivity#1)
01-15 17:20:10.104   582   582 I SurfaceFlinger: isIncludeStatusBarAndNavBar (1)
01-15 17:20:10.171   815   918 D AAL     : 01-15 05:20:10.054 BL= 605,ESS= 266, 01-15 05:20:10.087 BL= 604,ESS= 266, 01-15 05:20:10.120 BL= 603,ESS= 266, 01-15 05:20:10.137 BL= 602,ESS= 266, 01-15 05:20:10.170 BL= 601,ESS= 266, 
01-15 17:20:10.204   582   582 I SurfaceFlinger: screenshot (Letterbox - left#2)
01-15 17:20:10.204   582   582 I SurfaceFlinger: isIncludeStatusBarAndNavBar (1)
01-15 17:20:10.204   582   582 I SurfaceFlinger: screenshot (Background for -SurfaceView - com.YourCompany.Proj/com.epicgames.ue4.GameActivity#0)
01-15 17:20:10.204   582   582 I SurfaceFlinger: isIncludeStatusBarAndNavBar (1)
01-15 17:20:10.204   582   582 I SurfaceFlinger: screenshot (SurfaceView - com.YourCompany.Proj/com.epicgames.ue4.GameActivity#0)
01-15 17:20:10.204   582   582 I SurfaceFlinger: isIncludeStatusBarAndNavBar (1)
01-15 17:20:10.205   582   582 I SurfaceFlinger: screenshot (com.YourCompany.Proj/com.epicgames.ue4.GameActivity#1)
01-15 17:20:10.205   582   582 I SurfaceFlinger: isIncludeStatusBarAndNavBar (1)
01-15 17:20:10.303   815   918 D AAL     : 01-15 05:20:10.204 BL= 600,ESS= 266, 01-15 05:20:10.220 BL= 599,ESS= 266, 01-15 05:20:10.253 BL= 598,ESS= 266, 01-15 05:20:10.286 BL= 597,ESS= 266, 01-15 05:20:10.303 BL= 596,ESS= 266, 
01-15 17:20:10.320   582   582 I SurfaceFlinger: screenshot (Letterbox - left#2)
01-15 17:20:10.320   582   582 I SurfaceFlinger: isIncludeStatusBarAndNavBar (1)
01-15 17:20:10.321   582   582 I SurfaceFlinger: screenshot (Background for -SurfaceView - com.YourCompany.Proj/com.epicgames.ue4.GameActivity#0)
01-15 17:20:10.321   582   582 I SurfaceFlinger: isIncludeStatusBarAndNavBar (1)
01-15 17:20:10.321   582   582 I SurfaceFlinger: screenshot (SurfaceView - com.YourCompany.Proj/com.epicgames.ue4.GameActivity#0)
01-15 17:20:10.321   582   582 I SurfaceFlinger: isIncludeStatusBarAndNavBar (1)
01-15 17:20:10.321   582   582 I SurfaceFlinger: screenshot (com.YourCompany.Proj/com.epicgames.ue4.GameActivity#1)
01-15 17:20:10.321   582   582 I SurfaceFlinger: isIncludeStatusBarAndNavBar (1)
01-15 17:20:10.349 27322 27322 D SecurityCenter: ImageLoader clear memory info
01-15 17:20:10.421   582   582 I SurfaceFlinger: screenshot (Letterbox - left#2)
01-15 17:20:10.421   582   582 I SurfaceFlinger: isIncludeStatusBarAndNavBar (1)
01-15 17:20:10.421   582   582 I SurfaceFlinger: screenshot (Background for -SurfaceView - com.YourCompany.Proj/com.epicgames.ue4.GameActivity#0)
01-15 17:20:10.421   582   582 I SurfaceFlinger: isIncludeStatusBarAndNavBar (1)
01-15 17:20:10.421   582   582 I SurfaceFlinger: screenshot (SurfaceView - com.YourCompany.Proj/com.epicgames.ue4.GameActivity#0)
01-15 17:20:10.421   582   582 I SurfaceFlinger: isIncludeStatusBarAndNavBar (1)
01-15 17:20:10.421   582   582 I SurfaceFlinger: screenshot (com.YourCompany.Proj/com.epicgames.ue4.GameActivity#1)
01-15 17:20:10.421   582   582 I SurfaceFlinger: isIncludeStatusBarAndNavBar (1)
01-15 17:20:10.437   815   918 D AAL     : 01-15 05:20:10.336 BL= 595,ESS= 266, 01-15 05:20:10.370 BL= 594,ESS= 266, 01-15 05:20:10.386 BL= 593,ESS= 266, 01-15 05:20:10.420 BL= 592,ESS= 266, 01-15 05:20:10.437 BL= 591,ESS= 266, 
01-15 17:20:10.440  1235  1428 W InputDispatcher: [TouchInput][reader] notifyMotion - eventTime=251619608344000, deviceId=3, source=0x1002, policyFlags=0x0, action=0x0, flags=0x0, downTime=251619608344000, moveCount:0
01-15 17:20:10.441  1235  1427 W InputDispatcher: [TouchInput][dispatcher] findTouchedWindow Result=0, targetChannel 'c9fb434 com.YourCompany.Proj/com.epicgames.ue4.GameActivity (server)'
01-15 17:20:10.441   582  2228 I BufferQueueProducer: [Sprite#1](this:0x727c4ce800,id:1566,api:2,p:1235,c:582) queueBuffer: fps=0.18 dur=5534.97 max=5534.97 min=5534.97
01-15 17:20:10.441 27991 27991 D ViewRootImpl: [TouchInput][ViewRootImpl] MotionEvent { action=ACTION_DOWN, id[0]=0, pointerCount=1, eventTime=251619608, downTime=251619608 } moveCount:0
01-15 17:20:10.456   516   682 W hwcomposer: [OVL] (0) No overlay input queue(3)  
01-15 17:20:10.457   516   682 I hwcomposer: [DBQ] (q2:0x7a6063e600) Buffer queue is created with size(3)  
01-15 17:20:10.457   516   682 I hwcomposer: [DBQ] (q2:0x7a6063e600) setConsumerListener  
01-15 17:20:10.457   516   682 I hwcomposer: [DBQ] (q2:0x7a6063e600) Reallocate Slot(0), pool(0 -> 0) size(0 -> 10108800)  
01-15 17:20:10.470   516   682 I hwcomposer: [DBQ] (q2:0x7a6063e600) Reallocate Slot(1), pool(0 -> 0) size(0 -> 10108800)  
01-15 17:20:10.488   516   682 I hwcomposer: [DBQ] (q2:0x7a6063e600) Reallocate Slot(2), pool(0 -> 0) size(0 -> 10108800)  
01-15 17:20:10.522   582   582 I SurfaceFlinger: screenshot (Letterbox - left#2)
01-15 17:20:10.522   582   582 I SurfaceFlinger: isIncludeStatusBarAndNavBar (1)
01-15 17:20:10.522   582   582 I SurfaceFlinger: screenshot (Background for -SurfaceView - com.YourCompany.Proj/com.epicgames.ue4.GameActivity#0)
01-15 17:20:10.522   582   582 I SurfaceFlinger: isIncludeStatusBarAndNavBar (1)
01-15 17:20:10.522   582   582 I SurfaceFlinger: screenshot (SurfaceView - com.YourCompany.Proj/com.epicgames.ue4.GameActivity#0)
01-15 17:20:10.522   582   582 I SurfaceFlinger: isIncludeStatusBarAndNavBar (1)
01-15 17:20:10.522   582   582 I SurfaceFlinger: screenshot (com.YourCompany.Proj/com.epicgames.ue4.GameActivity#1)
01-15 17:20:10.522   582   582 I SurfaceFlinger: isIncludeStatusBarAndNavBar (1)
01-15 17:20:10.623   582   582 I SurfaceFlinger: screenshot (Letterbox - left#2)
01-15 17:20:10.623   582   582 I SurfaceFlinger: isIncludeStatusBarAndNavBar (1)
01-15 17:20:10.623   582   582 I SurfaceFlinger: screenshot (Background for -SurfaceView - com.YourCompany.Proj/com.epicgames.ue4.GameActivity#0)
01-15 17:20:10.623   582   582 I SurfaceFlinger: isIncludeStatusBarAndNavBar (1)
01-15 17:20:10.623   582   582 I SurfaceFlinger: screenshot (SurfaceView - com.YourCompany.Proj/com.epicgames.ue4.GameActivity#0)
01-15 17:20:10.623   582   582 I SurfaceFlinger: isIncludeStatusBarAndNavBar (1)
01-15 17:20:10.623   582   582 I SurfaceFlinger: screenshot (com.YourCompany.Proj/com.epicgames.ue4.GameActivity#1)
01-15 17:20:10.623   582   582 I SurfaceFlinger: isIncludeStatusBarAndNavBar (1)
01-15 17:20:10.654   815   918 D AAL     : 01-15 05:20:10.471 BL= 590,ESS= 266, 01-15 05:20:10.503 BL= 589,ESS= 266, 01-15 05:20:10.520 BL= 588,ESS= 266, 01-15 05:20:10.553 BL= 588,ESS= 264, 01-15 05:20:10.654 BL= 587,ESS= 264, 
01-15 17:20:10.680   582   630 I BufferQueueProducer: [SurfaceView - com.YourCompany.Proj/com.epicgames.ue4.GameActivity#0](this:0x727af5a800,id:14198,api:1,p:27991,c:582) queueBuffer: fps=60.49 dur=1008.42 max=19.82 min=10.71
01-15 17:20:10.688   516   602 I hwcomposer: [HWCDisplay] [Display_0 (type:1)] fps:59.868092,dur:1002.20,max:19.91,min:14.06  
01-15 17:20:10.739   582   582 I SurfaceFlinger: screenshot (Letterbox - left#2)
01-15 17:20:10.739   582   582 I SurfaceFlinger: isIncludeStatusBarAndNavBar (1)
01-15 17:20:10.739   582   582 I SurfaceFlinger: screenshot (Background for -SurfaceView - com.YourCompany.Proj/com.epicgames.ue4.GameActivity#0)
01-15 17:20:10.739   582   582 I SurfaceFlinger: isIncludeStatusBarAndNavBar (1)
01-15 17:20:10.739   582   582 I SurfaceFlinger: screenshot (SurfaceView - com.YourCompany.Proj/com.epicgames.ue4.GameActivity#0)
01-15 17:20:10.739   582   582 I SurfaceFlinger: isIncludeStatusBarAndNavBar (1)
01-15 17:20:10.739   582   582 I SurfaceFlinger: screenshot (com.YourCompany.Proj/com.epicgames.ue4.GameActivity#1)
01-15 17:20:10.739   582   582 I SurfaceFlinger: isIncludeStatusBarAndNavBar (1)
01-15 17:20:10.778 27991 28032 D UE4     : [GameActivity] Used memory: 607775 (VmRSS:	  635804 kB)
01-15 17:20:10.839   582   582 I SurfaceFlinger: screenshot (Letterbox - left#2)
01-15 17:20:10.839   582   582 I SurfaceFlinger: isIncludeStatusBarAndNavBar (1)
01-15 17:20:10.839   582   582 I SurfaceFlinger: screenshot (Background for -SurfaceView - com.YourCompany.Proj/com.epicgames.ue4.GameActivity#0)
01-15 17:20:10.839   582   582 I SurfaceFlinger: isIncludeStatusBarAndNavBar (1)
01-15 17:20:10.839   582   582 I SurfaceFlinger: screenshot (SurfaceView - com.YourCompany.Proj/com.epicgames.ue4.GameActivity#0)
01-15 17:20:10.839   582   582 I SurfaceFlinger: isIncludeStatusBarAndNavBar (1)
01-15 17:20:10.839   582   582 I SurfaceFlinger: screenshot (com.YourCompany.Proj/com.epicgames.ue4.GameActivity#1)
01-15 17:20:10.839   582   582 I SurfaceFlinger: isIncludeStatusBarAndNavBar (1)
01-15 17:20:10.956   582   582 I SurfaceFlinger: screenshot (Letterbox - left#2)
01-15 17:20:10.956   582   582 I SurfaceFlinger: isIncludeStatusBarAndNavBar (1)
01-15 17:20:10.956   582   582 I SurfaceFlinger: screenshot (Background for -SurfaceView - com.YourCompany.Proj/com.epicgames.ue4.GameActivity#0)
01-15 17:20:10.956   582   582 I SurfaceFlinger: isIncludeStatusBarAndNavBar (1)
01-15 17:20:10.956   582   582 I SurfaceFlinger: screenshot (SurfaceView - com.YourCompany.Proj/com.epicgames.ue4.GameActivity#0)
01-15 17:20:10.956   582   582 I SurfaceFlinger: isIncludeStatusBarAndNavBar (1)
01-15 17:20:10.956   582   582 I SurfaceFlinger: screenshot (com.YourCompany.Proj/com.epicgames.ue4.GameActivity#1)
01-15 17:20:10.956   582   582 I SurfaceFlinger: isIncludeStatusBarAndNavBar (1)
01-15 17:20:11.056   582   582 I SurfaceFlinger: screenshot (Letterbox - left#2)
01-15 17:20:11.056   582   582 I SurfaceFlinger: isIncludeStatusBarAndNavBar (1)
01-15 17:20:11.056   582   582 I SurfaceFlinger: screenshot (Background for -SurfaceView - com.YourCompany.Proj/com.epicgames.ue4.GameActivity#0)
01-15 17:20:11.056   582   582 I SurfaceFlinger: isIncludeStatusBarAndNavBar (1)
01-15 17:20:11.056   582   582 I SurfaceFlinger: screenshot (SurfaceView - com.YourCompany.Proj/com.epicgames.ue4.GameActivity#0)
01-15 17:20:11.056   582   582 I SurfaceFlinger: isIncludeStatusBarAndNavBar (1)
01-15 17:20:11.056   582   582 I SurfaceFlinger: screenshot (com.YourCompany.Proj/com.epicgames.ue4.GameActivity#1)
01-15 17:20:11.056   582   582 I SurfaceFlinger: isIncludeStatusBarAndNavBar (1)
01-15 17:20:11.069 32546 32546 I ADB_SERVICES: service_to_fd shell,v2,raw:ps
01-15 17:20:11.132 32546 28277 I ADB_SERVICES: post waitpid (pid=28276) status=0000
01-15 17:20:11.132 32546 32546 I ADB_SERVICES: for fd 25, revents = 2011
01-15 17:20:11.132 32546 32546 I ADB_SERVICES: for fd 25, revents = 2011
01-15 17:20:11.174   582   582 I SurfaceFlinger: screenshot (Letterbox - left#2)
01-15 17:20:11.174   582   582 I SurfaceFlinger: isIncludeStatusBarAndNavBar (1)
01-15 17:20:11.174   582   582 I SurfaceFlinger: screenshot (Background for -SurfaceView - com.YourCompany.Proj/com.epicgames.ue4.GameActivity#0)
01-15 17:20:11.174   582   582 I SurfaceFlinger: isIncludeStatusBarAndNavBar (1)
01-15 17:20:11.174   582   582 I SurfaceFlinger: screenshot (SurfaceView - com.YourCompany.Proj/com.epicgames.ue4.GameActivity#0)
01-15 17:20:11.174   582   582 I SurfaceFlinger: isIncludeStatusBarAndNavBar (1)
01-15 17:20:11.174   582   582 I SurfaceFlinger: screenshot (com.YourCompany.Proj/com.epicgames.ue4.GameActivity#1)
01-15 17:20:11.174   582   582 I SurfaceFlinger: isIncludeStatusBarAndNavBar (1)
01-15 17:20:11.211  1235  1452 I MiuiNetworkPolicy: updateUidState uid = 99075, uidState = 5
01-15 17:20:11.214  1235  1452 I MiuiNetworkPolicy: updateUidState uid = 99075, uidState = 14
01-15 17:20:11.289   582   582 I SurfaceFlinger: screenshot (Letterbox - left#2)
01-15 17:20:11.289   582   582 I SurfaceFlinger: isIncludeStatusBarAndNavBar (1)
01-15 17:20:11.289   582   582 I SurfaceFlinger: screenshot (Background for -SurfaceView - com.YourCompany.Proj/com.epicgames.ue4.GameActivity#0)
01-15 17:20:11.289   582   582 I SurfaceFlinger: isIncludeStatusBarAndNavBar (1)
01-15 17:20:11.289   582   582 I SurfaceFlinger: screenshot (SurfaceView - com.YourCompany.Proj/com.epicgames.ue4.GameActivity#0)
01-15 17:20:11.289   582   582 I SurfaceFlinger: isIncludeStatusBarAndNavBar (1)
01-15 17:20:11.289   582   582 I SurfaceFlinger: screenshot (com.YourCompany.Proj/com.epicgames.ue4.GameActivity#1)
01-15 17:20:11.289   582   582 I SurfaceFlinger: isIncludeStatusBarAndNavBar (1)
01-15 17:20:11.311  1235  1452 I MiuiNetworkPolicy: updateUidState uid = 99075, uidState = 5
01-15 17:20:11.335  1235  2872 I ActivityManager: Killing 27388:com.android.camera/u0a13 (adj 995): empty #17
01-15 17:20:11.336  1235  1329 I libprocessgroup: Successfully killed process cgroup uid 10013 pid 27388 in 0ms
01-15 17:20:11.339  1235  1452 I MiuiNetworkPolicy: updateUidState uid = 99075, uidState = 14
01-15 17:20:11.339  1235  1452 I MiuiNetworkPolicy: updateUidState uid = 10083, uidState = 20
01-15 17:20:11.367   748  1407 V CameraService: removeListener: Remove listener 0xe5320200
01-15 17:20:11.367  1235  2893 V ActivityManager: Death received in com.android.server.am.ActivityManagerService$AppDeathRecipient@e5189a7 for thread android.os.BinderProxy@ed2ae54, mPid:27388,mApp:ProcessRecord{642b425 27388:com.android.camera/u0a13}
01-15 17:20:11.367   497   497 I Zygote  : Process 27388 exited due to signal 9 (Killed)
01-15 17:20:11.373  1235  2893 I ActivityManager: Killing 27322:com.miui.securitycenter/1000 (adj 985): empty #17
01-15 17:20:11.374  1235  1329 I libprocessgroup: Successfully killed process cgroup uid 1000 pid 27322 in 0ms
01-15 17:20:11.376  1235  1452 I MiuiNetworkPolicy: removeUidState uid = 10013
01-15 17:20:11.376  1235  1452 I MiuiNetworkPolicy: updateUidState uid = 99075, uidState = 5
01-15 17:20:11.376  1235  1452 I MiuiNetworkPolicy: updateUidState uid = 10011, uidState = 20
01-15 17:20:11.406   582   582 I SurfaceFlinger: screenshot (Letterbox - left#2)
01-15 17:20:11.406   582   582 I SurfaceFlinger: isIncludeStatusBarAndNavBar (1)
01-15 17:20:11.406   582   582 I SurfaceFlinger: screenshot (Background for -SurfaceView - com.YourCompany.Proj/com.epicgames.ue4.GameActivity#0)
01-15 17:20:11.406   582   582 I SurfaceFlinger: isIncludeStatusBarAndNavBar (1)
01-15 17:20:11.406   582   582 I SurfaceFlinger: screenshot (SurfaceView - com.YourCompany.Proj/com.epicgames.ue4.GameActivity#0)
01-15 17:20:11.406   582   582 I SurfaceFlinger: isIncludeStatusBarAndNavBar (1)
01-15 17:20:11.406   582   582 I SurfaceFlinger: screenshot (com.YourCompany.Proj/com.epicgames.ue4.GameActivity#1)
01-15 17:20:11.406   582   582 I SurfaceFlinger: isIncludeStatusBarAndNavBar (1)
01-15 17:20:11.420   497   497 I Zygote  : Process 27322 exited due to signal 9 (Killed)
01-15 17:20:11.420  1235  3735 V ActivityManager: Death received in com.android.server.am.ActivityManagerService$AppDeathRecipient@1d93cbf for thread android.os.BinderProxy@4bb3f8c, mPid:27322,mApp:ProcessRecord{96ee5db 27322:com.miui.securitycenter/1000}
01-15 17:20:11.420   582  2187 I BufferQueue: [com.miui.securitycenter/com.miui.permcenter.install.AdbInstallActivity#0](this:0x727d016800,id:14192,api:1,p:-1,c:-1) ~BufferQueueCore
01-15 17:20:11.420   582  2187 D RefBase : RefBase: Explicit destruction, weak count = 0 (in 0x727d017c58)
01-15 17:20:11.420   582  2187 W RefBase : CallStack::getCurrentInternal not linked, returning null
01-15 17:20:11.420   582  2187 W RefBase : CallStack::logStackInternal not linked
01-15 17:20:11.426  1235  1452 I MiuiNetworkPolicy: updateUidState uid = 99075, uidState = 14
01-15 17:20:11.503   815   918 D AAL     : 01-15 05:20:10.689 BL= 588,ESS= 264, 01-15 05:20:10.754 BL= 588,ESS= 262, 01-15 05:20:10.786 BL= 588,ESS= 264, 01-15 05:20:10.803 BL= 588,ESS= 262, 01-15 05:20:11.503 BL= 589,ESS= 262, 
01-15 17:20:11.522   582   582 I SurfaceFlinger: screenshot (Letterbox - left#2)
01-15 17:20:11.522   582   582 I SurfaceFlinger: isIncludeStatusBarAndNavBar (1)
01-15 17:20:11.522   582   582 I SurfaceFlinger: screenshot (Background for -SurfaceView - com.YourCompany.Proj/com.epicgames.ue4.GameActivity#0)
01-15 17:20:11.522   582   582 I SurfaceFlinger: isIncludeStatusBarAndNavBar (1)
01-15 17:20:11.522   582   582 I SurfaceFlinger: screenshot (SurfaceView - com.YourCompany.Proj/com.epicgames.ue4.GameActivity#0)
01-15 17:20:11.522   582   582 I SurfaceFlinger: isIncludeStatusBarAndNavBar (1)
01-15 17:20:11.522   582   582 I SurfaceFlinger: screenshot (com.YourCompany.Proj/com.epicgames.ue4.GameActivity#1)
01-15 17:20:11.522   582   582 I SurfaceFlinger: isIncludeStatusBarAndNavBar (1)
01-15 17:20:11.609   582  2187 I BufferQueueProducer: [StatusBar#0](this:0x729a054000,id:3,api:1,p:1521,c:582) queueBuffer: fps=0.25 dur=4000.75 max=4000.75 min=4000.75
01-15 17:20:11.623   582   582 I SurfaceFlinger: screenshot (Letterbox - left#2)
01-15 17:20:11.624   582   582 I SurfaceFlinger: isIncludeStatusBarAndNavBar (1)
01-15 17:20:11.624   582   582 I SurfaceFlinger: screenshot (Background for -SurfaceView - com.YourCompany.Proj/com.epicgames.ue4.GameActivity#0)
01-15 17:20:11.624   582   582 I SurfaceFlinger: isIncludeStatusBarAndNavBar (1)
01-15 17:20:11.624   582   582 I SurfaceFlinger: screenshot (SurfaceView - com.YourCompany.Proj/com.epicgames.ue4.GameActivity#0)
01-15 17:20:11.624   582   582 I SurfaceFlinger: isIncludeStatusBarAndNavBar (1)
01-15 17:20:11.624   582   582 I SurfaceFlinger: screenshot (com.YourCompany.Proj/com.epicgames.ue4.GameActivity#1)
01-15 17:20:11.624   582   582 I SurfaceFlinger: isIncludeStatusBarAndNavBar (1)
01-15 17:20:11.681   582  2187 I BufferQueueProducer: [SurfaceView - com.YourCompany.Proj/com.epicgames.ue4.GameActivity#0](this:0x727af5a800,id:14198,api:1,p:27991,c:582) queueBuffer: fps=59.92 dur=1001.34 max=35.47 min=6.56
01-15 17:20:11.704   516   602 I hwcomposer: [HWCDisplay] [Display_0 (type:1)] fps:60.072987,dur:1015.43,max:19.21,min:14.17  
01-15 17:20:11.718  1235  1452 I MiuiNetworkPolicy: updateUidState uid = 99075, uidState = 5
01-15 17:20:11.732  1235  1454 E WifiVendorHal: getWifiLinkLayerStats_1_3_Internal(l.927) failed {.code = ERROR_NOT_SUPPORTED, .description = }
01-15 17:20:11.739   582   582 I SurfaceFlinger: screenshot (Letterbox - left#2)
01-15 17:20:11.739   582   582 I SurfaceFlinger: isIncludeStatusBarAndNavBar (1)
01-15 17:20:11.739   582   582 I SurfaceFlinger: screenshot (Background for -SurfaceView - com.YourCompany.Proj/com.epicgames.ue4.GameActivity#0)
01-15 17:20:11.739   582   582 I SurfaceFlinger: isIncludeStatusBarAndNavBar (1)
01-15 17:20:11.739   582   582 I SurfaceFlinger: screenshot (SurfaceView - com.YourCompany.Proj/com.epicgames.ue4.GameActivity#0)
01-15 17:20:11.739   582   582 I SurfaceFlinger: isIncludeStatusBarAndNavBar (1)
01-15 17:20:11.739   582   582 I SurfaceFlinger: screenshot (com.YourCompany.Proj/com.epicgames.ue4.GameActivity#1)
01-15 17:20:11.739   582   582 I SurfaceFlinger: isIncludeStatusBarAndNavBar (1)
01-15 17:20:11.775  1235  1452 I MiuiNetworkPolicy: updateUidState uid = 99075, uidState = 14
01-15 17:20:11.778  1235  1452 I MiuiNetworkPolicy: updateUidState uid = 99075, uidState = 5
01-15 17:20:11.794  1235  1452 I MiuiNetworkPolicy: updateUidState uid = 99075, uidState = 14
01-15 17:20:11.795   800   800 I thermal_repeater: [recvMdThermalInfo] ret=26, strLen=127,  3, 29, -50, 197, 32767, 1
01-15 17:20:11.838   582   582 I SurfaceFlinger: screenshot (Letterbox - left#2)
01-15 17:20:11.838   582   582 I SurfaceFlinger: isIncludeStatusBarAndNavBar (1)
01-15 17:20:11.838   582   582 I SurfaceFlinger: screenshot (Background for -SurfaceView - com.YourCompany.Proj/com.epicgames.ue4.GameActivity#0)
01-15 17:20:11.838   582   582 I SurfaceFlinger: isIncludeStatusBarAndNavBar (1)
01-15 17:20:11.838   582   582 I SurfaceFlinger: screenshot (SurfaceView - com.YourCompany.Proj/com.epicgames.ue4.GameActivity#0)
01-15 17:20:11.838   582   582 I SurfaceFlinger: isIncludeStatusBarAndNavBar (1)
01-15 17:20:11.838   582   582 I SurfaceFlinger: screenshot (com.YourCompany.Proj/com.epicgames.ue4.GameActivity#1)
01-15 17:20:11.838   582   582 I SurfaceFlinger: isIncludeStatusBarAndNavBar (1)
01-15 17:20:11.844  1235  1452 I MiuiNetworkPolicy: updateUidState uid = 99075, uidState = 5
01-15 17:20:11.853  1235  1452 I MiuiNetworkPolicy: updateUidState uid = 99075, uidState = 14
01-15 17:20:11.857  1235  1452 I MiuiNetworkPolicy: updateUidState uid = 99075, uidState = 11
01-15 17:20:11.862  1235  1452 I MiuiNetworkPolicy: updateUidState uid = 99075, uidState = 14
01-15 17:20:11.955   582   582 I SurfaceFlinger: screenshot (Letterbox - left#2)
01-15 17:20:11.955   582   582 I SurfaceFlinger: isIncludeStatusBarAndNavBar (1)
01-15 17:20:11.955   582   582 I SurfaceFlinger: screenshot (Background for -SurfaceView - com.YourCompany.Proj/com.epicgames.ue4.GameActivity#0)
01-15 17:20:11.955   582   582 I SurfaceFlinger: isIncludeStatusBarAndNavBar (1)
01-15 17:20:11.955   582   582 I SurfaceFlinger: screenshot (SurfaceView - com.YourCompany.Proj/com.epicgames.ue4.GameActivity#0)
01-15 17:20:11.955   582   582 I SurfaceFlinger: isIncludeStatusBarAndNavBar (1)
01-15 17:20:11.955   582   582 I SurfaceFlinger: screenshot (com.YourCompany.Proj/com.epicgames.ue4.GameActivity#1)
01-15 17:20:11.955   582   582 I SurfaceFlinger: isIncludeStatusBarAndNavBar (1)
01-15 17:20:11.965  1235  1452 I MiuiNetworkPolicy: updateUidState uid = 10254, uidState = 11
01-15 17:20:11.965  1235  1452 I MiuiNetworkPolicy: updateUidState uid = 1000, uidState = 0
01-15 17:20:11.966  1235  3735 I ActivityManager: Killing 27362:com.miui.guardprovider/u0a83 (adj 995): empty #17
01-15 17:20:11.967  1235  1329 I libprocessgroup: Successfully killed process cgroup uid 10083 pid 27362 in 0ms
01-15 17:20:11.969  1235  1452 I MiuiNetworkPolicy: updateUidState uid = 10254, uidState = 20
01-15 17:20:11.990  1235  2847 V ActivityManager: Death received in com.android.server.am.ActivityManagerService$AppDeathRecipient@5a0d3af for thread android.os.BinderProxy@e53a3bc, mPid:27362,mApp:ProcessRecord{c913ad6 27362:com.miui.guardprovider/u0a83}
01-15 17:20:11.991   497   497 I Zygote  : Process 27362 exited due to signal 9 (Killed)
01-15 17:20:11.995  1235  1452 I MiuiNetworkPolicy: removeUidState uid = 10083
01-15 17:20:12.057   582   582 I SurfaceFlinger: screenshot (Letterbox - left#2)
01-15 17:20:12.057   582   582 I SurfaceFlinger: isIncludeStatusBarAndNavBar (1)
01-15 17:20:12.057   582   582 I SurfaceFlinger: screenshot (Background for -SurfaceView - com.YourCompany.Proj/com.epicgames.ue4.GameActivity#0)
01-15 17:20:12.058   582   582 I SurfaceFlinger: isIncludeStatusBarAndNavBar (1)
01-15 17:20:12.058   582   582 I SurfaceFlinger: screenshot (SurfaceView - com.YourCompany.Proj/com.epicgames.ue4.GameActivity#0)
01-15 17:20:12.058   582   582 I SurfaceFlinger: isIncludeStatusBarAndNavBar (1)
01-15 17:20:12.058   582   582 I SurfaceFlinger: screenshot (com.YourCompany.Proj/com.epicgames.ue4.GameActivity#1)
01-15 17:20:12.058   582   582 I SurfaceFlinger: isIncludeStatusBarAndNavBar (1)
01-15 17:20:12.172   582   582 I SurfaceFlinger: screenshot (Letterbox - left#2)
01-15 17:20:12.173   582   582 I SurfaceFlinger: isIncludeStatusBarAndNavBar (1)
01-15 17:20:12.173   582   582 I SurfaceFlinger: screenshot (Background for -SurfaceView - com.YourCompany.Proj/com.epicgames.ue4.GameActivity#0)
01-15 17:20:12.173   582   582 I SurfaceFlinger: isIncludeStatusBarAndNavBar (1)
01-15 17:20:12.173   582   582 I SurfaceFlinger: screenshot (SurfaceView - com.YourCompany.Proj/com.epicgames.ue4.GameActivity#0)
01-15 17:20:12.173   582   582 I SurfaceFlinger: isIncludeStatusBarAndNavBar (1)
01-15 17:20:12.173   582   582 I SurfaceFlinger: screenshot (com.YourCompany.Proj/com.epicgames.ue4.GameActivity#1)
01-15 17:20:12.173   582   582 I SurfaceFlinger: isIncludeStatusBarAndNavBar (1)
01-15 17:20:12.188 32546 32546 I ADB_SERVICES: service_to_fd shell,v2,raw:ps
01-15 17:20:12.244 32546 28280 I ADB_SERVICES: post waitpid (pid=28279) status=0000
01-15 17:20:12.244 32546 32546 I ADB_SERVICES: for fd 25, revents = 2011
01-15 17:20:12.244 32546 32546 I ADB_SERVICES: for fd 25, revents = 2011
01-15 17:20:12.289   582   582 I SurfaceFlinger: screenshot (Letterbox - left#2)
01-15 17:20:12.289   582   582 I SurfaceFlinger: isIncludeStatusBarAndNavBar (1)
01-15 17:20:12.289   582   582 I SurfaceFlinger: screenshot (Background for -SurfaceView - com.YourCompany.Proj/com.epicgames.ue4.GameActivity#0)
01-15 17:20:12.289   582   582 I SurfaceFlinger: isIncludeStatusBarAndNavBar (1)
01-15 17:20:12.289   582   582 I SurfaceFlinger: screenshot (SurfaceView - com.YourCompany.Proj/com.epicgames.ue4.GameActivity#0)
01-15 17:20:12.289   582   582 I SurfaceFlinger: isIncludeStatusBarAndNavBar (1)
01-15 17:20:12.289   582   582 I SurfaceFlinger: screenshot (com.YourCompany.Proj/com.epicgames.ue4.GameActivity#1)
01-15 17:20:12.289   582   582 I SurfaceFlinger: isIncludeStatusBarAndNavBar (1)
01-15 17:20:12.389   582   582 I SurfaceFlinger: screenshot (Letterbox - left#2)
01-15 17:20:12.389   582   582 I SurfaceFlinger: isIncludeStatusBarAndNavBar (1)
01-15 17:20:12.389   582   582 I SurfaceFlinger: screenshot (Background for -SurfaceView - com.YourCompany.Proj/com.epicgames.ue4.GameActivity#0)
01-15 17:20:12.389   582   582 I SurfaceFlinger: isIncludeStatusBarAndNavBar (1)
01-15 17:20:12.389   582   582 I SurfaceFlinger: screenshot (SurfaceView - com.YourCompany.Proj/com.epicgames.ue4.GameActivity#0)
01-15 17:20:12.389   582   582 I SurfaceFlinger: isIncludeStatusBarAndNavBar (1)
01-15 17:20:12.389   582   582 I SurfaceFlinger: screenshot (com.YourCompany.Proj/com.epicgames.ue4.GameActivity#1)
01-15 17:20:12.389   582   582 I SurfaceFlinger: isIncludeStatusBarAndNavBar (1)
01-15 17:20:12.454   815   918 D AAL     : 01-15 05:20:11.520 BL= 588,ESS= 262, 01-15 05:20:11.537 BL= 589,ESS= 262, 01-15 05:20:11.970 BL= 590,ESS= 262, 01-15 05:20:12.254 BL= 591,ESS= 262, 01-15 05:20:12.454 BL= 592,ESS= 262, 
01-15 17:20:12.505   582   582 I SurfaceFlinger: screenshot (Letterbox - left#2)
01-15 17:20:12.505   582   582 I SurfaceFlinger: isIncludeStatusBarAndNavBar (1)
01-15 17:20:12.505   582   582 I SurfaceFlinger: screenshot (Background for -SurfaceView - com.YourCompany.Proj/com.epicgames.ue4.GameActivity#0)
01-15 17:20:12.506   582   582 I SurfaceFlinger: isIncludeStatusBarAndNavBar (1)
01-15 17:20:12.506   582   582 I SurfaceFlinger: screenshot (SurfaceView - com.YourCompany.Proj/com.epicgames.ue4.GameActivity#0)
01-15 17:20:12.506   582   582 I SurfaceFlinger: isIncludeStatusBarAndNavBar (1)
01-15 17:20:12.506   582   582 I SurfaceFlinger: screenshot (com.YourCompany.Proj/com.epicgames.ue4.GameActivity#1)
01-15 17:20:12.506   582   582 I SurfaceFlinger: isIncludeStatusBarAndNavBar (1)
01-15 17:20:12.606   582   582 I SurfaceFlinger: screenshot (Letterbox - left#2)
01-15 17:20:12.606   582   582 I SurfaceFlinger: isIncludeStatusBarAndNavBar (1)
01-15 17:20:12.606   582   582 I SurfaceFlinger: screenshot (Background for -SurfaceView - com.YourCompany.Proj/com.epicgames.ue4.GameActivity#0)
01-15 17:20:12.606   582   582 I SurfaceFlinger: isIncludeStatusBarAndNavBar (1)
01-15 17:20:12.606   582   582 I SurfaceFlinger: screenshot (SurfaceView - com.YourCompany.Proj/com.epicgames.ue4.GameActivity#0)
01-15 17:20:12.606   582   582 I SurfaceFlinger: isIncludeStatusBarAndNavBar (1)
01-15 17:20:12.606   582   582 I SurfaceFlinger: screenshot (com.YourCompany.Proj/com.epicgames.ue4.GameActivity#1)
01-15 17:20:12.606   582   582 I SurfaceFlinger: isIncludeStatusBarAndNavBar (1)
01-15 17:20:12.682   582  2187 I BufferQueueProducer: [SurfaceView - com.YourCompany.Proj/com.epicgames.ue4.GameActivity#0](this:0x727af5a800,id:14198,api:1,p:27991,c:582) queueBuffer: fps=59.97 dur=1000.42 max=23.13 min=11.09
01-15 17:20:12.705   516   602 I hwcomposer: [HWCDisplay] [Display_0 (type:1)] fps:59.908371,dur:1001.53,max:19.15,min:14.24  
01-15 17:20:12.707   582   582 I SurfaceFlinger: screenshot (Letterbox - left#2)
01-15 17:20:12.707   582   582 I SurfaceFlinger: isIncludeStatusBarAndNavBar (1)
01-15 17:20:12.707   582   582 I SurfaceFlinger: screenshot (Background for -SurfaceView - com.YourCompany.Proj/com.epicgames.ue4.GameActivity#0)
01-15 17:20:12.707   582   582 I SurfaceFlinger: isIncludeStatusBarAndNavBar (1)
01-15 17:20:12.707   582   582 I SurfaceFlinger: screenshot (SurfaceView - com.YourCompany.Proj/com.epicgames.ue4.GameActivity#0)
01-15 17:20:12.707   582   582 I SurfaceFlinger: isIncludeStatusBarAndNavBar (1)
01-15 17:20:12.707   582   582 I SurfaceFlinger: screenshot (com.YourCompany.Proj/com.epicgames.ue4.GameActivity#1)
01-15 17:20:12.707   582   582 I SurfaceFlinger: isIncludeStatusBarAndNavBar (1)
