01-16 11:23:06.129   582   625 I BufferQueueConsumer: [ScreenshotSurface#0](this:0x7279837000,id:15972,api:0,p:-1,c:582) setDefaultBufferSize: width=1080 height=2340
01-16 11:23:06.132   582   582 I BufferQueue: [ScreenshotSurface#0](this:0x729a055800,id:15970,api:2,p:-1,c:-1) ~BufferQueueCore
01-16 11:23:06.133   582   582 D RefBase : RefBase: Explicit destruction, weak count = 0 (in 0x729a056c58)
01-16 11:23:06.133   582   582 W RefBase : CallStack::getCurrentInternal not linked, returning null
01-16 11:23:06.133   582   582 W RefBase : CallStack::logStackInternal not linked
01-16 11:23:06.135  1235  3851 E GraphicExt: GraphicExtModuleLoader::CreateGraphicExtInstance false
01-16 11:23:06.140   582   582 I SurfaceFlinger: screenshot (InputMethod#0)
01-16 11:23:06.141   582   582 I SurfaceFlinger: isIncludeStatusBarAndNavBar (1)
01-16 11:23:06.141   582   582 I SurfaceFlinger: screenshot (NavigationBar#0)
01-16 11:23:06.141   582   582 I SurfaceFlinger: isIncludeStatusBarAndNavBar (1)
01-16 11:23:06.152  1235  2169 I GED     : ged_boost_gpu_freq, level 100, eOrigin 2, final_idx 27, oppidx_max 27, oppidx_min 0
01-16 11:23:06.184  1235  3851 D Surface : Surface::connect(this=0x704611b000,api=2)
01-16 11:23:06.185   582   630 I BufferQueueProducer: [ScreenshotSurface#0](this:0x7279837000,id:15972,api:2,p:1235,c:582) connect(P): api=2 producer=(1235:system_server) producerControlledByApp=false
01-16 11:23:06.187  1235  3851 D Surface : Surface::disconnect(this=0x704611b000,api=2)
01-16 11:23:06.188   582   630 I BufferQueueProducer: [ScreenshotSurface#0](this:0x7279837000,id:15972,api:2,p:1235,c:582) disconnect(P): api 2
01-16 11:23:06.190  1235  3851 I ActivityTaskManager: Config changes=20000480 {1.0 250mcc20mnc [ru_RU] ldltr sw490dp w490dp h981dp 352dpi nrml long port night finger -keyb/v/h -nav/h winConfig={ mBounds=Rect(0, 0 - 1080, 2340) mAppBounds=Rect(0, 76 - 1080, 2236) mWindowingMode=fullscreen mDisplayWindowingMode=fullscreen mActivityType=undefined mAlwaysOnTop=undefined mRotation=ROTATION_0} s.30965 themeChanged=0 themeChangedFlags=0 extraData = Bundle[{}]}
01-16 11:23:06.208   582   582 I SurfaceFlinger: screenshot (InputMethod#0)
01-16 11:23:06.208   582   582 I SurfaceFlinger: isIncludeStatusBarAndNavBar (1)
01-16 11:23:06.208   582   582 I SurfaceFlinger: screenshot (NavigationBar#0)
01-16 11:23:06.208   582   582 I SurfaceFlinger: isIncludeStatusBarAndNavBar (1)
01-16 11:23:06.208   582   582 I SurfaceFlinger: screenshot (ScreenshotSurface#0)
01-16 11:23:06.208   582   582 I SurfaceFlinger: isIncludeStatusBarAndNavBar (1)
01-16 11:23:06.209   516   682 W hwcomposer: [OVL] (0) No overlay input queue(0)  
01-16 11:23:06.209   516   682 I hwcomposer: [DBQ] (q2:0x7a60640a00) Buffer queue is created with size(3)  
01-16 11:23:06.209   516   682 I hwcomposer: [DBQ] (q2:0x7a60640a00) setConsumerListener  
01-16 11:23:06.209   516   682 I hwcomposer: [DBQ] (q2:0x7a60640a00) Reallocate Slot(0), pool(0 -> 0) size(0 -> 10108800)  
01-16 11:23:06.252  1235  3851 I ActivityTaskManager: Override config changes=20000480 {1.0 250mcc20mnc [ru_RU] ldltr sw490dp w490dp h981dp 352dpi nrml long port night finger -keyb/v/h -nav/h winConfig={ mBounds=Rect(0, 0 - 1080, 2340) mAppBounds=Rect(0, 76 - 1080, 2236) mWindowingMode=fullscreen mDisplayWindowingMode=fullscreen mActivityType=undefined mAlwaysOnTop=undefined mRotation=ROTATION_0} s.30965 themeChanged=0 themeChangedFlags=0 extraData = Bundle[{}]} for displayId=0
01-16 11:23:06.265  2739 21329 I ProcessMonitor: onForegroundInfoChanged: ForegroundInfo{mForegroundPackageName='com.vkontakte.android', mForegroundUid=10173, mForegroundPid=28724, mLastForegroundPackageName='com.YourCompany.Proj', mLastForegroundUid=10507, mLastForegroundPid=1559, mMultiWindowForegroundPackageName='null', mMultiWindowForegroundUid=-1, mFlags=0}
01-16 11:23:06.265  2739 21329 I GameBoosterService: onForegroundInfoChanged: Cur=com.vkontakte.android	 last=com.YourCompany.Proj
01-16 11:23:06.266  9180  9212 I GST     : forePkg: com.vkontakte.android, preForePkg: com.YourCompany.Proj
01-16 11:23:06.267  1235  3851 I WindowManager: input method visible height changed 1080
01-16 11:23:06.268   538   598 I power@1.3-impl: powerHintInternal hint:8, data:0
01-16 11:23:06.273   582   630 I BufferQueueConsumer: [InputMethod#0](this:0x729a024800,id:15969,api:1,p:22920,c:582) setDefaultBufferSize: width=1080 height=2264
01-16 11:23:06.273   582   630 I BufferQueueConsumer: [NavigationBar#0](this:0x72689a1000,id:15955,api:1,p:1521,c:582) setDefaultBufferSize: width=1080 height=104
01-16 11:23:06.273   582   630 I BufferQueueConsumer: [StatusBar#0](this:0x729a054000,id:3,api:1,p:1521,c:582) setDefaultBufferSize: width=1080 height=61
01-16 11:23:06.275 12657 12657 D FloatService:  newFontScale = 1.0 oldFontScale = 1.0
01-16 11:23:06.275 12657 12657 D FloatService:  newFontWeight = 50 oldFontWeight = 50
01-16 11:23:06.275  1235  3851 I Timeline: Timeline: App_transition_ready time:282196169
01-16 11:23:06.278  1235  3851 I Timeline: Timeline: App_transition_ready time:282196172
01-16 11:23:06.279  1235  1322 D View    : [Warning] assignParent to null: this = DecorView@250c3eb[Proj]
01-16 11:23:06.279  1235  3850 W system_server: Long monitor contention with owner Binder:1235_1D (3851) at void com.android.server.wm.ActivityTaskManagerService$LocalService.handleAppDied(com.android.server.wm.WindowProcessController, boolean, java.lang.Runnable)(ActivityTaskManagerService.java:6931) waiters=1 in int com.android.server.wm.WindowManagerService$LocalService.getTopFocusedDisplayId() for 174ms
01-16 11:23:06.280  1235  1322 D Surface : Surface::disconnect(this=0x704de1b000,api=2)
01-16 11:23:06.280   582   630 I BufferQueueProducer: [Splash Screen com.YourCompany.Proj#0](this:0x72797b4000,id:15971,api:2,p:1235,c:582) disconnect(P): api 2
01-16 11:23:06.281  1235  1326 W system_server: Long monitor contention with owner Binder:1235_1D (3851) at void com.android.server.wm.ActivityTaskManagerService$LocalService.handleAppDied(com.android.server.wm.WindowProcessController, boolean, java.lang.Runnable)(ActivityTaskManagerService.java:6931) waiters=2 in android.app.ActivityManager$StackInfo com.android.server.wm.ActivityTaskManagerService.getFocusedStackInfo() for 154ms
01-16 11:23:06.282  1235  3747 I Timeline: Timeline: App_transition_ready time:282196175
01-16 11:23:06.284  2739 21329 D GameBoosterService: onGameStatusChange foreground:ForegroundInfo{mForegroundPackageName='com.vkontakte.android', mForegroundUid=10173, mForegroundPid=28724, mLastForegroundPackageName='com.YourCompany.Proj', mLastForegroundUid=10507, mLastForegroundPid=1559, mMultiWindowForegroundPackageName='null', mMultiWindowForegroundUid=-1, mFlags=0}
01-16 11:23:06.284  2739 21329 I GameBoosterService: onForegroundInfoChanged: Exit
01-16 11:23:06.284  2739 21329 I VideoBoxUtils: isSupportVideoBox: false
01-16 11:23:06.284  2739 21329 I VideoToolBoxService: onForegroundInfoChanged: Exit Vtb
01-16 11:23:06.291 28627 28627 I Application: onConfigurationChanged:
01-16 11:23:06.292 22920 24375 D Surface : Surface::disconnect(this=0x7115ba8000,api=1)
01-16 11:23:06.293   582   630 I BufferQueueProducer: [InputMethod#0](this:0x729a024800,id:15969,api:1,p:22920,c:582) disconnect(P): api 1
01-16 11:23:06.294  1235  1322 W WindowManager: Failed looking up window callers=com.android.server.wm.WindowManagerService.windowForClientLocked:5867 com.android.server.wm.WindowManagerService.removeWindow:2002 com.android.server.wm.Session.remove:176 
01-16 11:23:06.294 32692 32692 I A       : Trimming objects from memory, since app is in the background.
01-16 11:23:06.294  1235  2169 I GED     : ged_boost_gpu_freq, level 100, eOrigin 2, final_idx 27, oppidx_max 27, oppidx_min 0
01-16 11:23:06.299   582   582 I BufferQueue: [Splash Screen com.YourCompany.Proj#0](this:0x72797b4000,id:15971,api:2,p:-1,c:-1) ~BufferQueueCore
01-16 11:23:06.299   582   582 D RefBase : RefBase: Explicit destruction, weak count = 0 (in 0x72797b5458)
01-16 11:23:06.299   582   582 W RefBase : CallStack::getCurrentInternal not linked, returning null
01-16 11:23:06.299   582   582 W RefBase : CallStack::logStackInternal not linked
01-16 11:23:06.300  1235  1322 I Timeline: Timeline: App_transition_ready time:282196193
01-16 11:23:06.302  7401  7401 I Finsky  : [2] vxe.onTrimMemory(1): Memory trim requested to level 5
01-16 11:23:06.302  1235  2878 I WindowManager: input method visible height changed 0
01-16 11:23:06.303  1235  2879 W system_server: Long monitor contention with owner Binder:1235_20 (4375) at void com.android.server.am.ActivityManagerService.serviceDoneExecuting(android.os.IBinder, int, int, int)(ActivityManagerService.java:14571) waiters=1 in android.content.ComponentName com.android.server.am.ActivityManagerService.startService(android.app.IApplicationThread, android.content.Intent, java.lang.String, boolean, java.lang.String, int) for 201ms
01-16 11:23:06.303  1235  2878 I Timeline: Timeline: App_transition_ready time:282196197
01-16 11:23:06.307   582  2228 I BufferQueueConsumer: [#0](this:0x727d104000,id:39,api:1,p:12657,c:582) setDefaultBufferSize: width=72 height=184
01-16 11:23:06.307  1235  2893 I Timeline: Timeline: App_transition_ready time:282196201
01-16 11:23:06.310  1235  2893 I Timeline: Timeline: App_transition_ready time:282196203
01-16 11:23:06.311 12657 12827 D Surface : Surface::disconnect(this=0xe8636000,api=1)
01-16 11:23:06.311   582  2228 I BufferQueueProducer: [#0](this:0x727d104000,id:39,api:1,p:12657,c:582) disconnect(P): api 1
01-16 11:23:06.311  1521  1521 I vol.MiuiVolumeDialogImp: onConfigChanged sensitive config changed
01-16 11:23:06.311  1521  1521 I vol.MiuiVolumeDialogImp: dismissH mShowing:false dialog showing:false reason:8
01-16 11:23:06.312  1235  1452 I MiuiNetworkPolicy: removeUidState uid = 10507
01-16 11:23:06.312 12657 12827 D Surface : Surface::connect(this=0xe8636000,api=1)
01-16 11:23:06.312 25501 25501 W BpBinder: Slow Binder: BpBinder transact took 213 ms, interface=android.app.IActivityManager, code=24 oneway=false
01-16 11:23:06.313  1235  1512 D MiuiFreeFormGestureController: displayConfigurationChange
01-16 11:23:06.313  1235  4375 W system_server: Long monitor contention with owner Binder:1235_1D (3851) at void com.android.server.am.ActivityManagerService$AppDeathRecipient.binderDied()(ActivityManagerService.java:1553) waiters=4 in java.util.List com.android.server.am.ProcessManagerService.getRunningProcessInfo(int, int, java.lang.String, java.lang.String, int) for 208ms
01-16 11:23:06.313 25501 25811 W BpBinder: Slow Binder: BpBinder transact took 212 ms, interface=android.app.IAlarmManager, code=1 oneway=false
01-16 11:23:06.314  1235  1512 D MiuiFreeFormGesturePointerEventListener: updateScreenParams ori:1 mNotchBar:0 mDisplayRotation:0isNotchScreen:true
01-16 11:23:06.314   582  2228 I BufferQueueProducer: [#0](this:0x727d104000,id:39,api:1,p:12657,c:582) connect(P): api=1 producer=(12657:com.miui.notes) producerControlledByApp=false
01-16 11:23:06.314  1235  1319 W Looper  : Slow dispatch took 210ms android.ui h=com.android.server.am.ActivityManagerService$UiHandler c=null m=53
01-16 11:23:06.314  1235  1319 W Looper  : Slow delivery took 203ms android.ui h=com.android.server.wm.BarController$BarHandler c=com.android.server.wm.-$$Lambda$StatusBarController$1$3FiQ0kybPCSlgcNJkCsNm5M12iA@e204753 m=0
01-16 11:23:06.314 22920 22920 I GoogleInputMethodService: GoogleInputMethodService.lambda$setDecorViewApplyWindowInsetsListener$9():1060 update screenHeightWithoutNaviBar to: 2236
01-16 11:23:06.314 22920 22920 I GoogleInputMethodService: GoogleInputMethodService.lambda$setDecorViewApplyWindowInsetsListener$9():1067 update max height when insets changes
01-16 11:23:06.314  1235  1319 V WindowOrientationListener: Proposed rotation changed!  newRotation=0
01-16 11:23:06.315 12657 12827 D mali_winsys: EGLint new_window_surface(egl_winsys_display *, void *, EGLSurface, EGLConfig, egl_winsys_surface **, EGLBoolean) returns 0x3000
01-16 11:23:06.316   582   582 I BufferQueue: [InputMethod#0](this:0x729a024800,id:15969,api:1,p:-1,c:-1) ~BufferQueueCore
01-16 11:23:06.316   582   582 D RefBase : RefBase: Explicit destruction, weak count = 0 (in 0x729a025c58)
01-16 11:23:06.316   582   582 W RefBase : CallStack::getCurrentInternal not linked, returning null
01-16 11:23:06.316   582   582 W RefBase : CallStack::logStackInternal not linked
01-16 11:23:06.316  4322  4527 W BpBinder: Slow Binder: BpBinder transact took 211 ms, interface=miui.IProcessManager, code=17 oneway=false
01-16 11:23:06.317 22920 22920 I AndroidIME: KeyboardViewManager.updateKeyboardBackgroundFrameVisibility():406 Set background frame visibility. old:8, new:8
01-16 11:23:06.317 22920 22920 I AndroidIME: KeyboardViewManager.getInputViewBottomGapFromScreen():370 get inputViewBottomGapFromScreen = 104 from keyboard size helper.
01-16 11:23:06.318 22920 22920 I AndroidIME: KeyboardViewManager.saveKeyboardBottomGap():332 realScreenHeight: 0 screenHeightInInches: 5.939086
01-16 11:23:06.318 22920 22920 I AndroidIME: keyboardHolderHeight: 468 inputViewBottomGapFromScreen: 104
01-16 11:23:06.318 22920 22920 I AndroidIME: getKeyboardBodyViewHolderPaddingBottom(): 0 getKeyboardBottomGapFromScreen(): 0
01-16 11:23:06.318 22920 22920 I AndroidIME: keyboardBottomGap: 104 bodyViewHolderBottomPadding: 0
01-16 11:23:06.318 22920 22920 I AndroidIME: decorViewStableInsetBottom: 104 updated: false
01-16 11:23:06.318  1235  1319 W Looper  : Drained
01-16 11:23:06.319  1235  1512 D MiuiFreeFormGestureController: displayConfigurationChange
01-16 11:23:06.319 12657 12827 D Surface : Surface::setBufferCount(this=0xe8636000,bufferCount=3)
01-16 11:23:06.320   582   582 I SurfaceFlinger: screenshot (ScreenshotSurface#0)
01-16 11:23:06.320   582   582 I SurfaceFlinger: isIncludeStatusBarAndNavBar (1)
01-16 11:23:06.321  1235  4375 I Timeline: Timeline: App_transition_ready time:282196215
01-16 11:23:06.322  1235  1512 D MiuiFreeFormGesturePointerEventListener: updateScreenParams ori:1 mNotchBar:0 mDisplayRotation:0isNotchScreen:true
01-16 11:23:06.323 22920 22920 I AppBase : AppBase.onTrimMemory():744 onTrimMemory(): 5
01-16 11:23:06.323 22920 22920 I GoogleInputMethodService: GoogleInputMethodService.onTrimMemory():4503 onTrimMemory(): 5
01-16 11:23:06.327  1521  1521 D QSTile.CellularTile:  callback=com.android.systemui.qs.QSPanel$1@a9da054
01-16 11:23:06.328  1521  1521 D QSTile.BluetoothTile:  callback=com.android.systemui.qs.QSPanel$1@b256af9
01-16 11:23:06.328 22920 22920 W GoogleInputMethodService: GoogleInputMethodService.onConfigurationChanged():1572 onConfigurationChanged() : NewConfig = {1.0 250mcc20mnc [ru_RU] ldltr sw490dp w490dp h981dp 352dpi nrml long port night finger -keyb/v/h -nav/h winConfig={ mBounds=Rect(0, 0 - 1080, 2340) mAppBounds=Rect(0, 76 - 1080, 2236) mWindowingMode=fullscreen mDisplayWindowingMode=fullscreen mActivityType=undefined mAlwaysOnTop=undefined mRotation=ROTATION_0} s.31031 themeChanged=0 themeChangedFlags=0 extraData = Bundle[{}]}
01-16 11:23:06.328  1521  1521 D QSTile.WifiTile:  callback=com.android.systemui.qs.QSPanel$1@9dac7bb
01-16 11:23:06.328 22920 22920 W KeyboardModeManager: KeyboardModeManager.reloadOrientationAwareData():456 reloadOrientationAwareData() : orientation = 1
01-16 11:23:06.328 22920 22920 I NormalModeController: NormalModeController.getKeyboardBodyViewHolderPaddingBottom():112 currentPrimeKeyboardType:SOFT systemPaddingBottom:-1
01-16 11:23:06.329 28724 28724 I PlayCore: UID: [10173]  PID: [28724] AppUpdateListenerRegistry : registerListener
01-16 11:23:06.330 22920 22920 I GoogleInputMethodService: GoogleInputMethodService$10.getInputViewCoverNavigationHeight():3247 Returns default 0 as the coverNavigationHeight while extendsTouchBelowSpace=false decorViewWindowInsets=WindowInsets{systemWindowInsets=Insets{left=0, top=0, right=0, bottom=104} stableInsets=Insets{left=0, top=0, right=0, bottom=104} sysGestureInsets=Insets{left=0, top=0, right=0, bottom=104}}
01-16 11:23:06.331  1701  1701 W Launcher: onDisplayChanged: newRotation=0
01-16 11:23:06.331  1521  1521 D QSTile.FlashlightTile:  callback=com.android.systemui.qs.QSPanel$1@77fee6d
01-16 11:23:06.332  1235  1322 I Timeline: Timeline: App_transition_ready time:282196225
01-16 11:23:06.333  1521  1521 D QSTile.AutoBrightnessTile:  callback=com.android.systemui.qs.QSPanel$1@4410f8f
01-16 11:23:06.333 22920 22920 I GoogleInputMethodService: GoogleInputMethodService$10.getInputViewCoverNavigationHeight():3247 Returns default 0 as the coverNavigationHeight while extendsTouchBelowSpace=false decorViewWindowInsets=WindowInsets{systemWindowInsets=Insets{left=0, top=0, right=0, bottom=104} stableInsets=Insets{left=0, top=0, right=0, bottom=104} sysGestureInsets=Insets{left=0, top=0, right=0, bottom=104}}
01-16 11:23:06.333 22920 22920 I KeyboardViewUtil: KeyboardViewUtil.getKeyboardHeightRatio():175 systemKeyboardHeightRatio:1.000000; userKeyboardHeightRatio:1.000000.
01-16 11:23:06.334 22920 22920 W AndroidIME: KeyboardViewManager.initializeViews():440 initializeViews() : keyboard full width = -1; root view width = 1080; measured keyboard height = 2264
01-16 11:23:06.334 22920 22920 I AndroidIME: KeyboardViewManager.updateKeyboardHeaderViewWidth():907 keyboard header ratio:1.000000 body ratio:1.000000
01-16 11:23:06.335 22920 22920 I AndroidIME: KeyboardViewManager.updateKeyboardHeaderViewWidth():907 keyboard header ratio:1.000000 body ratio:1.000000
01-16 11:23:06.335 22920 22920 I GoogleInputMethodService: GoogleInputMethodService$10.getInputViewCoverNavigationHeight():3247 Returns default 0 as the coverNavigationHeight while extendsTouchBelowSpace=false decorViewWindowInsets=WindowInsets{systemWindowInsets=Insets{left=0, top=0, right=0, bottom=104} stableInsets=Insets{left=0, top=0, right=0, bottom=104} sysGestureInsets=Insets{left=0, top=0, right=0, bottom=104}}
01-16 11:23:06.335 22920 22920 I GoogleInputMethodService: GoogleInputMethodService$10.getInputViewCoverNavigationHeight():3247 Returns default 0 as the coverNavigationHeight while extendsTouchBelowSpace=false decorViewWindowInsets=WindowInsets{systemWindowInsets=Insets{left=0, top=0, right=0, bottom=104} stableInsets=Insets{left=0, top=0, right=0, bottom=104} sysGestureInsets=Insets{left=0, top=0, right=0, bottom=104}}
01-16 11:23:06.335 22920 22920 I AndroidIME: KeyboardViewManager.getInputViewBottomGapFromScreen():370 get inputViewBottomGapFromScreen = 104 from keyboard size helper.
01-16 11:23:06.335 22920 22920 I GoogleInputMethodService: GoogleInputMethodService$10.getInputViewCoverNavigationHeight():3247 Returns default 0 as the coverNavigationHeight while extendsTouchBelowSpace=false decorViewWindowInsets=WindowInsets{systemWindowInsets=Insets{left=0, top=0, right=0, bottom=104} stableInsets=Insets{left=0, top=0, right=0, bottom=104} sysGestureInsets=Insets{left=0, top=0, right=0, bottom=104}}
01-16 11:23:06.339 22920 22920 I AndroidIME: KeyboardViewManager.updateKeyboardBodyViewHolderPaddingBottom():589 Set finalPaddingBottom = 0 while keyboardBottomGapFromScreen = 0; inputViewBottomGapFromScreen = 104 inputViewCoverNavigationHeight=0
01-16 11:23:06.339 22920 22920 I GoogleInputMethodService: GoogleInputMethodService$10.getInputViewCoverNavigationHeight():3247 Returns default 0 as the coverNavigationHeight while extendsTouchBelowSpace=false decorViewWindowInsets=WindowInsets{systemWindowInsets=Insets{left=0, top=0, right=0, bottom=104} stableInsets=Insets{left=0, top=0, right=0, bottom=104} sysGestureInsets=Insets{left=0, top=0, right=0, bottom=104}}
01-16 11:23:06.339  1235  1322 I Timeline: Timeline: App_transition_ready time:282196233
01-16 11:23:06.339 22920 22920 I chatty  : uid=10148(com.google.android.inputmethod.latin) identical 2 lines
01-16 11:23:06.339 22920 22920 I GoogleInputMethodService: GoogleInputMethodService$10.getInputViewCoverNavigationHeight():3247 Returns default 0 as the coverNavigationHeight while extendsTouchBelowSpace=false decorViewWindowInsets=WindowInsets{systemWindowInsets=Insets{left=0, top=0, right=0, bottom=104} stableInsets=Insets{left=0, top=0, right=0, bottom=104} sysGestureInsets=Insets{left=0, top=0, right=0, bottom=104}}
01-16 11:23:06.340 22920 22920 I InlineSuggestionCandidateViewController: InlineSuggestionCandidateViewController.setInlineSuggestionCandidateImpl():1207 set  to inlineSuggestionTextView
01-16 11:23:06.342 22920 22920 I AbstractOpenableExtension: AbstractOpenableExtension.maybeDestroyExistingKeyboardGroupManager():516 Destroy existing keyboard group manager in fyo
01-16 11:23:06.342 22920 22920 I AbstractOpenableExtension: AbstractOpenableExtension.createKeyboardGroupManagerListenableFuture():125 Create keyboard group manager listenable future in fyo
01-16 11:23:06.342  1701  1701 D Launcher.ViewTransparentChange: view(ShortcutMenuLayer) transparent changed, alpha=0.0
01-16 11:23:06.342  1701  1701 D Launcher.ViewTransparentChange: java.lang.Exception
01-16 11:23:06.342  1701  1701 D Launcher.ViewTransparentChange: 	at com.miui.home.launcher.MiuiHomeLog.logViewTransparentChange(MiuiHomeLog.java:138)
01-16 11:23:06.342  1701  1701 D Launcher.ViewTransparentChange: 	at com.miui.home.launcher.ShortcutMenuLayer.setAlpha(ShortcutMenuLayer.java:169)
01-16 11:23:06.342  1701  1701 D Launcher.ViewTransparentChange: 	at com.miui.home.launcher.Launcher$4.onDisplayChanged(Launcher.java:1504)
01-16 11:23:06.342  1701  1701 D Launcher.ViewTransparentChange: 	at android.hardware.display.DisplayManagerGlobal$DisplayListenerDelegate.handleMessage(DisplayManagerGlobal.java:699)
01-16 11:23:06.342  1701  1701 D Launcher.ViewTransparentChange: 	at android.os.Handler.dispatchMessage(Handler.java:107)
01-16 11:23:06.342  1701  1701 D Launcher.ViewTransparentChange: 	at android.os.Looper.loop(Looper.java:224)
01-16 11:23:06.342  1701  1701 D Launcher.ViewTransparentChange: 	at android.app.ActivityThread.main(ActivityThread.java:7551)
01-16 11:23:06.342  1701  1701 D Launcher.ViewTransparentChange: 	at java.lang.reflect.Method.invoke(Native Method)
01-16 11:23:06.342  1701  1701 D Launcher.ViewTransparentChange: 	at com.android.internal.os.RuntimeInit$MethodAndArgsCaller.run(RuntimeInit.java:539)
01-16 11:23:06.342  1701  1701 D Launcher.ViewTransparentChange: 	at com.android.internal.os.ZygoteInit.main(ZygoteInit.java:995)
01-16 11:23:06.343  1235  1321 I InputManager-JNI: Viewport [0] to add: local:0
01-16 11:23:06.345  1235  1428 I InputReader: Reconfiguring input devices.  changes=0x00000004
01-16 11:23:06.345 22920 22920 W KeyboardModeManager: KeyboardModeManager.setInputView():303 setInputView() : inputView = null
01-16 11:23:06.345 22920 22920 I NormalModeController: NormalModeController.getKeyboardBodyViewHolderPaddingBottom():112 currentPrimeKeyboardType:SOFT systemPaddingBottom:-1
01-16 11:23:06.345   389   389 I hwservicemanager: getTransport: Cannot find entry vendor.mediatek.hardware.nwk_opt@1.0::INwkOpt/default in either framework or device manifest.
01-16 11:23:06.345  1235  1428 I         : Couldn't load Nwk Opt HAL service
01-16 11:23:06.346  1235  1428 I InputReader: Device reconfigured: id=3, name='NVTCapacitiveTouchScreen', size 1080x2340, orientation 0, mode 1, display id 0
01-16 11:23:06.348  1701  1701 W Launcher: onDisplayChanged: show views
01-16 11:23:06.349   582   625 I BufferQueueProducer: [#0](this:0x727d104000,id:39,api:1,p:12657,c:582) queueBuffer: fps=0.01 dur=78249.45 max=78249.45 min=78249.45
01-16 11:23:06.350 22920  1601 I KeyboardGroupDefParser: KeyboardGroupDefParser.parseKeyboardGroupDef():89 parseKeyboardGroupDef() 2132148488 -> extension_emoji_search_extension_view_m2 : WaitTime = 4 ms : RunTime = 3 ms
01-16 11:23:06.350  1521  1521 D PhoneStatusBar/NavigationBarView: setDisabledFlags back:false home:false recent:false
01-16 11:23:06.350 22920 22920 I KeyboardModeManager: KeyboardModeManager.applyModeSpecificTheme():185 screenDiagonal is:6.118205
01-16 11:23:06.352 22920  1603 I DlamWrapper: DlamWrapper$1.onSuccess():154 close(): Successfully wrote DLAM properties file.
01-16 11:23:06.353  1521  1840 D MobileSignalController: updateDataType mSelectedDataTypeIcon[0]=2131232929, mSelectedDataActivityIndex=6
01-16 11:23:06.353  1521  1840 D TelephonyIcons: getSignalStrengthIcon: slot=0, inetCondition=1, level=4, roaming=false, signalstrength=SignalStrength:{mCdma=CellSignalStrengthCdma: cdmaDbm=2147483647 cdmaEcio=2147483647 evdoDbm=2147483647 evdoEcio=2147483647 evdoSnr=2147483647 miuiLevel=0 level=0,mGsm=CellSignalStrengthGsm: rssi=2147483647 ber=2147483647 mTa=2147483647 miuiLevel=0 mLevel=0,mWcdma=CellSignalStrengthWcdma: ss=2147483647 ber=2147483647 rscp=2147483647 ecno=2147483647 miuiLevel=0 level=0,mTdscdma=CellSignalStrengthTdscdma: rssi=2147483647 ber=2147483647 rscp=2147483647 miuiLevel=0 level=0,mLte=CellSignalStrengthLte: rssi=2147483647 rsrp=-102 rsrq=-16 rssnr=-25 cqi=0 ta=0 miuiLevel=4 level=1,mNr=CellSignalStrengthNr:{ csiRsrp = 2147483647 csiRsrq = 2147483647 csiSinr = 2147483647 ssRsrp = 2147483647 ssRsrq = 2147483647 ssSinr = 2147483647 miuiLevel = 0 level = 0 },primary=CellSignalStrengthLte}, phoneId=0, mMtkLevel=-1, mMtkRsrpOnly=true, mMtkLteRsrpThreshold=null, mMtkLteRssnrThreshold=null
01-16 11:23:06.354 22920 22920 I GoogleInputMethodService: GoogleInputMethodService.initializeKeyboardTheme():1338 Apply keyboard theme: theme_stylesheet_materialdark_assets:theme_package_metadata_material_dark.binarypb_port_separate
01-16 11:23:06.354  1521  1840 D TelephonyIcons: null signal icon name: drawable/stat_sys_signal_null
01-16 11:23:06.355  1521  1840 D TelephonyIcons: getDataTypeIcon sub=0
01-16 11:23:06.355 22920 22920 I Environment: Environment.getDeviceMode():739 Get device mode by ui mode:1 and smallestScreenWidthDp:490
01-16 11:23:06.355 22920 22920 I Environment: Environment.getDeviceMode():739 Get device mode by ui mode:1 and smallestScreenWidthDp:490
01-16 11:23:06.355 22920 22962 I Environment: Environment.getDeviceMode():739 Get device mode by ui mode:1 and smallestScreenWidthDp:490
01-16 11:23:06.355 22920 22920 I Environment: Environment.getDeviceMode():739 Get device mode by ui mode:1 and smallestScreenWidthDp:490
01-16 11:23:06.355 22920 22920 I Environment: Environment.getDeviceMode():739 Get device mode by ui mode:1 and smallestScreenWidthDp:490
01-16 11:23:06.355 22920 22962 I Environment: Environment.getDeviceMode():739 Get device mode by ui mode:1 and smallestScreenWidthDp:490
01-16 11:23:06.355 22920 22920 I Environment: Environment.getDeviceMode():739 Get device mode by ui mode:1 and smallestScreenWidthDp:490
01-16 11:23:06.355 22920 22920 I Environment: Environment.getDeviceMode():739 Get device mode by ui mode:1 and smallestScreenWidthDp:490
01-16 11:23:06.355 22920 22964 I Environment: Environment.getDeviceMode():739 Get device mode by ui mode:1 and smallestScreenWidthDp:490
01-16 11:23:06.355 22920 22964 I Environment: Environment.getDeviceMode():739 Get device mode by ui mode:1 and smallestScreenWidthDp:490
01-16 11:23:06.355  1521  1840 D SlaveWifiSignalController: notifyListeners: false
01-16 11:23:06.356  1521  1840 D QSTile.BluetoothTile: handleUpdateState: mTargetEnable = falsemController.getBluetoothState() = 10
01-16 11:23:06.357  1235  1322 I Timeline: Timeline: App_transition_ready time:282196251
01-16 11:23:06.360 22920 22920 I KeyboardViewUtil: KeyboardViewUtil.getKeyboardHeightRatio():175 systemKeyboardHeightRatio:1.000000; userKeyboardHeightRatio:1.000000.
01-16 11:23:06.360  1521  1521 D QSControlCenterTileLayout: setExpanded:false
01-16 11:23:06.361 22920 22920 I GoogleInputMethodService: GoogleInputMethodService.onStartInput():1906 
01-16 11:23:06.361 22920 22920 W SessionManager: SessionManager.beginSession():53 Try to begin an already begun session [INPUT_SESSION], end it first
01-16 11:23:06.366  1235  2879 I Timeline: Timeline: App_transition_ready time:282196259
01-16 11:23:06.369  1521  1840 D MobileSignalController: updateDataType mSelectedDataTypeIcon[0]=2131232929, mSelectedDataActivityIndex=6
01-16 11:23:06.370  1521  1840 D TelephonyIcons: getSignalStrengthIcon: slot=0, inetCondition=1, level=4, roaming=false, signalstrength=SignalStrength:{mCdma=CellSignalStrengthCdma: cdmaDbm=2147483647 cdmaEcio=2147483647 evdoDbm=2147483647 evdoEcio=2147483647 evdoSnr=2147483647 miuiLevel=0 level=0,mGsm=CellSignalStrengthGsm: rssi=2147483647 ber=2147483647 mTa=2147483647 miuiLevel=0 mLevel=0,mWcdma=CellSignalStrengthWcdma: ss=2147483647 ber=2147483647 rscp=2147483647 ecno=2147483647 miuiLevel=0 level=0,mTdscdma=CellSignalStrengthTdscdma: rssi=2147483647 ber=2147483647 rscp=2147483647 miuiLevel=0 level=0,mLte=CellSignalStrengthLte: rssi=2147483647 rsrp=-102 rsrq=-16 rssnr=-25 cqi=0 ta=0 miuiLevel=4 level=1,mNr=CellSignalStrengthNr:{ csiRsrp = 2147483647 csiRsrq = 2147483647 csiSinr = 2147483647 ssRsrp = 2147483647 ssRsrq = 2147483647 ssSinr = 2147483647 miuiLevel = 0 level = 0 },primary=CellSignalStrengthLte}, phoneId=0, mMtkLevel=-1, mMtkRsrpOnly=true, mMtkLteRsrpThreshold=null, mMtkLteRssnrThreshold=null
01-16 11:23:06.371  1235  2847 I Timeline: Timeline: App_transition_ready time:282196264
01-16 11:23:06.371  1701  1701 D Launcher.ShortcutMenu: calculateScale, heightScale=1.0, widthScale=1.0
01-16 11:23:06.372  1521  1840 D TelephonyIcons: null signal icon name: drawable/stat_sys_signal_null
01-16 11:23:06.373  1521  1840 D TelephonyIcons: getDataTypeIcon sub=0
01-16 11:23:06.373  1521  1840 D SlaveWifiSignalController: notifyListeners: false
01-16 11:23:06.373  1521  1521 I vol.MiuiVolumeDialogImp: onConfigChanged not sensitive.
01-16 11:23:06.375  1235  1315 D SensorService: Calling batch handle==12 flags=0rate=20000000 timeout== 0
01-16 11:23:06.375  1235  1315 D SensorService: SensorDevice::batch: ident=0x71b4330580, handle=0x0000000c, flags=0, period_ns=20000000 timeout=0
01-16 11:23:06.375  1235  1315 D SensorService: 	>>> curr_period=9223372036854775807 min_period=20000000 curr_timeout=0 min_timeout=0
01-16 11:23:06.375  1235  1315 D SensorService: 	>>> actuating h/w BATCH 0x0000000c 20000000 0
01-16 11:23:06.375   794  1023 I ScpFusion: batch: handle:14, flag:0,samplingPeriodNs:20000000 maxBatchReportLatencyNs:0
01-16 11:23:06.376  1235  1315 D SensorService: Calling activate on 12
01-16 11:23:06.376  1235  1315 D SensorService: SensorDevice::activate: ident=0x71b4330580, handle=0x0000000c, enabled=1, count=1
01-16 11:23:06.376  1235  1315 D SensorService: enable index=0
01-16 11:23:06.376  1235  1315 D SensorService: 	>>> actuating h/w activate handle=12 enabled=1
01-16 11:23:06.376   794  1023 I ScpFusion: enable, handle:14, en:1
01-16 11:23:06.379 22920 22920 I AbstractOpenableExtension: AbstractOpenableExtension$3.onSuccess():529 KeyboardGroupManager destroyed in fyo.
01-16 11:23:06.379 22920 22920 I Environment: Environment.getDeviceMode():739 Get device mode by ui mode:1 and smallestScreenWidthDp:490
01-16 11:23:06.379 22920 22920 I Environment: Environment.getDeviceMode():739 Get device mode by ui mode:1 and smallestScreenWidthDp:490
01-16 11:23:06.379  1521  1521 D PhoneStatusBar/NavigationBarView: setDisabledFlags back:false home:false recent:false
01-16 11:23:06.381  1235  1452 I MiuiNetworkPolicy: updateUidState uid = 10005, uidState = 4
01-16 11:23:06.385  1235  1690 D SensorService: Calling batch handle==8 flags=0rate=20000000 timeout== 0
01-16 11:23:06.385  1235  1690 D SensorService: SensorDevice::batch: ident=0x70a98c1000, handle=0x00000008, flags=0, period_ns=20000000 timeout=0
01-16 11:23:06.385  1235  1690 D SensorService: 	>>> curr_period=9223372036854775807 min_period=20000000 curr_timeout=0 min_timeout=0
01-16 11:23:06.385  1235  1690 D SensorService: 	>>> actuating h/w BATCH 0x00000008 20000000 0
01-16 11:23:06.385   794  1023 I ScpFusion: batch: handle:8, flag:0,samplingPeriodNs:20000000 maxBatchReportLatencyNs:0
01-16 11:23:06.386  1521  1993 D NetworkController.MobileSignalController(1): 4G level = 4
01-16 11:23:06.386  1235  1690 D SensorService: Calling activate on 8
01-16 11:23:06.386  1235  1690 D SensorService: SensorDevice::activate: ident=0x70a98c1000, handle=0x00000008, enabled=1, count=1
01-16 11:23:06.386  1235  1690 D SensorService: enable index=0
01-16 11:23:06.386  1235  1690 D SensorService: 	>>> actuating h/w activate handle=8 enabled=1
01-16 11:23:06.386   794  1023 I ScpFusion: enable, handle:8, en:1
01-16 11:23:06.395 28724 28724 V PhoneWindow: DecorView setVisiblity: visibility = 0, Parent = android.view.ViewRootImpl@f9b459e, this = DecorView@a86f87f[MainActivity]
01-16 11:23:06.396  1701  1701 D RecentsImpl: mActivityStateObserver com.vkontakte.android.MainActivity
01-16 11:23:06.402  1235  1690 D SensorService: Calling batch handle==9 flags=0rate=20000000 timeout== 0
01-16 11:23:06.402  1235  1690 D SensorService: SensorDevice::batch: ident=0x70a98c1000, handle=0x00000009, flags=0, period_ns=20000000 timeout=0
01-16 11:23:06.402  1235  1690 D SensorService: 	>>> curr_period=9223372036854775807 min_period=20000000 curr_timeout=0 min_timeout=0
01-16 11:23:06.402  1235  1690 D SensorService: 	>>> actuating h/w BATCH 0x00000009 20000000 0
01-16 11:23:06.402  1235  2880 I WindowManager: Relayout Window{83adad3 u0 com.vkontakte.android/com.vkontakte.android.MainActivity}: oldVis=4 newVis=0 focusMayChange = true
01-16 11:23:06.403   794  1023 I ScpFusion: batch: handle:9, flag:0,samplingPeriodNs:20000000 maxBatchReportLatencyNs:0
01-16 11:23:06.403   582  2228 I BufferQueue: [unnamed-582-15973](this:0x727c6dc000,id:15973,api:0,p:-1,c:-1) BufferQueue core=(582:/system/bin/surfaceflinger)
01-16 11:23:06.403   582  2228 I BufferQueueConsumer: [unnamed-582-15973](this:0x727c6dc000,id:15973,api:0,p:-1,c:582) connect(C): consumer=(582:/system/bin/surfaceflinger) controlledByApp=false
01-16 11:23:06.403   582  2228 I BufferQueueConsumer: [unnamed-582-15970](this:0x727c6dc000,id:15973,api:0,p:-1,c:582) setConsumerName: unnamed-582-15970
01-16 11:23:06.403   582  2228 I BufferQueueConsumer: [com.vkontakte.android/com.vkontakte.android.MainActivity#0](this:0x727c6dc000,id:15973,api:0,p:-1,c:582) setConsumerName: com.vkontakte.android/com.vkontakte.android.MainActivity#0
01-16 11:23:06.403   582  2228 I BufferQueueConsumer: [com.vkontakte.android/com.vkontakte.android.MainActivity#0](this:0x727c6dc000,id:15973,api:0,p:-1,c:582) setDefaultBufferSize: width=1080 height=2340
01-16 11:23:06.405  1235  1690 D SensorService: Calling activate on 9
01-16 11:23:06.405  1235  1690 D SensorService: SensorDevice::activate: ident=0x70a98c1000, handle=0x00000009, enabled=1, count=1
01-16 11:23:06.405  1235  1690 D SensorService: enable index=0
01-16 11:23:06.405  1235  1690 D SensorService: 	>>> actuating h/w activate handle=9 enabled=1
01-16 11:23:06.405   794  1023 I ScpFusion: enable, handle:9, en:1
01-16 11:23:06.406  1235  2880 I Timeline: Timeline: App_transition_ready time:282196299
01-16 11:23:06.408 28724 28724 E GraphicExt: GraphicExtModuleLoader::CreateGraphicExtInstance false
01-16 11:23:06.409  1235  2879 I Timeline: Timeline: App_transition_ready time:282196303
01-16 11:23:06.409  1235  4316 D SensorService: Calling batch handle==7 flags=0rate=200000000 timeout== 0
01-16 11:23:06.409  1235  4316 D SensorService: SensorDevice::batch: ident=0x70a98c1000, handle=0x00000007, flags=0, period_ns=200000000 timeout=0
01-16 11:23:06.409  1235  4316 D SensorService: 	>>> curr_period=200000000 min_period=200000000 curr_timeout=0 min_timeout=0
01-16 11:23:06.409  1235  4316 D SensorService: Calling activate on 7
01-16 11:23:06.409  1235  4316 D SensorService: SensorDevice::activate: ident=0x70a98c1000, handle=0x00000007, enabled=1, count=2
01-16 11:23:06.409  1235  4316 D SensorService: enable index=1
01-16 11:23:06.409  1235  4316 D SensorService: 0x70a98c1000 addFd fd=603
01-16 11:23:06.414  1235  4316 I Timeline: Timeline: App_transition_ready time:282196307
01-16 11:23:06.426  1521  1840 D QSTile.BluetoothTile: handleUpdateState: mTargetEnable = falsemController.getBluetoothState() = 10
01-16 11:23:06.427  1521  1521 D SignalClusterView: updateMobileTypeImage  0
01-16 11:23:06.430  1235  1454 E WifiVendorHal: getWifiLinkLayerStats_1_3_Internal(l.927) failed {.code = ERROR_NOT_SUPPORTED, .description = }
01-16 11:23:06.431  1521  1521 D SignalClusterView: updateMobileTypeImage  0
01-16 11:23:06.433 28724 29021 D Surface : Surface::connect(this=0x706c56d000,api=1)
01-16 11:23:06.434   582  2228 I BufferQueueProducer: [com.vkontakte.android/com.vkontakte.android.MainActivity#0](this:0x727c6dc000,id:15973,api:1,p:28724,c:582) connect(P): api=1 producer=(28724:com.vkontakte.android) producerControlledByApp=false
01-16 11:23:06.435 28724 29021 D mali_winsys: EGLint new_window_surface(egl_winsys_display *, void *, EGLSurface, EGLConfig, egl_winsys_surface **, EGLBoolean) returns 0x3000
01-16 11:23:06.435 28724 29021 D Surface : Surface::setBufferCount(this=0x706c56d000,bufferCount=3)
01-16 11:23:06.436   582   582 I SurfaceFlinger: screenshot (ScreenshotSurface#0)
01-16 11:23:06.436   582   582 I SurfaceFlinger: isIncludeStatusBarAndNavBar (1)
01-16 11:23:06.436 28724 29021 D Surface : Surface::allocateBuffers(this=0x706c56d000)
01-16 11:23:06.442   751   751 D DrmManagerService(Native): Entering DrmManagerService::openDecryptSession 1
01-16 11:23:06.442   751   751 D DrmManagerService(Native): isProtectedCallAllowed result[1]
01-16 11:23:06.442   751   751 D DrmManagerService(Native): isProtectedCallAllowed2 result[1]
01-16 11:23:06.443   751   751 D         : readBytes[8] FileHeader[]
01-16 11:23:06.448   751   751 D DrmManagerService(Native): Entering DrmManagerService::openDecryptSession 1
01-16 11:23:06.448   751   751 D DrmManagerService(Native): isProtectedCallAllowed result[1]
01-16 11:23:06.448   751   751 D DrmManagerService(Native): isProtectedCallAllowed2 result[1]
01-16 11:23:06.448   751   751 D         : readBytes[8] FileHeader[]
01-16 11:23:06.457 28724 28724 W View    : requestLayout() improperly called by com.vkontakte.android.ui.WriteBar{e955d1d V.E...... ......ID 0,0-1080,308 #7f0a1598 app:id/write_bar aid=1073745411} during layout: running second layout pass
01-16 11:23:06.467  1521  1533 I ndroid.systemu: Background young concurrent copying GC freed 235260(10MB) AllocSpace objects, 9(176KB) LOS objects, 35% free, 18MB/28MB, paused 106us total 150.678ms
01-16 11:23:06.473  1235  2879 I Timeline: Timeline: App_transition_ready time:282196367
01-16 11:23:06.477  1235  1322 I Timeline: Timeline: Activity_windows_visible id: ActivityRecord{4dfefba u0 com.vkontakte.android/.MainActivity t562} time:282196371
01-16 11:23:06.478 31940 32204 W CursorWindow: Window is full: requested allocation 144 bytes, free space 72 bytes, window size 2097152 bytes
01-16 11:23:06.478  1521  1521 D PhoneStatusBar/NavigationBarView: scaleType CENTER
01-16 11:23:06.478  1235  1322 I Timeline: Timeline: App_transition_ready time:282196371
01-16 11:23:06.478  1235  1322 I Timeline: Timeline: App_transition_stopped time:282196372
01-16 11:23:06.480  1521  1983 D Surface : Surface::disconnect(this=0x71b44e0000,api=1)
01-16 11:23:06.481   582  2228 I BufferQueueProducer: [NavigationBar#0](this:0x72689a1000,id:15955,api:1,p:1521,c:582) disconnect(P): api 1
01-16 11:23:06.483  1521  1983 D Surface : Surface::connect(this=0x71b44e0000,api=1)
01-16 11:23:06.483  1521  1521 D PhoneStatusBar/NavigationBarView: setDisabledFlags back:false home:false recent:false
01-16 11:23:06.483   766 14082 E APEExtractor: getAPEInfo not ape 20482
01-16 11:23:06.484   582   625 I BufferQueueProducer: [NavigationBar#0](this:0x72689a1000,id:15955,api:1,p:1521,c:582) connect(P): api=1 producer=(1521:com.android.systemui) producerControlledByApp=false
01-16 11:23:06.484  1521  1983 D mali_winsys: EGLint new_window_surface(egl_winsys_display *, void *, EGLSurface, EGLConfig, egl_winsys_surface **, EGLBoolean) returns 0x3000
01-16 11:23:06.485  1521  1983 D Surface : Surface::setBufferCount(this=0x71b44e0000,bufferCount=3)
01-16 11:23:06.486  1521  1521 D PhoneStatusBar/NavigationBarView: onDraw
01-16 11:23:06.486  1235  2880 I WindowManager: Screen frozen for +359ms due to Window{83adad3 u0 com.vkontakte.android/com.vkontakte.android.MainActivity}
01-16 11:23:06.492 28724 29021 D Surface : Surface::disconnect(this=0x706c56d000,api=1)
01-16 11:23:06.492   582  2228 I BufferQueueProducer: [com.vkontakte.android/com.vkontakte.android.MainActivity#0](this:0x727c6dc000,id:15973,api:1,p:28724,c:582) disconnect(P): api 1
01-16 11:23:06.493 28724 29021 D Surface : Surface::connect(this=0x706c56d000,api=1)
01-16 11:23:06.494   582  2228 I BufferQueueProducer: [com.vkontakte.android/com.vkontakte.android.MainActivity#0](this:0x727c6dc000,id:15973,api:1,p:28724,c:582) connect(P): api=1 producer=(28724:com.vkontakte.android) producerControlledByApp=false
01-16 11:23:06.494  1521  1521 D QSControlCenterTileLayout: onMeasure height:332  showLines:2
01-16 11:23:06.494  1521  1521 D QSControlCenterTileLayout: onMeasure height:332  showLines:2
01-16 11:23:06.494 28724 29021 D mali_winsys: EGLint new_window_surface(egl_winsys_display *, void *, EGLSurface, EGLConfig, egl_winsys_surface **, EGLBoolean) returns 0x3000
01-16 11:23:06.495 28724 29021 D Surface : Surface::setBufferCount(this=0x706c56d000,bufferCount=3)
01-16 11:23:06.500  1521  1521 D QSControlCenterTileLayout: onMeasure height:332  showLines:2
01-16 11:23:06.501  1521  1521 D QSControlCenterTileLayout: onMeasure height:332  showLines:2
01-16 11:23:06.501   766 14082 I SampleTable: There are reordered frames present.
01-16 11:23:06.503  1521  1521 D SignalClusterView: updateMobileTypeImage  0
01-16 11:23:06.505  1521  1521 D StatusBar: disable<e i a s b h r c s > disable2<q i n g r >
01-16 11:23:06.505  1521  1521 D StatusBarClock:  isNormalMode= true clock visible=true
01-16 11:23:06.505   769  1833 D StagefrightMetadataRetriever: setDataSource fd=13 (/storage/emulated/0/Download/IMG_7475.MOV), offset=0, length=2807628
01-16 11:23:06.511  1521  1521 V KeyguardUpdateMonitor: *** unregister callback for com.android.keyguard.CarrierText$1@45c7d84
01-16 11:23:06.516  1521  1521 V KeyguardUpdateMonitor: *** unregister callback for com.android.keyguard.CarrierText$1@6d4f9a2
01-16 11:23:06.517   751   751 D DrmManagerService(Native): Entering DrmManagerService::openDecryptSession 1
01-16 11:23:06.517   751   751 D DrmManagerService(Native): isProtectedCallAllowed result[0]
01-16 11:23:06.517   751   751 D DrmMtkUtil: getProcessName() : path : [/proc/28724/cmdline]
01-16 11:23:06.517   751   751 D DrmManagerService(Native): isProtectedCallAllowed2 result[1]
01-16 11:23:06.517   751   751 D         : readBytes[8] FileHeader[]
01-16 11:23:06.519  1235  4316 I DropBoxManagerService: add tag=platform_stats_bookmark isTagEnabled=true flags=0x2
01-16 11:23:06.519   751   751 D DrmManagerService(Native): Entering DrmManagerService::openDecryptSession 1
01-16 11:23:06.519   751   751 D DrmManagerService(Native): isProtectedCallAllowed result[0]
01-16 11:23:06.519   751   751 D DrmMtkUtil: getProcessName() : path : [/proc/28724/cmdline]
01-16 11:23:06.520   751   751 D DrmManagerService(Native): isProtectedCallAllowed2 result[1]
01-16 11:23:06.520   751   751 D         : readBytes[8] FileHeader[]
01-16 11:23:06.524 28724 29021 D Surface : Surface::disconnect(this=0x706c56d000,api=1)
01-16 11:23:06.524   582   625 I BufferQueueProducer: [com.vkontakte.android/com.vkontakte.android.MainActivity#0](this:0x727c6dc000,id:15973,api:1,p:28724,c:582) disconnect(P): api 1
01-16 11:23:06.524 28724 29021 D Surface : Surface::connect(this=0x706c56d000,api=1)
01-16 11:23:06.525   582   625 I BufferQueueProducer: [com.vkontakte.android/com.vkontakte.android.MainActivity#0](this:0x727c6dc000,id:15973,api:1,p:28724,c:582) connect(P): api=1 producer=(28724:com.vkontakte.android) producerControlledByApp=false
01-16 11:23:06.525 25501 27546 W NetworkScheduler: Error inserting flex_time=662000 job_id=-1 period=1325000 source=16 requires_charging=0 preferred_network_type=1 target_class=com.google.android.gms.measurement.PackageMeasurementTaskService user_id=0 target_package=com.google.android.gms tag=Measurement.PackageMeasurementTaskService.UPLOAD_TASK_TAG task_type=0 required_idleness_state=0 service_kind=0 source_version=204714000 persistence_level=1 preferred_charging_state=1 required_network_type=0 runtime=1610785386522 retry_strategy={"maximum_backoff_seconds":{"3600":0},"initial_backoff_seconds":{"30":0},"retry_policy":{"0":0}} last_runtime=0, error message: UNIQUE constraint failed: pending_ops.tag, pending_ops.target_class, pending_ops.target_package, pending_ops.user_id (code 2067 SQLITE_CONSTRAINT_UNIQUE) [CONTEXT service_id=218 ]
01-16 11:23:06.525 28724 29021 D mali_winsys: EGLint new_window_surface(egl_winsys_display *, void *, EGLSurface, EGLConfig, egl_winsys_surface **, EGLBoolean) returns 0x3000
01-16 11:23:06.525 28724 29021 D Surface : Surface::setBufferCount(this=0x706c56d000,bufferCount=3)
01-16 11:23:06.525  1521  1521 V KeyguardUpdateMonitor: *** unregister callback for com.android.systemui.BatteryMeterView$1@cf3f5ac
01-16 11:23:06.525  1235  4375 W BroadcastQueue: Background execution not allowed: receiving Intent { act=android.intent.action.DROPBOX_ENTRY_ADDED flg=0x10 (has extras) } to com.google.android.gms/.stats.service.DropBoxEntryAddedReceiver
01-16 11:23:06.528  1235  1327 W BroadcastQueue: Background execution not allowed: receiving Intent { act=android.intent.action.DROPBOX_ENTRY_ADDED flg=0x10 (has extras) } to com.google.android.gms/.chimera.GmsIntentOperationService$PersistentTrustedReceiver
01-16 11:23:06.534   766  1002 E APEExtractor: getAPEInfo not ape 20482
01-16 11:23:06.539  1521  1521 D EventBus: [1521, u0] send(AppTransitionFinishedEvent)
01-16 11:23:06.539  1521  1521 D EventBus: [1521, u0]  -> ForcedResizableInfoActivityController [0xe5d95f1, P1] onBusEvent(AppTransitionFinishedEvent)
01-16 11:23:06.539  1521  1521 D EventBus: [1521, u0] onBusEvent(AppTransitionFinishedEvent) duration: 31 microseconds, avg: 44
01-16 11:23:06.539  1521  1521 D EventBus: [1521, u0] send(AppTransitionFinishedEvent)
01-16 11:23:06.539  1521  1521 D EventBus: [1521, u0]  -> ForcedResizableInfoActivityController [0xe5d95f1, P1] onBusEvent(AppTransitionFinishedEvent)
01-16 11:23:06.539  1521  1521 D EventBus: [1521, u0] onBusEvent(AppTransitionFinishedEvent) duration: 18 microseconds, avg: 44
01-16 11:23:06.540  1521  1521 D EventBus: [1521, u0] send(AppTransitionFinishedEvent)
01-16 11:23:06.540  1521  1521 D EventBus: [1521, u0]  -> ForcedResizableInfoActivityController [0xe5d95f1, P1] onBusEvent(AppTransitionFinishedEvent)
01-16 11:23:06.540  1521  1521 D EventBus: [1521, u0] onBusEvent(AppTransitionFinishedEvent) duration: 17 microseconds, avg: 44
01-16 11:23:06.540  1521  1521 D EventBus: [1521, u0] send(AppTransitionFinishedEvent)
01-16 11:23:06.540  1521  1521 D EventBus: [1521, u0]  -> ForcedResizableInfoActivityController [0xe5d95f1, P1] onBusEvent(AppTransitionFinishedEvent)
01-16 11:23:06.540  1521  1521 D EventBus: [1521, u0] onBusEvent(AppTransitionFinishedEvent) duration: 12 microseconds, avg: 44
01-16 11:23:06.540   516   682 I hwcomposer: [OVL] (0) Overlay input(0) was used with queue previously  
01-16 11:23:06.540   516   682 I hwcomposer: [DBQ] (q2:0x7a60640a00) Buffer queue is destroyed  
01-16 11:23:06.540   516   682 I hwcomposer: [DBQ] (q2:0x7a60640a00) Free Slot(0), handle=0x7a60655a00, 10108800 -> 0  
01-16 11:23:06.542   582   582 I SurfaceFlinger: screenshot (ScreenshotSurface#0)
01-16 11:23:06.542   582   582 I SurfaceFlinger: isIncludeStatusBarAndNavBar (1)
01-16 11:23:06.542   582   582 I SurfaceFlinger: screenshot (BlackSurface#0)
01-16 11:23:06.542   582   582 I SurfaceFlinger: isIncludeStatusBarAndNavBar (1)
01-16 11:23:06.542   582   582 I SurfaceFlinger: screenshot (BlackSurface#1)
01-16 11:23:06.542   582   582 I SurfaceFlinger: isIncludeStatusBarAndNavBar (1)
01-16 11:23:06.544  1235  4375 D PowerHalWrapper: amsBoostStop AMS_BOOST_PACK_SWITCH:true, AMS_BOOST_ACT_SWITCH:true, AMS_BOOST_PROCESS_CREATE:true 
01-16 11:23:06.545  1521  1521 D StatusBarTypeControllerImpl:  statusbar cutout type from NONE to DRIP
01-16 11:23:06.546  1521  1521 D StatusBar: switchStatusBarFragment cutouttype: DRIP targetFragment: CollapsedStatusBarFragment{11220dd #0 id=0x7f0a0434 CollapsedStatusBarFragmentDRIP}
01-16 11:23:06.550  1521  1521 D StatusBar: updateFragmentsVisibility cutouttype: DRIP
01-16 11:23:06.554   766  1002 I SampleTable: There are reordered frames present.
01-16 11:23:06.557  1521  1521 D SignalClusterView: updateMobileTypeImage  0
01-16 11:23:06.558  1521  1521 I chatty  : uid=1000(system) com.android.systemui identical 8 lines
01-16 11:23:06.559  1521  1521 D SignalClusterView: updateMobileTypeImage  0
01-16 11:23:06.560  1521  1521 D BluetoothController: fireStateChange
01-16 11:23:06.560  1521  1521 D PhoneStatusBarPolicy: updateBluetooth bluetoothEnabled = false bluetoothBattery visible=false
01-16 11:23:06.560  1521  1521 D QSTile.BluetoothTile: onBluetoothStateChange: enabled = false
01-16 11:23:06.563  1521  1521 D SignalClusterView: updateMobileTypeImage  0
01-16 11:23:06.564  1521  1521 I chatty  : uid=1000(system) com.android.systemui identical 8 lines
01-16 11:23:06.564  1521  1521 D SignalClusterView: updateMobileTypeImage  0
01-16 11:23:06.565   751   751 D DrmManagerService(Native): Entering DrmManagerService::openDecryptSession 1
01-16 11:23:06.565   751   751 D DrmManagerService(Native): isProtectedCallAllowed result[1]
01-16 11:23:06.565   751   751 D DrmManagerService(Native): isProtectedCallAllowed2 result[1]
01-16 11:23:06.565   751   751 D         : readBytes[8] FileHeader[]
01-16 11:23:06.568   751   751 D DrmManagerService(Native): Entering DrmManagerService::openDecryptSession 1
01-16 11:23:06.568   751   751 D DrmManagerService(Native): isProtectedCallAllowed result[1]
