--------- beginning of main
01-16 11:23:05.172   582   582 I SurfaceFlinger: screenshot (com.vkontakte.android/com.vkontakte.android.MainActivity#0)
01-16 11:23:05.172   582   582 I SurfaceFlinger: isIncludeStatusBarAndNavBar (1)
01-16 11:23:05.189 18318  1529 I ADB_SERVICES: post waitpid (pid=1528) status=0000
01-16 11:23:05.189 18318 18318 I ADB_SERVICES: for fd 24, revents = 2011
01-16 11:23:05.190 18318 18318 I ADB_SERVICES: for fd 24, revents = 2011
01-16 11:23:05.226 18318 18318 I ADB_SERVICES: service_to_fd shell,v2,raw:am start -n com.YourCompany.Proj/com.epicgames.ue4.SplashActivity
--------- beginning of system
01-16 11:23:05.260  1235  3850 I ActivityTaskManager: START u0 {flg=0x10000000 cmp=com.YourCompany.Proj/com.epicgames.ue4.SplashActivity} from uid 2000
01-16 11:23:05.260  1235  3850 D MiuiMultiWindowAdapter: MiuiMultiWindowAdapter::getFreeformBlackList::sSmallWindowBlackList = [com.miui.securitycenter, com.miui.weather2, com.miui.miservice, com.android.calendar, com.xiaomi.calendar, com.android.contacts, com.miui.mishare.connectivity, com.android.settings, com.android.printspooler, com.miui.backup, com.miui.huanji, com.miui.calculator, com.android.deskclock, com.android.thememanager, com.mfashiongallery.emag, com.miui.virtualsim, com.miui.smarttravel, com.mi.health, com.android.camera, com.lbe.security.miui, com.miui.cleanmaster, com.miui.newhome, com.miui.voiceassist, com.android.phone, com.miui.yellowpage, com.android.updater, com.miui.tsmclient, com.miui.securitycore, com.xiaomi.account, com.xiaomi.shop, com.xiaomi.smarthome, com.mipay.wallet, com.xiaomi.youpin, com.xiaomi.hm.health, com.miui.bugreport, com.xiaomi.mibrain.speech, com.xiaomi.mimoji, com.xiaomi.scanner, com.duokan.phone.remotecontroller, com.miui.hybrid, com.android.incallui, com.miui.video, com.miui.videoplayer, com.miui.player, com.miui.fm, com.miui.packageinstaller, com.mi.android.globallauncher, com.mi.android.globallauncher-poco, com.google.android.dialer, com.google.android.apps.magazines, com.miui.compass, com.miui.greenguard, com.kiteguard, com.google.android.apps.prodcasts, com.google.ar.lens, com.xiangkan.android, com.android.bankabc, com.sohu.inputmethod.sogou, com.tencent.mtt, com.shyz.toutiao, com.netease.mc.mi, com.outfit7.talkingtomgoldrun.mi, com.doudz.mi, com.wepie.snake.new.mi, cn.jj, com.standddz002.mi, com.miHoYo.bh3.mi, com.qqgame.hlddz, com.happyelements.AndroidAnimal, com.minitech.miniworld.TMobile.mi, com.mfp.jelly.xiaomi, com.lilithgames.afk.mi, com.tencent.peng, com.teenpatti.hd.gold, blockpuzzle.jewelgames.jewelslegend, com.playgendary.tanks, com.chillingo.robberybobfree.android.row, com.episodeinteractive.android.catalog, com.playrix.township, com.ansangha.drdriving, com.google.android.youtube, com.gbits.atm.mi, com.tencent.tetris, com.sukhavati.gotoplaying.bubble.BubbleShooter.mint, com.youzu.bs.mi]
01-16 11:23:05.275   538   598 I power@1.3-impl: powerHintInternal hint:8, data:1
01-16 11:23:05.277   538   597 I libPowerHal: 8: cpu_ctrl set freq: 2000000 -1 2050000 -1
01-16 11:23:05.279  1235  3850 E BoostFramework: BoostFramework() : Exception_1 = java.lang.ClassNotFoundException: com.qualcomm.qti.Performance
01-16 11:23:05.279  1235  3850 E BoostFramework: BoostFramework() Ux Perf: Exception = java.lang.ClassNotFoundException: com.qualcomm.qti.UxPerformance
01-16 11:23:05.280  1235  3850 D PowerHalWrapper: <amsBoostResume> last:com.vkontakte.android, next:com.YourCompany.Proj 
01-16 11:23:05.283 18318  1531 I ADB_SERVICES: post waitpid (pid=1530) status=0000
01-16 11:23:05.283 18318 18318 I ADB_SERVICES: for fd 24, revents = 2011
01-16 11:23:05.284 18318 18318 I ADB_SERVICES: for fd 24, revents = 2011
01-16 11:23:05.285  1235  3850 D SensorService: SensorDevice::activate: ident=0x71b432ff80, handle=0x0000000c, enabled=0, count=1
01-16 11:23:05.285  1235  3850 D SensorService: disable index=0
01-16 11:23:05.285  1235  3850 D SensorService: 	>>> actuating h/w activate handle=12 enabled=0
01-16 11:23:05.285   794  1023 I ScpFusion: enable, handle:14, en:0
01-16 11:23:05.285  1235  1322 E system_server: Invalid ID 0x00000000.
01-16 11:23:05.286  1235  3850 D SensorService: 7 active sensors
01-16 11:23:05.286  1235  3850 D SensorService: removing connection 0x71b432ff80 for sensor[0].handle=0x00000006
01-16 11:23:05.286  1235  3850 D SensorService: removing connection 0x71b432ff80 for sensor[1].handle=0x00000007
01-16 11:23:05.286  1235  3850 D SensorService: removing connection 0x71b432ff80 for sensor[2].handle=0x0000000e
01-16 11:23:05.286  1235  3850 D SensorService: removing connection 0x71b432ff80 for sensor[3].handle=0x00000010
01-16 11:23:05.286  1235  3850 D SensorService: removing connection 0x71b432ff80 for sensor[4].handle=0x00000011
01-16 11:23:05.286  1235  3850 D SensorService: removing connection 0x71b432ff80 for sensor[5].handle=0x0000001c
01-16 11:23:05.286  1235  3850 D SensorService: removing connection 0x71b432ff80 for sensor[6].handle=0x0000001d
01-16 11:23:05.286   582   582 I SurfaceFlinger: screenshot (com.vkontakte.android/com.vkontakte.android.MainActivity#0)
01-16 11:23:05.286   582   582 I SurfaceFlinger: isIncludeStatusBarAndNavBar (1)
01-16 11:23:05.287  1235  1322 D ViewRootImpl[Proj]: hardware acceleration = false , fakeHwAccelerated = true, sRendererDisabled = false, forceHwAccelerated = false, sSystemRendererDisabled = false
01-16 11:23:05.288  1235  3851 D SensorService: ~SensorEventConnection(0x71b432ff80)
01-16 11:23:05.289  1235  2879 I MediaFocusControl: abandonAudioFocus() from uid/pid 10173/28724 clientId=android.media.AudioManager@a799b46h.w.b.i1.i.q@9583307
01-16 11:23:05.295  1235  2879 D WindowOrientationListener: WindowOrientationListener enabled clearCurrentRotation=true
01-16 11:23:05.295  1235  2879 D SensorService: Calling batch handle==20 flags=0rate=66667000 timeout== 0
01-16 11:23:05.295  1235  2879 D SensorService: SensorDevice::batch: ident=0x70b7cd9200, handle=0x00000014, flags=0, period_ns=66667000 timeout=0
01-16 11:23:05.295  1235  2879 D SensorService: 	>>> curr_period=9223372036854775807 min_period=66667000 curr_timeout=0 min_timeout=0
01-16 11:23:05.295  1235  2879 D SensorService: 	>>> actuating h/w BATCH 0x00000014 66667000 0
01-16 11:23:05.295   794  1023 I Situation: batch: handle:26, flag:0,samplingPeriodNs:66667000 maxBatchReportLatencyNs:0

01-16 11:23:05.296  1235  2879 D SensorService: Calling activate on 20
01-16 11:23:05.297  1235  2879 D SensorService: SensorDevice::activate: ident=0x70b7cd9200, handle=0x00000014, enabled=1, count=1
01-16 11:23:05.297  1235  2879 D SensorService: enable index=0
01-16 11:23:05.297  1235  2879 D SensorService: 	>>> actuating h/w activate handle=20 enabled=1
01-16 11:23:05.297   794  1023 I Situation: enable: handle:26, en:1 

01-16 11:23:05.299  1235  2879 I PowerHalWrapper: <setRotation> do boost with 2000ms 
01-16 11:23:05.300   582  2187 I BufferQueue: [unnamed-582-15970](this:0x729a055800,id:15970,api:0,p:-1,c:-1) BufferQueue core=(582:/system/bin/surfaceflinger)
01-16 11:23:05.300   582  2187 I BufferQueueConsumer: [unnamed-582-15970](this:0x729a055800,id:15970,api:0,p:-1,c:582) connect(C): consumer=(582:/system/bin/surfaceflinger) controlledByApp=false
01-16 11:23:05.300   582  2187 I BufferQueueConsumer: [unnamed-582-15967](this:0x729a055800,id:15970,api:0,p:-1,c:582) setConsumerName: unnamed-582-15967
01-16 11:23:05.300   582  2187 I BufferQueueConsumer: [ScreenshotSurface#0](this:0x729a055800,id:15970,api:0,p:-1,c:582) setConsumerName: ScreenshotSurface#0
01-16 11:23:05.300   582  2187 I BufferQueueConsumer: [ScreenshotSurface#0](this:0x729a055800,id:15970,api:0,p:-1,c:582) setDefaultBufferSize: width=1080 height=2340
01-16 11:23:05.301  1521  1521 D EventBus: [1521, u0] send(AppTransitionFinishedEvent)
01-16 11:23:05.301  1521  1521 D EventBus: [1521, u0]  -> ForcedResizableInfoActivityController [0xe5d95f1, P1] onBusEvent(AppTransitionFinishedEvent)
01-16 11:23:05.301  1521  1521 D EventBus: [1521, u0] onBusEvent(AppTransitionFinishedEvent) duration: 23 microseconds, avg: 44
01-16 11:23:05.316  1235  2879 E GraphicExt: GraphicExtModuleLoader::CreateGraphicExtInstance false
01-16 11:23:05.321   582   582 I SurfaceFlinger: screenshot (com.vkontakte.android/com.vkontakte.android.MainActivity#0)
01-16 11:23:05.321   582   582 I SurfaceFlinger: isIncludeStatusBarAndNavBar (1)
01-16 11:23:05.321   582   582 I SurfaceFlinger: screenshot (InputMethod#0)
01-16 11:23:05.321   582   582 I SurfaceFlinger: isIncludeStatusBarAndNavBar (1)
01-16 11:23:05.321   582   582 I SurfaceFlinger: screenshot (#0)
01-16 11:23:05.321   582   582 I SurfaceFlinger: isIncludeStatusBarAndNavBar (1)
01-16 11:23:05.321   582   582 I SurfaceFlinger: screenshot (StatusBar#0)
01-16 11:23:05.321   582   582 I SurfaceFlinger: isIncludeStatusBarAndNavBar (1)
01-16 11:23:05.321   582   582 I SurfaceFlinger: screenshot (NavigationBar#0)
01-16 11:23:05.321   582   582 I SurfaceFlinger: isIncludeStatusBarAndNavBar (1)
01-16 11:23:05.331  1235  2169 I GED     : [GT]_get_procNameprocess pid(1235)
01-16 11:23:05.331  1235  2169 I GED     : [GT]_getprocess name(system_server)
01-16 11:23:05.331  1235  2169 I         : [GT] ret(1) gt_status(00000000) aniso_debug_level(0) gt_aniso_max_level(16) ani so mask(00000001) tri mask(00000002)
01-16 11:23:05.341  1235  2169 I GED     : ged_boost_gpu_freq, level 100, eOrigin 2, final_idx 27, oppidx_max 27, oppidx_min 0
01-16 11:23:05.362  1235  1428 W InputDispatcher: [TouchInput][reader] notifyMotion - eventTime=282195255401000, deviceId=3, source=0x1002, policyFlags=0x0, action=0x0, flags=0x0, downTime=282195255401000, moveCount:0
01-16 11:23:05.365  1235  2879 D Surface : Surface::connect(this=0x704611b000,api=2)
01-16 11:23:05.365   582   625 I BufferQueueProducer: [ScreenshotSurface#0](this:0x729a055800,id:15970,api:2,p:1235,c:582) connect(P): api=2 producer=(1235:system_server) producerControlledByApp=false
01-16 11:23:05.367  1235  2879 D Surface : Surface::disconnect(this=0x704611b000,api=2)
01-16 11:23:05.367   582   625 I BufferQueueProducer: [ScreenshotSurface#0](this:0x729a055800,id:15970,api:2,p:1235,c:582) disconnect(P): api 2
01-16 11:23:05.373  1235  2879 I ActivityTaskManager: Config changes=20000480 {1.0 250mcc20mnc [ru_RU] ldltr sw490dp w981dp h463dp 352dpi nrml long land night finger -keyb/v/h -nav/h winConfig={ mBounds=Rect(0, 0 - 2340, 1080) mAppBounds=Rect(76, 0 - 2236, 1080) mWindowingMode=fullscreen mDisplayWindowingMode=fullscreen mActivityType=undefined mAlwaysOnTop=undefined mRotation=ROTATION_90} s.30898 themeChanged=0 themeChangedFlags=0 extraData = Bundle[{}]}
01-16 11:23:05.388   582   582 I SurfaceFlinger: screenshot (com.vkontakte.android/com.vkontakte.android.MainActivity#0)
01-16 11:23:05.388   582   582 I SurfaceFlinger: isIncludeStatusBarAndNavBar (1)
01-16 11:23:05.436  1235  1428 W InputDispatcher: [TouchInput][reader] notifyMotion - eventTime=282195329423000, deviceId=3, source=0x1002, policyFlags=0x0, action=0x1, flags=0x0, downTime=282195255401000, moveCount:0
01-16 11:23:05.453  1235  1428 W InputDispatcher: [TouchInput][reader] notifyMotion - eventTime=282195347082000, deviceId=3, source=0x1002, policyFlags=0x0, action=0x0, flags=0x0, downTime=282195347082000, moveCount:0
01-16 11:23:05.473  1235  2879 I ActivityTaskManager: Override config changes=20000480 {1.0 250mcc20mnc [ru_RU] ldltr sw490dp w981dp h463dp 352dpi nrml long land night finger -keyb/v/h -nav/h winConfig={ mBounds=Rect(0, 0 - 2340, 1080) mAppBounds=Rect(76, 0 - 2236, 1080) mWindowingMode=fullscreen mDisplayWindowingMode=fullscreen mActivityType=undefined mAlwaysOnTop=undefined mRotation=ROTATION_90} s.30898 themeChanged=0 themeChangedFlags=0 extraData = Bundle[{}]} for displayId=0
01-16 11:23:05.500   582   582 I SurfaceFlinger: screenshot (com.vkontakte.android/com.vkontakte.android.MainActivity#0)
01-16 11:23:05.500   582   582 I SurfaceFlinger: isIncludeStatusBarAndNavBar (1)
01-16 11:23:05.500   582   582 I SurfaceFlinger: screenshot (InputMethod#0)
01-16 11:23:05.500   582   582 I SurfaceFlinger: isIncludeStatusBarAndNavBar (1)
01-16 11:23:05.504  1235  1428 W InputDispatcher: [TouchInput][reader] notifyMotion - eventTime=282195396224000, deviceId=3, source=0x1002, policyFlags=0x0, action=0x1, flags=0x0, downTime=282195347082000, moveCount:0
01-16 11:23:05.509 22920 22920 W GoogleInputMethodService: GoogleInputMethodService.onConfigurationChanged():1572 onConfigurationChanged() : NewConfig = {1.0 250mcc20mnc [ru_RU] ldltr sw490dp w981dp h463dp 352dpi nrml long land night finger -keyb/v/h -nav/h winConfig={ mBounds=Rect(0, 0 - 2340, 1080) mAppBounds=Rect(76, 0 - 2236, 1080) mWindowingMode=fullscreen mDisplayWindowingMode=fullscreen mActivityType=undefined mAlwaysOnTop=undefined mRotation=ROTATION_90} s.30964 themeChanged=0 themeChangedFlags=0 extraData = Bundle[{}]}
01-16 11:23:05.510 22920 22920 I InlineSuggestionCandidateViewController: InlineSuggestionCandidateViewController.setInlineSuggestionCandidateImpl():1207 set  to inlineSuggestionTextView
01-16 11:23:05.510 22920 22920 I KeyboardWrapper: KeyboardWrapper.consumeEvent():281 Skip consuming an event as current keyboard is deactivated (state=0, keyboard existence=true)
01-16 11:23:05.510 22920 22920 I VoiceInputManagerWrapper: VoiceInputManagerWrapper.shutdown():76 shutdown()
01-16 11:23:05.510 22920 22920 I AndroidIME: AbstractIme.onDeactivate():161 LatinIme.onDeactivate()
01-16 11:23:05.511  1235  2879 I WindowManager: input method visible height changed 0
01-16 11:23:05.511 22920 22920 W KeyboardModeManager: KeyboardModeManager.reloadOrientationAwareData():456 reloadOrientationAwareData() : orientation = 2
01-16 11:23:05.511 22920 22920 I NormalModeController: NormalModeController.getKeyboardBodyViewHolderPaddingBottom():112 currentPrimeKeyboardType:SOFT systemPaddingBottom:-1
01-16 11:23:05.512 22920 22920 I GoogleInputMethodService: GoogleInputMethodService$10.getInputViewCoverNavigationHeight():3247 Returns default 0 as the coverNavigationHeight while extendsTouchBelowSpace=false decorViewWindowInsets=WindowInsets{systemWindowInsets=Insets{left=0, top=0, right=0, bottom=104} stableInsets=Insets{left=0, top=0, right=0, bottom=104} sysGestureInsets=Insets{left=0, top=0, right=0, bottom=0}}
01-16 11:23:05.513   582   625 I BufferQueueConsumer: [InputMethod#0](this:0x729a024800,id:15969,api:1,p:22920,c:582) setDefaultBufferSize: width=2160 height=1019
01-16 11:23:05.513   582   625 I BufferQueueConsumer: [NavigationBar#0](this:0x72689a1000,id:15955,api:1,p:1521,c:582) setDefaultBufferSize: width=104 height=1080
01-16 11:23:05.513   582   625 I BufferQueueConsumer: [StatusBar#0](this:0x729a054000,id:3,api:1,p:1521,c:582) setDefaultBufferSize: width=2340 height=61
01-16 11:23:05.513  1235  2879 I Timeline: Timeline: App_transition_ready time:282195407
01-16 11:23:05.515 22920 22920 I GoogleInputMethodService: GoogleInputMethodService$10.getInputViewCoverNavigationHeight():3247 Returns default 0 as the coverNavigationHeight while extendsTouchBelowSpace=false decorViewWindowInsets=WindowInsets{systemWindowInsets=Insets{left=0, top=0, right=0, bottom=104} stableInsets=Insets{left=0, top=0, right=0, bottom=104} sysGestureInsets=Insets{left=0, top=0, right=0, bottom=0}}
01-16 11:23:05.516 22920 22920 I KeyboardViewUtil: KeyboardViewUtil.getKeyboardHeightRatio():175 systemKeyboardHeightRatio:1.000000; userKeyboardHeightRatio:1.000000.
01-16 11:23:05.516 22920 22920 W AndroidIME: KeyboardViewManager.initializeViews():440 initializeViews() : keyboard full width = -1; root view width = 1080; measured keyboard height = 2264
01-16 11:23:05.517 22920 22920 I AndroidIME: KeyboardViewManager.updateKeyboardHeaderViewWidth():907 keyboard header ratio:1.000000 body ratio:1.000000
01-16 11:23:05.517 22920 22920 I AndroidIME: KeyboardViewManager.updateKeyboardHeaderViewWidth():907 keyboard header ratio:1.000000 body ratio:1.000000
01-16 11:23:05.517 22920 22920 I GoogleInputMethodService: GoogleInputMethodService$10.getInputViewCoverNavigationHeight():3247 Returns default 0 as the coverNavigationHeight while extendsTouchBelowSpace=false decorViewWindowInsets=WindowInsets{systemWindowInsets=Insets{left=0, top=0, right=0, bottom=104} stableInsets=Insets{left=0, top=0, right=0, bottom=104} sysGestureInsets=Insets{left=0, top=0, right=0, bottom=0}}
01-16 11:23:05.517 22920 22920 I GoogleInputMethodService: GoogleInputMethodService$10.getInputViewCoverNavigationHeight():3247 Returns default 0 as the coverNavigationHeight while extendsTouchBelowSpace=false decorViewWindowInsets=WindowInsets{systemWindowInsets=Insets{left=0, top=0, right=0, bottom=104} stableInsets=Insets{left=0, top=0, right=0, bottom=104} sysGestureInsets=Insets{left=0, top=0, right=0, bottom=0}}
01-16 11:23:05.517 22920 22920 I AndroidIME: KeyboardViewManager.getInputViewBottomGapFromScreen():370 get inputViewBottomGapFromScreen = 104 from keyboard size helper.
01-16 11:23:05.517 22920 22920 I GoogleInputMethodService: GoogleInputMethodService$10.getInputViewCoverNavigationHeight():3247 Returns default 0 as the coverNavigationHeight while extendsTouchBelowSpace=false decorViewWindowInsets=WindowInsets{systemWindowInsets=Insets{left=0, top=0, right=0, bottom=104} stableInsets=Insets{left=0, top=0, right=0, bottom=104} sysGestureInsets=Insets{left=0, top=0, right=0, bottom=0}}
01-16 11:23:05.518 22920 22920 I AndroidIME: KeyboardViewManager.updateKeyboardBodyViewHolderPaddingBottom():589 Set finalPaddingBottom = 0 while keyboardBottomGapFromScreen = 0; inputViewBottomGapFromScreen = 104 inputViewCoverNavigationHeight=0
01-16 11:23:05.518 22920 22920 I GoogleInputMethodService: GoogleInputMethodService$10.getInputViewCoverNavigationHeight():3247 Returns default 0 as the coverNavigationHeight while extendsTouchBelowSpace=false decorViewWindowInsets=WindowInsets{systemWindowInsets=Insets{left=0, top=0, right=0, bottom=104} stableInsets=Insets{left=0, top=0, right=0, bottom=104} sysGestureInsets=Insets{left=0, top=0, right=0, bottom=0}}
01-16 11:23:05.519 22920 22920 I chatty  : uid=10148(com.google.android.inputmethod.latin) identical 2 lines
01-16 11:23:05.519 22920 22920 I GoogleInputMethodService: GoogleInputMethodService$10.getInputViewCoverNavigationHeight():3247 Returns default 0 as the coverNavigationHeight while extendsTouchBelowSpace=false decorViewWindowInsets=WindowInsets{systemWindowInsets=Insets{left=0, top=0, right=0, bottom=104} stableInsets=Insets{left=0, top=0, right=0, bottom=104} sysGestureInsets=Insets{left=0, top=0, right=0, bottom=0}}
01-16 11:23:05.520 22920 22920 I InlineSuggestionCandidateViewController: InlineSuggestionCandidateViewController.setInlineSuggestionCandidateImpl():1207 set  to inlineSuggestionTextView
01-16 11:23:05.521 22920 22920 D SurfaceView: UPDATE null, mIsCastMode = false
01-16 11:23:05.523  1235  2879 I Timeline: Timeline: App_transition_ready time:282195416
01-16 11:23:05.523  1235  1322 W system_server: Long monitor contention with owner Binder:1235_16 (2879) at void com.android.server.wm.ActivityTaskManagerService.activityPaused(android.os.IBinder)(ActivityTaskManagerService.java:1758) waiters=0 in void com.android.server.wm.AppWindowToken$1.run() for 230ms
01-16 11:23:05.523 22920 22920 I AbstractOpenableExtension: AbstractOpenableExtension.maybeDestroyExistingKeyboardGroupManager():516 Destroy existing keyboard group manager in fyo
01-16 11:23:05.523 22920 22920 I AbstractOpenableExtension: AbstractOpenableExtension.createKeyboardGroupManagerListenableFuture():125 Create keyboard group manager listenable future in fyo
01-16 11:23:05.525  1235  1326 W system_server: Long monitor contention with owner Binder:1235_16 (2879) at void com.android.server.wm.ActivityTaskManagerService.activityPaused(android.os.IBinder)(ActivityTaskManagerService.java:1758) waiters=2 in android.app.ActivityManager$StackInfo com.android.server.wm.ActivityTaskManagerService.getFocusedStackInfo() for 226ms
01-16 11:23:05.525 28724 28724 W BpBinder: Slow Binder: BpBinder transact took 236 ms, interface=android.app.IActivityTaskManager, code=20 oneway=false
01-16 11:23:05.526 28627 28627 I Application: onConfigurationChanged:
01-16 11:23:05.526 22920 22920 W KeyboardModeManager: KeyboardModeManager.setInputView():303 setInputView() : inputView = null
01-16 11:23:05.526 22920 22920 I NormalModeController: NormalModeController.getKeyboardBodyViewHolderPaddingBottom():112 currentPrimeKeyboardType:SOFT systemPaddingBottom:-1
01-16 11:23:05.528 22920 22920 I KeyboardModeManager: KeyboardModeManager.applyModeSpecificTheme():185 screenDiagonal is:6.118205
01-16 11:23:05.529 22920 22920 I GoogleInputMethodService: GoogleInputMethodService.initializeKeyboardTheme():1338 Apply keyboard theme: theme_stylesheet_materialdark_assets:theme_package_metadata_material_dark.binarypb_land_separate
01-16 11:23:05.531   582  2187 I BufferQueue: [unnamed-582-15971](this:0x72797b4000,id:15971,api:0,p:-1,c:-1) BufferQueue core=(582:/system/bin/surfaceflinger)
01-16 11:23:05.531   582  2187 I BufferQueueConsumer: [unnamed-582-15971](this:0x72797b4000,id:15971,api:0,p:-1,c:582) connect(C): consumer=(582:/system/bin/surfaceflinger) controlledByApp=false
01-16 11:23:05.531   582  2187 I BufferQueueConsumer: [unnamed-582-15968](this:0x72797b4000,id:15971,api:0,p:-1,c:582) setConsumerName: unnamed-582-15968
01-16 11:23:05.531   582  2187 I BufferQueueConsumer: [Splash Screen com.YourCompany.Proj#0](this:0x72797b4000,id:15971,api:0,p:-1,c:582) setConsumerName: Splash Screen com.YourCompany.Proj#0
01-16 11:23:05.531   582  2187 I BufferQueueConsumer: [Splash Screen com.YourCompany.Proj#0](this:0x72797b4000,id:15971,api:0,p:-1,c:582) setDefaultBufferSize: width=2264 height=1080
01-16 11:23:05.532 12657 12657 D FloatService:  newFontScale = 1.0 oldFontScale = 1.0
01-16 11:23:05.532 12657 12657 D FloatService:  newFontWeight = 50 oldFontWeight = 50
01-16 11:23:05.534 22920 22920 I Environment: Environment.getDeviceMode():739 Get device mode by ui mode:1 and smallestScreenWidthDp:490
01-16 11:23:05.534 22920 22962 I Environment: Environment.getDeviceMode():739 Get device mode by ui mode:1 and smallestScreenWidthDp:490
01-16 11:23:05.534 22920 22920 I Environment: Environment.getDeviceMode():739 Get device mode by ui mode:1 and smallestScreenWidthDp:490
01-16 11:23:05.534 22920 22962 I Environment: Environment.getDeviceMode():739 Get device mode by ui mode:1 and smallestScreenWidthDp:490
01-16 11:23:05.534 22920 22920 I Environment: Environment.getDeviceMode():739 Get device mode by ui mode:1 and smallestScreenWidthDp:490
01-16 11:23:05.534 22920 22920 I chatty  : uid=10148(com.google.android.inputmethod.latin) identical 2 lines
01-16 11:23:05.534 22920 22920 I Environment: Environment.getDeviceMode():739 Get device mode by ui mode:1 and smallestScreenWidthDp:490
01-16 11:23:05.534 22920 22964 I Environment: Environment.getDeviceMode():739 Get device mode by ui mode:1 and smallestScreenWidthDp:490
01-16 11:23:05.534  1235  1322 I Timeline: Timeline: App_transition_ready time:282195428
01-16 11:23:05.534 22920 22964 I Environment: Environment.getDeviceMode():739 Get device mode by ui mode:1 and smallestScreenWidthDp:490
01-16 11:23:05.535  1235  1322 E GraphicExt: GraphicExtModuleLoader::CreateGraphicExtInstance false
01-16 11:23:05.539  1235  2872 I Timeline: Timeline: App_transition_ready time:282195433
01-16 11:23:05.543  1235  1321 W ActivityManager: Slow operation: 248ms so far, now at startProcess: done creating new process record
01-16 11:23:05.543  1235  1321 W ActivityManager: Slow operation: 248ms so far, now at startProcess: stepping in to startProcess
01-16 11:23:05.543  1235  1321 D PowerHalWrapper: amsBoostProcessCreate package:com.YourCompany.Proj 
01-16 11:23:05.543 22920  1552 I KeyboardGroupDefParser: KeyboardGroupDefParser.parseKeyboardGroupDef():89 parseKeyboardGroupDef() 2132148488 -> extension_emoji_search_extension_view_m2 : WaitTime = 7 ms : RunTime = 4 ms
01-16 11:23:05.545  1235  1321 W ActivityManager: Slow operation: 250ms so far, now at startProcess: done starting proc!
01-16 11:23:05.545  1235  3850 W system_server: Long monitor contention with owner android.display (1321) at void com.android.server.am.ActivityManagerService$LocalService.startProcess(java.lang.String, android.content.pm.ApplicationInfo, boolean, java.lang.String, android.content.ComponentName, java.lang.String)(ActivityManagerService.java:18983) waiters=1 in int com.android.server.am.ActivityManagerService.broadcastIntent(android.app.IApplicationThread, android.content.Intent, java.lang.String, android.content.IIntentReceiver, int, java.lang.String, android.os.Bundle, java.lang.String[], int, android.os.Bundle, boolean, boolean, int) for 224ms
01-16 11:23:05.546  1235  1322 D Surface : lockCanvas
01-16 11:23:05.546  1235  1322 D Surface : Surface::connect(this=0x704de1b000,api=2)
01-16 11:23:05.546 28724 31219 W BpBinder: Slow Binder: BpBinder transact took 230 ms, interface=android.app.IActivityManager, code=20 oneway=false
01-16 11:23:05.546   582  1253 I BufferQueueProducer: [Sprite#4](this:0x727c4b0000,id:1804,api:2,p:1235,c:582) queueBuffer: fps=1.12 dur=1789.85 max=931.99 min=857.86
01-16 11:23:05.546 25929 31408 W BpBinder: Slow Binder: BpBinder transact took 225 ms, interface=android.app.IActivityManager, code=12 oneway=false
01-16 11:23:05.546  1235  1512 D MiuiFreeFormGestureController: displayConfigurationChange
01-16 11:23:05.547 28724 31219 E ActivityThread: Failed to find provider info for com.vk.im.providers.im
01-16 11:23:05.547   582  2228 I BufferQueueProducer: [Splash Screen com.YourCompany.Proj#0](this:0x72797b4000,id:15971,api:2,p:1235,c:582) connect(P): api=2 producer=(1235:system_server) producerControlledByApp=false
01-16 11:23:05.548   582   630 I BufferQueueProducer: [Sprite#6](this:0x727d0a7000,id:2164,api:2,p:1235,c:582) queueBuffer: fps=0.17 dur=5760.88 max=5760.88 min=5760.88
01-16 11:23:05.558  1235  1512 D MiuiFreeFormGesturePointerEventListener: updateScreenParams ori:2 mNotchBar:0 mDisplayRotation:1isNotchScreen:true
01-16 11:23:05.564 22920 22920 I KeyboardViewUtil: KeyboardViewUtil.getKeyboardHeightRatio():175 systemKeyboardHeightRatio:1.000000; userKeyboardHeightRatio:1.000000.
01-16 11:23:05.565 22920  1558 I DlamWrapper: DlamWrapper$1.onSuccess():154 close(): Successfully wrote DLAM properties file.
01-16 11:23:05.567 22920 22920 I GoogleInputMethodService: GoogleInputMethodService.onStartInput():1906 
01-16 11:23:05.568 22920 22920 W SessionManager: SessionManager.beginSession():53 Try to begin an already begun session [INPUT_SESSION], end it first
01-16 11:23:05.568 22920 22920 W SessionManager: SessionManager.endSession():96 Child session [INPUT_VIEW_SESSION] is not ended while ending session [{INPUT_VIEW_SESSION=1610785384825, INPUT_SESSION=1610785384823}], ending it now.
01-16 11:23:05.568   582  1253 I BufferQueueConsumer: [#0](this:0x727d104000,id:39,api:1,p:12657,c:582) setDefaultBufferSize: width=1 height=1
01-16 11:23:05.570  1235  3851 I Timeline: Timeline: App_transition_ready time:282195464
01-16 11:23:05.571  1235  3851 I Timeline: Timeline: App_transition_stopped time:282195464
01-16 11:23:05.571   497   497 D Zygote  : Forked child process 1559
01-16 11:23:05.572  1235  2169 I GED     : ged_boost_gpu_freq, level 100, eOrigin 2, final_idx 27, oppidx_max 27, oppidx_min 0
01-16 11:23:05.574  1235  1328 D Boost   : hostingType=activity, hostingName={com.YourCompany.Proj/com.epicgames.ue4.SplashActivity}, callerPackage=null, isSystem=true, isBoostNeeded=false.
01-16 11:23:05.578   433   443 E PSITrigger: get PSI events detail failed!! errno=25
01-16 11:23:05.579   582  1253 I BufferQueueConsumer: [InputMethod#0](this:0x729a024800,id:15969,api:1,p:22920,c:582) setDefaultBufferSize: width=2160 height=1080
01-16 11:23:05.582  1559  1559 I ourCompany.Pro: Late-enabling -Xcheck:jni
01-16 11:23:05.588 22920 22920 I GoogleInputMethodService: GoogleInputMethodService.onStartInputView():2031 
01-16 11:23:05.589  1235  1322 D Surface : lockCanvas
01-16 11:23:05.592  1521  1521 I vol.MiuiVolumeDialogImp: onConfigChanged sensitive config changed
01-16 11:23:05.592  1521  1521 I vol.MiuiVolumeDialogImp: dismissH mShowing:false dialog showing:false reason:8
01-16 11:23:05.596  1235  1512 D MiuiFreeFormGestureController: displayConfigurationChange
01-16 11:23:05.596  1559  1559 E ourCompany.Pro: Unknown bits set in runtime_flags: 0x8000
01-16 11:23:05.597   496  1100 D OemNetd : setPidForPackage: packageName=com.YourCompany.Proj, pid=1559, pid=10507
01-16 11:23:05.597  1235  1328 I ActivityManager: Start proc 1559:com.YourCompany.Proj/u0a507 for activity {com.YourCompany.Proj/com.epicgames.ue4.SplashActivity} caller=null
01-16 11:23:05.600  1235  1512 D MiuiFreeFormGesturePointerEventListener: updateScreenParams ori:2 mNotchBar:0 mDisplayRotation:1isNotchScreen:true
01-16 11:23:05.603 12657 12827 D Surface : Surface::disconnect(this=0xe8636000,api=1)
01-16 11:23:05.604   582  1253 I BufferQueueProducer: [#0](this:0x727d104000,id:39,api:1,p:12657,c:582) disconnect(P): api 1
01-16 11:23:05.610 12657 12827 D Surface : Surface::connect(this=0xe8636000,api=1)
01-16 11:23:05.610   582   625 I BufferQueueProducer: [#0](this:0x727d104000,id:39,api:1,p:12657,c:582) connect(P): api=1 producer=(12657:com.miui.notes) producerControlledByApp=false
01-16 11:23:05.616 12657 12827 D mali_winsys: EGLint new_window_surface(egl_winsys_display *, void *, EGLSurface, EGLConfig, egl_winsys_surface **, EGLBoolean) returns 0x3000
01-16 11:23:05.616 12657 12827 D Surface : Surface::setBufferCount(this=0xe8636000,bufferCount=3)
01-16 11:23:05.618  1235  1322 I WindowManager: Screen frozen for +320ms due to Window{16d6560 u0 Splash Screen com.YourCompany.Proj}
01-16 11:23:05.618  1235  1427 W InputDispatcher: [TouchInput][dispatcher] findTouchedWindow Result=0, targetChannel '5a71bed NavigationBar (server)'
01-16 11:23:05.618  1235  1427 W InputDispatcher: [TouchInput][dispatcher] findTouchedWindow Result=0, targetChannel '966f7e3 InputMethod (server)'
01-16 11:23:05.618  1235  1427 W InputTransport: Slow Input: 256ms so far, channel '5a71bed NavigationBar (server)' publisher ~ publishMotionEvent: seq=2267535, deviceId=3, source=0x1002, action=0x4, actionButton=0x00000000, flags=0x200000, edgeFlags=0x0, metaState=0x0, buttonState=0x0, xOffset=0.000000, yOffset=0.000000, xPrecision=1.000000, yPrecision=1.000000, downTime=282195255401000, eventTime=282195255401000, pointerCount=1
01-16 11:23:05.618  1235  1427 W InputTransport: Slow Input: 256ms so far, channel '966f7e3 InputMethod (server)' publisher ~ publishMotionEvent: seq=2267536, deviceId=3, source=0x1002, action=0x0, actionButton=0x00000000, flags=0x200000, edgeFlags=0x0, metaState=0x0, buttonState=0x0, xOffset=-76.000000, yOffset=0.000000, xPrecision=1.000000, yPrecision=1.000000, downTime=282195255401000, eventTime=282195255401000, pointerCount=1
01-16 11:23:05.618  1235  1427 W InputTransport: Slow Input: 256ms so far, channel 'PointerEventDispatcher0 (server)' publisher ~ publishMotionEvent: seq=2267537, deviceId=3, source=0x1002, action=0x0, actionButton=0x00000000, flags=0x200000, edgeFlags=0x0, metaState=0x0, buttonState=0x0, xOffset=0.000000, yOffset=0.000000, xPrecision=1.000000, yPrecision=1.000000, downTime=282195255401000, eventTime=282195255401000, pointerCount=1
01-16 11:23:05.619  1235  1427 W InputDispatcher: [TouchInput][dispatcher] findTouchedWindow Result=0, targetChannel '966f7e3 InputMethod (server)'
01-16 11:23:05.619  1235  1427 W InputTransport: Slow Input: 183ms so far, channel '966f7e3 InputMethod (server)' publisher ~ publishMotionEvent: seq=2267538, deviceId=3, source=0x1002, action=0x1, actionButton=0x00000000, flags=0x200000, edgeFlags=0x0, metaState=0x0, buttonState=0x0, xOffset=-76.000000, yOffset=0.000000, xPrecision=1.000000, yPrecision=1.000000, downTime=282195255401000, eventTime=282195329423000, pointerCount=1
01-16 11:23:05.619  1235  1427 W InputTransport: Slow Input: 184ms so far, channel 'PointerEventDispatcher0 (server)' publisher ~ publishMotionEvent: seq=2267539, deviceId=3, source=0x1002, action=0x1, actionButton=0x00000000, flags=0x200000, edgeFlags=0x0, metaState=0x0, buttonState=0x0, xOffset=0.000000, yOffset=0.000000, xPrecision=1.000000, yPrecision=1.000000, downTime=282195255401000, eventTime=282195329423000, pointerCount=1
01-16 11:23:05.619  1235  1427 W InputDispatcher: [TouchInput][dispatcher] findTouchedWindow Result=0, targetChannel '5a71bed NavigationBar (server)'
01-16 11:23:05.620  1235  1427 W InputDispatcher: [TouchInput][dispatcher] findTouchedWindow Result=0, targetChannel '966f7e3 InputMethod (server)'
01-16 11:23:05.620  1235  1427 W InputTransport: Slow Input: 166ms so far, channel '5a71bed NavigationBar (server)' publisher ~ publishMotionEvent: seq=2267540, deviceId=3, source=0x1002, action=0x4, actionButton=0x00000000, flags=0x200000, edgeFlags=0x0, metaState=0x0, buttonState=0x0, xOffset=0.000000, yOffset=0.000000, xPrecision=1.000000, yPrecision=1.000000, downTime=282195347082000, eventTime=282195347082000, pointerCount=1
01-16 11:23:05.620  1235  1427 W InputTransport: Slow Input: 166ms so far, channel '966f7e3 InputMethod (server)' publisher ~ publishMotionEvent: seq=2267541, deviceId=3, source=0x1002, action=0x0, actionButton=0x00000000, flags=0x200000, edgeFlags=0x0, metaState=0x0, buttonState=0x0, xOffset=-76.000000, yOffset=0.000000, xPrecision=1.000000, yPrecision=1.000000, downTime=282195347082000, eventTime=282195347082000, pointerCount=1
01-16 11:23:05.620  1235  1427 W InputTransport: Slow Input: 166ms so far, channel 'PointerEventDispatcher0 (server)' publisher ~ publishMotionEvent: seq=2267542, deviceId=3, source=0x1002, action=0x0, actionButton=0x00000000, flags=0x200000, edgeFlags=0x0, metaState=0x0, buttonState=0x0, xOffset=0.000000, yOffset=0.000000, xPrecision=1.000000, yPrecision=1.000000, downTime=282195347082000, eventTime=282195347082000, pointerCount=1
01-16 11:23:05.620  1235  1427 W InputDispatcher: [TouchInput][dispatcher] findTouchedWindow Result=0, targetChannel '966f7e3 InputMethod (server)'
01-16 11:23:05.620  1235  1427 W InputTransport: Slow Input: 117ms so far, channel '966f7e3 InputMethod (server)' publisher ~ publishMotionEvent: seq=2267543, deviceId=3, source=0x1002, action=0x1, actionButton=0x00000000, flags=0x200000, edgeFlags=0x0, metaState=0x0, buttonState=0x0, xOffset=-76.000000, yOffset=0.000000, xPrecision=1.000000, yPrecision=1.000000, downTime=282195347082000, eventTime=282195396224000, pointerCount=1
01-16 11:23:05.620  1235  1427 W InputTransport: Slow Input: 117ms so far, channel 'PointerEventDispatcher0 (server)' publisher ~ publishMotionEvent: seq=2267544, deviceId=3, source=0x1002, action=0x1, actionButton=0x00000000, flags=0x200000, edgeFlags=0x0, metaState=0x0, buttonState=0x0, xOffset=0.000000, yOffset=0.000000, xPrecision=1.000000, yPrecision=1.000000, downTime=282195347082000, eventTime=282195396224000, pointerCount=1
01-16 11:23:05.625  1701  1701 W Launcher: onDisplayChanged: newRotation=1
01-16 11:23:05.630  1521  1521 D QSTile.CellularTile:  callback=com.android.systemui.qs.QSPanel$1@5921b3c
01-16 11:23:05.631  1235  4375 V ActivityManager: New death recipient com.android.server.am.ActivityManagerService$AppDeathRecipient@76d1cb7 for thread android.os.BinderProxy@4bf2c24, pid:1559,mApp:null
01-16 11:23:05.632  1521  1521 D QSTile.BluetoothTile:  callback=com.android.systemui.qs.QSPanel$1@ddff441
01-16 11:23:05.632  1701  1701 D Launcher.ShortcutMenu: calculateScale, heightScale=1.0, widthScale=1.0
01-16 11:23:05.634  1521  1521 D QSTile.WifiTile:  callback=com.android.systemui.qs.QSPanel$1@7d1c6c3
01-16 11:23:05.634 25501 27546 W NetworkScheduler: Error inserting flex_time=663000 job_id=-1 period=1327000 source=16 requires_charging=0 preferred_network_type=1 target_class=com.google.android.gms.measurement.PackageMeasurementTaskService user_id=0 target_package=com.google.android.gms tag=Measurement.PackageMeasurementTaskService.UPLOAD_TASK_TAG task_type=0 required_idleness_state=0 service_kind=0 source_version=204714000 persistence_level=1 preferred_charging_state=1 required_network_type=0 runtime=1610785385626 retry_strategy={"maximum_backoff_seconds":{"3600":0},"initial_backoff_seconds":{"30":0},"retry_policy":{"0":0}} last_runtime=0, error message: UNIQUE constraint failed: pending_ops.tag, pending_ops.target_class, pending_ops.target_package, pending_ops.user_id (code 2067 SQLITE_CONSTRAINT_UNIQUE) [CONTEXT service_id=218 ]
01-16 11:23:05.635  1521  1521 D QSTile.FlashlightTile:  callback=com.android.systemui.qs.QSPanel$1@49b535
01-16 11:23:05.637  1521  1521 D QSTile.AutoBrightnessTile:  callback=com.android.systemui.qs.QSPanel$1@ef16017
01-16 11:23:05.639  1521  1521 D QSTile.MuteTile:  callback=com.android.systemui.qs.QSPanel$1@b5163e9
01-16 11:23:05.642   582   582 I BufferQueueProducer: [FramebufferSurface](this:0x7282501800,id:0,api:1,p:582,c:582) queueBuffer: fps=0.85 dur=1181.46 max=1181.46 min=1181.46
01-16 11:23:05.644  1235  1486 D ActivityTaskManagerServiceInjector: Begin to report package foreground events...
01-16 11:23:05.644   582   582 I SurfaceFlinger: screenshot (ScreenshotSurface#0)
01-16 11:23:05.644   582   582 I SurfaceFlinger: isIncludeStatusBarAndNavBar (1)
01-16 11:23:05.644   582   582 I SurfaceFlinger: screenshot (Letterbox - left#1)
01-16 11:23:05.644   582   582 I SurfaceFlinger: isIncludeStatusBarAndNavBar (1)
01-16 11:23:05.644   582   582 I SurfaceFlinger: screenshot (Splash Screen com.YourCompany.Proj#0)
01-16 11:23:05.644   582   582 I SurfaceFlinger: isIncludeStatusBarAndNavBar (1)
01-16 11:23:05.644   582   582 I SurfaceFlinger: screenshot (InputMethod#0)
01-16 11:23:05.644   582   582 I SurfaceFlinger: isIncludeStatusBarAndNavBar (1)
01-16 11:23:05.645  9180  9212 I GST     : forePkg: com.YourCompany.Proj, preForePkg: com.vkontakte.android
01-16 11:23:05.645  1235  4375 W ActivityTaskManager: Request to remove task ignored for non-existent task 644
01-16 11:23:05.645  2739 21329 I ProcessMonitor: onForegroundInfoChanged: ForegroundInfo{mForegroundPackageName='com.YourCompany.Proj', mForegroundUid=10507, mForegroundPid=1559, mLastForegroundPackageName='com.vkontakte.android', mLastForegroundUid=10173, mLastForegroundPid=28724, mMultiWindowForegroundPackageName='null', mMultiWindowForegroundUid=-1, mFlags=1}
01-16 11:23:05.645  2739 21329 I GameBoosterService: onForegroundInfoChanged: Cur=com.YourCompany.Proj	 last=com.vkontakte.android
01-16 11:23:05.647  1521  1521 D PhoneStatusBar/NavigationBarView: setDisabledFlags back:false home:false recent:false
01-16 11:23:05.648  1235  4375 D PowerHalWrapper: amsBoostNotify pid:1559,activity:com.epicgames.ue4.SplashActivity, package:com.YourCompany.Proj, mProcessCreatePackcom.YourCompany.Proj 
01-16 11:23:05.648   538   597 I libPowerHal: [perfNotifyAppState] foreground:com.YourCompany.Proj, pid:1559, uid:10507
01-16 11:23:05.649   538   597 E UxUtility: notifyAppState error = NULL
01-16 11:23:05.649   538   597 I powerd  : [powerd_req] POWER_MSG_NOTIFY_STATE, pc:1, com.vkontakte.android => com.YourCompany.Proj
01-16 11:23:05.651  1235  1452 I MiuiNetworkPolicy: updateUidState uid = 10507, uidState = 20
01-16 11:23:05.652   496  1100 I netd    : firewallSetUidRule(2, 10507, 1) <0.03ms>
01-16 11:23:05.654   794  1022 E Situation: processEvent, handle:26, flush_action:0
01-16 11:23:05.656  2739 21329 D GameBoosterService: onGameStatusChange foreground:ForegroundInfo{mForegroundPackageName='com.YourCompany.Proj', mForegroundUid=10507, mForegroundPid=1559, mLastForegroundPackageName='com.vkontakte.android', mLastForegroundUid=10173, mLastForegroundPid=28724, mMultiWindowForegroundPackageName='null', mMultiWindowForegroundUid=-1, mFlags=1}
01-16 11:23:05.656  2739 21329 I GameBoosterService: onForegroundInfoChanged: Exit
01-16 11:23:05.657  2739 21329 I VideoBoxUtils: isSupportVideoBox: false
01-16 11:23:05.659  1521  1840 D MobileSignalController: updateDataType mSelectedDataTypeIcon[0]=2131232929, mSelectedDataActivityIndex=6
01-16 11:23:05.660  1521  1840 D TelephonyIcons: getSignalStrengthIcon: slot=0, inetCondition=1, level=4, roaming=false, signalstrength=SignalStrength:{mCdma=CellSignalStrengthCdma: cdmaDbm=2147483647 cdmaEcio=2147483647 evdoDbm=2147483647 evdoEcio=2147483647 evdoSnr=2147483647 miuiLevel=0 level=0,mGsm=CellSignalStrengthGsm: rssi=2147483647 ber=2147483647 mTa=2147483647 miuiLevel=0 mLevel=0,mWcdma=CellSignalStrengthWcdma: ss=2147483647 ber=2147483647 rscp=2147483647 ecno=2147483647 miuiLevel=0 level=0,mTdscdma=CellSignalStrengthTdscdma: rssi=2147483647 ber=2147483647 rscp=2147483647 miuiLevel=0 level=0,mLte=CellSignalStrengthLte: rssi=2147483647 rsrp=-102 rsrq=-16 rssnr=-25 cqi=0 ta=0 miuiLevel=4 level=1,mNr=CellSignalStrengthNr:{ csiRsrp = 2147483647 csiRsrq = 2147483647 csiSinr = 2147483647 ssRsrp = 2147483647 ssRsrq = 2147483647 ssSinr = 2147483647 miuiLevel = 0 level = 0 },primary=CellSignalStrengthLte}, phoneId=0, mMtkLevel=-1, mMtkRsrpOnly=true, mMtkLteRsrpThreshold=null, mMtkLteRssnrThreshold=null
01-16 11:23:05.662  2739 21329 I VideoToolBoxService: onForegroundInfoChanged: Exit Vtb
01-16 11:23:05.663  1521  1840 D TelephonyIcons: null signal icon name: drawable/stat_sys_signal_null
01-16 11:23:05.663  1521  1840 D TelephonyIcons: getDataTypeIcon sub=0
01-16 11:23:05.665  1521  1521 D QSControlCenterTileLayout: setExpanded:true
01-16 11:23:05.667  1521  1521 I vol.MiuiVolumeDialogImp: onConfigChanged not sensitive.
01-16 11:23:05.667  1235  1319 W Looper  : Slow Looper android.ui: MotionEvent is 306ms late (event_seq=2298801, action=ACTION_DOWN) because of 9 msg, msg 3 took 85ms (seq=316541 h=com.android.server.policy.BaseMiuiPhoneWindowManager$H c=com.android.server.policy.BaseMiuiPhoneWindowManager$14), msg 9 took 67ms (seq=316547 late=11ms h=com.android.server.am.ActivityManagerService$UiHandler w=53)
01-16 11:23:05.667  1235  1319 W InputEventReceiver: App Input: 306ms before dispatchInputEvent (MotionEvent: event_seq=2298801, seq=2267537, action=ACTION_DOWN)
01-16 11:23:05.671  1521  1840 D SlaveWifiSignalController: notifyListeners: false
01-16 11:23:05.671  1521  1840 D QSTile.BluetoothTile: handleUpdateState: mTargetEnable = falsemController.getBluetoothState() = 10
01-16 11:23:05.676  1521  1521 D PhoneStatusBar/NavigationBarView: setDisabledFlags back:false home:false recent:false
01-16 11:23:05.676  1521  1840 D MobileSignalController: updateDataType mSelectedDataTypeIcon[0]=2131232929, mSelectedDataActivityIndex=6
01-16 11:23:05.678  1521  1840 D TelephonyIcons: getSignalStrengthIcon: slot=0, inetCondition=1, level=4, roaming=false, signalstrength=SignalStrength:{mCdma=CellSignalStrengthCdma: cdmaDbm=2147483647 cdmaEcio=2147483647 evdoDbm=2147483647 evdoEcio=2147483647 evdoSnr=2147483647 miuiLevel=0 level=0,mGsm=CellSignalStrengthGsm: rssi=2147483647 ber=2147483647 mTa=2147483647 miuiLevel=0 mLevel=0,mWcdma=CellSignalStrengthWcdma: ss=2147483647 ber=2147483647 rscp=2147483647 ecno=2147483647 miuiLevel=0 level=0,mTdscdma=CellSignalStrengthTdscdma: rssi=2147483647 ber=2147483647 rscp=2147483647 miuiLevel=0 level=0,mLte=CellSignalStrengthLte: rssi=2147483647 rsrp=-102 rsrq=-16 rssnr=-25 cqi=0 ta=0 miuiLevel=4 level=1,mNr=CellSignalStrengthNr:{ csiRsrp = 2147483647 csiRsrq = 2147483647 csiSinr = 2147483647 ssRsrp = 2147483647 ssRsrq = 2147483647 ssSinr = 2147483647 miuiLevel = 0 level = 0 },primary=CellSignalStrengthLte}, phoneId=0, mMtkLevel=-1, mMtkRsrpOnly=true, mMtkLteRsrpThreshold=null, mMtkLteRssnrThreshold=null
01-16 11:23:05.679  1235  1428 W InputDispatcher: [TouchInput][reader] notifyMotion - eventTime=282195572170000, deviceId=3, source=0x1002, policyFlags=0x0, action=0x0, flags=0x0, downTime=282195572170000, moveCount:0
01-16 11:23:05.679  1521  1840 D TelephonyIcons: null signal icon name: drawable/stat_sys_signal_null
01-16 11:23:05.679  1235  1427 I InputDispatcher: Dropping event because there is no touchable window or gesture monitor at (685, 2147) in display 0.
01-16 11:23:05.680  1521  1840 D TelephonyIcons: getDataTypeIcon sub=0
01-16 11:23:05.680  1521  1840 D SlaveWifiSignalController: notifyListeners: false
01-16 11:23:05.686   582   625 I BufferQueueProducer: [Sprite#5](this:0x727c4b1800,id:2163,api:2,p:1235,c:582) queueBuffer: fps=0.11 dur=17682.71 max=17250.77 min=431.93
01-16 11:23:05.690  1235  1452 I MiuiNetworkPolicy: updateUidState uid = 10507, uidState = 2
01-16 11:23:05.691  1521  1993 D NetworkController.MobileSignalController(1): 4G level = 4
01-16 11:23:05.691  1521  1521 W InputEventReceiver: App Input: 330ms before dispatchInputEvent (MotionEvent: event_seq=320994, seq=2267535, action=ACTION_OUTSIDE)
01-16 11:23:05.692  1235  1321 I InputManager-JNI: Viewport [0] to add: local:0
01-16 11:23:05.695  1235  1428 I InputReader: Reconfiguring input devices.  changes=0x00000004
01-16 11:23:05.697   389   389 I hwservicemanager: getTransport: Cannot find entry vendor.mediatek.hardware.nwk_opt@1.0::INwkOpt/default in either framework or device manifest.
01-16 11:23:05.697  1701  1701 E TaskViewThumbnail: updateThumbnailScale: mDisplayOrientation=2   mThumbnailInfo.screenOrientation=2
01-16 11:23:05.697  1235  1428 I         : Couldn't load Nwk Opt HAL service
01-16 11:23:05.697  1235  1428 I InputReader: Device reconfigured: id=3, name='NVTCapacitiveTouchScreen', size 1080x2340, orientation 1, mode 1, display id 0
01-16 11:23:05.699  1521  1521 D EventBus: [1521, u0] send(AppTransitionFinishedEvent)
01-16 11:23:05.699  1521  1521 D EventBus: [1521, u0]  -> ForcedResizableInfoActivityController [0xe5d95f1, P1] onBusEvent(AppTransitionFinishedEvent)
01-16 11:23:05.699  1521  1521 D EventBus: [1521, u0] onBusEvent(AppTransitionFinishedEvent) duration: 44 microseconds, avg: 44
01-16 11:23:05.704  1521  1993 D MobileSignalController: updateDataType mSelectedDataTypeIcon[0]=2131232929, mSelectedDataActivityIndex=6
01-16 11:23:05.705  1521  1993 D TelephonyIcons: getSignalStrengthIcon: slot=0, inetCondition=1, level=4, roaming=false, signalstrength=SignalStrength:{mCdma=CellSignalStrengthCdma: cdmaDbm=2147483647 cdmaEcio=2147483647 evdoDbm=2147483647 evdoEcio=2147483647 evdoSnr=2147483647 miuiLevel=0 level=0,mGsm=CellSignalStrengthGsm: rssi=2147483647 ber=2147483647 mTa=2147483647 miuiLevel=0 mLevel=0,mWcdma=CellSignalStrengthWcdma: ss=2147483647 ber=2147483647 rscp=2147483647 ecno=2147483647 miuiLevel=0 level=0,mTdscdma=CellSignalStrengthTdscdma: rssi=2147483647 ber=2147483647 rscp=2147483647 miuiLevel=0 level=0,mLte=CellSignalStrengthLte: rssi=2147483647 rsrp=-102 rsrq=-16 rssnr=-25 cqi=0 ta=0 miuiLevel=4 level=1,mNr=CellSignalStrengthNr:{ csiRsrp = 2147483647 csiRsrq = 2147483647 csiSinr = 2147483647 ssRsrp = 2147483647 ssRsrq = 2147483647 ssSinr = 2147483647 miuiLevel = 0 level = 0 },primary=CellSignalStrengthLte}, phoneId=0, mMtkLevel=-1, mMtkRsrpOnly=true, mMtkLteRsrpThreshold=null, mMtkLteRssnrThreshold=null
01-16 11:23:05.707  1521  1993 D TelephonyIcons: null signal icon name: drawable/stat_sys_signal_null
01-16 11:23:05.709  1521  1993 D TelephonyIcons: getDataTypeIcon sub=0
01-16 11:23:05.728 22920 22920 W InputConnectionWrapper: InputConnectionWrapper.recordDuration():1485 IPC IC_GET_TEXT_BEFORE_CURSOR took 137 ms
01-16 11:23:05.728 22920 22920 W InputConnectionWrapper: InputConnectionWrapper.recordDuration():1485 IPC IC_GET_TEXT_BEFORE_CURSOR_AND_FIX_SELECTION_INDICES took 137 ms
01-16 11:23:05.731 25501 27546 W NetworkScheduler: Error inserting flex_time=662000 job_id=-1 period=1326000 source=16 requires_charging=0 preferred_network_type=1 target_class=com.google.android.gms.measurement.PackageMeasurementTaskService user_id=0 target_package=com.google.android.gms tag=Measurement.PackageMeasurementTaskService.UPLOAD_TASK_TAG task_type=0 required_idleness_state=0 service_kind=0 source_version=204714000 persistence_level=1 preferred_charging_state=1 required_network_type=0 runtime=1610785385720 retry_strategy={"maximum_backoff_seconds":{"3600":0},"initial_backoff_seconds":{"30":0},"retry_policy":{"0":0}} last_runtime=0, error message: UNIQUE constraint failed: pending_ops.tag, pending_ops.target_class, pending_ops.target_package, pending_ops.user_id (code 2067 SQLITE_CONSTRAINT_UNIQUE) [CONTEXT service_id=218 ]
01-16 11:23:05.732  1235  1452 I MiuiNetworkPolicy: updateUidState uid = 99186, uidState = 11
01-16 11:23:05.732  1235  1452 I MiuiNetworkPolicy: updateUidState uid = 99075, uidState = 5
01-16 11:23:05.732  1235  1452 I MiuiNetworkPolicy: updateUidState uid = 10173, uidState = 11
01-16 11:23:05.732  1235  1452 I MiuiNetworkPolicy: updateUidState uid = 10053, uidState = 11
01-16 11:23:05.732  1235  1452 I MiuiNetworkPolicy: updateUidState uid = 10023, uidState = 3
01-16 11:23:05.732  1235  1452 I MiuiNetworkPolicy: updateUidState uid = 10005, uidState = 11
01-16 11:23:05.734  1235  1318 D LocationManagerService: request from uid 10173 is now background
01-16 11:23:05.734  1235  1318 D LocationManagerService: request from uid 10173 is now background
01-16 11:23:05.735  1235  1318 D LocationManagerService: Skip applyRequirementsLocked, provider: network provider.isUseableLocked(): false isBatterySaverDisablingLocation: false isSettingsExemptLocked(record): false record: UpdateRecord[network com.vkontakte.android(10173 background) Request[POWER_LOW network requested=0 fastest=0 num=1] null]
01-16 11:23:05.735  1235  1318 D LocationManagerService: Skip applyRequirementsLocked, provider: network provider.isUseableLocked(): false isBatterySaverDisablingLocation: false isSettingsExemptLocked(record): false record: UpdateRecord[network com.vkontakte.android(10173 background) Request[POWER_LOW network requested=0 fastest=0 num=1] null]
01-16 11:23:05.736  1235  1428 W InputDispatcher: [TouchInput][reader] notifyMotion - eventTime=282195629528000, deviceId=3, source=0x1002, policyFlags=0x0, action=0x1, flags=0x0, downTime=282195572170000, moveCount:0
