--------- beginning of main
01-10 23:03:01.621 10052 15395 I ADB_SERVICES: post waitpid (pid=15394) status=0000
01-10 23:03:01.621 10052 10052 I ADB_SERVICES: for fd 24, revents = 2011
01-10 23:03:01.621 10052 10052 I ADB_SERVICES: for fd 24, revents = 2011
01-10 23:03:01.663 10052 10052 I ADB_SERVICES: service_to_fd shell,v2,raw:am start -n com.YourCompany.Proj/com.epicgames.ue4.SplashActivity
--------- beginning of system
01-10 23:03:01.700  1235  3850 I ActivityTaskManager: START u0 {flg=0x10000000 cmp=com.YourCompany.Proj/com.epicgames.ue4.SplashActivity} from uid 2000
01-10 23:03:01.700  1235  3850 D MiuiMultiWindowAdapter: MiuiMultiWindowAdapter::getFreeformBlackList::sSmallWindowBlackList = [com.miui.securitycenter, com.miui.weather2, com.miui.miservice, com.android.calendar, com.xiaomi.calendar, com.android.contacts, com.miui.mishare.connectivity, com.android.settings, com.android.printspooler, com.miui.backup, com.miui.huanji, com.miui.calculator, com.android.deskclock, com.android.thememanager, com.mfashiongallery.emag, com.miui.virtualsim, com.miui.smarttravel, com.mi.health, com.android.camera, com.lbe.security.miui, com.miui.cleanmaster, com.miui.newhome, com.miui.voiceassist, com.android.phone, com.miui.yellowpage, com.android.updater, com.miui.tsmclient, com.miui.securitycore, com.xiaomi.account, com.xiaomi.shop, com.xiaomi.smarthome, com.mipay.wallet, com.xiaomi.youpin, com.xiaomi.hm.health, com.miui.bugreport, com.xiaomi.mibrain.speech, com.xiaomi.mimoji, com.xiaomi.scanner, com.duokan.phone.remotecontroller, com.miui.hybrid, com.android.incallui, com.miui.video, com.miui.videoplayer, com.miui.player, com.miui.fm, com.miui.packageinstaller, com.mi.android.globallauncher, com.mi.android.globallauncher-poco, com.google.android.dialer, com.google.android.apps.magazines, com.miui.compass, com.miui.greenguard, com.kiteguard, com.google.android.apps.prodcasts, com.google.ar.lens, com.xiangkan.android, com.android.bankabc, com.sohu.inputmethod.sogou, com.tencent.mtt, com.shyz.toutiao, com.netease.mc.mi, com.outfit7.talkingtomgoldrun.mi, com.doudz.mi, com.wepie.snake.new.mi, cn.jj, com.standddz002.mi, com.miHoYo.bh3.mi, com.qqgame.hlddz, com.happyelements.AndroidAnimal, com.minitech.miniworld.TMobile.mi, com.mfp.jelly.xiaomi, com.lilithgames.afk.mi, com.tencent.peng, com.teenpatti.hd.gold, blockpuzzle.jewelgames.jewelslegend, com.playgendary.tanks, com.chillingo.robberybobfree.android.row, com.episodeinteractive.android.catalog, com.playrix.township, com.ansangha.drdriving, com.google.android.youtube, com.gbits.atm.mi, com.tencent.tetris, com.sukhavati.gotoplaying.bubble.BubbleShooter.mint, com.youzu.bs.mi]
01-10 23:03:01.712   538   598 I power@1.3-impl: powerHintInternal hint:8, data:1
01-10 23:03:01.715   538   597 I libPowerHal: 8: cpu_ctrl set freq: 2000000 -1 2050000 -1
01-10 23:03:01.717  1235  3850 E BoostFramework: BoostFramework() : Exception_1 = java.lang.ClassNotFoundException: com.qualcomm.qti.Performance
01-10 23:03:01.718  1235  3850 E BoostFramework: BoostFramework() Ux Perf: Exception = java.lang.ClassNotFoundException: com.qualcomm.qti.UxPerformance
01-10 23:03:01.719  1235  3850 D PowerHalWrapper: <amsBoostResume> last:com.vkontakte.android, next:com.YourCompany.Proj 
01-10 23:03:01.722  1235  1776 D SensorService: SensorDevice::activate: ident=0x70a9a3ef80, handle=0x0000000c, enabled=0, count=1
01-10 23:03:01.722  1235  1776 D SensorService: disable index=0
01-10 23:03:01.722  1235  1776 D SensorService: 	>>> actuating h/w activate handle=12 enabled=0
01-10 23:03:01.722   794   794 I ScpFusion: enable, handle:14, en:0
01-10 23:03:01.722   582   582 I SurfaceFlinger: screenshot (com.vkontakte.android/com.vkontakte.android.MainActivity#0)
01-10 23:03:01.722   582   582 I SurfaceFlinger: isIncludeStatusBarAndNavBar (1)
01-10 23:03:01.723  1235  3850 D SensorService: 9 active sensors
01-10 23:03:01.723  1235  3850 D SensorService: removing connection 0x70a9a3ef80 for sensor[0].handle=0x00000006
01-10 23:03:01.723  1235  3850 D SensorService: removing connection 0x70a9a3ef80 for sensor[1].handle=0x00000007
01-10 23:03:01.723  1235  3850 D SensorService: removing connection 0x70a9a3ef80 for sensor[2].handle=0x00000008
01-10 23:03:01.723  1235  3850 D SensorService: removing connection 0x70a9a3ef80 for sensor[3].handle=0x00000009
01-10 23:03:01.723  1235  3850 D SensorService: removing connection 0x70a9a3ef80 for sensor[4].handle=0x0000000e
01-10 23:03:01.723  1235  3850 D SensorService: removing connection 0x70a9a3ef80 for sensor[5].handle=0x00000010
01-10 23:03:01.723  1235  3850 D SensorService: removing connection 0x70a9a3ef80 for sensor[6].handle=0x00000011
01-10 23:03:01.723  1235  3850 D SensorService: removing connection 0x70a9a3ef80 for sensor[7].handle=0x0000001c
01-10 23:03:01.723  1235  3850 D SensorService: removing connection 0x70a9a3ef80 for sensor[8].handle=0x0000001d
01-10 23:03:01.723 10052 15397 I ADB_SERVICES: post waitpid (pid=15396) status=0000
01-10 23:03:01.723 10052 10052 I ADB_SERVICES: for fd 24, revents = 2011
01-10 23:03:01.723 10052 10052 I ADB_SERVICES: for fd 24, revents = 2011
01-10 23:03:01.724  1235  1322 E system_server: Invalid ID 0x00000000.
01-10 23:03:01.725  1235  1322 D ViewRootImpl[Proj]: hardware acceleration = false , fakeHwAccelerated = true, sRendererDisabled = false, forceHwAccelerated = false, sSystemRendererDisabled = false
01-10 23:03:01.726  1235  3850 D SensorService: ~SensorEventConnection(0x70a9a3ef80)
01-10 23:03:01.729  1235  3851 I MediaFocusControl: abandonAudioFocus() from uid/pid 10173/6714 clientId=android.media.AudioManager@e2bbfd0h.v.b.f1.i.q@cf0d8d5
01-10 23:03:01.732  1235  3850 D WindowOrientationListener: WindowOrientationListener enabled clearCurrentRotation=true
01-10 23:03:01.733  1235  3850 D SensorService: Calling batch handle==20 flags=0rate=66667000 timeout== 0
01-10 23:03:01.733  1235  3850 D SensorService: SensorDevice::batch: ident=0x70a9a3ef80, handle=0x00000014, flags=0, period_ns=66667000 timeout=0
01-10 23:03:01.733  1235  3850 D SensorService: 	>>> curr_period=9223372036854775807 min_period=66667000 curr_timeout=0 min_timeout=0
01-10 23:03:01.733  1235  3850 D SensorService: 	>>> actuating h/w BATCH 0x00000014 66667000 0
01-10 23:03:01.733   794   794 I Situation: batch: handle:26, flag:0,samplingPeriodNs:66667000 maxBatchReportLatencyNs:0

01-10 23:03:01.734  1235  3850 D SensorService: Calling activate on 20
01-10 23:03:01.734  1235  3850 D SensorService: SensorDevice::activate: ident=0x70a9a3ef80, handle=0x00000014, enabled=1, count=1
01-10 23:03:01.734  1235  3850 D SensorService: enable index=0
01-10 23:03:01.734  1235  3850 D SensorService: 	>>> actuating h/w activate handle=20 enabled=1
01-10 23:03:01.734   794   794 I Situation: enable: handle:26, en:1 

01-10 23:03:01.736  1235  3850 I PowerHalWrapper: <setRotation> do boost with 2000ms 
01-10 23:03:01.737   582   625 I BufferQueue: [unnamed-582-3203](this:0x729a100800,id:3203,api:0,p:-1,c:-1) BufferQueue core=(582:/system/bin/surfaceflinger)
01-10 23:03:01.737   582   625 I BufferQueueConsumer: [unnamed-582-3203](this:0x729a100800,id:3203,api:0,p:-1,c:582) connect(C): consumer=(582:/system/bin/surfaceflinger) controlledByApp=false
01-10 23:03:01.737   582   625 I BufferQueueConsumer: [unnamed-582-3203](this:0x729a100800,id:3203,api:0,p:-1,c:582) setConsumerName: unnamed-582-3203
01-10 23:03:01.737   582   625 I BufferQueueConsumer: [ScreenshotSurface#0](this:0x729a100800,id:3203,api:0,p:-1,c:582) setConsumerName: ScreenshotSurface#0
01-10 23:03:01.737   582   625 I BufferQueueConsumer: [ScreenshotSurface#0](this:0x729a100800,id:3203,api:0,p:-1,c:582) setDefaultBufferSize: width=1080 height=2340
01-10 23:03:01.738  1235  1776 D SensorService: SensorDevice::activate: ident=0x70a9a3e800, handle=0x00000009, enabled=0, count=1
01-10 23:03:01.738  1235  1776 D SensorService: disable index=0
01-10 23:03:01.738  1235  1776 D SensorService: 	>>> actuating h/w activate handle=9 enabled=0
01-10 23:03:01.738   794   794 I ScpFusion: enable, handle:9, en:0
01-10 23:03:01.739  1235  1776 D SensorService: SensorDevice::activate: ident=0x70a9a3e800, handle=0x00000008, enabled=0, count=1
01-10 23:03:01.739  1235  1776 D SensorService: disable index=0
01-10 23:03:01.739  1235  1776 D SensorService: 	>>> actuating h/w activate handle=8 enabled=0
01-10 23:03:01.739   794   794 I ScpFusion: enable, handle:8, en:0
01-10 23:03:01.740  1235  1776 D SensorService: 0x70a9a3e800 removeFd fd=291
01-10 23:03:01.740  1235  1776 D SensorService: SensorDevice::activate: ident=0x70a9a3e800, handle=0x00000007, enabled=0, count=2
01-10 23:03:01.740  1235  1776 D SensorService: disable index=1
01-10 23:03:01.740  1235  1776 D SensorService: 	>>> actuating h/w batch 0x00000007 200000000 0
01-10 23:03:01.741  1235  1776 D SensorService: 8 active sensors
01-10 23:03:01.741  1235  1776 D SensorService: removing connection 0x70a9a3e800 for sensor[0].handle=0x00000006
01-10 23:03:01.741  1235  1776 D SensorService: removing connection 0x70a9a3e800 for sensor[1].handle=0x00000007
01-10 23:03:01.741  1235  1776 D SensorService: removing connection 0x70a9a3e800 for sensor[2].handle=0x0000000e
01-10 23:03:01.741  1235  1776 D SensorService: removing connection 0x70a9a3e800 for sensor[3].handle=0x00000010
01-10 23:03:01.741  1235  1776 D SensorService: removing connection 0x70a9a3e800 for sensor[4].handle=0x00000011
01-10 23:03:01.741  1235  1776 D SensorService: removing connection 0x70a9a3e800 for sensor[5].handle=0x00000014
01-10 23:03:01.741  1235  1776 D SensorService: removing connection 0x70a9a3e800 for sensor[6].handle=0x0000001c
01-10 23:03:01.741  1235  1776 D SensorService: removing connection 0x70a9a3e800 for sensor[7].handle=0x0000001d
01-10 23:03:01.741  1235  1776 D SensorService: ~SensorEventConnection(0x70a9a3e800)
01-10 23:03:01.753  1235  3850 E GraphicExt: GraphicExtModuleLoader::CreateGraphicExtInstance false
01-10 23:03:01.754   582   582 I SurfaceFlinger: screenshot (com.vkontakte.android/com.vkontakte.android.MainActivity#0)
01-10 23:03:01.754   582   582 I SurfaceFlinger: isIncludeStatusBarAndNavBar (1)
01-10 23:03:01.754   582   582 I SurfaceFlinger: screenshot (#0)
01-10 23:03:01.754   582   582 I SurfaceFlinger: isIncludeStatusBarAndNavBar (1)
01-10 23:03:01.754   582   582 I SurfaceFlinger: screenshot (StatusBar#0)
01-10 23:03:01.754   582   582 I SurfaceFlinger: isIncludeStatusBarAndNavBar (1)
01-10 23:03:01.754   582   582 I SurfaceFlinger: screenshot (NavigationBar#0)
01-10 23:03:01.754   582   582 I SurfaceFlinger: isIncludeStatusBarAndNavBar (1)
01-10 23:03:01.754   582   582 I SurfaceFlinger: screenshot (MiuiContrastOverlay#0)
01-10 23:03:01.754   582   582 I SurfaceFlinger: isIncludeStatusBarAndNavBar (1)
01-10 23:03:01.762  1235  2169 I GED     : ged_boost_gpu_freq, level 100, eOrigin 2, final_idx 27, oppidx_max 27, oppidx_min 0
01-10 23:03:01.781  1235  3850 D Surface : Surface::connect(this=0x70a9d91000,api=2)
01-10 23:03:01.781   582   625 I BufferQueueProducer: [ScreenshotSurface#0](this:0x729a100800,id:3203,api:2,p:1235,c:582) connect(P): api=2 producer=(1235:system_server) producerControlledByApp=false
01-10 23:03:01.783  1235  3850 D Surface : Surface::disconnect(this=0x70a9d91000,api=2)
01-10 23:03:01.783   582   625 I BufferQueueProducer: [ScreenshotSurface#0](this:0x729a100800,id:3203,api:2,p:1235,c:582) disconnect(P): api 2
01-10 23:03:01.789  1235  3850 I ActivityTaskManager: Config changes=20000480 {1.0 250mcc20mnc [ru_RU] ldltr sw490dp w981dp h463dp 352dpi nrml long land night finger -keyb/v/h -nav/h winConfig={ mBounds=Rect(0, 0 - 2340, 1080) mAppBounds=Rect(76, 0 - 2236, 1080) mWindowingMode=fullscreen mDisplayWindowingMode=fullscreen mActivityType=undefined mAlwaysOnTop=undefined mRotation=ROTATION_90} s.9457 themeChanged=0 themeChangedFlags=0 extraData = Bundle[{}]}
01-10 23:03:01.801  1235  3850 I ActivityTaskManager: Override config changes=20000480 {1.0 250mcc20mnc [ru_RU] ldltr sw490dp w981dp h463dp 352dpi nrml long land night finger -keyb/v/h -nav/h winConfig={ mBounds=Rect(0, 0 - 2340, 1080) mAppBounds=Rect(76, 0 - 2236, 1080) mWindowingMode=fullscreen mDisplayWindowingMode=fullscreen mActivityType=undefined mAlwaysOnTop=undefined mRotation=ROTATION_90} s.9457 themeChanged=0 themeChangedFlags=0 extraData = Bundle[{}]} for displayId=0
01-10 23:03:01.819 12657 12657 D FloatService:  newFontScale = 1.0 oldFontScale = 1.0
01-10 23:03:01.820 12657 12657 D FloatService:  newFontWeight = 50 oldFontWeight = 50
01-10 23:03:01.826 23873 23873 W GoogleInputMethodService: GoogleInputMethodService.onConfigurationChanged():1553 onConfigurationChanged() : NewConfig = {1.0 250mcc20mnc [ru_RU] ldltr sw490dp w981dp h463dp 352dpi nrml long land night finger -keyb/v/h -nav/h winConfig={ mBounds=Rect(0, 0 - 2340, 1080) mAppBounds=Rect(76, 0 - 2236, 1080) mWindowingMode=fullscreen mDisplayWindowingMode=fullscreen mActivityType=undefined mAlwaysOnTop=undefined mRotation=ROTATION_90} s.9522 themeChanged=0 themeChangedFlags=0 extraData = Bundle[{}]}
01-10 23:03:01.826 23873 23873 W KeyboardModeManager: KeyboardModeManager.reloadOrientationAwareData():456 reloadOrientationAwareData() : orientation = 2
01-10 23:03:01.827 23873 23873 I NormalModeController: NormalModeController.getKeyboardBodyViewHolderPaddingBottom():112 currentPrimeKeyboardType:SOFT systemPaddingBottom:-1
01-10 23:03:01.827   582   582 I SurfaceFlinger: screenshot (com.vkontakte.android/com.vkontakte.android.MainActivity#0)
01-10 23:03:01.827   582   582 I SurfaceFlinger: isIncludeStatusBarAndNavBar (1)
01-10 23:03:01.832 23873 23873 I KeyboardViewUtil: KeyboardViewUtil.getKeyboardHeightRatio():175 systemKeyboardHeightRatio:1.000000; userKeyboardHeightRatio:1.000000.
01-10 23:03:01.833 23873 23873 I AbstractOpenableExtension: AbstractOpenableExtension.maybeDestroyExistingKeyboardGroupManager():517 Destroy existing keyboard group manager in fvp
01-10 23:03:01.833 23873 23873 I AbstractOpenableExtension: AbstractOpenableExtension.createKeyboardGroupManagerListenableFuture():126 Create keyboard group manager listenable future in fvp
01-10 23:03:01.834 23873 23873 W KeyboardModeManager: KeyboardModeManager.setInputView():307 setInputView() : inputView = null
01-10 23:03:01.834 23873 23873 I NormalModeController: NormalModeController.getKeyboardBodyViewHolderPaddingBottom():112 currentPrimeKeyboardType:SOFT systemPaddingBottom:-1
01-10 23:03:01.835 23873 23873 I KeyboardModeManager: KeyboardModeManager.applyModeSpecificTheme():188 screenDiagonal is:6.118205
01-10 23:03:01.836 23873 23873 I GoogleInputMethodService: GoogleInputMethodService.initializeKeyboardTheme():1320 Apply keyboard theme: theme_stylesheet_materialdark_assets:theme_package_metadata_material_dark.binarypb_land_separate
01-10 23:03:01.837 23873 23873 I Environment: Environment.getDeviceMode():739 Get device mode by ui mode:1 and smallestScreenWidthDp:490
01-10 23:03:01.837 23873 23873 I chatty  : uid=10148(com.google.android.inputmethod.latin) identical 3 lines
01-10 23:03:01.837 23873 23873 I Environment: Environment.getDeviceMode():739 Get device mode by ui mode:1 and smallestScreenWidthDp:490
01-10 23:03:01.837 25519 25519 I Application: onConfigurationChanged:
01-10 23:03:01.837 23873 23873 I Environment: Environment.getDeviceMode():739 Get device mode by ui mode:1 and smallestScreenWidthDp:490
01-10 23:03:01.837 23873 23942 I Environment: Environment.getDeviceMode():739 Get device mode by ui mode:1 and smallestScreenWidthDp:490
01-10 23:03:01.837 23873 23942 I Environment: Environment.getDeviceMode():739 Get device mode by ui mode:1 and smallestScreenWidthDp:490
01-10 23:03:01.839 23873 15401 I KeyboardGroupDefParser: KeyboardGroupDefParser.parseKeyboardGroupDef():89 parseKeyboardGroupDef() 2132148488 -> extension_emoji_search_extension_view_m2 : WaitTime = 5 ms : RunTime = 0 ms
01-10 23:03:01.840   582   625 I BufferQueueConsumer: [NavigationBar#0](this:0x729a14d000,id:3198,api:1,p:1521,c:582) setDefaultBufferSize: width=104 height=1080
01-10 23:03:01.840   582   625 I BufferQueueConsumer: [StatusBar#0](this:0x729a054000,id:3,api:1,p:1521,c:582) setDefaultBufferSize: width=2340 height=61
01-10 23:03:01.840  1235  3850 I Timeline: Timeline: App_transition_ready time:61641837
01-10 23:03:01.842 23873 23873 I KeyboardViewUtil: KeyboardViewUtil.getKeyboardHeightRatio():175 systemKeyboardHeightRatio:1.000000; userKeyboardHeightRatio:1.000000.
01-10 23:03:01.843 23873 23873 I GoogleInputMethodService: GoogleInputMethodService.onStartInput():1887 
01-10 23:03:01.843 23873 23873 W SessionManager: SessionManager.beginSession():53 Try to begin an already begun session [INPUT_SESSION], end it first
01-10 23:03:01.844 23873 23873 I AbstractOpenableExtension: AbstractOpenableExtension$3.onSuccess():530 KeyboardGroupManager destroyed in fvp.
01-10 23:03:01.844 23873 23873 I Environment: Environment.getDeviceMode():739 Get device mode by ui mode:1 and smallestScreenWidthDp:490
01-10 23:03:01.845  1235  3850 I Timeline: Timeline: App_transition_ready time:61641841
01-10 23:03:01.844 23873 23873 I Environment: Environment.getDeviceMode():739 Get device mode by ui mode:1 and smallestScreenWidthDp:490
01-10 23:03:01.845  1235  1326 W system_server: Long monitor contention with owner Binder:1235_1C (3850) at void com.android.server.wm.ActivityTaskManagerService.activityPaused(android.os.IBinder)(ActivityTaskManagerService.java:1758) waiters=0 in android.app.ActivityManager$StackInfo com.android.server.wm.ActivityTaskManagerService.getFocusedStackInfo() for 113ms
01-10 23:03:01.846  1235  3851 W system_server: Long monitor contention with owner Binder:1235_1C (3850) at void com.android.server.wm.ActivityTaskManagerService.activityPaused(android.os.IBinder)(ActivityTaskManagerService.java:1758) waiters=1 in com.android.server.wm.WindowProcessController com.android.server.wm.ActivityTaskManagerService$LocalService.getTopApp() for 114ms
01-10 23:03:01.847   582   625 I BufferQueue: [unnamed-582-3204](this:0x729a055800,id:3204,api:0,p:-1,c:-1) BufferQueue core=(582:/system/bin/surfaceflinger)
01-10 23:03:01.847   582   625 I BufferQueueConsumer: [unnamed-582-3204](this:0x729a055800,id:3204,api:0,p:-1,c:582) connect(C): consumer=(582:/system/bin/surfaceflinger) controlledByApp=false
01-10 23:03:01.847   582   625 I BufferQueueConsumer: [unnamed-582-3204](this:0x729a055800,id:3204,api:0,p:-1,c:582) setConsumerName: unnamed-582-3204
01-10 23:03:01.847   582   625 I BufferQueueConsumer: [Splash Screen com.YourCompany.Proj#0](this:0x729a055800,id:3204,api:0,p:-1,c:582) setConsumerName: Splash Screen com.YourCompany.Proj#0
01-10 23:03:01.847   582   625 I BufferQueueConsumer: [Splash Screen com.YourCompany.Proj#0](this:0x729a055800,id:3204,api:0,p:-1,c:582) setDefaultBufferSize: width=2264 height=1080
01-10 23:03:01.850  1235  1322 I Timeline: Timeline: App_transition_ready time:61641847
01-10 23:03:01.851  1235  1322 E GraphicExt: GraphicExtModuleLoader::CreateGraphicExtInstance false
01-10 23:03:01.853  1235  3850 I Timeline: Timeline: App_transition_ready time:61641850
01-10 23:03:01.853 23873 23873 I GoogleInputMethodService: GoogleInputMethodService.lambda$setDecorViewApplyWindowInsetsListener$9():1042 update screenHeightWithoutNaviBar to: 976
01-10 23:03:01.854 23873 23873 I GoogleInputMethodService: GoogleInputMethodService.lambda$setDecorViewApplyWindowInsetsListener$9():1049 update max height when insets changes
01-10 23:03:01.855   582   625 I BufferQueueConsumer: [#0](this:0x727d104000,id:39,api:1,p:12657,c:582) setDefaultBufferSize: width=1 height=1
01-10 23:03:01.856  1235  2872 I Timeline: Timeline: App_transition_ready time:61641852
01-10 23:03:01.857  1235  2872 I Timeline: Timeline: App_transition_ready time:61641853
01-10 23:03:01.858  1235  2169 I GED     : ged_boost_gpu_freq, level 100, eOrigin 2, final_idx 27, oppidx_max 27, oppidx_min 0
01-10 23:03:01.858  1235  1322 D Surface : lockCanvas
01-10 23:03:01.858  1235  1322 D Surface : Surface::connect(this=0x70b7ce2000,api=2)
01-10 23:03:01.859   582   625 I BufferQueueProducer: [Splash Screen com.YourCompany.Proj#0](this:0x729a055800,id:3204,api:2,p:1235,c:582) connect(P): api=2 producer=(1235:system_server) producerControlledByApp=false
01-10 23:03:01.859  1521  1521 I vol.MiuiVolumeDialogImp: onConfigChanged sensitive config changed
01-10 23:03:01.859  1521  1521 I vol.MiuiVolumeDialogImp: dismissH mShowing:false dialog showing:false reason:8
01-10 23:03:01.860 12657 12827 D Surface : Surface::disconnect(this=0xe8636000,api=1)
01-10 23:03:01.860   582  2187 I BufferQueueProducer: [#0](this:0x727d104000,id:39,api:1,p:12657,c:582) disconnect(P): api 1
01-10 23:03:01.862   815   918 D AAL     : 01-10 11:03:01.745 BL= 109,ESS= 302, 01-10 11:03:01.779 BL= 110,ESS= 302, 01-10 11:03:01.831 BL= 109,ESS= 302, 
01-10 23:03:01.863 12657 12827 D Surface : Surface::connect(this=0xe8636000,api=1)
01-10 23:03:01.864  1235  1512 D MiuiFreeFormGestureController: displayConfigurationChange
01-10 23:03:01.865   582  2187 I BufferQueueProducer: [#0](this:0x727d104000,id:39,api:1,p:12657,c:582) connect(P): api=1 producer=(12657:com.miui.notes) producerControlledByApp=false
01-10 23:03:01.865  1235  1512 D MiuiFreeFormGesturePointerEventListener: updateScreenParams ori:2 mNotchBar:0 mDisplayRotation:1isNotchScreen:true
01-10 23:03:01.866 12657 12827 D mali_winsys: EGLint new_window_surface(egl_winsys_display *, void *, EGLSurface, EGLConfig, egl_winsys_surface **, EGLBoolean) returns 0x3000
01-10 23:03:01.866  1235  1321 D PowerHalWrapper: amsBoostProcessCreate package:com.YourCompany.Proj 
01-10 23:03:01.867 12657 12827 D Surface : Surface::setBufferCount(this=0xe8636000,bufferCount=3)
01-10 23:03:01.870  1235  1512 D MiuiFreeFormGestureController: displayConfigurationChange
01-10 23:03:01.871  1235  1452 I MiuiNetworkPolicy: updateUidState uid = 99021, uidState = 4
01-10 23:03:01.871  1235  1452 I MiuiNetworkPolicy: updateUidState uid = 10023, uidState = 2
01-10 23:03:01.871  1235  1319 W Looper  : Slow dispatch took 134ms android.ui h=com.android.server.am.ActivityManagerService$UiHandler c=null m=53
01-10 23:03:01.872  1235  2872 I Timeline: Timeline: App_transition_ready time:61641869
01-10 23:03:01.874  1235  1512 D MiuiFreeFormGesturePointerEventListener: updateScreenParams ori:2 mNotchBar:0 mDisplayRotation:1isNotchScreen:true
01-10 23:03:01.877  1521  1521 D QSTile.CellularTile:  callback=com.android.systemui.qs.QSPanel$1@85b4e52
01-10 23:03:01.878  1235  1322 I Timeline: Timeline: App_transition_ready time:61641875
01-10 23:03:01.878  1235  1322 I Timeline: Timeline: App_transition_stopped time:61641875
01-10 23:03:01.878   815   918 D AAL     : 01-10 11:03:01.862 BL= 109,ESS= 304, 
01-10 23:03:01.879  1521  1521 D QSTile.BluetoothTile:  callback=com.android.systemui.qs.QSPanel$1@105507f
01-10 23:03:01.880  1521  1521 D QSTile.WifiTile:  callback=com.android.systemui.qs.QSPanel$1@8c99111
01-10 23:03:01.880  1521  1521 D QSTile.FlashlightTile:  callback=com.android.systemui.qs.QSPanel$1@c15fd13
01-10 23:03:01.881  1521  1521 D QSTile.AutoBrightnessTile:  callback=com.android.systemui.qs.QSPanel$1@1d7b905
01-10 23:03:01.881  1235  1322 D Surface : lockCanvas
01-10 23:03:01.882  1521  1521 D QSTile.MuteTile:  callback=com.android.systemui.qs.QSPanel$1@c1ec567
01-10 23:03:01.889  1235  1321 I InputManager-JNI: Viewport [0] to add: local:0
01-10 23:03:01.891  1521  1840 D MobileSignalController: updateDataType mSelectedDataTypeIcon[0]=2131232929, mSelectedDataActivityIndex=6
01-10 23:03:01.891  1521  1840 D TelephonyIcons: getSignalStrengthIcon: slot=0, inetCondition=1, level=4, roaming=false, signalstrength=SignalStrength:{mCdma=CellSignalStrengthCdma: cdmaDbm=2147483647 cdmaEcio=2147483647 evdoDbm=2147483647 evdoEcio=2147483647 evdoSnr=2147483647 miuiLevel=0 level=0,mGsm=CellSignalStrengthGsm: rssi=2147483647 ber=2147483647 mTa=2147483647 miuiLevel=0 mLevel=0,mWcdma=CellSignalStrengthWcdma: ss=2147483647 ber=2147483647 rscp=2147483647 ecno=2147483647 miuiLevel=0 level=0,mTdscdma=CellSignalStrengthTdscdma: rssi=2147483647 ber=2147483647 rscp=2147483647 miuiLevel=0 level=0,mLte=CellSignalStrengthLte: rssi=2147483647 rsrp=-102 rsrq=-15 rssnr=15 cqi=0 ta=0 miuiLevel=4 level=2,mNr=CellSignalStrengthNr:{ csiRsrp = 2147483647 csiRsrq = 2147483647 csiSinr = 2147483647 ssRsrp = 2147483647 ssRsrq = 2147483647 ssSinr = 2147483647 miuiLevel = 0 level = 0 },primary=CellSignalStrengthLte}, phoneId=0, mMtkLevel=-1, mMtkRsrpOnly=true, mMtkLteRsrpThreshold=null, mMtkLteRssnrThreshold=null
01-10 23:03:01.892  1521  1840 D TelephonyIcons: null signal icon name: drawable/stat_sys_signal_null
01-10 23:03:01.892  1521  1840 D TelephonyIcons: getDataTypeIcon sub=0
01-10 23:03:01.892  1521  1840 D SlaveWifiSignalController: notifyListeners: false
01-10 23:03:01.892  1235  1428 I InputReader: Reconfiguring input devices.  changes=0x00000004
01-10 23:03:01.892  1521  1840 D QSTile.BluetoothTile: handleUpdateState: mTargetEnable = falsemController.getBluetoothState() = 10
01-10 23:03:01.892   497   497 D Zygote  : Forked child process 15405
01-10 23:03:01.893   389   389 I hwservicemanager: getTransport: Cannot find entry vendor.mediatek.hardware.nwk_opt@1.0::INwkOpt/default in either framework or device manifest.
01-10 23:03:01.893  1235  1428 I         : Couldn't load Nwk Opt HAL service
01-10 23:03:01.893  1235  1428 I InputReader: Device reconfigured: id=3, name='NVTCapacitiveTouchScreen', size 1080x2340, orientation 1, mode 1, display id 0
01-10 23:03:01.894  1235  1328 D Boost   : hostingType=activity, hostingName={com.YourCompany.Proj/com.epicgames.ue4.SplashActivity}, callerPackage=null, isSystem=true, isBoostNeeded=false.
01-10 23:03:01.895  1521  1521 D PhoneStatusBar/NavigationBarView: setDisabledFlags back:false home:false recent:false
01-10 23:03:01.898   496   496 D OemNetd : setPidForPackage: packageName=com.YourCompany.Proj, pid=15405, pid=10485
01-10 23:03:01.899  1235  1328 I ActivityManager: Start proc 15405:com.YourCompany.Proj/u0a485 for activity {com.YourCompany.Proj/com.epicgames.ue4.SplashActivity} caller=null
01-10 23:03:01.899  1521  1840 D MobileSignalController: updateDataType mSelectedDataTypeIcon[0]=2131232929, mSelectedDataActivityIndex=6
01-10 23:03:01.899  1521  1840 D TelephonyIcons: getSignalStrengthIcon: slot=0, inetCondition=1, level=4, roaming=false, signalstrength=SignalStrength:{mCdma=CellSignalStrengthCdma: cdmaDbm=2147483647 cdmaEcio=2147483647 evdoDbm=2147483647 evdoEcio=2147483647 evdoSnr=2147483647 miuiLevel=0 level=0,mGsm=CellSignalStrengthGsm: rssi=2147483647 ber=2147483647 mTa=2147483647 miuiLevel=0 mLevel=0,mWcdma=CellSignalStrengthWcdma: ss=2147483647 ber=2147483647 rscp=2147483647 ecno=2147483647 miuiLevel=0 level=0,mTdscdma=CellSignalStrengthTdscdma: rssi=2147483647 ber=2147483647 rscp=2147483647 miuiLevel=0 level=0,mLte=CellSignalStrengthLte: rssi=2147483647 rsrp=-102 rsrq=-15 rssnr=15 cqi=0 ta=0 miuiLevel=4 level=2,mNr=CellSignalStrengthNr:{ csiRsrp = 2147483647 csiRsrq = 2147483647 csiSinr = 2147483647 ssRsrp = 2147483647 ssRsrq = 2147483647 ssSinr = 2147483647 miuiLevel = 0 level = 0 },primary=CellSignalStrengthLte}, phoneId=0, mMtkLevel=-1, mMtkRsrpOnly=true, mMtkLteRsrpThreshold=null, mMtkLteRssnrThreshold=null
01-10 23:03:01.900  1521  1840 D TelephonyIcons: null signal icon name: drawable/stat_sys_signal_null
01-10 23:03:01.900  1521  1840 D TelephonyIcons: getDataTypeIcon sub=0
01-10 23:03:01.901  1521  1840 D SlaveWifiSignalController: notifyListeners: false
01-10 23:03:01.902  1521  1521 D QSControlCenterTileLayout: setExpanded:true
01-10 23:03:01.902 15405 15405 I ourCompany.Pro: Late-enabling -Xcheck:jni
01-10 23:03:01.909  1235  1322 I WindowManager: Screen frozen for +172ms due to Window{72df9af u0 Splash Screen com.YourCompany.Proj}
01-10 23:03:01.910  1521  1521 I vol.MiuiVolumeDialogImp: onConfigChanged not sensitive.
01-10 23:03:01.914  1521  1521 D PhoneStatusBar/NavigationBarView: setDisabledFlags back:false home:false recent:false
01-10 23:03:01.916 15405 15405 E ourCompany.Pro: Unknown bits set in runtime_flags: 0x8000
01-10 23:03:01.921  1521  1993 D NetworkController.MobileSignalController(1): 4G level = 4
01-10 23:03:01.928  1235  1452 I MiuiNetworkPolicy: updateUidState uid = 99021, uidState = 5
01-10 23:03:01.928  1235  1452 I MiuiNetworkPolicy: updateUidState uid = 10485, uidState = 20
01-10 23:03:01.928  1235  1452 I MiuiNetworkPolicy: updateUidState uid = 10173, uidState = 11
01-10 23:03:01.928  1235  1452 I MiuiNetworkPolicy: updateUidState uid = 10053, uidState = 11
01-10 23:03:01.928  1235  1452 I MiuiNetworkPolicy: updateUidState uid = 10023, uidState = 4
01-10 23:03:01.928  1235  1318 D LocationManagerService: request from uid 10173 is now background
01-10 23:03:01.929  1235  1318 I chatty  : uid=1000(system) android.fg identical 2 lines
01-10 23:03:01.929  1235  1318 D LocationManagerService: request from uid 10173 is now background
01-10 23:03:01.929  1235  1318 D LocationManagerService: Skip applyRequirementsLocked, provider: network provider.isUseableLocked(): false isBatterySaverDisablingLocation: false isSettingsExemptLocked(record): false record: UpdateRecord[network com.vkontakte.android(10173 background) Request[POWER_LOW network requested=0 fastest=0 num=1] null]
01-10 23:03:01.930  1235  1318 I chatty  : uid=1000(system) android.fg identical 2 lines
01-10 23:03:01.930  1235  1318 D LocationManagerService: Skip applyRequirementsLocked, provider: network provider.isUseableLocked(): false isBatterySaverDisablingLocation: false isSettingsExemptLocked(record): false record: UpdateRecord[network com.vkontakte.android(10173 background) Request[POWER_LOW network requested=0 fastest=0 num=1] null]
01-10 23:03:01.934  1521  1993 D MobileSignalController: updateDataType mSelectedDataTypeIcon[0]=2131232929, mSelectedDataActivityIndex=6
01-10 23:03:01.934  1521  1993 D TelephonyIcons: getSignalStrengthIcon: slot=0, inetCondition=1, level=4, roaming=false, signalstrength=SignalStrength:{mCdma=CellSignalStrengthCdma: cdmaDbm=2147483647 cdmaEcio=2147483647 evdoDbm=2147483647 evdoEcio=2147483647 evdoSnr=2147483647 miuiLevel=0 level=0,mGsm=CellSignalStrengthGsm: rssi=2147483647 ber=2147483647 mTa=2147483647 miuiLevel=0 mLevel=0,mWcdma=CellSignalStrengthWcdma: ss=2147483647 ber=2147483647 rscp=2147483647 ecno=2147483647 miuiLevel=0 level=0,mTdscdma=CellSignalStrengthTdscdma: rssi=2147483647 ber=2147483647 rscp=2147483647 miuiLevel=0 level=0,mLte=CellSignalStrengthLte: rssi=2147483647 rsrp=-102 rsrq=-15 rssnr=15 cqi=0 ta=0 miuiLevel=4 level=2,mNr=CellSignalStrengthNr:{ csiRsrp = 2147483647 csiRsrq = 2147483647 csiSinr = 2147483647 ssRsrp = 2147483647 ssRsrq = 2147483647 ssSinr = 2147483647 miuiLevel = 0 level = 0 },primary=CellSignalStrengthLte}, phoneId=0, mMtkLevel=-1, mMtkRsrpOnly=true, mMtkLteRsrpThreshold=null, mMtkLteRssnrThreshold=null
01-10 23:03:01.935  1521  1993 D TelephonyIcons: null signal icon name: drawable/stat_sys_signal_null
01-10 23:03:01.935  1521  1993 D TelephonyIcons: getDataTypeIcon sub=0
01-10 23:03:01.936  1235  2858 E Region  : Region::unflatten() failed, invalid region
01-10 23:03:01.936  1235  2858 E Region  : Region::unflatten() failed, invalid region
01-10 23:03:01.937  1521  1840 D QSTile.BluetoothTile: handleUpdateState: mTargetEnable = falsemController.getBluetoothState() = 10
01-10 23:03:01.946  1235  3850 V ActivityManager: New death recipient com.android.server.am.ActivityManagerService$AppDeathRecipient@e064a25 for thread android.os.BinderProxy@e307fa, pid:15405,mApp:null
01-10 23:03:01.953  1235  2872 E Region  : Region::unflatten() failed, invalid region
01-10 23:03:01.953  1235  2872 E Region  : Region::unflatten() failed, invalid region
01-10 23:03:01.954  9180  9199 I GST     : forePkg: com.YourCompany.Proj, preForePkg: com.vkontakte.android
01-10 23:03:01.955  2739 11757 I ProcessMonitor: onForegroundInfoChanged: ForegroundInfo{mForegroundPackageName='com.YourCompany.Proj', mForegroundUid=10485, mForegroundPid=15405, mLastForegroundPackageName='com.vkontakte.android', mLastForegroundUid=10173, mLastForegroundPid=6714, mMultiWindowForegroundPackageName='null', mMultiWindowForegroundUid=-1, mFlags=1}
01-10 23:03:01.955  2739 11757 I GameBoosterService: onForegroundInfoChanged: Cur=com.YourCompany.Proj	 last=com.vkontakte.android
01-10 23:03:01.955  1235  3850 D PowerHalWrapper: amsBoostNotify pid:15405,activity:com.epicgames.ue4.SplashActivity, package:com.YourCompany.Proj, mProcessCreatePackcom.YourCompany.Proj 
01-10 23:03:01.956   538   597 I libPowerHal: [perfNotifyAppState] foreground:com.YourCompany.Proj, pid:15405, uid:10485
01-10 23:03:01.957   538   597 E UxUtility: notifyAppState error = NULL
01-10 23:03:01.957   538   597 I powerd  : [powerd_req] POWER_MSG_NOTIFY_STATE, pc:1, com.vkontakte.android => com.YourCompany.Proj
01-10 23:03:01.960   582   582 I BufferQueueProducer: [FramebufferSurface](this:0x7282501800,id:0,api:1,p:582,c:582) queueBuffer: fps=1.17 dur=1710.96 max=899.59 min=811.37
01-10 23:03:01.961  2739 11757 D GameBoosterService: onGameStatusChange foreground:ForegroundInfo{mForegroundPackageName='com.YourCompany.Proj', mForegroundUid=10485, mForegroundPid=15405, mLastForegroundPackageName='com.vkontakte.android', mLastForegroundUid=10173, mLastForegroundPid=6714, mMultiWindowForegroundPackageName='null', mMultiWindowForegroundUid=-1, mFlags=1}
01-10 23:03:01.961  2739 11757 I GameBoosterService: onForegroundInfoChanged: Exit
01-10 23:03:01.962   582   582 I SurfaceFlinger: screenshot (Splash Screen com.YourCompany.Proj#0)
01-10 23:03:01.962   582   582 I SurfaceFlinger: isIncludeStatusBarAndNavBar (1)
01-10 23:03:01.962  2739 11757 I VideoBoxUtils: isSupportVideoBox: false
01-10 23:03:01.962   582   582 I SurfaceFlinger: screenshot (MiuiContrastOverlay#0)
01-10 23:03:01.962   582   582 I SurfaceFlinger: isIncludeStatusBarAndNavBar (1)
01-10 23:03:01.962   582   582 I SurfaceFlinger: screenshot (ScreenshotSurface#0)
01-10 23:03:01.962   582   582 I SurfaceFlinger: isIncludeStatusBarAndNavBar (1)
01-10 23:03:01.962   582   582 I SurfaceFlinger: screenshot (BlackSurface#0)
01-10 23:03:01.962   582   582 I SurfaceFlinger: isIncludeStatusBarAndNavBar (1)
01-10 23:03:01.962   582   582 I SurfaceFlinger: screenshot (BlackSurface#3)
01-10 23:03:01.962   582   582 I SurfaceFlinger: isIncludeStatusBarAndNavBar (1)
01-10 23:03:01.966  2739 11757 I VideoToolBoxService: onForegroundInfoChanged: Exit Vtb
01-10 23:03:01.966  1701  1701 W Launcher: onDisplayChanged: newRotation=1
01-10 23:03:01.967  1701  1701 W Launcher: onDisplayChanged: show views
01-10 23:03:01.969  1235  1452 I MiuiNetworkPolicy: updateUidState uid = 10485, uidState = 2
01-10 23:03:01.970  1521  1521 V KeyguardUpdateMonitor: *** register callback for com.android.keyguard.CarrierText$1@479d415
01-10 23:03:01.970  1235  2858 E Region  : Region::unflatten() failed, invalid region
01-10 23:03:01.970  1521  1521 V KeyguardUpdateMonitor: *** unregister callback for null
01-10 23:03:01.970  1235  2858 E Region  : Region::unflatten() failed, invalid region
01-10 23:03:01.973  1701  1701 D Launcher.ShortcutMenu: calculateScale, heightScale=1.0, widthScale=1.0
01-10 23:03:01.975  1701  1701 E TaskViewThumbnail: updateThumbnailScale: mDisplayOrientation=2   mThumbnailInfo.screenOrientation=2
01-10 23:03:01.984  1521  1521 D MobileSignalController: updateDataType mSelectedDataTypeIcon[0]=2131232929, mSelectedDataActivityIndex=6
01-10 23:03:01.984  1521  1521 D TelephonyIcons: getSignalStrengthIcon: slot=0, inetCondition=1, level=4, roaming=false, signalstrength=SignalStrength:{mCdma=CellSignalStrengthCdma: cdmaDbm=2147483647 cdmaEcio=2147483647 evdoDbm=2147483647 evdoEcio=2147483647 evdoSnr=2147483647 miuiLevel=0 level=0,mGsm=CellSignalStrengthGsm: rssi=2147483647 ber=2147483647 mTa=2147483647 miuiLevel=0 mLevel=0,mWcdma=CellSignalStrengthWcdma: ss=2147483647 ber=2147483647 rscp=2147483647 ecno=2147483647 miuiLevel=0 level=0,mTdscdma=CellSignalStrengthTdscdma: rssi=2147483647 ber=2147483647 rscp=2147483647 miuiLevel=0 level=0,mLte=CellSignalStrengthLte: rssi=2147483647 rsrp=-102 rsrq=-15 rssnr=15 cqi=0 ta=0 miuiLevel=4 level=2,mNr=CellSignalStrengthNr:{ csiRsrp = 2147483647 csiRsrq = 2147483647 csiSinr = 2147483647 ssRsrp = 2147483647 ssRsrq = 2147483647 ssSinr = 2147483647 miuiLevel = 0 level = 0 },primary=CellSignalStrengthLte}, phoneId=0, mMtkLevel=-1, mMtkRsrpOnly=true, mMtkLteRsrpThreshold=null, mMtkLteRssnrThreshold=null
01-10 23:03:01.986  1521  1521 D TelephonyIcons: null signal icon name: drawable/stat_sys_signal_null
01-10 23:03:01.986  1521  1521 D TelephonyIcons: getDataTypeIcon sub=0
01-10 23:03:01.986  1235  2872 E Region  : Region::unflatten() failed, invalid region
01-10 23:03:01.986  1235  2872 E Region  : Region::unflatten() failed, invalid region
01-10 23:03:01.987  1521  1521 D SlaveWifiSignalController: notifyListeners: false
01-10 23:03:01.987   582  2187 I BufferQueueProducer: [com.vkontakte.android/com.vkontakte.android.MainActivity#0](this:0x727aefc000,id:3202,api:1,p:6714,c:582) queueBuffer: fps=0.52 dur=1926.16 max=1926.16 min=1926.16
01-10 23:03:01.988  1521  1521 V KeyguardUpdateMonitor: *** register callback for com.android.keyguard.CarrierText$1@2b2b51b
01-10 23:03:01.988  1521  1521 V KeyguardUpdateMonitor: *** unregister callback for null
01-10 23:03:01.989  6714  6928 I GED     : ged_boost_gpu_freq, level 100, eOrigin 2, final_idx 27, oppidx_max 27, oppidx_min 0
01-10 23:03:02.000  1521  1521 D MobileSignalController: updateDataType mSelectedDataTypeIcon[0]=2131232929, mSelectedDataActivityIndex=6
01-10 23:03:02.000  1521  1521 D TelephonyIcons: getSignalStrengthIcon: slot=0, inetCondition=1, level=4, roaming=false, signalstrength=SignalStrength:{mCdma=CellSignalStrengthCdma: cdmaDbm=2147483647 cdmaEcio=2147483647 evdoDbm=2147483647 evdoEcio=2147483647 evdoSnr=2147483647 miuiLevel=0 level=0,mGsm=CellSignalStrengthGsm: rssi=2147483647 ber=2147483647 mTa=2147483647 miuiLevel=0 mLevel=0,mWcdma=CellSignalStrengthWcdma: ss=2147483647 ber=2147483647 rscp=2147483647 ecno=2147483647 miuiLevel=0 level=0,mTdscdma=CellSignalStrengthTdscdma: rssi=2147483647 ber=2147483647 rscp=2147483647 miuiLevel=0 level=0,mLte=CellSignalStrengthLte: rssi=2147483647 rsrp=-102 rsrq=-15 rssnr=15 cqi=0 ta=0 miuiLevel=4 level=2,mNr=CellSignalStrengthNr:{ csiRsrp = 2147483647 csiRsrq = 2147483647 csiSinr = 2147483647 ssRsrp = 2147483647 ssRsrq = 2147483647 ssSinr = 2147483647 miuiLevel = 0 level = 0 },primary=CellSignalStrengthLte}, phoneId=0, mMtkLevel=-1, mMtkRsrpOnly=true, mMtkLteRsrpThreshold=null, mMtkLteRssnrThreshold=null
01-10 23:03:02.001  1521  1521 D TelephonyIcons: null signal icon name: drawable/stat_sys_signal_null
01-10 23:03:02.001  1521  1521 D TelephonyIcons: getDataTypeIcon sub=0
01-10 23:03:02.001  1521  1521 D SlaveWifiSignalController: notifyListeners: false
01-10 23:03:02.003  1235  1762 E Region  : Region::unflatten() failed, invalid region
01-10 23:03:02.003  1235  1762 E Region  : Region::unflatten() failed, invalid region
01-10 23:03:02.004  1521  1521 D SignalClusterView: updateMobileTypeImage  0
01-10 23:03:02.006  1521  1521 D MobileSignalController: updateDataType mSelectedDataTypeIcon[0]=2131232929, mSelectedDataActivityIndex=6
01-10 23:03:02.006  1521  1521 D TelephonyIcons: getSignalStrengthIcon: slot=0, inetCondition=1, level=4, roaming=false, signalstrength=SignalStrength:{mCdma=CellSignalStrengthCdma: cdmaDbm=2147483647 cdmaEcio=2147483647 evdoDbm=2147483647 evdoEcio=2147483647 evdoSnr=2147483647 miuiLevel=0 level=0,mGsm=CellSignalStrengthGsm: rssi=2147483647 ber=2147483647 mTa=2147483647 miuiLevel=0 mLevel=0,mWcdma=CellSignalStrengthWcdma: ss=2147483647 ber=2147483647 rscp=2147483647 ecno=2147483647 miuiLevel=0 level=0,mTdscdma=CellSignalStrengthTdscdma: rssi=2147483647 ber=2147483647 rscp=2147483647 miuiLevel=0 level=0,mLte=CellSignalStrengthLte: rssi=2147483647 rsrp=-102 rsrq=-15 rssnr=15 cqi=0 ta=0 miuiLevel=4 level=2,mNr=CellSignalStrengthNr:{ csiRsrp = 2147483647 csiRsrq = 2147483647 csiSinr = 2147483647 ssRsrp = 2147483647 ssRsrq = 2147483647 ssSinr = 2147483647 miuiLevel = 0 level = 0 },primary=CellSignalStrengthLte}, phoneId=0, mMtkLevel=-1, mMtkRsrpOnly=true, mMtkLteRsrpThreshold=null, mMtkLteRssnrThreshold=null
01-10 23:03:02.007  1521  1521 D TelephonyIcons: null signal icon name: drawable/stat_sys_signal_null
01-10 23:03:02.007  1521  1521 D TelephonyIcons: getDataTypeIcon sub=0
01-10 23:03:02.007  6714  6714 I PlayCore: UID: [10173]  PID: [6714] AppUpdateListenerRegistry : unregisterListener
01-10 23:03:02.007  1521  1521 D SignalClusterView: updateMobileTypeImage  0
01-10 23:03:02.008  1521  1521 D SlaveWifiSignalController: notifyListeners: false
01-10 23:03:02.009  1521  1521 V KeyguardUpdateMonitor: *** register callback for com.android.systemui.BatteryMeterView$1@b6178f4
01-10 23:03:02.009  1521  1521 V KeyguardUpdateMonitor: *** unregister callback for null
01-10 23:03:02.014  1521  1521 D PhoneStatusBar/NavigationBarView: scaleType CENTER
01-10 23:03:02.016  1521  1521 D SignalClusterView: updateMobileTypeImage  0
01-10 23:03:02.016  1521  1521 D SignalClusterView: updateMobileTypeImage  0
01-10 23:03:02.020  1235  2858 E Region  : Region::unflatten() failed, invalid region
01-10 23:03:02.020  1235  2858 E Region  : Region::unflatten() failed, invalid region
01-10 23:03:02.023   815   919 D AAL     : onALIChanged: 7 -> 9
01-10 23:03:02.025  1521  1983 D Surface : Surface::disconnect(this=0x70ae2bb000,api=1)
01-10 23:03:02.025   582  1253 I BufferQueueProducer: [StatusBar#0](this:0x729a054000,id:3,api:1,p:1521,c:582) disconnect(P): api 1
01-10 23:03:02.026  1521  1983 D Surface : Surface::connect(this=0x70ae2bb000,api=1)
01-10 23:03:02.027   582  1253 I BufferQueueProducer: [StatusBar#0](this:0x729a054000,id:3,api:1,p:1521,c:582) connect(P): api=1 producer=(1521:com.android.systemui) producerControlledByApp=false
01-10 23:03:02.028  1521  1521 D SignalClusterView: updateMobileTypeImage  0
01-10 23:03:02.028  1521  1983 D mali_winsys: EGLint new_window_surface(egl_winsys_display *, void *, EGLSurface, EGLConfig, egl_winsys_surface **, EGLBoolean) returns 0x3000
01-10 23:03:02.028  1521  1983 D Surface : Surface::setBufferCount(this=0x70ae2bb000,bufferCount=3)
01-10 23:03:02.029  1521  1521 D SignalClusterView: updateMobileTypeImage  0
01-10 23:03:02.029  1521  1521 D SignalClusterView: updateMobileTypeImage  0
01-10 23:03:02.032  6714  6714 V PhoneWindow: DecorView setVisiblity: visibility = 4, Parent = android.view.ViewRootImpl@e06f341, this = DecorView@c5990e6[MainActivity]
01-10 23:03:02.036  6714  6928 D Surface : Surface::disconnect(this=0x6fa4776000,api=1)
01-10 23:03:02.036  1235  2858 E Region  : Region::unflatten() failed, invalid region
01-10 23:03:02.036  1235  2858 E Region  : Region::unflatten() failed, invalid region
01-10 23:03:02.036   582  2187 I BufferQueueProducer: [com.vkontakte.android/com.vkontakte.android.MainActivity#0](this:0x727aefc000,id:3202,api:1,p:6714,c:582) disconnect(P): api 1
01-10 23:03:02.050   582  1253 I BufferQueueProducer: [StatusBar#0](this:0x729a054000,id:3,api:1,p:1521,c:582) queueBuffer: fps=1.00 dur=2007.85 max=1133.79 min=874.05
01-10 23:03:02.053  1235  2872 E Region  : Region::unflatten() failed, invalid region
01-10 23:03:02.053  1235  2872 E Region  : Region::unflatten() failed, invalid region
01-10 23:03:02.057  1521  1983 D Surface : Surface::disconnect(this=0x70462d7000,api=1)
01-10 23:03:02.057  1521  1521 D PhoneStatusBar/NavigationBarView: setDisabledFlags back:false home:false recent:false
01-10 23:03:02.059   582  1253 I BufferQueueProducer: [NavigationBar#0](this:0x729a14d000,id:3198,api:1,p:1521,c:582) disconnect(P): api 1
01-10 23:03:02.059   582   582 I SurfaceFlinger: screenshot (Splash Screen com.YourCompany.Proj#0)
01-10 23:03:02.059   582   582 I SurfaceFlinger: isIncludeStatusBarAndNavBar (1)
01-10 23:03:02.059   582   582 I SurfaceFlinger: screenshot (MiuiContrastOverlay#0)
01-10 23:03:02.059   582   582 I SurfaceFlinger: isIncludeStatusBarAndNavBar (1)
01-10 23:03:02.059   582   582 I SurfaceFlinger: screenshot (ScreenshotSurface#0)
01-10 23:03:02.059   582   582 I SurfaceFlinger: isIncludeStatusBarAndNavBar (1)
01-10 23:03:02.059   582   582 I SurfaceFlinger: screenshot (BlackSurface#0)
01-10 23:03:02.059   582   582 I SurfaceFlinger: isIncludeStatusBarAndNavBar (1)
01-10 23:03:02.060  1521  1983 D Surface : Surface::connect(this=0x70462d7000,api=1)
01-10 23:03:02.062   582  1253 I BufferQueueProducer: [NavigationBar#0](this:0x729a14d000,id:3198,api:1,p:1521,c:582) connect(P): api=1 producer=(1521:com.android.systemui) producerControlledByApp=false
01-10 23:03:02.063  1521  1983 D mali_winsys: EGLint new_window_surface(egl_winsys_display *, void *, EGLSurface, EGLConfig, egl_winsys_surface **, EGLBoolean) returns 0x3000
01-10 23:03:02.063  1521  1983 D Surface : Surface::setBufferCount(this=0x70462d7000,bufferCount=3)
01-10 23:03:02.063  1521  1521 D PhoneStatusBar/NavigationBarView: onDraw
01-10 23:03:02.066   582  1253 I BufferQueueProducer: [NavigationBar#0](this:0x729a14d000,id:3198,api:1,p:1521,c:582) queueBuffer: fps=1.70 dur=19430.25 max=18892.08 min=9.97
01-10 23:03:02.067  1521  1521 D QSControlCenterTileLayout: onMeasure height:1147  showLines:5
01-10 23:03:02.072  1235  2858 E Region  : Region::unflatten() failed, invalid region
01-10 23:03:02.072  1235  2858 E Region  : Region::unflatten() failed, invalid region
01-10 23:03:02.073  1521  1521 D QSControlCenterTileLayout: onMeasure height:1147  showLines:5
01-10 23:03:02.075  1521  1521 D SignalClusterView: updateMobileTypeImage  0
01-10 23:03:02.082  1521  1521 D EventBus: [1521, u0] send(AppTransitionFinishedEvent)
01-10 23:03:02.082  1521  1521 D EventBus: [1521, u0]  -> ForcedResizableInfoActivityController [0xe5d95f1, P1] onBusEvent(AppTransitionFinishedEvent)
01-10 23:03:02.082  1521  1521 D EventBus: [1521, u0] onBusEvent(AppTransitionFinishedEvent) duration: 37 microseconds, avg: 38
01-10 23:03:02.082  1521  1521 D EventBus: [1521, u0] send(AppTransitionFinishedEvent)
01-10 23:03:02.083  1521  1521 D EventBus: [1521, u0]  -> ForcedResizableInfoActivityController [0xe5d95f1, P1] onBusEvent(AppTransitionFinishedEvent)
01-10 23:03:02.083  1521  1521 D EventBus: [1521, u0] onBusEvent(AppTransitionFinishedEvent) duration: 16 microseconds, avg: 38
01-10 23:03:02.083  1521  1521 D EventBus: [1521, u0] send(AppTransitionFinishedEvent)
01-10 23:03:02.083  1521  1521 D EventBus: [1521, u0]  -> ForcedResizableInfoActivityController [0xe5d95f1, P1] onBusEvent(AppTransitionFinishedEvent)
01-10 23:03:02.083  1521  1521 D EventBus: [1521, u0] onBusEvent(AppTransitionFinishedEvent) duration: 18 microseconds, avg: 38
01-10 23:03:02.084  1521  1521 D StatusBarTypeControllerImpl:  statusbar cutout type from DRIP to NONE
01-10 23:03:02.085  1521  1521 D StatusBar: switchStatusBarFragment cutouttype: NONE targetFragment: CollapsedStatusBarFragment{27e7cb4 #1 id=0x7f0a0434 CollapsedStatusBarFragmentNONE}
01-10 23:03:02.086  1235  1762 E Region  : Region::unflatten() failed, invalid region
01-10 23:03:02.086  1235  1762 E Region  : Region::unflatten() failed, invalid region
01-10 23:03:02.088  1521  1521 D StatusBar: updateFragmentsVisibility cutouttype: NONE
01-10 23:03:02.092  1521  1521 D EventBus: [1521, u0] send(AppTransitionFinishedEvent)
01-10 23:03:02.093  1521  1521 D EventBus: [1521, u0]  -> ForcedResizableInfoActivityController [0xe5d95f1, P1] onBusEvent(AppTransitionFinishedEvent)
01-10 23:03:02.093  1521  1521 D EventBus: [1521, u0] onBusEvent(AppTransitionFinishedEvent) duration: 33 microseconds, avg: 38
01-10 23:03:02.093  1521  1521 D StatusBar: disable<e i a s b h r c s > disable2<q i n g r >
01-10 23:03:02.093  1521  1521 D StatusBarClock:  isNormalMode= true clock visible=true
01-10 23:03:02.095  1521  1521 D SignalClusterView: updateMobileTypeImage  0
01-10 23:03:02.096  1521  1521 I chatty  : uid=1000(system) com.android.systemui identical 6 lines
01-10 23:03:02.096  1521  1521 D SignalClusterView: updateMobileTypeImage  0
01-10 23:03:02.097  1521  1521 D BluetoothController: fireStateChange
01-10 23:03:02.097  1521  1521 D PhoneStatusBarPolicy: updateBluetooth bluetoothEnabled = false bluetoothBattery visible=false
01-10 23:03:02.097  1521  1521 D QSTile.BluetoothTile: onBluetoothStateChange: enabled = false
01-10 23:03:02.098 25501  8595 W NetworkScheduler: Error inserting flex_time=2040000 job_id=-1 period=4082000 source=16 requires_charging=0 preferred_network_type=1 target_class=com.google.android.gms.measurement.PackageMeasurementTaskService user_id=0 target_package=com.google.android.gms tag=Measurement.PackageMeasurementTaskService.UPLOAD_TASK_TAG task_type=0 required_idleness_state=0 service_kind=0 source_version=204714000 persistence_level=1 preferred_charging_state=1 required_network_type=0 runtime=1610308982093 retry_strategy={"maximum_backoff_seconds":{"3600":0},"initial_backoff_seconds":{"30":0},"retry_policy":{"0":0}} last_runtime=0, error message: UNIQUE constraint failed: pending_ops.tag, pending_ops.target_class, pending_ops.target_package, pending_ops.user_id (code 2067 SQLITE_CONSTRAINT_UNIQUE) [CONTEXT service_id=218 ]
01-10 23:03:02.099  1521  1840 D QSTile.BluetoothTile: handleUpdateState: mTargetEnable = falsemController.getBluetoothState() = 10
01-10 23:03:02.100  1521  1521 D SignalClusterView: updateMobileTypeImage  0
01-10 23:03:02.100  1521  1521 I chatty  : uid=1000(system) com.android.systemui identical 6 lines
01-10 23:03:02.101  1521  1521 D SignalClusterView: updateMobileTypeImage  0
01-10 23:03:02.103  1521  1521 D StatusBar: onNotificationRemoved key=0|android|0|com.android.server.wm.AlertWindowNotification - com.miui.notes|1000 reason=8
01-10 23:03:02.103  1521  1521 D SignalClusterView: updateMobileTypeImage  0
01-10 23:03:02.103  1235  2858 E Region  : Region::unflatten() failed, invalid region
