11-30 15:55:14.213 31768 31768 D UE4     : [GameActivity] Found DepthBufferPreference = 0

11-30 15:55:14.213 31768 31768 D UE4     : [GameActivity] Found bPackageDataInsideApk = 0

11-30 15:55:14.213 31768 31768 D UE4     : [GameActivity] Found ProjectName = Proj

11-30 15:55:14.213 31768 31768 D UE4     : [GameActivity] Found AppType = 

11-30 15:55:14.213 31768 31768 D UE4     : [GameActivity] Found bHasOBBFiles = 0

11-30 15:55:14.213 31768 31768 D UE4     : [GameActivity] Found bVerifyOBBOnStartUp = false

11-30 15:55:14.213 31768 31768 D UE4     : [GameActivity] UI hiding set to true

11-30 15:55:14.213 31768 31768 D UE4     : [GameActivity] BuildConfiguration set to Development

11-30 15:55:14.213 31768 31768 D UE4     : [GameActivity] UseExternalFilesDir set to false

11-30 15:55:14.213 31768 31768 D UE4     : [GameActivity] PublicLogFiles set to false

11-30 15:55:14.214 31768 31768 D UE4     : [GameActivity] AllowIMU set to true

11-30 15:55:14.214 31768 31768 D UE4     : [GameActivity] SupportsVulkan set to false

11-30 15:55:14.214 31768 31768 D UE4     : [GameActivity] No Oculus Mobile mode detected.

11-30 15:55:14.218 31768 31768 D UE4     : [GameActivity] Using commandline from: /storage/emulated/0/UE4Game/Proj/UE4CommandLine.txt

11-30 15:55:14.218 31768 31768 D UE4     : [GameActivity] Parsing commandline: ../../../Proj/Proj.uproject  /Game/Proj/Maps/Transit -Messaging -SessionId=C928F0CC468E631D5792E6B3FE859A37 -SessionOwner="neret" -SessionName="Launch On Device" -iterative

11-30 15:55:14.241 31768 31768 D UE4     : [GameActivity] Hardware: MT6797M

11-30 15:55:14.241 31768 31768 D UE4     : [GameActivity] ro.hardware: mt6797

11-30 15:55:14.243 31768 31768 D UE4     : [GameActivity] Memory: 3727 MB

11-30 15:55:14.247 31768 31768 D UE4     : [GameActivity] UseAffinity: false

11-30 15:55:14.247 31768 31768 D UE4     : [GameActivity] BigCoreMask: 0xffff

11-30 15:55:14.247 31768 31768 D UE4     : [GameActivity] LittleCoreMask: 0x0

11-30 15:55:14.247 31768 31768 D UE4     : [GameActivity] APK path: /data/app/com.YourCompany.Proj-1/base.apk

11-30 15:55:14.247 31768 31768 D UE4     : [GameActivity] OBB in APK: false

11-30 15:55:14.247 31768 31768 D UE4     : InternalFilePath found as '/data/user/0/com.YourCompany.Proj/files'

11-30 15:55:14.247 31768 31768 D UE4     : ExternalFilePath found as '/storage/emulated/0/Android/data/com.YourCompany.Proj/files'

11-30 15:55:14.247 31768 31768 D UE4     : App is running in Landscape

11-30 15:55:14.247 31768 31768 D UE4     : [GameActivity] Android version is 6.0

11-30 15:55:14.248 31768 31768 D UE4     : [GameActivity] Android manufacturer is Xiaomi

11-30 15:55:14.248 31768 31768 D UE4     : [GameActivity] Android model is Redmi Note 4X

11-30 15:55:14.248 31768 31768 D UE4     : [GameActivity] Android build number is MRA58K

11-30 15:55:14.248 31768 31768 D UE4     : [GameActivity] OS language is set to ru_RU

11-30 15:55:14.248 31768 31768 D UE4     : [GameActivity] Debugger attached is false

11-30 15:55:14.249 31768 31795 D UE4     : [GameActivity] Used memory: 73655

11-30 15:55:14.283 31768 31787 D NativeCrypto: doing handshake ++

11-30 15:55:14.283 31768 31787 D NativeCrypto: ssl=0xf3993000 info_callback where=0x1001 ret=1

11-30 15:55:14.283 31768 31787 D NativeCrypto: ssl=0xf3993000 SSL_connect:3RSH_A SSLv3 read server hello A

11-30 15:55:14.283 31768 31787 D NativeCrypto: ssl=0xf3993000 info_callback ignored

11-30 15:55:14.283 31768 31787 D NativeCrypto: ssl=0xf3993000 info_callback where=0x1002 ret=-1

11-30 15:55:14.283 31768 31787 D NativeCrypto: ssl=0xf3993000 SSL_connect:error exit in 3RSC_A SSLv3 read server certificate A

11-30 15:55:14.283 31768 31787 D NativeCrypto: ssl=0xf3993000 info_callback ignored

11-30 15:55:14.283 31768 31787 D NativeCrypto: doing handshake -- ret=-1

11-30 15:55:14.283 31768 31787 D NativeCrypto: ssl=0xf3993000 NativeCrypto_SSL_do_handshake ret=-1 errno=11 sslError=2 timeout_millis=2000

11-30 15:55:14.285 31768 31787 D NativeCrypto: doing handshake ++

11-30 15:55:14.285 31768 31787 D NativeCrypto: ssl=0xf3993000 info_callback where=0x1002 ret=-1

11-30 15:55:14.285 31768 31787 D NativeCrypto: ssl=0xf3993000 SSL_connect:error exit in 3RSC_A SSLv3 read server certificate A

11-30 15:55:14.285 31768 31787 D NativeCrypto: ssl=0xf3993000 info_callback ignored

11-30 15:55:14.285 31768 31787 D NativeCrypto: doing handshake -- ret=-1

11-30 15:55:14.285 31768 31787 D NativeCrypto: ssl=0xf3993000 NativeCrypto_SSL_do_handshake ret=-1 errno=11 sslError=2 timeout_millis=2000

11-30 15:55:14.289 31768 31787 D NativeCrypto: doing handshake ++

11-30 15:55:14.289 31768 31787 E NativeCrypto: ssl=0xf3993000 cert_verify_callback x509_store_ctx=0xf37f9edc arg=0x0

11-30 15:55:14.289 31768 31787 E NativeCrypto: ssl=0xf3993000 cert_verify_callback calling verifyCertificateChain authMethod=ECDHE_RSA

11-30 15:55:14.299   363   847 I MAL-Daemon: mdfx_event_do_statistic(): [STATISTIC] TID = 847 has used 4387224 bytes!!

11-30 15:55:14.299   363   847 W MAL-Daemon: event_get_last_addr(): No data available!!

11-30 15:55:14.299   363   847 I MAL-Daemon: mdfx_event_do_statistic(): [STATISTIC] TID = 847 has used 4341324 bytes!!

11-30 15:55:14.299  1216  1260 I WindowManager:   FREEZE Surface(name=ScreenshotSurface): DESTROY

11-30 15:55:14.299   363   844 I MAL-Daemon: [SIM_MNGR] 1102 EN_SIM:atcmd = (AT+ESIMAPP=0,0)

11-30 15:55:14.299   363   847 I MAL-Daemon: mdfx_event_do_statistic(): [STATISTIC] TID = 847 has used 4341328 bytes!!

11-30 15:55:14.299   363   844 W MAL-Daemon: event_get_last_addr(): No data available!!

11-30 15:55:14.299   363   825 D MAL-Daemon: mdmngr_task_hdl(), receive event = 101 (vendor/mediatek/proprietary/frameworks/opt/mal/entity/mdmngr/mdmngr.c:36)

11-30 15:55:14.299   363   825 D MAL-Daemon: EVENT_MDMNGR_ATCMD_REQ@MDMNGR, priv_data = f719ee80, channel = 3, cmd = (AT+ESIMAPP=0,0) (vendor/mediatek/proprietary/frameworks/opt/mal/entity/mdmngr/mdmngr.c:67)

11-30 15:55:14.299   363   825 W MAL-Daemon: event_get_last_addr(): No data available!!

11-30 15:55:14.299   363   842 E MAL-Daemon: rilproxy_task_hdl(), receive event = 401

11-30 15:55:14.299   363   842 D MAL-Daemon: send ril request, request_id = 2130, serial_no = 116bc00, length = 20000000, send_size = 32(20), fd = 30

11-30 15:55:14.299   363   847 I MAL-Daemon: mdfx_event_do_statistic(): [STATISTIC] TID = 847 has used 4341332 bytes!!

11-30 15:55:14.299   363   847 I MAL-Daemon: mdfx_event_do_statistic(): [STATISTIC] TID = 847 has used 4341328 bytes!!

11-30 15:55:14.301  1216  1372 I libPerfService: [perfScnDisable] scenario:2

11-30 15:55:14.302  1216  1260 D DisplayManagerService: Display 0 hasContent flag changed: hasContent=true, inTraversal=true

11-30 15:55:14.303   363   840 D MAL-Daemon: recv ril resp, length = 28, type = 0, result = 0, serial_no = 116bc00

11-30 15:55:14.303   363   840 D MAL-Daemon: event_id = 401

11-30 15:55:14.303   363   840 I MAL-Daemon: mdfx_event_do_statistic(): [STATISTIC] TID = 840 has used 1740081744 bytes!!

11-30 15:55:14.303   363   840 I MAL-Daemon: mdfx_event_do_statistic(): [STATISTIC] TID = 840 has used 1740035844 bytes!!

11-30 15:55:14.303   363   840 I MAL-Daemon: mdfx_event_do_statistic(): [STATISTIC] TID = 840 has used 1739989944 bytes!!

11-30 15:55:14.303   363   825 D MAL-Daemon: mdmngr_task_hdl(), receive event = 102 (vendor/mediatek/proprietary/frameworks/opt/mal/entity/mdmngr/mdmngr.c:36)

11-30 15:55:14.303   363   825 D MAL-Daemon: EVENT_MDMNGR_ATCMD_RESP@MDMNGR (vendor/mediatek/proprietary/frameworks/opt/mal/entity/mdmngr/mdmngr.c:115)

11-30 15:55:14.303   363   825 D MAL-Daemon: event_req = f719ee80, ID = 101 (vendor/mediatek/proprietary/frameworks/opt/mal/entity/mdmngr/mdmngr.c:122)

11-30 15:55:14.303   363   825 D MAL-Daemon: atcmd_resp->priv_data = f719eb00 (vendor/mediatek/proprietary/frameworks/opt/mal/entity/mdmngr/mdmngr.c:125)

11-30 15:55:14.303   363   844 E MAL-Daemon: [SIM_MNGR]  297 EN_SIM:Non cache data request()!!

11-30 15:55:14.303   363   844 I MAL-Daemon: [SIM_MNGR] 1434 EN_SIM:EVENT_MDMNGR_ATCMD_RESP,event_id = 205, event_req = 0xf719eb00, result = 1, str = (ERROR


11-30 15:55:14.303   363   844 I MAL-Daemon: )

11-30 15:55:14.303   363   844 I MAL-Daemon: [SIM_MNGR] 1485 EN_SIM:atcmd = (AT+ESIMAPP=0)

11-30 15:55:14.304   363   844 W MAL-Daemon: event_get_last_addr(): No data available!!

11-30 15:55:14.304   363   825 D MAL-Daemon: mdmngr_task_hdl(), receive event = 101 (vendor/mediatek/proprietary/frameworks/opt/mal/entity/mdmngr/mdmngr.c:36)

11-30 15:55:14.304   363   825 D MAL-Daemon: EVENT_MDMNGR_ATCMD_REQ@MDMNGR, priv_data = f719ea80, channel = 3, cmd = (AT+ESIMAPP=0) (vendor/mediatek/proprietary/frameworks/opt/mal/entity/mdmngr/mdmngr.c:67)

11-30 15:55:14.304   363   825 W MAL-Daemon: event_get_last_addr(): No data available!!

11-30 15:55:14.304   363   842 E MAL-Daemon: rilproxy_task_hdl(), receive event = 401

11-30 15:55:14.304   363   842 D MAL-Daemon: send ril request, request_id = 2130, serial_no = 116bd00, length = 20000000, send_size = 32(20), fd = 30

11-30 15:55:14.306 31768 31787 D NativeCrypto: ssl=0xf3993000 cert_verify_callback => 1

11-30 15:55:14.306 31768 31787 D NativeCrypto: ssl=0xf3993000 info_callback where=0x1001 ret=1

11-30 15:55:14.306 31768 31787 D NativeCrypto: ssl=0xf3993000 SSL_connect:3RSC_A SSLv3 read server certificate A

11-30 15:55:14.306 31768 31787 D NativeCrypto: ssl=0xf3993000 info_callback ignored

11-30 15:55:14.307   363   840 D MAL-Daemon: recv ril resp, length = 28, type = 0, result = 0, serial_no = 116bd00

11-30 15:55:14.307   363   840 D MAL-Daemon: event_id = 401

11-30 15:55:14.307   363   840 I MAL-Daemon: mdfx_event_do_statistic(): [STATISTIC] TID = 840 has used 1740035844 bytes!!

11-30 15:55:14.307   363   840 I MAL-Daemon: mdfx_event_do_statistic(): [STATISTIC] TID = 840 has used 1739989944 bytes!!

11-30 15:55:14.307   363   840 I MAL-Daemon: mdfx_event_do_statistic(): [STATISTIC] TID = 840 has used 1739944044 bytes!!

11-30 15:55:14.307   363   825 D MAL-Daemon: mdmngr_task_hdl(), receive event = 102 (vendor/mediatek/proprietary/frameworks/opt/mal/entity/mdmngr/mdmngr.c:36)

11-30 15:55:14.307   363   825 D MAL-Daemon: EVENT_MDMNGR_ATCMD_RESP@MDMNGR (vendor/mediatek/proprietary/frameworks/opt/mal/entity/mdmngr/mdmngr.c:115)

11-30 15:55:14.307   363   825 D MAL-Daemon: event_req = f719ea80, ID = 101 (vendor/mediatek/proprietary/frameworks/opt/mal/entity/mdmngr/mdmngr.c:122)

11-30 15:55:14.307   363   825 D MAL-Daemon: atcmd_resp->priv_data = f719eb00 (vendor/mediatek/proprietary/frameworks/opt/mal/entity/mdmngr/mdmngr.c:125)

11-30 15:55:14.307   363   844 E MAL-Daemon: [SIM_MNGR]  297 EN_SIM:Non cache data request()!!

11-30 15:55:14.307 31768 31787 D NativeCrypto: ssl=0xf3993000 info_callback where=0x1001 ret=1

11-30 15:55:14.307 31768 31787 D NativeCrypto: ssl=0xf3993000 SSL_connect:3RSKEA SSLv3 read server key exchange A

11-30 15:55:14.307 31768 31787 D NativeCrypto: ssl=0xf3993000 info_callback ignored

11-30 15:55:14.307   363   844 I MAL-Daemon: [SIM_MNGR] 1434 EN_SIM:EVENT_MDMNGR_ATCMD_RESP,event_id = 205, event_req = 0xf719eb00, result = 1, str = (ERROR


11-30 15:55:14.307   363   844 I MAL-Daemon: )

11-30 15:55:14.307 31768 31787 D NativeCrypto: ssl=0xf3993000 info_callback where=0x1001 ret=1

11-30 15:55:14.307 31768 31787 D NativeCrypto: ssl=0xf3993000 SSL_connect:3RSD_A SSLv3 read server done A

11-30 15:55:14.307 31768 31787 D NativeCrypto: ssl=0xf3993000 info_callback ignored

11-30 15:55:14.307   363   847 I MAL-Daemon: mdfx_event_do_statistic(): [STATISTIC] TID = 847 has used 4387228 bytes!!

11-30 15:55:14.307   363   847 I MAL-Daemon: mdfx_event_do_statistic(): [STATISTIC] TID = 847 has used 4341328 bytes!!

11-30 15:55:14.307   363   847 W MAL-Daemon: [SIM_MNGR]  185 EN_SIM:simmngr_cache_load() SIM Type need retry result=1!!

11-30 15:55:14.313 31768 31787 D NativeCrypto: ssl=0xf3993000 info_callback where=0x1001 ret=1

11-30 15:55:14.313 31768 31787 D NativeCrypto: ssl=0xf3993000 SSL_connect:3WCKEA SSLv3 write client key exchange A

11-30 15:55:14.313 31768 31787 D NativeCrypto: ssl=0xf3993000 info_callback ignored

11-30 15:55:14.313 31768 31787 D NativeCrypto: ssl=0xf3993000 info_callback where=0x1001 ret=1

11-30 15:55:14.313 31768 31787 D NativeCrypto: ssl=0xf3993000 SSL_connect:3WCCSA SSLv3 write change cipher spec A

11-30 15:55:14.313 31768 31787 D NativeCrypto: ssl=0xf3993000 info_callback ignored

11-30 15:55:14.313 31768 31787 D NativeCrypto: ssl=0xf3993000 info_callback where=0x1001 ret=1

11-30 15:55:14.313 31768 31787 D NativeCrypto: ssl=0xf3993000 SSL_connect:3WFINA SSLv3 write finished A

11-30 15:55:14.313 31768 31787 D NativeCrypto: ssl=0xf3993000 info_callback ignored

11-30 15:55:14.313 31768 31787 D NativeCrypto: ssl=0xf3993000 info_callback where=0x1001 ret=1

11-30 15:55:14.313 31768 31787 D NativeCrypto: ssl=0xf3993000 SSL_connect:3FLUSH SSLv3 flush data

11-30 15:55:14.313 31768 31787 D NativeCrypto: ssl=0xf3993000 info_callback ignored

11-30 15:55:14.313 31768 31787 D NativeCrypto: ssl=0xf3993000 info_callback where=0x1002 ret=-1

11-30 15:55:14.313 31768 31787 D NativeCrypto: ssl=0xf3993000 SSL_connect:error exit in UNKWN  SSLv3 read server session ticket A

11-30 15:55:14.313 31768 31787 D NativeCrypto: ssl=0xf3993000 info_callback ignored

11-30 15:55:14.313 31768 31787 D NativeCrypto: doing handshake -- ret=-1

11-30 15:55:14.313 31768 31787 D NativeCrypto: ssl=0xf3993000 NativeCrypto_SSL_do_handshake ret=-1 errno=11 sslError=2 timeout_millis=2000

11-30 15:55:14.316   356   356 I BufferQueueConsumer: [ScreenshotSurface](this:0x7fa3fa3c00,id:3006,api:1,p:-1,c:-1) disconnect(C)

11-30 15:55:14.316   356   356 I BufferQueueConsumer: [BlackSurface](this:0x7fa3f9ec00,id:3007,api:0,p:-1,c:-1) disconnect(C)

11-30 15:55:14.316   356   356 I BufferQueueConsumer: [BlackSurface](this:0x7fa3fa5000,id:3008,api:0,p:-1,c:-1) disconnect(C)

11-30 15:55:14.316   356   356 I BufferQueueConsumer: [BlackSurface](this:0x7fa3fa6400,id:3009,api:0,p:-1,c:-1) disconnect(C)

11-30 15:55:14.316   356   356 I BufferQueueConsumer: [BlackSurface](this:0x7fa3fa7800,id:3010,api:0,p:-1,c:-1) disconnect(C)

11-30 15:55:14.316   356   356 I BufferQueue: [ScreenshotSurface](this:0x7fa3fa3c00,id:3006,api:1,p:-1,c:-1) ~BufferQueueCore

11-30 15:55:14.316   356   356 I BufferQueue: [BlackSurface](this:0x7fa3f9ec00,id:3007,api:0,p:-1,c:-1) ~BufferQueueCore

11-30 15:55:14.317   356   356 I BufferQueue: [BlackSurface](this:0x7fa3fa5000,id:3008,api:0,p:-1,c:-1) ~BufferQueueCore

11-30 15:55:14.317   356   356 I BufferQueue: [BlackSurface](this:0x7fa3fa6400,id:3009,api:0,p:-1,c:-1) ~BufferQueueCore

11-30 15:55:14.317   356   356 I BufferQueue: [BlackSurface](this:0x7fa3fa7800,id:3010,api:0,p:-1,c:-1) ~BufferQueueCore

11-30 15:55:14.317   356   356 D GraphicBuffer: free, handle(0x7faa95d960) (w:1080 h:1920 s:1088 f:0x1 u:0x000b33)

11-30 15:55:14.317   356   356 I [MALI][Gralloc]: [-]hnd(0x7faa95d960), client(30), share_fd(77)

11-30 15:55:14.317 31768 31768 D SurfaceView: checkSurfaceViewlLogProperty get invalid command

11-30 15:55:14.331   517   935 E VT      : [SRV] [VT THREAD] [VT_Bind] Fail to connect . retry count: 351406

11-30 15:55:14.331 31768 31768 W PopupManager: You have not specified a View to use as content view for popups. Falling back to the Activity content view. Note that this may not work as expected in multi-screen environments

11-30 15:55:14.332 31768 31768 D UE4     : [GameActivity] googleClient is valid

11-30 15:55:14.332 31768 31768 D UE4     : [GameActivity] ==============> GameActive.onCreate complete!

11-30 15:55:14.333 31768 31768 D UE4     : [GameActivity] Creating console command broadcast listener

11-30 15:55:14.333 31768 31793 D UE4     : LogAndroidEvents::EnqueueAppEvent : 9, [width=-1, height=-1], tid = 31793, APP_EVENT_STATE_ON_START

11-30 15:55:14.334 31768 31768 D UE4     : [GameActivity] ==================================> Inside onStart function in GameActivity

11-30 15:55:14.334 31768 31768 V UE4     : [GameApp] App in foreground

11-30 15:55:14.334 31768 31768 V ActivityThread: Performing resume of ActivityRecord{9f4a991 token=android.os.BinderProxy@ffc90f6 {com.YourCompany.Proj/com.epicgames.ue4.GameActivity}}

11-30 15:55:14.336 31768 31793 D UE4     : Case APP_CMD_RESUME

11-30 15:55:14.336 31768 31768 D UE4     : [GameActivity] === Restoring Transparent Bars ===

11-30 15:55:14.337 31768 31793 D UE4     : LogAndroidEvents::EnqueueAppEvent : 7, [width=-1, height=-1], tid = 31793, APP_EVENT_STATE_ON_RESUME

11-30 15:55:14.337 31768 31768 D UE4     : [GameActivity] ==============> [JAVA] AndroidThunkJava_KeepScreenOn(false) - Enabled screen saver

11-30 15:55:14.337 31768 31768 D UE4     : [GameActivity] Registering sensor listeners

11-30 15:55:14.341  1216  2404 D SensorService: Calling batch handle==8002 flags=0rate=20000000 timeout== 0

11-30 15:55:14.341  1216  2404 D SensorService: SensorDevice::batch: ident=0x7f33f6c680, handle=0x00001f42, flags=0, period_ns=20000000 timeout=0

11-30 15:55:14.341  1216  2404 D SensorService: 	>>> curr_period=66667000 min_period=20000000 curr_timeout=0 min_timeout=0

11-30 15:55:14.341  1216  2404 D SensorService: Calling activate on 8002

11-30 15:55:14.341  1216  2404 D SensorService: SensorDevice::activate: ident=0x7f33f6c680, handle=0x00001f42, enabled=1, count=2

11-30 15:55:14.341  1216  2404 D SensorService: enable index=0

11-30 15:55:14.341  1216  2404 D SensorService: 	>>> actuating h/w setDelay 8002 20000000

11-30 15:55:14.341  1216  2404 E Sensors : handleToDriver handle(8001)

11-30 15:55:14.341  1216  2404 E Sensors : new setDelay handle(8001),ns(20000000)m, error(0), index(2)

11-30 15:55:14.342  1216  2229 D SensorService: Calling batch handle==8003 flags=0rate=40000000 timeout== 0

11-30 15:55:14.342  1216  2229 D SensorService: SensorDevice::batch: ident=0x7f33f6c680, handle=0x00001f43, flags=0, period_ns=40000000 timeout=0

11-30 15:55:14.342  1216  2229 D SensorService: 	>>> curr_period=-1 min_period=40000000 curr_timeout=-1 min_timeout=0

11-30 15:55:14.342  1216  2229 D SensorService: Calling activate on 8003

11-30 15:55:14.342  1216  2229 D SensorService: SensorDevice::activate: ident=0x7f33f6c680, handle=0x00001f43, enabled=1, count=1

11-30 15:55:14.342  1216  2229 D SensorService: enable index=0

11-30 15:55:14.342  1216  2229 D SensorService: 	>>> actuating h/w activate handle=8003 enabled=1

11-30 15:55:14.342  1216  2229 D Sensors : activate handle =8002, enable = 1

11-30 15:55:14.342  1216  2229 E Sensors : handleToDriver handle(8002)

11-30 15:55:14.342  1216  2229 D Sensors : use new sensor index=31, mSensors[index](609dd800)

11-30 15:55:14.363  1216  2229 E bsthal  : attribute /sys/bus/platform/drivers/msensor/rept_xy does not exist:No such file or directory

11-30 15:55:14.363  1216  2229 E bsthal  : attribute /sys/bus/platform/drivers/msensor/rept_z does not exist:No such file or directory

11-30 15:55:14.365  1216  2229 D bsthal  : bst virtual int BstSensor::enable(int32_t, int), 173 

11-30 15:55:14.365  1216  2229 D SensorService: 	>>> actuating h/w setDelay 8003 40000000

11-30 15:55:14.365  1216  2229 E Sensors : handleToDriver handle(8002)

11-30 15:55:14.366  1216  2229 E bsthal  : bst_sensor_data_rate_update sensor 8002, sampling_rate 40000000ns

11-30 15:55:14.366  1216  2229 E Sensors : new setDelay handle(8002),ns(40000000)m, error(0), index(31)

11-30 15:55:14.366  1216  2218 D SensorService: Calling batch handle==8005 flags=0rate=20000000 timeout== 0

11-30 15:55:14.366  1216  2218 D SensorService: SensorDevice::batch: ident=0x7f33f6c680, handle=0x00001f45, flags=0, period_ns=20000000 timeout=0

11-30 15:55:14.366  1216  2218 D SensorService: 	>>> curr_period=-1 min_period=20000000 curr_timeout=-1 min_timeout=0

11-30 15:55:14.366  1216  2218 D SensorService: Calling activate on 8005

11-30 15:55:14.366  1216  2218 D SensorService: SensorDevice::activate: ident=0x7f33f6c680, handle=0x00001f45, enabled=1, count=1

11-30 15:55:14.366  1216  2218 D SensorService: enable index=0

11-30 15:55:14.366  1216  2218 D SensorService: 	>>> actuating h/w activate handle=8005 enabled=1

11-30 15:55:14.366  1216  2218 D Sensors : activate handle =8004, enable = 1

11-30 15:55:14.366  1216  2218 E Sensors : handleToDriver handle(8004)

11-30 15:55:14.366  1216  2218 D Sensors : use new sensor index=31, mSensors[index](609dd800)

11-30 15:55:14.386  1216  1372 D PerfServiceManager: [PerfService] MESSAGE_TIMEOUT:101 

11-30 15:55:14.386  1216  1372 I libPerfService: [perfScnDisable] scenario:1

11-30 15:55:14.407   363   847 I MAL-Daemon: mdfx_event_do_statistic(): [STATISTIC] TID = 847 has used 4387228 bytes!!

11-30 15:55:14.407   363   847 W MAL-Daemon: event_get_last_addr(): No data available!!

11-30 15:55:14.407   363   847 I MAL-Daemon: mdfx_event_do_statistic(): [STATISTIC] TID = 847 has used 4341328 bytes!!

11-30 15:55:14.408   363   847 I MAL-Daemon: mdfx_event_do_statistic(): [STATISTIC] TID = 847 has used 4341332 bytes!!

11-30 15:55:14.408   363   847 I MAL-Daemon: mdfx_event_do_statistic(): [STATISTIC] TID = 847 has used 4341336 bytes!!

11-30 15:55:14.408   363   844 I MAL-Daemon: [SIM_MNGR] 1102 EN_SIM:atcmd = (AT+ESIMAPP=0,0)

11-30 15:55:14.408   363   847 I MAL-Daemon: mdfx_event_do_statistic(): [STATISTIC] TID = 847 has used 4341332 bytes!!

11-30 15:55:14.408   363   844 W MAL-Daemon: event_get_last_addr(): No data available!!

11-30 15:55:14.408   363   825 D MAL-Daemon: mdmngr_task_hdl(), receive event = 101 (vendor/mediatek/proprietary/frameworks/opt/mal/entity/mdmngr/mdmngr.c:36)

11-30 15:55:14.408   363   825 D MAL-Daemon: EVENT_MDMNGR_ATCMD_REQ@MDMNGR, priv_data = f719e600, channel = 3, cmd = (AT+ESIMAPP=0,0) (vendor/mediatek/proprietary/frameworks/opt/mal/entity/mdmngr/mdmngr.c:67)

11-30 15:55:14.408   363   825 W MAL-Daemon: event_get_last_addr(): No data available!!

11-30 15:55:14.408   363   842 E MAL-Daemon: rilproxy_task_hdl(), receive event = 401

11-30 15:55:14.408   363   842 D MAL-Daemon: send ril request, request_id = 2130, serial_no = 116be00, length = 20000000, send_size = 32(20), fd = 30

11-30 15:55:14.411   363   840 D MAL-Daemon: recv ril resp, length = 28, type = 0, result = 0, serial_no = 116be00

11-30 15:55:14.411   363   840 D MAL-Daemon: event_id = 401

11-30 15:55:14.411   363   840 I MAL-Daemon: mdfx_event_do_statistic(): [STATISTIC] TID = 840 has used 1739989944 bytes!!

11-30 15:55:14.411   363   840 I MAL-Daemon: mdfx_event_do_statistic(): [STATISTIC] TID = 840 has used 1739944044 bytes!!

11-30 15:55:14.411   363   840 I MAL-Daemon: mdfx_event_do_statistic(): [STATISTIC] TID = 840 has used 1739898144 bytes!!

11-30 15:55:14.411   363   825 D MAL-Daemon: mdmngr_task_hdl(), receive event = 102 (vendor/mediatek/proprietary/frameworks/opt/mal/entity/mdmngr/mdmngr.c:36)

11-30 15:55:14.411   363   825 D MAL-Daemon: EVENT_MDMNGR_ATCMD_RESP@MDMNGR (vendor/mediatek/proprietary/frameworks/opt/mal/entity/mdmngr/mdmngr.c:115)

11-30 15:55:14.411   363   825 D MAL-Daemon: event_req = f719e600, ID = 101 (vendor/mediatek/proprietary/frameworks/opt/mal/entity/mdmngr/mdmngr.c:122)

11-30 15:55:14.411   363   825 D MAL-Daemon: atcmd_resp->priv_data = f719ee80 (vendor/mediatek/proprietary/frameworks/opt/mal/entity/mdmngr/mdmngr.c:125)

11-30 15:55:14.411   363   844 E MAL-Daemon: [SIM_MNGR]  297 EN_SIM:Non cache data request()!!

11-30 15:55:14.411   363   844 I MAL-Daemon: [SIM_MNGR] 1434 EN_SIM:EVENT_MDMNGR_ATCMD_RESP,event_id = 205, event_req = 0xf719ee80, result = 1, str = (ERROR


11-30 15:55:14.411   363   844 I MAL-Daemon: )

11-30 15:55:14.411   363   844 I MAL-Daemon: [SIM_MNGR] 1485 EN_SIM:atcmd = (AT+ESIMAPP=0)

11-30 15:55:14.411   363   844 W MAL-Daemon: event_get_last_addr(): No data available!!

11-30 15:55:14.411   363   825 D MAL-Daemon: mdmngr_task_hdl(), receive event = 101 (vendor/mediatek/proprietary/frameworks/opt/mal/entity/mdmngr/mdmngr.c:36)

11-30 15:55:14.411   363   825 D MAL-Daemon: EVENT_MDMNGR_ATCMD_REQ@MDMNGR, priv_data = f719ea80, channel = 3, cmd = (AT+ESIMAPP=0) (vendor/mediatek/proprietary/frameworks/opt/mal/entity/mdmngr/mdmngr.c:67)

11-30 15:55:14.411   363   825 W MAL-Daemon: event_get_last_addr(): No data available!!

11-30 15:55:14.411   363   842 E MAL-Daemon: rilproxy_task_hdl(), receive event = 401

11-30 15:55:14.411   363   842 D MAL-Daemon: send ril request, request_id = 2130, serial_no = 116bf00, length = 20000000, send_size = 32(20), fd = 30

11-30 15:55:14.414   363   840 D MAL-Daemon: recv ril resp, length = 28, type = 0, result = 0, serial_no = 116bf00

11-30 15:55:14.414   363   840 D MAL-Daemon: event_id = 401

11-30 15:55:14.414   363   840 I MAL-Daemon: mdfx_event_do_statistic(): [STATISTIC] TID = 840 has used 1739944044 bytes!!

11-30 15:55:14.414   363   840 I MAL-Daemon: mdfx_event_do_statistic(): [STATISTIC] TID = 840 has used 1739898144 bytes!!

11-30 15:55:14.414   363   840 I MAL-Daemon: mdfx_event_do_statistic(): [STATISTIC] TID = 840 has used 1739852244 bytes!!

11-30 15:55:14.414   363   825 D MAL-Daemon: mdmngr_task_hdl(), receive event = 102 (vendor/mediatek/proprietary/frameworks/opt/mal/entity/mdmngr/mdmngr.c:36)

11-30 15:55:14.414   363   825 D MAL-Daemon: EVENT_MDMNGR_ATCMD_RESP@MDMNGR (vendor/mediatek/proprietary/frameworks/opt/mal/entity/mdmngr/mdmngr.c:115)

11-30 15:55:14.414   363   825 D MAL-Daemon: event_req = f719ea80, ID = 101 (vendor/mediatek/proprietary/frameworks/opt/mal/entity/mdmngr/mdmngr.c:122)

11-30 15:55:14.414   363   825 D MAL-Daemon: atcmd_resp->priv_data = f719ee80 (vendor/mediatek/proprietary/frameworks/opt/mal/entity/mdmngr/mdmngr.c:125)

11-30 15:55:14.414   363   844 E MAL-Daemon: [SIM_MNGR]  297 EN_SIM:Non cache data request()!!

11-30 15:55:14.414   363   844 I MAL-Daemon: [SIM_MNGR] 1434 EN_SIM:EVENT_MDMNGR_ATCMD_RESP,event_id = 205, event_req = 0xf719ee80, result = 1, str = (ERROR


11-30 15:55:14.414   363   844 I MAL-Daemon: )

11-30 15:55:14.414   363   847 I MAL-Daemon: mdfx_event_do_statistic(): [STATISTIC] TID = 847 has used 4387232 bytes!!

11-30 15:55:14.414   363   847 I MAL-Daemon: mdfx_event_do_statistic(): [STATISTIC] TID = 847 has used 4341332 bytes!!

11-30 15:55:14.414   363   847 W MAL-Daemon: [SIM_MNGR]  185 EN_SIM:simmngr_cache_load() SIM Type need retry result=1!!

11-30 15:55:14.425  1216  2218 D bsthal  : bst virtual int BstSensor::enable(int32_t, int), 173 

11-30 15:55:14.425  1216  2218 D SensorService: 	>>> actuating h/w setDelay 8005 20000000

11-30 15:55:14.425  1216  2218 E Sensors : handleToDriver handle(8004)

11-30 15:55:14.425  1216  2218 E bsthal  : bst_sensor_data_rate_update sensor 8004, sampling_rate 20000000ns

11-30 15:55:14.425  1216  2218 E Sensors : new setDelay handle(8004),ns(20000000)m, error(0), index(31)

11-30 15:55:14.426 31768 31768 D UE4     : App is running in Landscape

11-30 15:55:14.426 31768 31768 D UE4     : [GameActivity] === Restoring Transparent Bars ===

11-30 15:55:14.426 31768 31768 D UE4     : [GameActivity] ==============> Resuming main init

11-30 15:55:14.433 31768 31792 D UE4     : APK Commandline: ../../../Proj/Proj.uproject  /Game/TwinStickBP/Maps/TwinStickExampleMap -Messaging -SessionId=8684ED034511FF551A11A1B472446FB5 -SessionOwner="neret" -SessionName="Launch On Device" -iterative

11-30 15:55:14.434 31768 31792 D UE4     : Override Commandline: ../../../Proj/Proj.uproject  /Game/Proj/Maps/Transit -Messaging -SessionId=C928F0CC468E631D5792E6B3FE859A37 -SessionOwner="neret" -SessionName="Launch On Device" -iterative

11-30 15:55:14.434 31768 31792 D UE4     : Final commandline: ../../../Proj/Proj.uproject  /Game/Proj/Maps/Transit -Messaging -SessionId=C928F0CC468E631D5792E6B3FE859A37 -SessionOwner="neret" -SessionName="Launch On Device" -iterative

11-30 15:55:14.434 31768 31792 D UE4     : Created sync event

11-30 15:55:14.436 31768 31768 D UE4     : [GameActivity] ==============> GameActive.onResume complete!

11-30 15:55:14.436 31768 31768 D ActivityThread: ACT-AM_ON_RESUME_CALLED ActivityRecord{9f4a991 token=android.os.BinderProxy@ffc90f6 {com.YourCompany.Proj/com.epicgames.ue4.GameActivity}}

11-30 15:55:14.436 31768 31768 V ActivityThread: Resume ActivityRecord{9f4a991 token=android.os.BinderProxy@ffc90f6 {com.YourCompany.Proj/com.epicgames.ue4.GameActivity}} started activity: false, hideForNow: false, finished: false

11-30 15:55:14.437 31768 31768 V PhoneWindow: DecorView setVisiblity: visibility = 4 ,Parent =null, this =com.android.internal.policy.PhoneWindow$DecorView{7294dcd I.E...... R.....I. 0,0-0,0}

11-30 15:55:14.437 31768 31768 D WindowClient: Add to mViews: com.android.internal.policy.PhoneWindow$DecorView{7294dcd I.E...... R.....I. 0,0-0,0}, this = android.view.WindowManagerGlobal@534a3da

11-30 15:55:14.438 31768 31794 D OpenGLRenderer: CanvasContext() 0xeef57800

11-30 15:55:14.438 31768 31768 D ViewRootImpl: hardware acceleration is enabled, this = ViewRoot{ceafe4a com.YourCompany.Proj/com.epicgames.ue4.GameActivity,ident = 1}

11-30 15:55:14.440  1216  2168 D WindowManager: addWindowToListInOrderLocked: win=Window{c24ee6b u0 com.YourCompany.Proj/com.epicgames.ue4.GameActivity} Callers=com.android.server.wm.WindowManagerService.addWindow:2797 com.android.server.wm.Session.addToDisplay:181 android.view.IWindowSession$Stub.onTransact:124 com.android.server.wm.Session.onTransact:143 

11-30 15:55:14.442 31768 31768 V ActivityThread: Resuming ActivityRecord{9f4a991 token=android.os.BinderProxy@ffc90f6 {com.YourCompany.Proj/com.epicgames.ue4.GameActivity}} with isForward=false

11-30 15:55:14.442 31768 31768 V PhoneWindow: DecorView setVisiblity: visibility = 0 ,Parent =ViewRoot{ceafe4a com.YourCompany.Proj/com.epicgames.ue4.GameActivity,ident = 1}, this =com.android.internal.policy.PhoneWindow$DecorView{7294dcd V.E...... R.....I. 0,0-0,0}

11-30 15:55:14.442 31768 31768 V ActivityThread: Scheduling idle handler for ActivityRecord{9f4a991 token=android.os.BinderProxy@ffc90f6 {com.YourCompany.Proj/com.epicgames.ue4.GameActivity}}

11-30 15:55:14.444   356   356 I BufferQueue: [unnamed-356-3011](this:0x7fa3fa7800,id:3011,api:0,p:-1,c:-1) BufferQueue core=(356:/system/bin/surfaceflinger)

11-30 15:55:14.444   356   356 I BufferQueueConsumer: [unnamed-356-3011](this:0x7fa3fa7800,id:3011,api:0,p:-1,c:356) connect(C): consumer=(356:/system/bin/surfaceflinger) controlledByApp=false

11-30 15:55:14.444   356   356 I BufferQueueConsumer: [unnamed-356-3011](this:0x7fa3fa7800,id:3011,api:0,p:-1,c:356) setConsumerName: unnamed-356-3011

11-30 15:55:14.444   356   356 I BufferQueueConsumer: [com.YourCompany.Proj/com.epicgames.ue4.GameActivity](this:0x7fa3fa7800,id:3011,api:0,p:-1,c:356) setConsumerName: com.YourCompany.Proj/com.epicgames.ue4.GameActivity

11-30 15:55:14.445   356   356 I BufferQueueConsumer: [com.YourCompany.Proj/com.epicgames.ue4.GameActivity](this:0x7fa3fa7800,id:3011,api:0,p:-1,c:356) setDefaultBufferSize: width=1 height=1

11-30 15:55:14.446  1216  2205 V WindowManager: Looking for focus: 10 = Window{632bd84 u0 StatusBar}, flags=-2122055608, canReceive=false

11-30 15:55:14.446  1216  2205 V WindowManager: findFocusedWindow: No focusable windows.

11-30 15:55:14.451   356   356 I BufferQueueConsumer: [com.YourCompany.Proj/com.epicgames.ue4.GameActivity](this:0x7fa3fa7800,id:3011,api:0,p:-1,c:356) setDefaultBufferSize: width=1920 height=1080

11-30 15:55:14.455 31768 31794 D OpenGLRenderer: CanvasContext() 0xeef54000 initialize window=0xedca8d08, title=com.YourCompany.Proj/com.epicgames.ue4.GameActivity

11-30 15:55:14.455 31768 31768 D Surface : Surface::allocateBuffers(this=0xedca8d00)

11-30 15:55:14.455   356   458 D BufferQueueProducer: [](this:0x7fa3fa7800,id:3011,api:0,p:-1,c:356) allocateBuffers: allocating from 0 buffers up to 4 buffers

11-30 15:55:14.455 31768 31794 I OpenGLRenderer: Initialized EGL, version 1.4

11-30 15:55:14.456 31768 31794 D OpenGLRenderer: Created EGL context (0xb3e4f180)

11-30 15:55:14.456  1216 11384 D PerfShielderService: com.android.systemui|StatusBar|259|176116034906736|146|0|2

11-30 15:55:14.456   356   458 I [MALI][Gralloc]: [+]hnd(0x7faa449f00), client(30), share_fd(56), hnd->flags:4

11-30 15:55:14.457 31768 31794 I OpenGLRenderer: Get enable program binary service property (1)

11-30 15:55:14.457  2163  2179 W MiuiPerfServiceClient: interceptAndQueuing:1452|com.android.systemui|259|146|unknown|null|StatusBar|176116034906736|Slow main thread|2

11-30 15:55:14.457 31768 31794 I OpenGLRenderer: Initializing program atlas...

11-30 15:55:14.457   356   458 D GraphicBuffer: alloc, handle(0x7faa449f00) (w:1920 h:1080 s:1920 f:0x1 u:0x000900) err(0)

11-30 15:55:14.457 31768 31794 D ProgramBinary/Service: BpProgramBinaryService.getFileDescriptor

11-30 15:55:14.458 31768 31794 D ProgramBinary/Service: BpProgramBinaryService.getProgramMapLen

11-30 15:55:14.458 31768 31794 D ProgramBinary/Service: BpProgramBinaryService.getProgramMapArray

11-30 15:55:14.458 31768 31794 D ProgramBinary/Service: BpProgramBinaryService.getProgramBinaryLen

11-30 15:55:14.458 31768 31794 I OpenGLRenderer: Program binary detail: Binary length is 169176, program map length is 152.

11-30 15:55:14.458   356   458 I [MALI][Gralloc]: [+]hnd(0x7faa44a220), client(30), share_fd(48), hnd->flags:4

11-30 15:55:14.458 31768 31794 I OpenGLRenderer: Succeeded to mmap program binaries. File descriptor is 58, and path is /dev/ashmem$.

11-30 15:55:14.458 31768 31794 I OpenGLRenderer: No need to use file discriptor anymore, close fd(58).

11-30 15:55:14.458   356   458 D GraphicBuffer: alloc, handle(0x7faa44a220) (w:1920 h:1080 s:1920 f:0x1 u:0x000900) err(0)

11-30 15:55:14.460   356   458 I [MALI][Gralloc]: [+]hnd(0x7faa449320), client(30), share_fd(71), hnd->flags:4

11-30 15:55:14.460   356   458 D GraphicBuffer: alloc, handle(0x7faa449320) (w:1920 h:1080 s:1920 f:0x1 u:0x000900) err(0)

11-30 15:55:14.461   356   458 I [MALI][Gralloc]: [+]hnd(0x7faa449460), client(30), share_fd(78), hnd->flags:4

11-30 15:55:14.462   356   458 D GraphicBuffer: alloc, handle(0x7faa449460) (w:1920 h:1080 s:1920 f:0x1 u:0x000900) err(0)

11-30 15:55:14.462 31768 31794 D OpenGLRenderer: Initializing program cache from 0xf756ceac, size = 2

11-30 15:55:14.462   356   458 D BufferQueueProducer: [](this:0x7fa3fa7800,id:3011,api:0,p:-1,c:356) allocateBuffers: allocating from 4 buffers up to 4 buffers

11-30 15:55:14.464 31768 31768 I SurfaceView: updateWindow -- onWindowVisibilityChanged, visibility = 0, this = android.view.SurfaceView{a792ec1 V.E...... ......I. 0,0-0,0}

11-30 15:55:14.466  1216 11718 V SettingsProvider: packageValueForCallResult, name = spell_checker_enabled, value : 0

11-30 15:55:14.466  1216  1227 V SettingsProvider: packageValueForCallResult, name = selected_spell_checker_subtype, value : 0

11-30 15:55:14.466  1216  1227 V SettingsProvider: packageValueForCallResult, name = selected_spell_checker, value : com.google.android.inputmethod.latin/com.android.inputmethod.latin.spellcheck.AndroidSpellCheckerService

11-30 15:55:14.466  1216  1227 V SettingsProvider: packageValueForCallResult, name = selected_input_method_subtype, value : 2131165514

11-30 15:55:14.467 31768 31794 D OpenGLRenderer: -- init (key = 0x0000000000000000)

11-30 15:55:14.468 31768 31794 D OpenGLRenderer: -- init (key = 0x0000000000000001)

11-30 15:55:14.468 31768 31794 D Surface : Surface::connect(this=0xedca8d00,api=1)

11-30 15:55:14.468   356   402 I BufferQueueProducer: [com.YourCompany.Proj/com.epicgames.ue4.GameActivity](this:0x7fa3fa7800,id:3011,api:1,p:31768,c:356) connect(P): api=1 producer=(31768:com.YourCompany.Proj) producerControlledByApp=true

11-30 15:55:14.468 31768 31794 W libEGL  : [ANDROID_RECORDABLE] format: 1

11-30 15:55:14.469 31768 31794 D mali_winsys: new_window_surface returns 0x3000

11-30 15:55:14.470  1216  2192 W Process : Unable to open /proc/29860/status

11-30 15:55:14.470  1216  2192 W Process : Unable to open /proc/29927/status

11-30 15:55:14.470  1216  2192 W Process : Unable to open /proc/29984/status

11-30 15:55:14.471   356   356 I BufferQueue: [unnamed-356-3012](this:0x7fa3fa6400,id:3012,api:0,p:-1,c:-1) BufferQueue core=(356:/system/bin/surfaceflinger)

11-30 15:55:14.472  1216  2192 W Process : Unable to open /proc/30336/status

11-30 15:55:14.472   356   356 I BufferQueueConsumer: [unnamed-356-3012](this:0x7fa3fa6400,id:3012,api:0,p:-1,c:356) connect(C): consumer=(356:/system/bin/surfaceflinger) controlledByApp=false

11-30 15:55:14.472  1216  2192 W Process : Unable to open /proc/30441/status

11-30 15:55:14.472   356   356 I BufferQueueConsumer: [unnamed-356-3012](this:0x7fa3fa6400,id:3012,api:0,p:-1,c:356) setConsumerName: unnamed-356-3012

11-30 15:55:14.472   356   356 I BufferQueueConsumer: [com.YourCompany.Proj/com.epicgames.ue4.GameActivity](this:0x7fa3fa6400,id:3012,api:0,p:-1,c:356) setConsumerName: com.YourCompany.Proj/com.epicgames.ue4.GameActivity

11-30 15:55:14.472  1216  2192 W Process : Unable to open /proc/30486/status

11-30 15:55:14.472   356   356 I BufferQueueConsumer: [com.YourCompany.Proj/com.epicgames.ue4.GameActivity](this:0x7fa3fa6400,id:3012,api:0,p:-1,c:356) setDefaultBufferSize: width=1920 height=1080

11-30 15:55:14.472  1216  2192 W Process : Unable to open /proc/30594/status

11-30 15:55:14.472  1216  2192 W Process : Unable to open /proc/30757/status

11-30 15:55:14.473  1216  2233 V WindowManager: Looking for focus: 10 = Window{632bd84 u0 StatusBar}, flags=-2122055608, canReceive=false

11-30 15:55:14.473  1216  2233 V WindowManager: findFocusedWindow: Found new focus @ 4 = Window{c24ee6b u0 com.YourCompany.Proj/com.epicgames.ue4.GameActivity}

11-30 15:55:14.474  1216  2233 V WindowManager: Changing focus from null to Window{c24ee6b u0 com.YourCompany.Proj/com.epicgames.ue4.GameActivity} Callers=com.android.server.wm.WindowManagerService.relayoutWindow:3611 com.android.server.wm.Session.relayout:211 android.view.IWindowSession$Stub.onTransact:284 com.android.server.wm.Session.onTransact:143 

11-30 15:55:14.474  1216  2233 D WindowManager: Input focus has changed to Window{c24ee6b u0 com.YourCompany.Proj/com.epicgames.ue4.GameActivity}

11-30 15:55:14.476  1216  1260 I WindowManager: Focus moving from null to Window{c24ee6b u0 com.YourCompany.Proj/com.epicgames.ue4.GameActivity}

11-30 15:55:14.476  1216  1260 I WindowManager: Gaining focus: Window{c24ee6b u0 com.YourCompany.Proj/com.epicgames.ue4.GameActivity}

11-30 15:55:14.476 31768 31794 D OpenGLRenderer: CanvasContext() 0xeef57800 initialize window=0xef07ac08, title=com.YourCompany.Proj/com.epicgames.ue4.GameActivity

11-30 15:55:14.476 31768 31794 D Surface : Surface::connect(this=0xef07ac00,api=1)

11-30 15:55:14.477   356   402 I BufferQueueProducer: [com.YourCompany.Proj/com.epicgames.ue4.GameActivity](this:0x7fa3fa6400,id:3012,api:1,p:31768,c:356) connect(P): api=1 producer=(31768:com.YourCompany.Proj) producerControlledByApp=true

11-30 15:55:14.477 31768 31794 W libEGL  : [ANDROID_RECORDABLE] format: 1

11-30 15:55:14.477 31768 31768 I SurfaceView: updateWindow -- setFrame, this = android.view.SurfaceView{a792ec1 V.E...... ......ID 0,0-1920,1080}

11-30 15:55:14.477 31768 31794 D mali_winsys: new_window_surface returns 0x3000

11-30 15:55:14.478 31768 31768 I SurfaceView: updateWindow -- OnPreDrawListener, mHaveFrame = true, this = android.view.SurfaceView{a792ec1 V.E...... ......ID 0,0-1920,1080}

11-30 15:55:14.478 31768 31768 I SurfaceView: Changes: creating=true format=true size=true visible=true left=true top=true mUpdateWindowNeeded=false mReportDrawNeeded=false redrawNeeded=false forceSizeChanged=true mVisible=false mRequestedVisible=true, this = android.view.SurfaceView{a792ec1 V.E...... ......ID 0,0-1920,1080}

11-30 15:55:14.483  1216  1226 D WindowManager: addWindowToListInOrderLocked: win=Window{c243e61 u0 SurfaceView} Callers=com.android.server.wm.WindowManagerService.addWindow:2797 com.android.server.wm.Session.addToDisplayWithoutInputChannel:195 android.view.IWindowSession$Stub.onTransact:218 com.android.server.wm.Session.onTransact:143 

11-30 15:55:14.484 31768 31768 I SurfaceView: Cur surface: Surface(name=null)/@0x7e2b516, this = android.view.SurfaceView{a792ec1 V.E...... ......ID 0,0-1920,1080}

11-30 15:55:14.484   356   356 I BufferQueue: [unnamed-356-3013](this:0x7fa3fa5000,id:3013,api:0,p:-1,c:-1) BufferQueue core=(356:/system/bin/surfaceflinger)

11-30 15:55:14.485   356   356 I BufferQueueConsumer: [unnamed-356-3013](this:0x7fa3fa5000,id:3013,api:0,p:-1,c:356) connect(C): consumer=(356:/system/bin/surfaceflinger) controlledByApp=false

11-30 15:55:14.485   356   356 I BufferQueueConsumer: [unnamed-356-3013](this:0x7fa3fa5000,id:3013,api:0,p:-1,c:356) setConsumerName: unnamed-356-3013

11-30 15:55:14.485   356   356 I BufferQueueConsumer: [SurfaceView](this:0x7fa3fa5000,id:3013,api:0,p:-1,c:356) setConsumerName: SurfaceView

11-30 15:55:14.485   356   356 I BufferQueueConsumer: [SurfaceView](this:0x7fa3fa5000,id:3013,api:0,p:-1,c:356) setDefaultBufferSize: width=1920 height=1080

11-30 15:55:14.487  1216 16171 V WindowManager: Looking for focus: 11 = Window{632bd84 u0 StatusBar}, flags=-2122055608, canReceive=false

11-30 15:55:14.487  1216 16171 V WindowManager: findFocusedWindow: Found new focus @ 5 = Window{c24ee6b u0 com.YourCompany.Proj/com.epicgames.ue4.GameActivity}

11-30 15:55:14.488 31768 31781 V SurfaceView: this = android.view.SurfaceView{a792ec1 V.E...... ......ID 0,0-1920,1080} got resized: w=1920 h=1080, cur w=-1 h=-1

11-30 15:55:14.492   363   841 D MAL-Daemon: URC = (+ECSQ: 30,34,1,-362,-30,1,1,6,32767,-1


11-30 15:55:14.492   363   841 D MAL-Daemon: )

11-30 15:55:14.492   363   841 W MAL-Daemon: event_get_last_addr(): No data available!!

11-30 15:55:14.492   363   841 W MAL-Daemon: event_get_last_addr(): No data available!!

11-30 15:55:14.492   363   837 I MAL-Daemon: [RDS-I][RU][rds_ru_task] RCV Event: 104 

11-30 15:55:14.492   363   837 I MAL-Daemon: [RDS-I][RDS][rds_ru_urc_hdlr] get URC: +ECSQ: 30,34,1,-362,-30,1,1,6,32767,-1


11-30 15:55:14.492   363   837 I MAL-Daemon: 

11-30 15:55:14.492   363   837 I MAL-Daemon: [RDS-I][RDS][ru_parse_3gppsigval] 3gppsigval #args act<6>

11-30 15:55:14.492   363   837 E MAL-Daemon: [RDS-E][RU][ru_parse_3gppsigval] Undefined Act type : 6 

11-30 15:55:14.492   363   837 I MAL-Daemon: [RDS-I][RDS][RU][rds_ru_urc_hdlr] Update 3GPP STATUS rsrp<0> regstat<6> 

11-30 15:55:14.492   363   837 I MAL-Daemon: [RDS-I][RDS][RU][rds_ru_urc_hdlr] ru_check_ctx_ptr<0xf683baf4, 0xf683baf4>

11-30 15:55:14.492   363   837 I MAL-Daemon: [RDS-I][RDS][RU][ru_send_event_entity] send event 605 to 602

11-30 15:55:14.492   363   837 I MAL-Daemon: [RDS-I][RU][rds_ru_task] RCV Event: 605 

11-30 15:55:14.492   363   837 I MAL-Daemon: [RDS-I][RU][EVENT_RU_DM_3GPP_STATUS_IND] i4ltersrp:0 u43gpp_status:0x6

11-30 15:55:14.492   363   837 E MAL-Daemon: [RDS-E][RU][EVENT_RU_DM_3GPP_STATUS_IND] Invalid u43gpp_status:0x6

11-30 15:55:14.492   363   837 I MAL-Daemon: [RDS-I][RU][rds_ru_rpl_gen][RDS][OP113] TYPE : <0>, UI Policy : <3>, RDS Policy : <3>

11-30 15:55:14.492   363   837 I MAL-Daemon: [RDS-I][RDS][OP][rds_op_check_feature] operator id(113) check feature<6>, curr_opmsk is <1>, sys_opmsk is <0x0001, 1>

11-30 15:55:14.492   363   837 I MAL-Daemon: [RDS-I][RU][rds_ru_rpl_gen][RDS][OP113] TYPE : <0>, RAN1 : <255> ,RAN2 : <255>

11-30 15:55:14.492   363   837 I MAL-Daemon: [RDS-I][RU][rds_ru_rpl_gen][RDS][OP113] TYPE : <1>, UI Policy : <3>, RDS Policy : <3>

11-30 15:55:14.492   363   837 I MAL-Daemon: [RDS-I][RDS][OP][rds_op_check_feature] operator id(113) check feature<6>, curr_opmsk is <1>, sys_opmsk is <0x0001, 1>

11-30 15:55:14.492   363   837 I MAL-Daemon: [RDS-I][RU][rds_ru_rpl_gen][RDS][OP113] TYPE : <1>, RAN1 : <255> ,RAN2 : <255>

11-30 15:55:14.492   363   837 I MAL-Daemon: [RDS-I][RU][rds_ru_rpl_gen][RDS][OP113] TYPE : <2>, UI Policy : <3>, RDS Policy : <3>

11-30 15:55:14.492   363   837 I MAL-Daemon: [RDS-I][RDS][OP][rds_op_check_feature] operator id(113) check feature<6>, curr_opmsk is <1>, sys_opmsk is <0x0001, 1>

11-30 15:55:14.492   363   837 I MAL-Daemon: [RDS-I][RU][rds_ru_rpl_gen][RDS][OP113] TYPE : <2>, RAN1 : <255> ,RAN2 : <255>

11-30 15:55:14.492 31768 31768 I SurfaceView: New surface: Surface(name=null)/@0x3b7fe97, vis=true, frame=Rect(0, 0 - 1920, 1080), this = android.view.SurfaceView{a792ec1 V.E...... ......ID 0,0-1920,1080}

11-30 15:55:14.492   363   837 I MAL-Daemon: [RDS-I][RU][rds_ru_rpl_gen][RDS][OP113] TYPE : <3>, UI Policy : <3>, RDS Policy : <3>

11-30 15:55:14.492   363   837 I MAL-Daemon: [RDS-I][RU][rds_ru_rpl_gen][RDS][OP113] TYPE : <3>, RAN1 : <255> ,RAN2 : <255>

11-30 15:55:14.492   363   837 I MAL-Daemon: [RDS-I][RU][rds_ru_rpl_gen][RDS][OP113] TYPE : <4>, UI Policy : <3>, RDS Policy : <3>

11-30 15:55:14.492   363   837 I MAL-Daemon: [RDS-I][RU][rds_ru_rpl_gen][RDS][OP113] TYPE : <4>, RAN1 : <255> ,RAN2 : <255>

11-30 15:55:14.492 31768 31768 I SurfaceView: Callback --> surfaceCreated, this = android.view.SurfaceView{a792ec1 V.E...... ......ID 0,0-1920,1080}

11-30 15:55:14.492   363   837 I MAL-Daemon: [RDS-I][RU][rds_ru_rpl_gen][RDS][OP113] TYPE : <5>, UI Policy : <3>, RDS Policy : <3>

11-30 15:55:14.492   363   837 I MAL-Daemon: [RDS-I][RU][rds_ru_rpl_gen][RDS][OP113] TYPE : <5>, RAN1 : <255> ,RAN2 : <255>

11-30 15:55:14.493   363   837 I MAL-Daemon: [RDS-I][RU][rds_ru_rpl_gen][RDS][OP113] TYPE : <6>, RAN1 : <254> ,RAN2 : <254>

11-30 15:55:14.493 31768 31768 I SurfaceView: surfaceCreated callback +, this = android.view.SurfaceView{a792ec1 V.E...... ......ID 0,0-1920,1080}

11-30 15:55:14.493   363   837 I MAL-Daemon: [RDS-I][RDS][OP][rds_op_check_feature] operator id(113) check feature<0>, curr_opmsk is <1>, sys_opmsk is <0x0001, 1>

11-30 15:55:14.493   363   837 I MAL-Daemon: [RDS-I][RU][rds_ru_ims_vops_update][RDS IMS]Policy type: 0 IMS VOPS IE is Disabled, update IMS RPL from Ori:(255, 255) New:(255,255)

11-30 15:55:14.493 31768 31768 I SurfaceView: surfaceCreated callback -, this = android.view.SurfaceView{a792ec1 V.E...... ......ID 0,0-1920,1080}

11-30 15:55:14.493   363   837 I MAL-Daemon: [RDS-I][RU][rds_ru_ims_vops_update][RDS IMS]Policy type: 1 IMS VOPS IE is Disabled, update IMS RPL from Ori:(255, 255) New:(255,255)

11-30 15:55:14.493   363   837 I MAL-Daemon: [RDS-I][RU][rds_ru_ims_vops_update][RDS IMS]Policy type: 2 IMS VOPS IE is Disabled, update IMS RPL from Ori:(255, 255) New:(255,255)

11-30 15:55:14.493 31768 31768 I SurfaceView: surfaceChanged -- format=4 w=1920 h=1080, this = android.view.SurfaceView{a792ec1 V.E...... ......ID 0,0-1920,1080}

11-30 15:55:14.493   363   837 I MAL-Daemon: [RDS-I][RU][rds_ru_rpl_gen][RDS] Current policy: fgimsolte_en<0>, fgwfc_en<0>, erdspolicy<3>, 

11-30 15:55:14.493   363   837 I MAL-Daemon: [RDS-I][RU][rds_ru_rpl_gen][RDS] Threshold i4wifirssih<-75>, i4wifirssil<-85>, i4wifirssih_ho<-78>, i4wifirssil_ho<-88>, i4ltersrph<-106>, i4ltersrpm<-111>, i4ltersrpl<-116>

11-30 15:55:14.493   363   837 I MAL-Daemon: [RDS-I][RU][rds_ru_rpl_gen][RDS] current rds ru status: i4wifirssi<-127>, i4ltersrp<-88>, u4active_ran<0> 

11-30 15:55:14.493 31768 31768 I SurfaceView: surfaceChanged callback +, this = android.view.SurfaceView{a792ec1 V.E...... ......ID 0,0-1920,1080}

11-30 15:55:14.493   363   837 I MAL-Daemon: [RDS-I][RU][rds_ru_rpl_gen][RDS] Call stat : IR92<0>, IR94<0> 

11-30 15:55:14.493 31768 31793 D UE4     : Case APP_CMD_INIT_WINDOW

11-30 15:55:14.493   363   837 I MAL-Daemon: [RDS-I][RU][RDS IMS/MMS][rds_ru_rpl_gen] Ori:(255,255)/(255,255) New:(255,255)/(255,255)

11-30 15:55:14.493   363   837 I MAL-Daemon: [RDS-I][RU][RDS IMS/MMS WIFI][rds_ru_rpl_gen] Ori:(255,255)/(255,255) New:(255,255)/(255,255)

11-30 15:55:14.493   363   837 I MAL-Daemon: [RDS-I][RU][RDS IMS/MMS CELL][rds_ru_rpl_gen] Ori:(255,255)/(255,255) New:(255,255)/(255,255)

11-30 15:55:14.493   363   837 I MAL-Daemon: [RDS-I][RU][RDS EMG][rds_ru_rpl_gen] Ori:(254,254) New:(254,254)

11-30 15:55:14.493   363   812 D MAL-Daemon: atmngr_urc_hdl(): [AT_URC] "


11-30 15:55:14.493   363   812 D MAL-Daemon: +ECSQ: 30,34,1,-362,-30,1,1,6,32767,-1


11-30 15:55:14.493   363   812 D MAL-Daemon: "!!

11-30 15:55:14.493 31768 31768 I SurfaceView: surfaceChanged callback -, this = android.view.SurfaceView{a792ec1 V.E...... ......ID 0,0-1920,1080}

11-30 15:55:14.493 31768 31793 D UE4     : LogAndroidEvents::EnqueueAppEvent : 0, [width=1920, height=1080], tid = 31793, APP_EVENT_STATE_WINDOW_CREATED

11-30 15:55:14.493 31768 31768 I SurfaceView: surfaceRedrawNeeded, this = android.view.SurfaceView{a792ec1 V.E...... ......ID 0,0-1920,1080}

11-30 15:55:14.493 31768 31768 I SurfaceView: finishedDrawing, this = android.view.SurfaceView{a792ec1 V.E...... ......ID 0,0-1920,1080}

11-30 15:55:14.497 31768 31768 V SurfaceView: Layout: x=0 y=0 w=1920 h=1080, frame=Rect(0, 0 - 1920, 1080), this = android.view.SurfaceView{a792ec1 V.E...... ......ID 0,0-1920,1080}

11-30 15:55:14.497  1216  1223 I System  : FinalizerDaemon: finalize objects = 97

11-30 15:55:14.500  1216 12887 V ActivityManager: Broadcast sticky: ******** ordered=false userid=-1 callerApp=ProcessRecord{4392037 1216:system/1000}

11-30 15:55:14.500  1452  1789 D TelephonyManager: getDataEnabled: retVal=true

11-30 15:55:14.503 31768 31768 D UE4     : [GameActivity] === Restoring Transparent Bars due to Visibility Change ===

11-30 15:55:14.504 31768 31768 D UE4     : [GameActivity] === Restoring Transparent Bars ===

11-30 15:55:14.514   363   847 I MAL-Daemon: mdfx_event_do_statistic(): [STATISTIC] TID = 847 has used 4387232 bytes!!

11-30 15:55:14.514   363   847 W MAL-Daemon: event_get_last_addr(): No data available!!

11-30 15:55:14.514   363   847 I MAL-Daemon: mdfx_event_do_statistic(): [STATISTIC] TID = 847 has used 4341332 bytes!!

