01-12 18:40:44.062 22703 23073 D BufferQueueProducer: [SurfaceTexture-1-22703-1](this:0x6ff47a2800,id:1,api:3,p:22703,c:22703) cancelBuffer: slot 3
01-12 18:40:44.062 22703 23073 D BufferQueueProducer: [SurfaceTexture-1-22703-1](this:0x6ff47a2800,id:1,api:3,p:22703,c:22703) cancelBuffer: slot 4
01-12 18:40:44.063 22703 23073 D BufferQueueProducer: [SurfaceTexture-1-22703-1](this:0x6ff47a2800,id:1,api:3,p:22703,c:22703) cancelBuffer: slot 5
01-12 18:40:44.063 22703 23073 D BufferQueueProducer: [SurfaceTexture-1-22703-1](this:0x6ff47a2800,id:1,api:3,p:22703,c:22703) cancelBuffer: slot 6
01-12 18:40:44.063 22703 23073 D BufferQueueProducer: [SurfaceTexture-1-22703-1](this:0x6ff47a2800,id:1,api:3,p:22703,c:22703) cancelBuffer: slot 7
01-12 18:40:44.063 22703 23073 D BufferQueueProducer: [SurfaceTexture-1-22703-1](this:0x6ff47a2800,id:1,api:3,p:22703,c:22703) cancelBuffer: slot 8
01-12 18:40:44.063 22703 23073 D BufferQueueProducer: [SurfaceTexture-1-22703-1](this:0x6ff47a2800,id:1,api:3,p:22703,c:22703) cancelBuffer: slot 9
01-12 18:40:44.064 22703 23073 D BufferQueueProducer: [SurfaceTexture-1-22703-1](this:0x6ff47a2800,id:1,api:3,p:22703,c:22703) cancelBuffer: slot 10
01-12 18:40:44.064 22703 23073 D BufferQueueProducer: [SurfaceTexture-1-22703-1](this:0x6ff47a2800,id:1,api:3,p:22703,c:22703) cancelBuffer: slot 11
01-12 18:40:44.064 22703 23073 D BufferQueueProducer: [SurfaceTexture-1-22703-1](this:0x6ff47a2800,id:1,api:3,p:22703,c:22703) cancelBuffer: slot 12
01-12 18:40:44.064 22703 23073 D BufferQueueProducer: [SurfaceTexture-1-22703-1](this:0x6ff47a2800,id:1,api:3,p:22703,c:22703) cancelBuffer: slot 13
01-12 18:40:44.065 22703 23073 D BufferQueueProducer: [SurfaceTexture-1-22703-1](this:0x6ff47a2800,id:1,api:3,p:22703,c:22703) cancelBuffer: slot 14
01-12 18:40:44.065   793 22554 E MtkOmxVdecExV4L2: [0xe8cb4a80] MtkOmxVdec::FreeBuffer all output buffers have been freed!!! signal mOutPortFreeDoneSem(1)
01-12 18:40:44.065 22703 23072 D SurfaceUtils: disconnecting from surface 0x6fd8347010, reason disconnectFromSurface
01-12 18:40:44.066 22703 23072 D Surface : Surface::disconnect(this=0x6fd8347000,api=3)
01-12 18:40:44.066 22703 23072 I BufferQueueProducer: [SurfaceTexture-1-22703-1](this:0x6ff47a2800,id:1,api:3,p:22703,c:22703) disconnect(P): api 3
01-12 18:40:44.068   793 22554 E MtkOmxVdecExV4L2: [0xe8cb4a80] +MtkOmxVdec::ComponentDeInit
01-12 18:40:44.082   793 23080 D osal_utils: ## MtkOmxCoreCpuControlThread terminated
01-12 18:40:44.097 22703 23054 D BufferPoolAccessor: bufferpool2 0x6ff47b5820 : 0(0 size) total buffers - 0(0 size) used buffers - 1/7 (recycle/alloc) - 6/24 (fetch/transfer)
01-12 18:40:44.101   818  8888 D BufferPoolAccessor: bufferpool2 0x316871f630 : 0(0 size) total buffers - 0(0 size) used buffers - 16/20 (recycle/alloc) - 4/20 (fetch/transfer)
01-12 18:40:44.102   818  8888 V C2Store : in ~ComponentModule
01-12 18:40:44.102   818  8888 V C2Store : unloading dll
01-12 18:40:44.143   582   582 I SurfaceFlinger: screenshot (Letterbox - left#1)
01-12 18:40:44.143   582   582 I SurfaceFlinger: isIncludeStatusBarAndNavBar (1)
01-12 18:40:44.143   582   582 I SurfaceFlinger: screenshot (Background for -SurfaceView - com.YourCompany.Proj/com.epicgames.ue4.GameActivity#0)
01-12 18:40:44.143   582   582 I SurfaceFlinger: isIncludeStatusBarAndNavBar (1)
01-12 18:40:44.143   582   582 I SurfaceFlinger: screenshot (SurfaceView - com.YourCompany.Proj/com.epicgames.ue4.GameActivity#0)
01-12 18:40:44.143   582   582 I SurfaceFlinger: isIncludeStatusBarAndNavBar (1)
01-12 18:40:44.143   582   582 I SurfaceFlinger: screenshot (com.YourCompany.Proj/com.epicgames.ue4.GameActivity#1)
01-12 18:40:44.143   582   582 I SurfaceFlinger: isIncludeStatusBarAndNavBar (1)
01-12 18:40:44.244   582   582 I SurfaceFlinger: screenshot (Letterbox - left#1)
01-12 18:40:44.244   582   582 I SurfaceFlinger: isIncludeStatusBarAndNavBar (1)
01-12 18:40:44.244   582   582 I SurfaceFlinger: screenshot (Background for -SurfaceView - com.YourCompany.Proj/com.epicgames.ue4.GameActivity#0)
01-12 18:40:44.244   582   582 I SurfaceFlinger: isIncludeStatusBarAndNavBar (1)
01-12 18:40:44.244   582   582 I SurfaceFlinger: screenshot (SurfaceView - com.YourCompany.Proj/com.epicgames.ue4.GameActivity#0)
01-12 18:40:44.244   582   582 I SurfaceFlinger: isIncludeStatusBarAndNavBar (1)
01-12 18:40:44.244   582   582 I SurfaceFlinger: screenshot (com.YourCompany.Proj/com.epicgames.ue4.GameActivity#1)
01-12 18:40:44.244   582   582 I SurfaceFlinger: isIncludeStatusBarAndNavBar (1)
01-12 18:40:44.360   582   582 I SurfaceFlinger: screenshot (Letterbox - left#1)
01-12 18:40:44.360   582   582 I SurfaceFlinger: isIncludeStatusBarAndNavBar (1)
01-12 18:40:44.360   582   582 I SurfaceFlinger: screenshot (Background for -SurfaceView - com.YourCompany.Proj/com.epicgames.ue4.GameActivity#0)
01-12 18:40:44.360   582   582 I SurfaceFlinger: isIncludeStatusBarAndNavBar (1)
01-12 18:40:44.360   582   582 I SurfaceFlinger: screenshot (SurfaceView - com.YourCompany.Proj/com.epicgames.ue4.GameActivity#0)
01-12 18:40:44.360   582   582 I SurfaceFlinger: isIncludeStatusBarAndNavBar (1)
01-12 18:40:44.360   582   582 I SurfaceFlinger: screenshot (com.YourCompany.Proj/com.epicgames.ue4.GameActivity#1)
01-12 18:40:44.360   582   582 I SurfaceFlinger: isIncludeStatusBarAndNavBar (1)
01-12 18:40:44.477   582   582 I SurfaceFlinger: screenshot (Letterbox - left#1)
01-12 18:40:44.477   582   582 I SurfaceFlinger: isIncludeStatusBarAndNavBar (1)
01-12 18:40:44.477   582   582 I SurfaceFlinger: screenshot (Background for -SurfaceView - com.YourCompany.Proj/com.epicgames.ue4.GameActivity#0)
01-12 18:40:44.477   582   582 I SurfaceFlinger: isIncludeStatusBarAndNavBar (1)
01-12 18:40:44.477   582   582 I SurfaceFlinger: screenshot (SurfaceView - com.YourCompany.Proj/com.epicgames.ue4.GameActivity#0)
01-12 18:40:44.477   582   582 I SurfaceFlinger: isIncludeStatusBarAndNavBar (1)
01-12 18:40:44.477   582   582 I SurfaceFlinger: screenshot (com.YourCompany.Proj/com.epicgames.ue4.GameActivity#1)
01-12 18:40:44.477   582   582 I SurfaceFlinger: isIncludeStatusBarAndNavBar (1)
01-12 18:40:44.485   815  1518 D AAL     : onALIChanged: 9 -> 17
01-12 18:40:44.593   582   582 I SurfaceFlinger: screenshot (Letterbox - left#1)
01-12 18:40:44.593   582   582 I SurfaceFlinger: isIncludeStatusBarAndNavBar (1)
01-12 18:40:44.593   582   582 I SurfaceFlinger: screenshot (Background for -SurfaceView - com.YourCompany.Proj/com.epicgames.ue4.GameActivity#0)
01-12 18:40:44.593   582   582 I SurfaceFlinger: isIncludeStatusBarAndNavBar (1)
01-12 18:40:44.593   582   582 I SurfaceFlinger: screenshot (SurfaceView - com.YourCompany.Proj/com.epicgames.ue4.GameActivity#0)
01-12 18:40:44.593   582   582 I SurfaceFlinger: isIncludeStatusBarAndNavBar (1)
01-12 18:40:44.593   582   582 I SurfaceFlinger: screenshot (com.YourCompany.Proj/com.epicgames.ue4.GameActivity#1)
01-12 18:40:44.593   582   582 I SurfaceFlinger: isIncludeStatusBarAndNavBar (1)
01-12 18:40:44.709   582   582 I SurfaceFlinger: screenshot (Letterbox - left#1)
01-12 18:40:44.710   582   582 I SurfaceFlinger: isIncludeStatusBarAndNavBar (1)
01-12 18:40:44.710   582   582 I SurfaceFlinger: screenshot (Background for -SurfaceView - com.YourCompany.Proj/com.epicgames.ue4.GameActivity#0)
01-12 18:40:44.710   582   582 I SurfaceFlinger: isIncludeStatusBarAndNavBar (1)
01-12 18:40:44.710   582   582 I SurfaceFlinger: screenshot (SurfaceView - com.YourCompany.Proj/com.epicgames.ue4.GameActivity#0)
01-12 18:40:44.710   582   582 I SurfaceFlinger: isIncludeStatusBarAndNavBar (1)
01-12 18:40:44.710   582   582 I SurfaceFlinger: screenshot (com.YourCompany.Proj/com.epicgames.ue4.GameActivity#1)
01-12 18:40:44.710   582   582 I SurfaceFlinger: isIncludeStatusBarAndNavBar (1)
01-12 18:40:44.719  2156 23904 I System.out: [okhttp]:check permission begin!
01-12 18:40:44.719  2156 23904 W System  : ClassLoader referenced unknown path: system/framework/mediatek-cta.jar
01-12 18:40:44.720  2156 23904 I System.out: [okhttp] e:java.lang.ClassNotFoundException: com.mediatek.cta.CtaUtils
01-12 18:40:44.720  2156 23904 I System.out: [OkHttp] sendRequest>>
01-12 18:40:44.720  2156 23904 I System.out: [OkHttp] sendRequest<<
01-12 18:40:44.809   582   582 I SurfaceFlinger: screenshot (Letterbox - left#1)
01-12 18:40:44.809   582   582 I SurfaceFlinger: isIncludeStatusBarAndNavBar (1)
01-12 18:40:44.809   582   582 I SurfaceFlinger: screenshot (Background for -SurfaceView - com.YourCompany.Proj/com.epicgames.ue4.GameActivity#0)
01-12 18:40:44.809   582   582 I SurfaceFlinger: isIncludeStatusBarAndNavBar (1)
01-12 18:40:44.810   582   582 I SurfaceFlinger: screenshot (SurfaceView - com.YourCompany.Proj/com.epicgames.ue4.GameActivity#0)
01-12 18:40:44.810   582   582 I SurfaceFlinger: isIncludeStatusBarAndNavBar (1)
01-12 18:40:44.810   582   582 I SurfaceFlinger: screenshot (com.YourCompany.Proj/com.epicgames.ue4.GameActivity#1)
01-12 18:40:44.810   582   582 I SurfaceFlinger: isIncludeStatusBarAndNavBar (1)
01-12 18:40:44.872 32109 32109 I ADB_SERVICES: service_to_fd shell,v2,raw:ps
01-12 18:40:44.900  1235  1454 E WifiVendorHal: getWifiLinkLayerStats_1_3_Internal(l.927) failed {.code = ERROR_NOT_SUPPORTED, .description = }
01-12 18:40:44.926   582   582 I SurfaceFlinger: screenshot (Letterbox - left#1)
01-12 18:40:44.926   582   582 I SurfaceFlinger: isIncludeStatusBarAndNavBar (1)
01-12 18:40:44.926   582   582 I SurfaceFlinger: screenshot (Background for -SurfaceView - com.YourCompany.Proj/com.epicgames.ue4.GameActivity#0)
01-12 18:40:44.926   582   582 I SurfaceFlinger: isIncludeStatusBarAndNavBar (1)
01-12 18:40:44.926   582   582 I SurfaceFlinger: screenshot (SurfaceView - com.YourCompany.Proj/com.epicgames.ue4.GameActivity#0)
01-12 18:40:44.926   582   582 I SurfaceFlinger: isIncludeStatusBarAndNavBar (1)
01-12 18:40:44.926   582   582 I SurfaceFlinger: screenshot (com.YourCompany.Proj/com.epicgames.ue4.GameActivity#1)
01-12 18:40:44.926   582   582 I SurfaceFlinger: isIncludeStatusBarAndNavBar (1)
01-12 18:40:44.936 32109 24623 I ADB_SERVICES: post waitpid (pid=24622) status=0000
01-12 18:40:44.936 32109 32109 I ADB_SERVICES: for fd 26, revents = 2010
01-12 18:40:44.936 32109 32109 I ADB_SERVICES: for fd 26, revents = 2011
01-12 18:40:44.975   516   602 I hwcomposer: [HWCDisplay] [Display_0 (type:1)] fps:60.032284,dur:1016.12,max:17.07,min:16.25  
01-12 18:40:45.012   582  2228 I BufferQueueProducer: [SurfaceView - com.YourCompany.Proj/com.epicgames.ue4.GameActivity#0](this:0x727b0ae000,id:8056,api:1,p:24439,c:582) queueBuffer: fps=60.02 dur=1016.40 max=18.06 min=15.30
01-12 18:40:45.019 24439 24480 D UE4     : [GameActivity] Used memory: 611363 (VmRSS:	  658868 kB)
01-12 18:40:45.043   582   582 I SurfaceFlinger: screenshot (Letterbox - left#1)
01-12 18:40:45.043   582   582 I SurfaceFlinger: isIncludeStatusBarAndNavBar (1)
01-12 18:40:45.043   582   582 I SurfaceFlinger: screenshot (Background for -SurfaceView - com.YourCompany.Proj/com.epicgames.ue4.GameActivity#0)
01-12 18:40:45.043   582   582 I SurfaceFlinger: isIncludeStatusBarAndNavBar (1)
01-12 18:40:45.043   582   582 I SurfaceFlinger: screenshot (SurfaceView - com.YourCompany.Proj/com.epicgames.ue4.GameActivity#0)
01-12 18:40:45.043   582   582 I SurfaceFlinger: isIncludeStatusBarAndNavBar (1)
01-12 18:40:45.043   582   582 I SurfaceFlinger: screenshot (com.YourCompany.Proj/com.epicgames.ue4.GameActivity#1)
01-12 18:40:45.043   582   582 I SurfaceFlinger: isIncludeStatusBarAndNavBar (1)
01-12 18:40:45.143   582   582 I SurfaceFlinger: screenshot (Letterbox - left#1)
01-12 18:40:45.143   582   582 I SurfaceFlinger: isIncludeStatusBarAndNavBar (1)
01-12 18:40:45.143   582   582 I SurfaceFlinger: screenshot (Background for -SurfaceView - com.YourCompany.Proj/com.epicgames.ue4.GameActivity#0)
01-12 18:40:45.143   582   582 I SurfaceFlinger: isIncludeStatusBarAndNavBar (1)
01-12 18:40:45.143   582   582 I SurfaceFlinger: screenshot (SurfaceView - com.YourCompany.Proj/com.epicgames.ue4.GameActivity#0)
01-12 18:40:45.143   582   582 I SurfaceFlinger: isIncludeStatusBarAndNavBar (1)
01-12 18:40:45.143   582   582 I SurfaceFlinger: screenshot (com.YourCompany.Proj/com.epicgames.ue4.GameActivity#1)
01-12 18:40:45.143   582   582 I SurfaceFlinger: isIncludeStatusBarAndNavBar (1)
01-12 18:40:45.260   582   582 I SurfaceFlinger: screenshot (Letterbox - left#1)
01-12 18:40:45.260   582   582 I SurfaceFlinger: isIncludeStatusBarAndNavBar (1)
01-12 18:40:45.260   582   582 I SurfaceFlinger: screenshot (Background for -SurfaceView - com.YourCompany.Proj/com.epicgames.ue4.GameActivity#0)
01-12 18:40:45.260   582   582 I SurfaceFlinger: isIncludeStatusBarAndNavBar (1)
01-12 18:40:45.260   582   582 I SurfaceFlinger: screenshot (SurfaceView - com.YourCompany.Proj/com.epicgames.ue4.GameActivity#0)
01-12 18:40:45.260   582   582 I SurfaceFlinger: isIncludeStatusBarAndNavBar (1)
01-12 18:40:45.260   582   582 I SurfaceFlinger: screenshot (com.YourCompany.Proj/com.epicgames.ue4.GameActivity#1)
01-12 18:40:45.260   582   582 I SurfaceFlinger: isIncludeStatusBarAndNavBar (1)
01-12 18:40:45.360   582   582 I SurfaceFlinger: screenshot (Letterbox - left#1)
01-12 18:40:45.360   582   582 I SurfaceFlinger: isIncludeStatusBarAndNavBar (1)
01-12 18:40:45.360   582   582 I SurfaceFlinger: screenshot (Background for -SurfaceView - com.YourCompany.Proj/com.epicgames.ue4.GameActivity#0)
01-12 18:40:45.360   582   582 I SurfaceFlinger: isIncludeStatusBarAndNavBar (1)
01-12 18:40:45.360   582   582 I SurfaceFlinger: screenshot (SurfaceView - com.YourCompany.Proj/com.epicgames.ue4.GameActivity#0)
01-12 18:40:45.360   582   582 I SurfaceFlinger: isIncludeStatusBarAndNavBar (1)
01-12 18:40:45.360   582   582 I SurfaceFlinger: screenshot (com.YourCompany.Proj/com.epicgames.ue4.GameActivity#1)
01-12 18:40:45.360   582   582 I SurfaceFlinger: isIncludeStatusBarAndNavBar (1)
01-12 18:40:45.381  1235  1452 I MiuiNetworkPolicy: updateUidState uid = 10173, uidState = 11
01-12 18:40:45.421 22703 23174 E ActivityThread: Failed to find provider info for com.vk.im.providers.im
01-12 18:40:45.438   496 24630 E ResolverController: No valid NAT64 prefix (120, <unspecified>/0)
01-12 18:40:45.439 22703 23066 I System.out: [socket]:check permission begin!
01-12 18:40:45.439 22703 23066 W System  : ClassLoader referenced unknown path: system/framework/mediatek-cta.jar
01-12 18:40:45.440 22703 23066 I System.out: [socket] e:java.lang.ClassNotFoundException: com.mediatek.cta.CtaUtils
01-12 18:40:45.446   582  2187 I BufferQueueProducer: [StatusBar#0](this:0x729a054000,id:3,api:1,p:1521,c:582) queueBuffer: fps=0.50 dur=4000.43 max=3517.64 min=482.79
01-12 18:40:45.476   582   582 I SurfaceFlinger: screenshot (Letterbox - left#1)
01-12 18:40:45.476   582   582 I SurfaceFlinger: isIncludeStatusBarAndNavBar (1)
01-12 18:40:45.476   582   582 I SurfaceFlinger: screenshot (Background for -SurfaceView - com.YourCompany.Proj/com.epicgames.ue4.GameActivity#0)
01-12 18:40:45.477   582   582 I SurfaceFlinger: isIncludeStatusBarAndNavBar (1)
01-12 18:40:45.477   582   582 I SurfaceFlinger: screenshot (SurfaceView - com.YourCompany.Proj/com.epicgames.ue4.GameActivity#0)
01-12 18:40:45.477   582   582 I SurfaceFlinger: isIncludeStatusBarAndNavBar (1)
01-12 18:40:45.477   582   582 I SurfaceFlinger: screenshot (com.YourCompany.Proj/com.epicgames.ue4.GameActivity#1)
01-12 18:40:45.477   582   582 I SurfaceFlinger: isIncludeStatusBarAndNavBar (1)
01-12 18:40:45.501 11751 12742 D IdProviderImpl: getOAID
01-12 18:40:45.544 22703 23066 D DRM/DcfDecoder: decodeDrmImageIfNeeded with stream left [9664]
01-12 18:40:45.544 22703 23066 E DRM/DcfDecoder: decodeDrmImageIfNeeded stream caught ClassCastException 
01-12 18:40:45.545 22703 23030 D DRM/DcfDecoder: decodeDrmImageIfNeeded with stream left [9664]
01-12 18:40:45.545 22703 23030 E DRM/DcfDecoder: decodeDrmImageIfNeeded stream caught ClassCastException 
01-12 18:40:45.586 11725 22676 D IdProviderImpl: getOAID
01-12 18:40:45.591 11751 12742 D IdProviderImpl: getOAID
01-12 18:40:45.594   582   582 I SurfaceFlinger: screenshot (Letterbox - left#1)
01-12 18:40:45.594   582   582 I SurfaceFlinger: isIncludeStatusBarAndNavBar (1)
01-12 18:40:45.594   582   582 I SurfaceFlinger: screenshot (Background for -SurfaceView - com.YourCompany.Proj/com.epicgames.ue4.GameActivity#0)
01-12 18:40:45.594   582   582 I SurfaceFlinger: isIncludeStatusBarAndNavBar (1)
01-12 18:40:45.594   582   582 I SurfaceFlinger: screenshot (SurfaceView - com.YourCompany.Proj/com.epicgames.ue4.GameActivity#0)
01-12 18:40:45.594   582   582 I SurfaceFlinger: isIncludeStatusBarAndNavBar (1)
01-12 18:40:45.594   582   582 I SurfaceFlinger: screenshot (com.YourCompany.Proj/com.epicgames.ue4.GameActivity#1)
01-12 18:40:45.594   582   582 I SurfaceFlinger: isIncludeStatusBarAndNavBar (1)
01-12 18:40:45.686   815  1518 D AALLightSensor: newLux = 17, [17, 16] -> 17
01-12 18:40:45.692  1521  1521 D StatusBar: onNotificationPosted key=0|com.vkontakte.android|1|msg_notification_2000000074|10173 isUpdate=false
01-12 18:40:45.695  2739  2739 V onNotificationPostedCallBack: flags=1
01-12 18:40:45.710   582   582 I SurfaceFlinger: screenshot (Letterbox - left#1)
01-12 18:40:45.710   582   582 I SurfaceFlinger: isIncludeStatusBarAndNavBar (1)
01-12 18:40:45.710   582   582 I SurfaceFlinger: screenshot (Background for -SurfaceView - com.YourCompany.Proj/com.epicgames.ue4.GameActivity#0)
01-12 18:40:45.710   582   582 I SurfaceFlinger: isIncludeStatusBarAndNavBar (1)
01-12 18:40:45.710   582   582 I SurfaceFlinger: screenshot (SurfaceView - com.YourCompany.Proj/com.epicgames.ue4.GameActivity#0)
01-12 18:40:45.710   582   582 I SurfaceFlinger: isIncludeStatusBarAndNavBar (1)
01-12 18:40:45.710   582   582 I SurfaceFlinger: screenshot (com.YourCompany.Proj/com.epicgames.ue4.GameActivity#1)
01-12 18:40:45.710   582   582 I SurfaceFlinger: isIncludeStatusBarAndNavBar (1)
01-12 18:40:45.721  1521  1521 D StatusBar: No peeking: unimportant notification: 0|com.vkontakte.android|1|msg_notification_2000000074|10173
01-12 18:40:45.810   582   582 I SurfaceFlinger: screenshot (Letterbox - left#1)
01-12 18:40:45.810   582   582 I SurfaceFlinger: isIncludeStatusBarAndNavBar (1)
01-12 18:40:45.810   582   582 I SurfaceFlinger: screenshot (Background for -SurfaceView - com.YourCompany.Proj/com.epicgames.ue4.GameActivity#0)
01-12 18:40:45.810   582   582 I SurfaceFlinger: isIncludeStatusBarAndNavBar (1)
01-12 18:40:45.810   582   582 I SurfaceFlinger: screenshot (SurfaceView - com.YourCompany.Proj/com.epicgames.ue4.GameActivity#0)
01-12 18:40:45.810   582   582 I SurfaceFlinger: isIncludeStatusBarAndNavBar (1)
01-12 18:40:45.810   582   582 I SurfaceFlinger: screenshot (com.YourCompany.Proj/com.epicgames.ue4.GameActivity#1)
01-12 18:40:45.810   582   582 I SurfaceFlinger: isIncludeStatusBarAndNavBar (1)
01-12 18:40:45.810  1521  1521 D NotificationInflater: inflateOptimizedHeadsUpNotification() invalid content
01-12 18:40:45.810  1521  1521 W NotificationInflater: optimizeHeadsUpViewIfNeed() can not inflate optimized heads up child
01-12 18:40:45.821  1521  1521 D StatusBar: No peeking: unimportant notification: 0|com.vkontakte.android|1|msg_notification_2000000074|10173
01-12 18:40:45.840  1521  1521 D StatusBar: update app badge num: com.vkontakte.android/,num=1,isAllowed=true,userId=0
01-12 18:40:45.840  1235  2013 D AudioManager: getStreamVolume isRestricted mode = 0
01-12 18:40:45.841  1235  1316 W ActivityManager: Sending non-protected broadcast android.intent.action.APPLICATION_MESSAGE_UPDATE from system 1521:com.android.systemui/1000 pkg com.android.systemui. Callers=
01-12 18:40:45.845  1701  1701 I Launcher.ApplicationsMessage: onReceive true
01-12 18:40:45.845  1701  1701 I Launcher.ApplicationsMessage: update com.vkontakte.android/ to 1
01-12 18:40:45.910   582   582 I SurfaceFlinger: screenshot (Letterbox - left#1)
01-12 18:40:45.910   582   582 I SurfaceFlinger: isIncludeStatusBarAndNavBar (1)
01-12 18:40:45.910   582   582 I SurfaceFlinger: screenshot (Background for -SurfaceView - com.YourCompany.Proj/com.epicgames.ue4.GameActivity#0)
01-12 18:40:45.910   582   582 I SurfaceFlinger: isIncludeStatusBarAndNavBar (1)
01-12 18:40:45.910   582   582 I SurfaceFlinger: screenshot (SurfaceView - com.YourCompany.Proj/com.epicgames.ue4.GameActivity#0)
01-12 18:40:45.910   582   582 I SurfaceFlinger: isIncludeStatusBarAndNavBar (1)
01-12 18:40:45.910   582   582 I SurfaceFlinger: screenshot (com.YourCompany.Proj/com.epicgames.ue4.GameActivity#1)
01-12 18:40:45.910   582   582 I SurfaceFlinger: isIncludeStatusBarAndNavBar (1)
01-12 18:40:45.975   516   602 I hwcomposer: [HWCDisplay] [Display_0 (type:1)] fps:59.980915,dur:1000.32,max:17.31,min:15.92  
01-12 18:40:45.978 32109 32109 I ADB_SERVICES: service_to_fd shell,v2,raw:ps
01-12 18:40:46.013   582   625 I BufferQueueProducer: [SurfaceView - com.YourCompany.Proj/com.epicgames.ue4.GameActivity#0](this:0x727b0ae000,id:8056,api:1,p:24439,c:582) queueBuffer: fps=59.90 dur=1001.68 max=34.88 min=6.48
01-12 18:40:46.026   582   582 I SurfaceFlinger: screenshot (Letterbox - left#1)
01-12 18:40:46.027   582   582 I SurfaceFlinger: isIncludeStatusBarAndNavBar (1)
01-12 18:40:46.027   582   582 I SurfaceFlinger: screenshot (Background for -SurfaceView - com.YourCompany.Proj/com.epicgames.ue4.GameActivity#0)
01-12 18:40:46.027   582   582 I SurfaceFlinger: isIncludeStatusBarAndNavBar (1)
01-12 18:40:46.027   582   582 I SurfaceFlinger: screenshot (SurfaceView - com.YourCompany.Proj/com.epicgames.ue4.GameActivity#0)
01-12 18:40:46.027   582   582 I SurfaceFlinger: isIncludeStatusBarAndNavBar (1)
01-12 18:40:46.027   582   582 I SurfaceFlinger: screenshot (com.YourCompany.Proj/com.epicgames.ue4.GameActivity#1)
01-12 18:40:46.027   582   582 I SurfaceFlinger: isIncludeStatusBarAndNavBar (1)
01-12 18:40:46.038 32109 24635 I ADB_SERVICES: post waitpid (pid=24634) status=0000
01-12 18:40:46.039 32109 32109 I ADB_SERVICES: for fd 26, revents = 2010
01-12 18:40:46.039 32109 32109 I ADB_SERVICES: for fd 26, revents = 2011
01-12 18:40:46.143   582   582 I SurfaceFlinger: screenshot (Letterbox - left#1)
01-12 18:40:46.143   582   582 I SurfaceFlinger: isIncludeStatusBarAndNavBar (1)
01-12 18:40:46.143   582   582 I SurfaceFlinger: screenshot (Background for -SurfaceView - com.YourCompany.Proj/com.epicgames.ue4.GameActivity#0)
01-12 18:40:46.143   582   582 I SurfaceFlinger: isIncludeStatusBarAndNavBar (1)
01-12 18:40:46.143   582   582 I SurfaceFlinger: screenshot (SurfaceView - com.YourCompany.Proj/com.epicgames.ue4.GameActivity#0)
01-12 18:40:46.143   582   582 I SurfaceFlinger: isIncludeStatusBarAndNavBar (1)
01-12 18:40:46.143   582   582 I SurfaceFlinger: screenshot (com.YourCompany.Proj/com.epicgames.ue4.GameActivity#1)
01-12 18:40:46.143   582   582 I SurfaceFlinger: isIncludeStatusBarAndNavBar (1)
01-12 18:40:46.202 11725 22676 D IdProviderImpl: getOAID
01-12 18:40:46.207 11751 12742 D IdProviderImpl: getOAID
01-12 18:40:46.243   582   582 I SurfaceFlinger: screenshot (Letterbox - left#1)
01-12 18:40:46.243   582   582 I SurfaceFlinger: isIncludeStatusBarAndNavBar (1)
01-12 18:40:46.243   582   582 I SurfaceFlinger: screenshot (Background for -SurfaceView - com.YourCompany.Proj/com.epicgames.ue4.GameActivity#0)
01-12 18:40:46.243   582   582 I SurfaceFlinger: isIncludeStatusBarAndNavBar (1)
01-12 18:40:46.243   582   582 I SurfaceFlinger: screenshot (SurfaceView - com.YourCompany.Proj/com.epicgames.ue4.GameActivity#0)
01-12 18:40:46.243   582   582 I SurfaceFlinger: isIncludeStatusBarAndNavBar (1)
01-12 18:40:46.243   582   582 I SurfaceFlinger: screenshot (com.YourCompany.Proj/com.epicgames.ue4.GameActivity#1)
01-12 18:40:46.243   582   582 I SurfaceFlinger: isIncludeStatusBarAndNavBar (1)
01-12 18:40:46.343   582   582 I SurfaceFlinger: screenshot (Letterbox - left#1)
01-12 18:40:46.343   582   582 I SurfaceFlinger: isIncludeStatusBarAndNavBar (1)
01-12 18:40:46.343   582   582 I SurfaceFlinger: screenshot (Background for -SurfaceView - com.YourCompany.Proj/com.epicgames.ue4.GameActivity#0)
01-12 18:40:46.343   582   582 I SurfaceFlinger: isIncludeStatusBarAndNavBar (1)
01-12 18:40:46.343   582   582 I SurfaceFlinger: screenshot (SurfaceView - com.YourCompany.Proj/com.epicgames.ue4.GameActivity#0)
01-12 18:40:46.343   582   582 I SurfaceFlinger: isIncludeStatusBarAndNavBar (1)
01-12 18:40:46.343   582   582 I SurfaceFlinger: screenshot (com.YourCompany.Proj/com.epicgames.ue4.GameActivity#1)
01-12 18:40:46.343   582   582 I SurfaceFlinger: isIncludeStatusBarAndNavBar (1)
01-12 18:40:46.443   582   582 I SurfaceFlinger: screenshot (Letterbox - left#1)
01-12 18:40:46.443   582   582 I SurfaceFlinger: isIncludeStatusBarAndNavBar (1)
01-12 18:40:46.443   582   582 I SurfaceFlinger: screenshot (Background for -SurfaceView - com.YourCompany.Proj/com.epicgames.ue4.GameActivity#0)
01-12 18:40:46.443   582   582 I SurfaceFlinger: isIncludeStatusBarAndNavBar (1)
01-12 18:40:46.444   582   582 I SurfaceFlinger: screenshot (SurfaceView - com.YourCompany.Proj/com.epicgames.ue4.GameActivity#0)
01-12 18:40:46.444   582   582 I SurfaceFlinger: isIncludeStatusBarAndNavBar (1)
01-12 18:40:46.444   582   582 I SurfaceFlinger: screenshot (com.YourCompany.Proj/com.epicgames.ue4.GameActivity#1)
01-12 18:40:46.444   582   582 I SurfaceFlinger: isIncludeStatusBarAndNavBar (1)
01-12 18:40:46.543   582   582 I SurfaceFlinger: screenshot (Letterbox - left#1)
01-12 18:40:46.543   582   582 I SurfaceFlinger: isIncludeStatusBarAndNavBar (1)
01-12 18:40:46.543   582   582 I SurfaceFlinger: screenshot (Background for -SurfaceView - com.YourCompany.Proj/com.epicgames.ue4.GameActivity#0)
01-12 18:40:46.543   582   582 I SurfaceFlinger: isIncludeStatusBarAndNavBar (1)
01-12 18:40:46.543   582   582 I SurfaceFlinger: screenshot (SurfaceView - com.YourCompany.Proj/com.epicgames.ue4.GameActivity#0)
01-12 18:40:46.543   582   582 I SurfaceFlinger: isIncludeStatusBarAndNavBar (1)
01-12 18:40:46.543   582   582 I SurfaceFlinger: screenshot (com.YourCompany.Proj/com.epicgames.ue4.GameActivity#1)
01-12 18:40:46.543   582   582 I SurfaceFlinger: isIncludeStatusBarAndNavBar (1)
01-12 18:40:46.660   582   582 I SurfaceFlinger: screenshot (Letterbox - left#1)
01-12 18:40:46.660   582   582 I SurfaceFlinger: isIncludeStatusBarAndNavBar (1)
01-12 18:40:46.660   582   582 I SurfaceFlinger: screenshot (Background for -SurfaceView - com.YourCompany.Proj/com.epicgames.ue4.GameActivity#0)
01-12 18:40:46.660   582   582 I SurfaceFlinger: isIncludeStatusBarAndNavBar (1)
01-12 18:40:46.660   582   582 I SurfaceFlinger: screenshot (SurfaceView - com.YourCompany.Proj/com.epicgames.ue4.GameActivity#0)
01-12 18:40:46.660   582   582 I SurfaceFlinger: isIncludeStatusBarAndNavBar (1)
01-12 18:40:46.660   582   582 I SurfaceFlinger: screenshot (com.YourCompany.Proj/com.epicgames.ue4.GameActivity#1)
01-12 18:40:46.660   582   582 I SurfaceFlinger: isIncludeStatusBarAndNavBar (1)
01-12 18:40:46.777   582   582 I SurfaceFlinger: screenshot (Letterbox - left#1)
01-12 18:40:46.777   582   582 I SurfaceFlinger: isIncludeStatusBarAndNavBar (1)
01-12 18:40:46.777   582   582 I SurfaceFlinger: screenshot (Background for -SurfaceView - com.YourCompany.Proj/com.epicgames.ue4.GameActivity#0)
01-12 18:40:46.777   582   582 I SurfaceFlinger: isIncludeStatusBarAndNavBar (1)
01-12 18:40:46.777   582   582 I SurfaceFlinger: screenshot (SurfaceView - com.YourCompany.Proj/com.epicgames.ue4.GameActivity#0)
01-12 18:40:46.777   582   582 I SurfaceFlinger: isIncludeStatusBarAndNavBar (1)
01-12 18:40:46.777   582   582 I SurfaceFlinger: screenshot (com.YourCompany.Proj/com.epicgames.ue4.GameActivity#1)
01-12 18:40:46.777   582   582 I SurfaceFlinger: isIncludeStatusBarAndNavBar (1)
01-12 18:40:46.877   582   582 I SurfaceFlinger: screenshot (Letterbox - left#1)
01-12 18:40:46.877   582   582 I SurfaceFlinger: isIncludeStatusBarAndNavBar (1)
01-12 18:40:46.877   582   582 I SurfaceFlinger: screenshot (Background for -SurfaceView - com.YourCompany.Proj/com.epicgames.ue4.GameActivity#0)
01-12 18:40:46.877   582   582 I SurfaceFlinger: isIncludeStatusBarAndNavBar (1)
01-12 18:40:46.877   582   582 I SurfaceFlinger: screenshot (SurfaceView - com.YourCompany.Proj/com.epicgames.ue4.GameActivity#0)
01-12 18:40:46.877   582   582 I SurfaceFlinger: isIncludeStatusBarAndNavBar (1)
01-12 18:40:46.877   582   582 I SurfaceFlinger: screenshot (com.YourCompany.Proj/com.epicgames.ue4.GameActivity#1)
01-12 18:40:46.877   582   582 I SurfaceFlinger: isIncludeStatusBarAndNavBar (1)
01-12 18:40:46.976   516   602 I hwcomposer: [HWCDisplay] [Display_0 (type:1)] fps:59.983723,dur:1000.27,max:16.90,min:16.47  
01-12 18:40:46.977   582   582 I SurfaceFlinger: screenshot (Letterbox - left#1)
01-12 18:40:46.977   582   582 I SurfaceFlinger: isIncludeStatusBarAndNavBar (1)
01-12 18:40:46.977   582   582 I SurfaceFlinger: screenshot (Background for -SurfaceView - com.YourCompany.Proj/com.epicgames.ue4.GameActivity#0)
01-12 18:40:46.977   582   582 I SurfaceFlinger: isIncludeStatusBarAndNavBar (1)
01-12 18:40:46.977   582   582 I SurfaceFlinger: screenshot (SurfaceView - com.YourCompany.Proj/com.epicgames.ue4.GameActivity#0)
01-12 18:40:46.977   582   582 I SurfaceFlinger: isIncludeStatusBarAndNavBar (1)
01-12 18:40:46.977   582   582 I SurfaceFlinger: screenshot (com.YourCompany.Proj/com.epicgames.ue4.GameActivity#1)
01-12 18:40:46.977   582   582 I SurfaceFlinger: isIncludeStatusBarAndNavBar (1)
01-12 18:40:47.028   582  2228 I BufferQueueProducer: [SurfaceView - com.YourCompany.Proj/com.epicgames.ue4.GameActivity#0](this:0x727b0ae000,id:8056,api:1,p:24439,c:582) queueBuffer: fps=60.09 dur=1015.20 max=17.99 min=14.84
01-12 18:40:47.082 32109 32109 I ADB_SERVICES: service_to_fd shell,v2,raw:ps
01-12 18:40:47.093   582   582 I SurfaceFlinger: screenshot (Letterbox - left#1)
01-12 18:40:47.093   582   582 I SurfaceFlinger: isIncludeStatusBarAndNavBar (1)
01-12 18:40:47.093   582   582 I SurfaceFlinger: screenshot (Background for -SurfaceView - com.YourCompany.Proj/com.epicgames.ue4.GameActivity#0)
01-12 18:40:47.093   582   582 I SurfaceFlinger: isIncludeStatusBarAndNavBar (1)
01-12 18:40:47.093   582   582 I SurfaceFlinger: screenshot (SurfaceView - com.YourCompany.Proj/com.epicgames.ue4.GameActivity#0)
01-12 18:40:47.094   582   582 I SurfaceFlinger: isIncludeStatusBarAndNavBar (1)
01-12 18:40:47.094   582   582 I SurfaceFlinger: screenshot (com.YourCompany.Proj/com.epicgames.ue4.GameActivity#1)
01-12 18:40:47.094   582   582 I SurfaceFlinger: isIncludeStatusBarAndNavBar (1)
01-12 18:40:47.137 32109 24638 I ADB_SERVICES: post waitpid (pid=24637) status=0000
01-12 18:40:47.137 32109 32109 I ADB_SERVICES: for fd 26, revents = 2010
01-12 18:40:47.137 32109 32109 I ADB_SERVICES: for fd 26, revents = 2011
01-12 18:40:47.210   582   582 I SurfaceFlinger: screenshot (Letterbox - left#1)
01-12 18:40:47.210   582   582 I SurfaceFlinger: isIncludeStatusBarAndNavBar (1)
01-12 18:40:47.210   582   582 I SurfaceFlinger: screenshot (Background for -SurfaceView - com.YourCompany.Proj/com.epicgames.ue4.GameActivity#0)
01-12 18:40:47.210   582   582 I SurfaceFlinger: isIncludeStatusBarAndNavBar (1)
01-12 18:40:47.210   582   582 I SurfaceFlinger: screenshot (SurfaceView - com.YourCompany.Proj/com.epicgames.ue4.GameActivity#0)
01-12 18:40:47.210   582   582 I SurfaceFlinger: isIncludeStatusBarAndNavBar (1)
01-12 18:40:47.210   582   582 I SurfaceFlinger: screenshot (com.YourCompany.Proj/com.epicgames.ue4.GameActivity#1)
01-12 18:40:47.210   582   582 I SurfaceFlinger: isIncludeStatusBarAndNavBar (1)
01-12 18:40:47.310   582   582 I SurfaceFlinger: screenshot (Letterbox - left#1)
01-12 18:40:47.310   582   582 I SurfaceFlinger: isIncludeStatusBarAndNavBar (1)
01-12 18:40:47.310   582   582 I SurfaceFlinger: screenshot (Background for -SurfaceView - com.YourCompany.Proj/com.epicgames.ue4.GameActivity#0)
01-12 18:40:47.310   582   582 I SurfaceFlinger: isIncludeStatusBarAndNavBar (1)
01-12 18:40:47.310   582   582 I SurfaceFlinger: screenshot (SurfaceView - com.YourCompany.Proj/com.epicgames.ue4.GameActivity#0)
01-12 18:40:47.310   582   582 I SurfaceFlinger: isIncludeStatusBarAndNavBar (1)
01-12 18:40:47.310   582   582 I SurfaceFlinger: screenshot (com.YourCompany.Proj/com.epicgames.ue4.GameActivity#1)
01-12 18:40:47.310   582   582 I SurfaceFlinger: isIncludeStatusBarAndNavBar (1)
01-12 18:40:47.377 22703 22780 W ConnectionTracker: Exception thrown while unbinding
01-12 18:40:47.377 22703 22780 W ConnectionTracker: java.lang.IllegalArgumentException: Service not registered: ls@e9002b0
01-12 18:40:47.377 22703 22780 W ConnectionTracker: 	at android.app.LoadedApk.forgetServiceDispatcher(LoadedApk.java:1759)
01-12 18:40:47.377 22703 22780 W ConnectionTracker: 	at android.app.ContextImpl.unbindService(ContextImpl.java:1787)
01-12 18:40:47.377 22703 22780 W ConnectionTracker: 	at android.content.ContextWrapper.unbindService(ContextWrapper.java:751)
01-12 18:40:47.377 22703 22780 W ConnectionTracker: 	at ci.f(:com.google.android.gms.dynamite_measurementdynamite@204714081@20.47.14 (120400-0):1)
01-12 18:40:47.377 22703 22780 W ConnectionTracker: 	at ci.d(:com.google.android.gms.dynamite_measurementdynamite@204714081@20.47.14 (120400-0):2)
01-12 18:40:47.377 22703 22780 W ConnectionTracker: 	at lt.E(:com.google.android.gms.dynamite_measurementdynamite@204714081@20.47.14 (120400-0):9)
01-12 18:40:47.377 22703 22780 W ConnectionTracker: 	at ld.a(:com.google.android.gms.dynamite_measurementdynamite@204714081@20.47.14 (120400-0):3)
01-12 18:40:47.377 22703 22780 W ConnectionTracker: 	at ef.run(:com.google.android.gms.dynamite_measurementdynamite@204714081@20.47.14 (120400-0):3)
01-12 18:40:47.377 22703 22780 W ConnectionTracker: 	at java.util.concurrent.Executors$RunnableAdapter.call(Executors.java:462)
01-12 18:40:47.377 22703 22780 W ConnectionTracker: 	at java.util.concurrent.FutureTask.run(FutureTask.java:266)
01-12 18:40:47.377 22703 22780 W ConnectionTracker: 	at iy.run(:com.google.android.gms.dynamite_measurementdynamite@204714081@20.47.14 (120400-0):5)
01-12 18:40:47.410   582   582 I SurfaceFlinger: screenshot (Letterbox - left#1)
01-12 18:40:47.410   582   582 I SurfaceFlinger: isIncludeStatusBarAndNavBar (1)
01-12 18:40:47.410   582   582 I SurfaceFlinger: screenshot (Background for -SurfaceView - com.YourCompany.Proj/com.epicgames.ue4.GameActivity#0)
01-12 18:40:47.410   582   582 I SurfaceFlinger: isIncludeStatusBarAndNavBar (1)
01-12 18:40:47.410   582   582 I SurfaceFlinger: screenshot (SurfaceView - com.YourCompany.Proj/com.epicgames.ue4.GameActivity#0)
01-12 18:40:47.410   582   582 I SurfaceFlinger: isIncludeStatusBarAndNavBar (1)
01-12 18:40:47.410   582   582 I SurfaceFlinger: screenshot (com.YourCompany.Proj/com.epicgames.ue4.GameActivity#1)
01-12 18:40:47.410   582   582 I SurfaceFlinger: isIncludeStatusBarAndNavBar (1)
01-12 18:40:47.510   582   582 I SurfaceFlinger: screenshot (Letterbox - left#1)
01-12 18:40:47.510   582   582 I SurfaceFlinger: isIncludeStatusBarAndNavBar (1)
01-12 18:40:47.510   582   582 I SurfaceFlinger: screenshot (Background for -SurfaceView - com.YourCompany.Proj/com.epicgames.ue4.GameActivity#0)
01-12 18:40:47.510   582   582 I SurfaceFlinger: isIncludeStatusBarAndNavBar (1)
01-12 18:40:47.510   582   582 I SurfaceFlinger: screenshot (SurfaceView - com.YourCompany.Proj/com.epicgames.ue4.GameActivity#0)
01-12 18:40:47.510   582   582 I SurfaceFlinger: isIncludeStatusBarAndNavBar (1)
01-12 18:40:47.510   582   582 I SurfaceFlinger: screenshot (com.YourCompany.Proj/com.epicgames.ue4.GameActivity#1)
01-12 18:40:47.510   582   582 I SurfaceFlinger: isIncludeStatusBarAndNavBar (1)
01-12 18:40:47.627   582   582 I SurfaceFlinger: screenshot (Letterbox - left#1)
01-12 18:40:47.627   582   582 I SurfaceFlinger: isIncludeStatusBarAndNavBar (1)
01-12 18:40:47.627   582   582 I SurfaceFlinger: screenshot (Background for -SurfaceView - com.YourCompany.Proj/com.epicgames.ue4.GameActivity#0)
01-12 18:40:47.627   582   582 I SurfaceFlinger: isIncludeStatusBarAndNavBar (1)
01-12 18:40:47.627   582   582 I SurfaceFlinger: screenshot (SurfaceView - com.YourCompany.Proj/com.epicgames.ue4.GameActivity#0)
01-12 18:40:47.627   582   582 I SurfaceFlinger: isIncludeStatusBarAndNavBar (1)
01-12 18:40:47.627   582   582 I SurfaceFlinger: screenshot (com.YourCompany.Proj/com.epicgames.ue4.GameActivity#1)
01-12 18:40:47.627   582   582 I SurfaceFlinger: isIncludeStatusBarAndNavBar (1)
01-12 18:40:47.727   582   582 I SurfaceFlinger: screenshot (Letterbox - left#1)
01-12 18:40:47.727   582   582 I SurfaceFlinger: isIncludeStatusBarAndNavBar (1)
01-12 18:40:47.727   582   582 I SurfaceFlinger: screenshot (Background for -SurfaceView - com.YourCompany.Proj/com.epicgames.ue4.GameActivity#0)
01-12 18:40:47.727   582   582 I SurfaceFlinger: isIncludeStatusBarAndNavBar (1)
01-12 18:40:47.727   582   582 I SurfaceFlinger: screenshot (SurfaceView - com.YourCompany.Proj/com.epicgames.ue4.GameActivity#0)
01-12 18:40:47.727   582   582 I SurfaceFlinger: isIncludeStatusBarAndNavBar (1)
01-12 18:40:47.727   582   582 I SurfaceFlinger: screenshot (com.YourCompany.Proj/com.epicgames.ue4.GameActivity#1)
01-12 18:40:47.727   582   582 I SurfaceFlinger: isIncludeStatusBarAndNavBar (1)
01-12 18:40:47.843   582   582 I SurfaceFlinger: screenshot (Letterbox - left#1)
01-12 18:40:47.843   582   582 I SurfaceFlinger: isIncludeStatusBarAndNavBar (1)
01-12 18:40:47.843   582   582 I SurfaceFlinger: screenshot (Background for -SurfaceView - com.YourCompany.Proj/com.epicgames.ue4.GameActivity#0)
01-12 18:40:47.843   582   582 I SurfaceFlinger: isIncludeStatusBarAndNavBar (1)
01-12 18:40:47.843   582   582 I SurfaceFlinger: screenshot (SurfaceView - com.YourCompany.Proj/com.epicgames.ue4.GameActivity#0)
01-12 18:40:47.844   582   582 I SurfaceFlinger: isIncludeStatusBarAndNavBar (1)
01-12 18:40:47.844   582   582 I SurfaceFlinger: screenshot (com.YourCompany.Proj/com.epicgames.ue4.GameActivity#1)
01-12 18:40:47.844   582   582 I SurfaceFlinger: isIncludeStatusBarAndNavBar (1)
01-12 18:40:47.908  1235  1454 E WifiVendorHal: getWifiLinkLayerStats_1_3_Internal(l.927) failed {.code = ERROR_NOT_SUPPORTED, .description = }
01-12 18:40:47.943   582   582 I SurfaceFlinger: screenshot (Letterbox - left#1)
01-12 18:40:47.944   582   582 I SurfaceFlinger: isIncludeStatusBarAndNavBar (1)
01-12 18:40:47.944   582   582 I SurfaceFlinger: screenshot (Background for -SurfaceView - com.YourCompany.Proj/com.epicgames.ue4.GameActivity#0)
01-12 18:40:47.944   582   582 I SurfaceFlinger: isIncludeStatusBarAndNavBar (1)
01-12 18:40:47.944   582   582 I SurfaceFlinger: screenshot (SurfaceView - com.YourCompany.Proj/com.epicgames.ue4.GameActivity#0)
01-12 18:40:47.944   582   582 I SurfaceFlinger: isIncludeStatusBarAndNavBar (1)
01-12 18:40:47.944   582   582 I SurfaceFlinger: screenshot (com.YourCompany.Proj/com.epicgames.ue4.GameActivity#1)
01-12 18:40:47.944   582   582 I SurfaceFlinger: isIncludeStatusBarAndNavBar (1)
01-12 18:40:47.976   516   602 I hwcomposer: [HWCDisplay] [Display_0 (type:1)] fps:59.994419,dur:1000.09,max:17.26,min:16.07  
01-12 18:40:48.044   582   630 I BufferQueueProducer: [SurfaceView - com.YourCompany.Proj/com.epicgames.ue4.GameActivity#0](this:0x727b0ae000,id:8056,api:1,p:24439,c:582) queueBuffer: fps=60.04 dur=1015.93 max=18.42 min=14.21
01-12 18:40:48.060   582   582 I SurfaceFlinger: screenshot (Letterbox - left#1)
01-12 18:40:48.060   582   582 I SurfaceFlinger: isIncludeStatusBarAndNavBar (1)
01-12 18:40:48.060   582   582 I SurfaceFlinger: screenshot (Background for -SurfaceView - com.YourCompany.Proj/com.epicgames.ue4.GameActivity#0)
01-12 18:40:48.060   582   582 I SurfaceFlinger: isIncludeStatusBarAndNavBar (1)
01-12 18:40:48.060   582   582 I SurfaceFlinger: screenshot (SurfaceView - com.YourCompany.Proj/com.epicgames.ue4.GameActivity#0)
01-12 18:40:48.060   582   582 I SurfaceFlinger: isIncludeStatusBarAndNavBar (1)
01-12 18:40:48.061   582   582 I SurfaceFlinger: screenshot (com.YourCompany.Proj/com.epicgames.ue4.GameActivity#1)
01-12 18:40:48.061   582   582 I SurfaceFlinger: isIncludeStatusBarAndNavBar (1)
01-12 18:40:48.142  1521  1840 D MobileSignalController: updateDataType mSelectedDataTypeIcon[0]=2131232929, mSelectedDataActivityIndex=6
01-12 18:40:48.142  1521  1840 D TelephonyIcons: getSignalStrengthIcon: slot=0, inetCondition=1, level=4, roaming=false, signalstrength=SignalStrength:{mCdma=CellSignalStrengthCdma: cdmaDbm=2147483647 cdmaEcio=2147483647 evdoDbm=2147483647 evdoEcio=2147483647 evdoSnr=2147483647 miuiLevel=0 level=0,mGsm=CellSignalStrengthGsm: rssi=2147483647 ber=2147483647 mTa=2147483647 miuiLevel=0 mLevel=0,mWcdma=CellSignalStrengthWcdma: ss=2147483647 ber=2147483647 rscp=2147483647 ecno=2147483647 miuiLevel=0 level=0,mTdscdma=CellSignalStrengthTdscdma: rssi=2147483647 ber=2147483647 rscp=2147483647 miuiLevel=0 level=0,mLte=CellSignalStrengthLte: rssi=2147483647 rsrp=-102 rsrq=-17 rssnr=-40 cqi=0 ta=0 miuiLevel=4 level=0,mNr=CellSignalStrengthNr:{ csiRsrp = 2147483647 csiRsrq = 2147483647 csiSinr = 2147483647 ssRsrp = 2147483647 ssRsrq = 2147483647 ssSinr = 2147483647 miuiLevel = 0 level = 0 },primary=CellSignalStrengthLte}, phoneId=0, mMtkLevel=-1, mMtkRsrpOnly=true, mMtkLteRsrpThreshold=null, mMtkLteRssnrThreshold=null
01-12 18:40:48.142  1521  1840 D TelephonyIcons: null signal icon name: drawable/stat_sys_signal_null
01-12 18:40:48.143  1521  1840 D TelephonyIcons: getDataTypeIcon sub=0
01-12 18:40:48.143  1521  1840 D SlaveWifiSignalController: notifyListeners: false
01-12 18:40:48.148  1521  1521 D SignalClusterView: updateMobileTypeImage  0
01-12 18:40:48.148  1235  1337 I PowerManagerService: Going to sleep due to timeout (uid 1000)...
01-12 18:40:48.148  1235  1235 W UsageStatsService: Event reported without a package name, eventType:16
01-12 18:40:48.149   582   630 I BufferQueue: [unnamed-582-8057](this:0x727af5a800,id:8057,api:0,p:-1,c:-1) BufferQueue core=(582:/system/bin/surfaceflinger)
01-12 18:40:48.149   582   630 I BufferQueueConsumer: [unnamed-582-8057](this:0x727af5a800,id:8057,api:0,p:-1,c:582) connect(C): consumer=(582:/system/bin/surfaceflinger) controlledByApp=false
01-12 18:40:48.149   582   630 I BufferQueueConsumer: [unnamed-582-8054](this:0x727af5a800,id:8057,api:0,p:-1,c:582) setConsumerName: unnamed-582-8054
01-12 18:40:48.149   582   630 I BufferQueueConsumer: [ColorFade#0](this:0x727af5a800,id:8057,api:0,p:-1,c:582) setConsumerName: ColorFade#0
01-12 18:40:48.149   582   630 I BufferQueueConsumer: [ColorFade#0](this:0x727af5a800,id:8057,api:0,p:-1,c:582) setDefaultBufferSize: width=1080 height=2340
01-12 18:40:48.151  1235  1235 I WindowManager: Started going to sleep... (why=OFF_BECAUSE_OF_TIMEOUT)
01-12 18:40:48.152  1521  1537 D KeyguardViewMediator: onStartedGoingToSleep(3)
01-12 18:40:48.153  1521  1521 D SignalClusterView: updateMobileTypeImage  0
01-12 18:40:48.153  1235  1452 I MiuiNetworkPolicy: updateUidState uid = 10063, uidState = 7
01-12 18:40:48.154  1521  1521 D SignalClusterView: updateMobileTypeImage  0
01-12 18:40:48.154  1235  1337 E GraphicExt: GraphicExtModuleLoader::CreateGraphicExtInstance false
01-12 18:40:48.155  1235  1337 D Surface : Surface::connect(this=0x71220fe000,api=1)
01-12 18:40:48.155  1521  1521 D SignalClusterView: updateMobileTypeImage  0
01-12 18:40:48.155 23873 23873 I GoogleInputMethodService: GoogleInputMethodService.onFinishInput():3308 
01-12 18:40:48.156 23873 23873 I GoogleInputMethodService: GoogleInputMethodService.onStartInput():1887 
01-12 18:40:48.156  1521  1521 D SignalClusterView: updateMobileTypeImage  0
01-12 18:40:48.157  1521  1537 D KeyguardViewMediator: notifyStartedGoingToSleep
01-12 18:40:48.158  1521  1537 D EventBus: [1521, u0] post(ScreenOffEvent)
01-12 18:40:48.158   582   630 I BufferQueueProducer: [ColorFade#0](this:0x727af5a800,id:8057,api:1,p:1235,c:582) connect(P): api=1 producer=(1235:system_server) producerControlledByApp=false
01-12 18:40:48.159  1235  1337 D mali_winsys: EGLint new_window_surface(egl_winsys_display *, void *, EGLSurface, EGLConfig, egl_winsys_surface **, EGLBoolean) returns 0x3000
01-12 18:40:48.159  1235  1337 I BufferQueue: [unnamed-1235-557](this:0x7023a52000,id:557,api:0,p:-1,c:-1) BufferQueue core=(1235:system_server)
01-12 18:40:48.159  1235  1337 I BufferQueueConsumer: [unnamed-1235-557](this:0x7023a52000,id:557,api:0,p:-1,c:1235) connect(C): consumer=(1235:system_server) controlledByApp=true
01-12 18:40:48.159  1235  1337 I BufferQueueConsumer: [unnamed-1235-557](this:0x7023a52000,id:557,api:0,p:-1,c:1235) setConsumerName: unnamed-1235-557
01-12 18:40:48.159  1235  1337 I BufferQueueConsumer: [SurfaceTexture-1-1235-557](this:0x7023a52000,id:557,api:0,p:-1,c:1235) setConsumerName: SurfaceTexture-1-1235-557
01-12 18:40:48.159  1235  1337 E GraphicExt: GraphicExtModuleLoader::CreateGraphicExtInstance false
01-12 18:40:48.161  1521  1521 D SignalClusterView: updateMobileTypeImage  0
01-12 18:40:48.161   582   582 I SurfaceFlinger: screenshot (Letterbox - left#1)
01-12 18:40:48.161   582   582 I SurfaceFlinger: isIncludeStatusBarAndNavBar (1)
01-12 18:40:48.161   582   582 I SurfaceFlinger: screenshot (Background for -SurfaceView - com.YourCompany.Proj/com.epicgames.ue4.GameActivity#0)
01-12 18:40:48.161   582   582 I SurfaceFlinger: isIncludeStatusBarAndNavBar (1)
01-12 18:40:48.161   582   582 I SurfaceFlinger: screenshot (SurfaceView - com.YourCompany.Proj/com.epicgames.ue4.GameActivity#0)
01-12 18:40:48.161   582   582 I SurfaceFlinger: isIncludeStatusBarAndNavBar (1)
01-12 18:40:48.161   582   582 I SurfaceFlinger: screenshot (com.YourCompany.Proj/com.epicgames.ue4.GameActivity#1)
01-12 18:40:48.161   582   582 I SurfaceFlinger: isIncludeStatusBarAndNavBar (1)
01-12 18:40:48.162  1521  1521 D SignalClusterView: updateMobileTypeImage  0
01-12 18:40:48.163  1521  1521 I chatty  : uid=1000(system) com.android.systemui identical 2 lines
01-12 18:40:48.163  1521  1521 D SignalClusterView: updateMobileTypeImage  0
01-12 18:40:48.164  1521  1521 D KeyguardViewMediator: handleNotifyStartedGoingToSleep
01-12 18:40:48.164   582   582 I SurfaceFlinger: screenshot (Letterbox - left#1)
01-12 18:40:48.164   582   582 I SurfaceFlinger: isIncludeStatusBarAndNavBar (1)
01-12 18:40:48.164   582   582 I SurfaceFlinger: screenshot (Background for -SurfaceView - com.YourCompany.Proj/com.epicgames.ue4.GameActivity#0)
01-12 18:40:48.164   582   582 I SurfaceFlinger: isIncludeStatusBarAndNavBar (1)
01-12 18:40:48.164   582   582 I SurfaceFlinger: screenshot (SurfaceView - com.YourCompany.Proj/com.epicgames.ue4.GameActivity#0)
01-12 18:40:48.164   582   582 I SurfaceFlinger: isIncludeStatusBarAndNavBar (1)
01-12 18:40:48.164   582   582 I SurfaceFlinger: screenshot (com.YourCompany.Proj/com.epicgames.ue4.GameActivity#1)
01-12 18:40:48.164   582   582 I SurfaceFlinger: isIncludeStatusBarAndNavBar (1)
01-12 18:40:48.171  1235  1337 D Surface : Surface::connect(this=0x701ea0f000,api=2)
01-12 18:40:48.171  1235  1337 I BufferQueueProducer: [SurfaceTexture-1-1235-557](this:0x7023a52000,id:557,api:2,p:1235,c:1235) connect(P): api=2 producer=(1235:system_server) producerControlledByApp=true
01-12 18:40:48.171  1235  1337 D Surface : Surface::disconnect(this=0x701ea0f000,api=2)
01-12 18:40:48.171  1235  1337 I BufferQueueProducer: [SurfaceTexture-1-1235-557](this:0x7023a52000,id:557,api:2,p:1235,c:1235) disconnect(P): api 2
01-12 18:40:48.177 32109 32109 I ADB_SERVICES: service_to_fd shell,v2,raw:ps
01-12 18:40:48.184  1521  1521 I KeyguardIndication: updateIndication: mVisible false mDozing false mTransientIndication null mPowerPluggedIn true mUpArrowIndication null
01-12 18:40:48.184  1521  1521 D miui_face: onStartedGoingToSleep
01-12 18:40:48.193   582   630 I BufferQueueProducer: [StatusBar#0](this:0x729a054000,id:3,api:1,p:1521,c:582) queueBuffer: fps=6.19 dur=2747.20 max=2082.03 min=12.69
01-12 18:40:48.195  1521  1521 D FaceManagerImpl_client: inernational:true supportR:[ALL] nowR:GB
01-12 18:40:48.195  1521  1521 D FaceManagerImpl_client: inernational:true supportR:[ALL] nowR:GB
01-12 18:40:48.195  1521  1521 I KeyguardViewMediator: getBouncerPromptReason trust = false fingerprint = true faceUnlock = true bleUnlock = false strongAuth = 0, userId = 0
01-12 18:40:48.196  1521  1521 D FaceManagerImpl_client: inernational:true supportR:[ALL] nowR:GB
01-12 18:40:48.199  3055  3211 D miui.face.FaceService: preInitAuth, com.android.systemui ok
01-12 18:40:48.196  1521  1521 D FaceManagerImpl_client: inernational:true supportR:[ALL] nowR:GB
01-12 18:40:48.199  1521  2274 I GED     : [GT]_get_procNameprocess pid(1521)
01-12 18:40:48.199  1521  2274 I GED     : [GT]_getprocess name(com.android.systemui)
01-12 18:40:48.199  1521  2274 I         : [GT] ret(1) gt_status(00000000) aniso_debug_level(0) gt_aniso_max_level(16) ani so mask(00000001) tri mask(00000002)
01-12 18:40:48.199  1521  2274 D Surface : Surface::connect(this=0x7085633000,api=1)
01-12 18:40:48.199  3055  3211 D miui.face.FaceService: onPreInit  curMonitor:com.miui.face.util.ClientMonitor@b820c4c hasInit: true
01-12 18:40:48.200  1521  1537 D FaceManagerImpl_client: mServiceReceiver callback: 207
01-12 18:40:48.200   582  2228 I BufferQueueProducer: [com.android.keyguard.wallpaper.service.MiuiKeyguardPictorialWallpaper#0](this:0x727d0ed800,id:7,api:1,p:1521,c:582) connect(P): api=1 producer=(1521:com.android.systemui) producerControlledByApp=false
01-12 18:40:48.202  1521  2274 D mali_winsys: EGLint new_window_surface(egl_winsys_display *, void *, EGLSurface, EGLConfig, egl_winsys_surface **, EGLBoolean) returns 0x3000
01-12 18:40:48.215   582   582 I BufferQueueProducer: [FramebufferSurface](this:0x7282501800,id:0,api:1,p:582,c:582) queueBuffer: fps=0.15 dur=13205.84 max=12470.70 min=735.14
