--------- beginning of main
01-15 17:19:58.950 32546 27977 I ADB_SERVICES: post waitpid (pid=27976) status=0000
01-15 17:19:58.950 32546 32546 I ADB_SERVICES: for fd 23, revents = 2011
01-15 17:19:58.950 32546 32546 I ADB_SERVICES: for fd 23, revents = 2011
01-15 17:19:58.970  1235  1449 D NtpTrustedTime: currentTimeMillis() cache hit
01-15 17:19:58.970   496  1100 I netd    : trafficSwapActiveStatsMap() <0.23ms>
01-15 17:19:58.972   496  1100 I netd    : tetherGetStats() <0.72ms>
01-15 17:19:58.986 32546 32546 I ADB_SERVICES: service_to_fd shell,v2,raw:am start -n com.YourCompany.Proj/com.epicgames.ue4.SplashActivity
01-15 17:19:59.002   582   582 I SurfaceFlinger: screenshot (com.vkontakte.android/com.vkontakte.android.MainActivity#0)
01-15 17:19:59.002   582   582 I SurfaceFlinger: isIncludeStatusBarAndNavBar (1)
01-15 17:19:59.003  1235  1449 D NtpTrustedTime: currentTimeMillis() cache hit
01-15 17:19:59.006  2739  4174 I TrafficManageService: mina mTrafficStatsReceiver onReceive
01-15 17:19:59.007   496  1100 I netd    : bandwidthSetGlobalAlert(131072) <0.28ms>
01-15 17:19:59.008  2739  4174 I TrafficManageService: mina checkNormalTrafficStatus 
--------- beginning of system
01-15 17:19:59.009  1235  2858 I ActivityTaskManager: START u0 {flg=0x10000000 cmp=com.YourCompany.Proj/com.epicgames.ue4.SplashActivity} from uid 2000
01-15 17:19:59.009  1235  2858 D MiuiMultiWindowAdapter: MiuiMultiWindowAdapter::getFreeformBlackList::sSmallWindowBlackList = [com.miui.securitycenter, com.miui.weather2, com.miui.miservice, com.android.calendar, com.xiaomi.calendar, com.android.contacts, com.miui.mishare.connectivity, com.android.settings, com.android.printspooler, com.miui.backup, com.miui.huanji, com.miui.calculator, com.android.deskclock, com.android.thememanager, com.mfashiongallery.emag, com.miui.virtualsim, com.miui.smarttravel, com.mi.health, com.android.camera, com.lbe.security.miui, com.miui.cleanmaster, com.miui.newhome, com.miui.voiceassist, com.android.phone, com.miui.yellowpage, com.android.updater, com.miui.tsmclient, com.miui.securitycore, com.xiaomi.account, com.xiaomi.shop, com.xiaomi.smarthome, com.mipay.wallet, com.xiaomi.youpin, com.xiaomi.hm.health, com.miui.bugreport, com.xiaomi.mibrain.speech, com.xiaomi.mimoji, com.xiaomi.scanner, com.duokan.phone.remotecontroller, com.miui.hybrid, com.android.incallui, com.miui.video, com.miui.videoplayer, com.miui.player, com.miui.fm, com.miui.packageinstaller, com.mi.android.globallauncher, com.mi.android.globallauncher-poco, com.google.android.dialer, com.google.android.apps.magazines, com.miui.compass, com.miui.greenguard, com.kiteguard, com.google.android.apps.prodcasts, com.google.ar.lens, com.xiangkan.android, com.android.bankabc, com.sohu.inputmethod.sogou, com.tencent.mtt, com.shyz.toutiao, com.netease.mc.mi, com.outfit7.talkingtomgoldrun.mi, com.doudz.mi, com.wepie.snake.new.mi, cn.jj, com.standddz002.mi, com.miHoYo.bh3.mi, com.qqgame.hlddz, com.happyelements.AndroidAnimal, com.minitech.miniworld.TMobile.mi, com.mfp.jelly.xiaomi, com.lilithgames.afk.mi, com.tencent.peng, com.teenpatti.hd.gold, blockpuzzle.jewelgames.jewelslegend, com.playgendary.tanks, com.chillingo.robberybobfree.android.row, com.episodeinteractive.android.catalog, com.playrix.township, com.ansangha.drdriving, com.google.android.youtube, com.gbits.atm.mi, com.tencent.tetris, com.sukhavati.gotoplaying.bubble.BubbleShooter.mint, com.youzu.bs.mi]
01-15 17:19:59.015   538   598 I power@1.3-impl: powerHintInternal hint:8, data:1
01-15 17:19:59.018  1235  2858 E BoostFramework: BoostFramework() : Exception_1 = java.lang.ClassNotFoundException: com.qualcomm.qti.Performance
01-15 17:19:59.019  1235  2858 E BoostFramework: BoostFramework() Ux Perf: Exception = java.lang.ClassNotFoundException: com.qualcomm.qti.UxPerformance
01-15 17:19:59.019  1235  2858 D PowerHalWrapper: <amsBoostResume> last:com.vkontakte.android, next:com.YourCompany.Proj 
01-15 17:19:59.024  1235  1322 E system_server: Invalid ID 0x00000000.
01-15 17:19:59.026  1235  1322 D ViewRootImpl[Proj]: hardware acceleration = false , fakeHwAccelerated = true, sRendererDisabled = false, forceHwAccelerated = false, sSystemRendererDisabled = false
01-15 17:19:59.027 32546 27979 I ADB_SERVICES: post waitpid (pid=27978) status=0000
01-15 17:19:59.027 32546 32546 I ADB_SERVICES: for fd 23, revents = 2011
01-15 17:19:59.027 32546 32546 I ADB_SERVICES: for fd 23, revents = 2011
01-15 17:19:59.035   582  2228 I BufferQueue: [unnamed-582-14193](this:0x72685fd800,id:14193,api:0,p:-1,c:-1) BufferQueue core=(582:/system/bin/surfaceflinger)
01-15 17:19:59.035   582  2228 I BufferQueueConsumer: [unnamed-582-14193](this:0x72685fd800,id:14193,api:0,p:-1,c:582) connect(C): consumer=(582:/system/bin/surfaceflinger) controlledByApp=false
01-15 17:19:59.035   582  2228 I BufferQueueConsumer: [unnamed-582-14190](this:0x72685fd800,id:14193,api:0,p:-1,c:582) setConsumerName: unnamed-582-14190
01-15 17:19:59.035   582  2228 I BufferQueueConsumer: [Splash Screen com.YourCompany.Proj#0](this:0x72685fd800,id:14193,api:0,p:-1,c:582) setConsumerName: Splash Screen com.YourCompany.Proj#0
01-15 17:19:59.035   582  2228 I BufferQueueConsumer: [Splash Screen com.YourCompany.Proj#0](this:0x72685fd800,id:14193,api:0,p:-1,c:582) setDefaultBufferSize: width=1 height=1
01-15 17:19:59.036   582  2228 I BufferQueueConsumer: [Splash Screen com.YourCompany.Proj#0](this:0x72685fd800,id:14193,api:0,p:-1,c:582) setDefaultBufferSize: width=1080 height=2340
01-15 17:19:59.038  1235  1322 E GraphicExt: GraphicExtModuleLoader::CreateGraphicExtInstance false
01-15 17:19:59.039  1235  1322 D Surface : lockCanvas
01-15 17:19:59.039  1235  1322 D Surface : Surface::connect(this=0x704df42000,api=2)
01-15 17:19:59.040   582  1253 I BufferQueueProducer: [Splash Screen com.YourCompany.Proj#0](this:0x72685fd800,id:14193,api:2,p:1235,c:582) connect(P): api=2 producer=(1235:system_server) producerControlledByApp=false
01-15 17:19:59.042  1235  1957 D SensorService: SensorDevice::activate: ident=0x712206e880, handle=0x0000000c, enabled=0, count=1
01-15 17:19:59.042  1235  1957 D SensorService: disable index=0
01-15 17:19:59.042  1235  1957 D SensorService: 	>>> actuating h/w activate handle=12 enabled=0
01-15 17:19:59.042   794  1023 I ScpFusion: enable, handle:14, en:0
01-15 17:19:59.046  1235  1957 D SensorService: 7 active sensors
01-15 17:19:59.046  1235  1957 D SensorService: removing connection 0x712206e880 for sensor[0].handle=0x00000006
01-15 17:19:59.046  1235  1957 D SensorService: removing connection 0x712206e880 for sensor[1].handle=0x00000007
01-15 17:19:59.047  1235  1957 D SensorService: removing connection 0x712206e880 for sensor[2].handle=0x0000000e
01-15 17:19:59.047  1235  1957 D SensorService: removing connection 0x712206e880 for sensor[3].handle=0x00000010
01-15 17:19:59.047  1235  1957 D SensorService: removing connection 0x712206e880 for sensor[4].handle=0x00000011
01-15 17:19:59.047  1235  1957 D SensorService: removing connection 0x712206e880 for sensor[5].handle=0x0000001c
01-15 17:19:59.047  1235  1957 D SensorService: removing connection 0x712206e880 for sensor[6].handle=0x0000001d
01-15 17:19:59.049  1235  1957 D SensorService: ~SensorEventConnection(0x712206e880)
01-15 17:19:59.050  1235  2858 I MediaFocusControl: abandonAudioFocus() from uid/pid 10173/24625 clientId=android.media.AudioManager@4d795d5h.w.b.i1.i.q@ea27dfe
01-15 17:19:59.055  1235  2858 D WindowOrientationListener: WindowOrientationListener enabled clearCurrentRotation=true
01-15 17:19:59.056  1235  2858 D SensorService: Calling batch handle==20 flags=0rate=66667000 timeout== 0
01-15 17:19:59.056  1235  2858 D SensorService: SensorDevice::batch: ident=0x70b9184500, handle=0x00000014, flags=0, period_ns=66667000 timeout=0
01-15 17:19:59.056  1235  2858 D SensorService: 	>>> curr_period=9223372036854775807 min_period=66667000 curr_timeout=0 min_timeout=0
01-15 17:19:59.056  1235  2858 D SensorService: 	>>> actuating h/w BATCH 0x00000014 66667000 0
01-15 17:19:59.056   794  1023 I Situation: batch: handle:26, flag:0,samplingPeriodNs:66667000 maxBatchReportLatencyNs:0

01-15 17:19:59.057  1235  2858 D SensorService: Calling activate on 20
01-15 17:19:59.057  1235  2858 D SensorService: SensorDevice::activate: ident=0x70b9184500, handle=0x00000014, enabled=1, count=1
01-15 17:19:59.057  1235  2858 D SensorService: enable index=0
01-15 17:19:59.057  1235  2858 D SensorService: 	>>> actuating h/w activate handle=20 enabled=1
01-15 17:19:59.057   794  1023 I Situation: enable: handle:26, en:1 

01-15 17:19:59.059  1521  1521 D EventBus: [1521, u0] send(AppTransitionFinishedEvent)
01-15 17:19:59.060  1521  1521 D EventBus: [1521, u0]  -> ForcedResizableInfoActivityController [0xe5d95f1, P1] onBusEvent(AppTransitionFinishedEvent)
01-15 17:19:59.060  1521  1521 D EventBus: [1521, u0] onBusEvent(AppTransitionFinishedEvent) duration: 20 microseconds, avg: 44
01-15 17:19:59.060  1235  2858 I PowerHalWrapper: <setRotation> do boost with 2000ms 
01-15 17:19:59.060   582  2228 I BufferQueue: [unnamed-582-14194](this:0x72685f9000,id:14194,api:0,p:-1,c:-1) BufferQueue core=(582:/system/bin/surfaceflinger)
01-15 17:19:59.060   582  2228 I BufferQueueConsumer: [unnamed-582-14194](this:0x72685f9000,id:14194,api:0,p:-1,c:582) connect(C): consumer=(582:/system/bin/surfaceflinger) controlledByApp=false
01-15 17:19:59.060   582  2228 I BufferQueueConsumer: [unnamed-582-14191](this:0x72685f9000,id:14194,api:0,p:-1,c:582) setConsumerName: unnamed-582-14191
01-15 17:19:59.060   582  2228 I BufferQueueConsumer: [ScreenshotSurface#0](this:0x72685f9000,id:14194,api:0,p:-1,c:582) setConsumerName: ScreenshotSurface#0
01-15 17:19:59.060   582  2228 I BufferQueueConsumer: [ScreenshotSurface#0](this:0x72685f9000,id:14194,api:0,p:-1,c:582) setDefaultBufferSize: width=1080 height=2340
01-15 17:19:59.068  1235  2858 E GraphicExt: GraphicExtModuleLoader::CreateGraphicExtInstance false
01-15 17:19:59.073   582   582 I SurfaceFlinger: screenshot (com.vkontakte.android/com.vkontakte.android.MainActivity#0)
01-15 17:19:59.073   582   582 I SurfaceFlinger: isIncludeStatusBarAndNavBar (1)
01-15 17:19:59.073   582   582 I SurfaceFlinger: screenshot (#0)
01-15 17:19:59.073   582   582 I SurfaceFlinger: isIncludeStatusBarAndNavBar (1)
01-15 17:19:59.073   582   582 I SurfaceFlinger: screenshot (StatusBar#0)
01-15 17:19:59.074   582   582 I SurfaceFlinger: isIncludeStatusBarAndNavBar (1)
01-15 17:19:59.074   582   582 I SurfaceFlinger: screenshot (NavigationBar#0)
01-15 17:19:59.074   582   582 I SurfaceFlinger: isIncludeStatusBarAndNavBar (1)
01-15 17:19:59.081  1235  2169 I GED     : ged_boost_gpu_freq, level 100, eOrigin 2, final_idx 27, oppidx_max 27, oppidx_min 0
01-15 17:19:59.101  1235  2858 D Surface : Surface::connect(this=0x7045225000,api=2)
01-15 17:19:59.101   582   625 I BufferQueueProducer: [ScreenshotSurface#0](this:0x72685f9000,id:14194,api:2,p:1235,c:582) connect(P): api=2 producer=(1235:system_server) producerControlledByApp=false
01-15 17:19:59.103  1235  2858 D Surface : Surface::disconnect(this=0x7045225000,api=2)
01-15 17:19:59.103   582   625 I BufferQueueProducer: [ScreenshotSurface#0](this:0x72685f9000,id:14194,api:2,p:1235,c:582) disconnect(P): api 2
01-15 17:19:59.110  1235  2858 I ActivityTaskManager: Config changes=20000480 {1.0 250mcc20mnc [ru_RU] ldltr sw490dp w981dp h463dp 352dpi nrml long land night finger -keyb/v/h -nav/h winConfig={ mBounds=Rect(0, 0 - 2340, 1080) mAppBounds=Rect(76, 0 - 2236, 1080) mWindowingMode=fullscreen mDisplayWindowingMode=fullscreen mActivityType=undefined mAlwaysOnTop=undefined mRotation=ROTATION_90} s.25029 themeChanged=0 themeChangedFlags=0 extraData = Bundle[{}]}
01-15 17:19:59.122   582   582 I SurfaceFlinger: screenshot (com.vkontakte.android/com.vkontakte.android.MainActivity#0)
01-15 17:19:59.123   582   582 I SurfaceFlinger: isIncludeStatusBarAndNavBar (1)
01-15 17:19:59.163  1235  2858 I ActivityTaskManager: Override config changes=20000480 {1.0 250mcc20mnc [ru_RU] ldltr sw490dp w981dp h463dp 352dpi nrml long land night finger -keyb/v/h -nav/h winConfig={ mBounds=Rect(0, 0 - 2340, 1080) mAppBounds=Rect(76, 0 - 2236, 1080) mWindowingMode=fullscreen mDisplayWindowingMode=fullscreen mActivityType=undefined mAlwaysOnTop=undefined mRotation=ROTATION_90} s.25029 themeChanged=0 themeChangedFlags=0 extraData = Bundle[{}]} for displayId=0
01-15 17:19:59.170 28627 28627 I Application: onConfigurationChanged:
01-15 17:19:59.190   582   582 I SurfaceFlinger: screenshot (com.vkontakte.android/com.vkontakte.android.MainActivity#0)
01-15 17:19:59.190   582   582 I SurfaceFlinger: isIncludeStatusBarAndNavBar (1)
01-15 17:19:59.190 22920 22920 W GoogleInputMethodService: GoogleInputMethodService.onConfigurationChanged():1572 onConfigurationChanged() : NewConfig = {1.0 250mcc20mnc [ru_RU] ldltr sw490dp w981dp h463dp 352dpi nrml long land night finger -keyb/v/h -nav/h winConfig={ mBounds=Rect(0, 0 - 2340, 1080) mAppBounds=Rect(76, 0 - 2236, 1080) mWindowingMode=fullscreen mDisplayWindowingMode=fullscreen mActivityType=undefined mAlwaysOnTop=undefined mRotation=ROTATION_90} s.25097 themeChanged=0 themeChangedFlags=0 extraData = Bundle[{}]}
01-15 17:19:59.191 22920 22920 W KeyboardModeManager: KeyboardModeManager.reloadOrientationAwareData():456 reloadOrientationAwareData() : orientation = 2
01-15 17:19:59.191 22920 22920 I NormalModeController: NormalModeController.getKeyboardBodyViewHolderPaddingBottom():112 currentPrimeKeyboardType:SOFT systemPaddingBottom:-1
01-15 17:19:59.194 22920 22920 I GoogleInputMethodService: GoogleInputMethodService$10.getInputViewCoverNavigationHeight():3247 Returns default 0 as the coverNavigationHeight while extendsTouchBelowSpace=false decorViewWindowInsets=WindowInsets{systemWindowInsets=Insets{left=0, top=0, right=0, bottom=104} stableInsets=Insets{left=0, top=0, right=0, bottom=104} sysGestureInsets=Insets{left=0, top=0, right=0, bottom=0}}
01-15 17:19:59.201   582   625 I BufferQueueConsumer: [NavigationBar#0](this:0x727c65c000,id:14190,api:1,p:1521,c:582) setDefaultBufferSize: width=104 height=1080
01-15 17:19:59.201   582   625 I BufferQueueConsumer: [StatusBar#0](this:0x729a054000,id:3,api:1,p:1521,c:582) setDefaultBufferSize: width=2340 height=61
01-15 17:19:59.201   582   625 I BufferQueueConsumer: [Splash Screen com.YourCompany.Proj#0](this:0x72685fd800,id:14193,api:2,p:1235,c:582) setDefaultBufferSize: width=2264 height=1080
01-15 17:19:59.202  1235  2858 I Timeline: Timeline: App_transition_ready time:251608371
01-15 17:19:59.202  1235  2858 I Timeline: Timeline: App_transition_stopped time:251608371
01-15 17:19:59.202 22920 22920 I GoogleInputMethodService: GoogleInputMethodService$10.getInputViewCoverNavigationHeight():3247 Returns default 0 as the coverNavigationHeight while extendsTouchBelowSpace=false decorViewWindowInsets=WindowInsets{systemWindowInsets=Insets{left=0, top=0, right=0, bottom=104} stableInsets=Insets{left=0, top=0, right=0, bottom=104} sysGestureInsets=Insets{left=0, top=0, right=0, bottom=0}}
01-15 17:19:59.203 22920 22920 I KeyboardViewUtil: KeyboardViewUtil.getKeyboardHeightRatio():175 systemKeyboardHeightRatio:1.000000; userKeyboardHeightRatio:1.000000.
01-15 17:19:59.205 22920 22920 I AbstractOpenableExtension: AbstractOpenableExtension.maybeDestroyExistingKeyboardGroupManager():516 Destroy existing keyboard group manager in fyo
01-15 17:19:59.205 22920 22920 I AbstractOpenableExtension: AbstractOpenableExtension.createKeyboardGroupManagerListenableFuture():125 Create keyboard group manager listenable future in fyo
01-15 17:19:59.207 22920 22920 W KeyboardModeManager: KeyboardModeManager.setInputView():303 setInputView() : inputView = null
01-15 17:19:59.207 22920 22920 I NormalModeController: NormalModeController.getKeyboardBodyViewHolderPaddingBottom():112 currentPrimeKeyboardType:SOFT systemPaddingBottom:-1
01-15 17:19:59.207  1521  1521 I vol.MiuiVolumeDialogImp: onConfigChanged sensitive config changed
01-15 17:19:59.208  1521  1521 I vol.MiuiVolumeDialogImp: dismissH mShowing:false dialog showing:false reason:8
01-15 17:19:59.208 22920 22920 I KeyboardModeManager: KeyboardModeManager.applyModeSpecificTheme():185 screenDiagonal is:6.118205
01-15 17:19:59.212  1235  1512 D MiuiFreeFormGestureController: displayConfigurationChange
01-15 17:19:59.214  1521  1521 D QSTile.CellularTile:  callback=com.android.systemui.qs.QSPanel$1@c92ed7c
01-15 17:19:59.215  1521  1521 D QSTile.BluetoothTile:  callback=com.android.systemui.qs.QSPanel$1@e740d81
01-15 17:19:59.215  1521  1521 D QSTile.WifiTile:  callback=com.android.systemui.qs.QSPanel$1@f731603
01-15 17:19:59.216 22920 27985 I KeyboardGroupDefParser: KeyboardGroupDefParser.parseKeyboardGroupDef():89 parseKeyboardGroupDef() 2132148488 -> extension_emoji_search_extension_view_m2 : WaitTime = 2 ms : RunTime = 8 ms
01-15 17:19:59.216  1235  1512 D MiuiFreeFormGesturePointerEventListener: updateScreenParams ori:2 mNotchBar:0 mDisplayRotation:1isNotchScreen:true
01-15 17:19:59.217 22920 22920 I GoogleInputMethodService: GoogleInputMethodService.initializeKeyboardTheme():1338 Apply keyboard theme: theme_stylesheet_materialdark_assets:theme_package_metadata_material_dark.binarypb_land_separate
01-15 17:19:59.218 22920 22920 I Environment: Environment.getDeviceMode():739 Get device mode by ui mode:1 and smallestScreenWidthDp:490
01-15 17:19:59.219 22920 22920 I chatty  : uid=10148(com.google.android.inputmethod.latin) identical 4 lines
01-15 17:19:59.219 22920 22920 I Environment: Environment.getDeviceMode():739 Get device mode by ui mode:1 and smallestScreenWidthDp:490
01-15 17:19:59.219 22920 22964 I Environment: Environment.getDeviceMode():739 Get device mode by ui mode:1 and smallestScreenWidthDp:490
01-15 17:19:59.219 22920 22964 I Environment: Environment.getDeviceMode():739 Get device mode by ui mode:1 and smallestScreenWidthDp:490
01-15 17:19:59.220 22920 22962 I Environment: Environment.getDeviceMode():739 Get device mode by ui mode:1 and smallestScreenWidthDp:490
01-15 17:19:59.220 22920 22962 I Environment: Environment.getDeviceMode():739 Get device mode by ui mode:1 and smallestScreenWidthDp:490
01-15 17:19:59.222  1235  1322 D Surface : lockCanvas
01-15 17:19:59.223  1521  1521 D QSTile.FlashlightTile:  callback=com.android.systemui.qs.QSPanel$1@91e8a75
01-15 17:19:59.224 22920 22920 I KeyboardViewUtil: KeyboardViewUtil.getKeyboardHeightRatio():175 systemKeyboardHeightRatio:1.000000; userKeyboardHeightRatio:1.000000.
01-15 17:19:59.225  1521  1521 D QSTile.AutoBrightnessTile:  callback=com.android.systemui.qs.QSPanel$1@d6d8b57
01-15 17:19:59.225  1521  1521 D QSTile.MuteTile:  callback=com.android.systemui.qs.QSPanel$1@fca3529
01-15 17:19:59.226 22920 22920 I GoogleInputMethodService: GoogleInputMethodService.onStartInput():1906 
01-15 17:19:59.226 22920 22920 W SessionManager: SessionManager.beginSession():53 Try to begin an already begun session [INPUT_SESSION], end it first
01-15 17:19:59.227 12657 12657 D FloatService:  newFontScale = 1.0 oldFontScale = 1.0
01-15 17:19:59.227 22920 22920 I AbstractOpenableExtension: AbstractOpenableExtension$3.onSuccess():529 KeyboardGroupManager destroyed in fyo.
01-15 17:19:59.227 22920 22920 I Environment: Environment.getDeviceMode():739 Get device mode by ui mode:1 and smallestScreenWidthDp:490
01-15 17:19:59.227 22920 22920 I Environment: Environment.getDeviceMode():739 Get device mode by ui mode:1 and smallestScreenWidthDp:490
01-15 17:19:59.227 12657 12657 D FloatService:  newFontWeight = 50 oldFontWeight = 50
01-15 17:19:59.227  1235  1512 D MiuiFreeFormGestureController: displayConfigurationChange
01-15 17:19:59.228  1235  1512 D MiuiFreeFormGesturePointerEventListener: updateScreenParams ori:2 mNotchBar:0 mDisplayRotation:1isNotchScreen:true
01-15 17:19:59.228  1235  1321 D PowerHalWrapper: amsBoostProcessCreate package:com.YourCompany.Proj 
01-15 17:19:59.235 22920 22920 I GoogleInputMethodService: GoogleInputMethodService.lambda$setDecorViewApplyWindowInsetsListener$9():1060 update screenHeightWithoutNaviBar to: 976
01-15 17:19:59.236 22920 22920 I GoogleInputMethodService: GoogleInputMethodService.lambda$setDecorViewApplyWindowInsetsListener$9():1067 update max height when insets changes
01-15 17:19:59.237   582   582 I SurfaceFlinger: screenshot (ScreenshotSurface#0)
01-15 17:19:59.237   582   582 I SurfaceFlinger: isIncludeStatusBarAndNavBar (1)
01-15 17:19:59.239  1235  1321 I InputManager-JNI: Viewport [0] to add: local:0
01-15 17:19:59.240  1521  1840 D QSTile.CellularTile: handleUpdateState: isMobileDataEnabled: true
01-15 17:19:59.243  1235  1428 I InputReader: Reconfiguring input devices.  changes=0x00000004
01-15 17:19:59.243   389   389 I hwservicemanager: getTransport: Cannot find entry vendor.mediatek.hardware.nwk_opt@1.0::INwkOpt/default in either framework or device manifest.
01-15 17:19:59.244  1235  1428 I         : Couldn't load Nwk Opt HAL service
01-15 17:19:59.244  1235  1428 I InputReader: Device reconfigured: id=3, name='NVTCapacitiveTouchScreen', size 1080x2340, orientation 1, mode 1, display id 0
01-15 17:19:59.246  1521  1840 D MobileSignalController: updateDataType mSelectedDataTypeIcon[0]=2131232929, mSelectedDataActivityIndex=6
01-15 17:19:59.246  1521  1840 D TelephonyIcons: getSignalStrengthIcon: slot=0, inetCondition=1, level=4, roaming=false, signalstrength=SignalStrength:{mCdma=CellSignalStrengthCdma: cdmaDbm=2147483647 cdmaEcio=2147483647 evdoDbm=2147483647 evdoEcio=2147483647 evdoSnr=2147483647 miuiLevel=0 level=0,mGsm=CellSignalStrengthGsm: rssi=2147483647 ber=2147483647 mTa=2147483647 miuiLevel=0 mLevel=0,mWcdma=CellSignalStrengthWcdma: ss=2147483647 ber=2147483647 rscp=2147483647 ecno=2147483647 miuiLevel=0 level=0,mTdscdma=CellSignalStrengthTdscdma: rssi=2147483647 ber=2147483647 rscp=2147483647 miuiLevel=0 level=0,mLte=CellSignalStrengthLte: rssi=2147483647 rsrp=-101 rsrq=-13 rssnr=70 cqi=0 ta=0 miuiLevel=4 level=3,mNr=CellSignalStrengthNr:{ csiRsrp = 2147483647 csiRsrq = 2147483647 csiSinr = 2147483647 ssRsrp = 2147483647 ssRsrq = 2147483647 ssSinr = 2147483647 miuiLevel = 0 level = 0 },primary=CellSignalStrengthLte}, phoneId=0, mMtkLevel=-1, mMtkRsrpOnly=true, mMtkLteRsrpThreshold=null, mMtkLteRssnrThreshold=null
01-15 17:19:59.246  1521  1840 D TelephonyIcons: null signal icon name: drawable/stat_sys_signal_null
01-15 17:19:59.246  1521  1840 D TelephonyIcons: getDataTypeIcon sub=0
01-15 17:19:59.247  1521  1840 D SlaveWifiSignalController: notifyListeners: false
01-15 17:19:59.247  1521  1840 D QSTile.BluetoothTile: handleUpdateState: mTargetEnable = falsemController.getBluetoothState() = 10
01-15 17:19:59.248  1521  1521 D PhoneStatusBar/NavigationBarView: setDisabledFlags back:false home:false recent:false
01-15 17:19:59.252  1521  1840 D MobileSignalController: updateDataType mSelectedDataTypeIcon[0]=2131232929, mSelectedDataActivityIndex=6
01-15 17:19:59.252  1521  1840 D TelephonyIcons: getSignalStrengthIcon: slot=0, inetCondition=1, level=4, roaming=false, signalstrength=SignalStrength:{mCdma=CellSignalStrengthCdma: cdmaDbm=2147483647 cdmaEcio=2147483647 evdoDbm=2147483647 evdoEcio=2147483647 evdoSnr=2147483647 miuiLevel=0 level=0,mGsm=CellSignalStrengthGsm: rssi=2147483647 ber=2147483647 mTa=2147483647 miuiLevel=0 mLevel=0,mWcdma=CellSignalStrengthWcdma: ss=2147483647 ber=2147483647 rscp=2147483647 ecno=2147483647 miuiLevel=0 level=0,mTdscdma=CellSignalStrengthTdscdma: rssi=2147483647 ber=2147483647 rscp=2147483647 miuiLevel=0 level=0,mLte=CellSignalStrengthLte: rssi=2147483647 rsrp=-101 rsrq=-13 rssnr=70 cqi=0 ta=0 miuiLevel=4 level=3,mNr=CellSignalStrengthNr:{ csiRsrp = 2147483647 csiRsrq = 2147483647 csiSinr = 2147483647 ssRsrp = 2147483647 ssRsrq = 2147483647 ssSinr = 2147483647 miuiLevel = 0 level = 0 },primary=CellSignalStrengthLte}, phoneId=0, mMtkLevel=-1, mMtkRsrpOnly=true, mMtkLteRsrpThreshold=null, mMtkLteRssnrThreshold=null
01-15 17:19:59.252  1521  1521 D QSControlCenterTileLayout: setExpanded:true
01-15 17:19:59.252  1521  1840 D TelephonyIcons: null signal icon name: drawable/stat_sys_signal_null
01-15 17:19:59.252  1521  1840 D TelephonyIcons: getDataTypeIcon sub=0
01-15 17:19:59.256  1235  1322 D Surface : lockCanvas
01-15 17:19:59.259  1521  1521 I vol.MiuiVolumeDialogImp: onConfigChanged not sensitive.
01-15 17:19:59.261  1521  1840 D SlaveWifiSignalController: notifyListeners: false
01-15 17:19:59.265  1701  1701 E TaskViewThumbnail: updateThumbnailScale: mDisplayOrientation=2   mThumbnailInfo.screenOrientation=2
01-15 17:19:59.265   497   497 D Zygote  : Forked child process 27991
01-15 17:19:59.267  1701  1701 W Launcher: onDisplayChanged: newRotation=1
01-15 17:19:59.268  1235  1328 D Boost   : hostingType=activity, hostingName={com.YourCompany.Proj/com.epicgames.ue4.SplashActivity}, callerPackage=null, isSystem=true, isBoostNeeded=false.
01-15 17:19:59.272   582  2228 I BufferQueueConsumer: [#0](this:0x727d104000,id:39,api:1,p:12657,c:582) setDefaultBufferSize: width=1 height=1
01-15 17:19:59.272  1235  2872 I WindowManager: Screen frozen for +214ms due to Window{b558fbd u0 Splash Screen com.YourCompany.Proj}
01-15 17:19:59.273  1701  1701 D Launcher.ShortcutMenu: calculateScale, heightScale=1.0, widthScale=1.0
01-15 17:19:59.278 12657 12827 D Surface : Surface::disconnect(this=0xe8636000,api=1)
01-15 17:19:59.279   582  2228 I BufferQueueProducer: [#0](this:0x727d104000,id:39,api:1,p:12657,c:582) disconnect(P): api 1
01-15 17:19:59.279  1521  1521 D PhoneStatusBar/NavigationBarView: setDisabledFlags back:false home:false recent:false
01-15 17:19:59.280   496  1100 D OemNetd : setPidForPackage: packageName=com.YourCompany.Proj, pid=27991, pid=10499
01-15 17:19:59.280  1235  1328 I ActivityManager: Start proc 27991:com.YourCompany.Proj/u0a499 for activity {com.YourCompany.Proj/com.epicgames.ue4.SplashActivity} caller=null
01-15 17:19:59.281 12657 12827 D Surface : Surface::connect(this=0xe8636000,api=1)
01-15 17:19:59.283  1521  1993 D NetworkController.MobileSignalController(1): 4G level = 4
01-15 17:19:59.284   582  2228 I BufferQueueProducer: [#0](this:0x727d104000,id:39,api:1,p:12657,c:582) connect(P): api=1 producer=(12657:com.miui.notes) producerControlledByApp=false
01-15 17:19:59.284  1235  1452 I MiuiNetworkPolicy: updateUidState uid = 99075, uidState = 11
01-15 17:19:59.284  1235  1452 I MiuiNetworkPolicy: updateUidState uid = 10499, uidState = 20
01-15 17:19:59.285  1235  1452 I MiuiNetworkPolicy: updateUidState uid = 10173, uidState = 11
01-15 17:19:59.285  1235  1452 I MiuiNetworkPolicy: updateUidState uid = 10053, uidState = 11
01-15 17:19:59.285  1235  1452 I MiuiNetworkPolicy: updateUidState uid = 10023, uidState = 6
01-15 17:19:59.285  1235  1318 D LocationManagerService: request from uid 10173 is now background
01-15 17:19:59.285  1235  1318 D LocationManagerService: request from uid 10173 is now background
01-15 17:19:59.285  1235  1318 D LocationManagerService: Skip applyRequirementsLocked, provider: network provider.isUseableLocked(): false isBatterySaverDisablingLocation: false isSettingsExemptLocked(record): false record: UpdateRecord[network com.vkontakte.android(10173 background) Request[POWER_LOW network requested=0 fastest=0 num=1] null]
01-15 17:19:59.285  1521  1521 D EventBus: [1521, u0] send(AppTransitionFinishedEvent)
01-15 17:19:59.286  1235  1318 D LocationManagerService: Skip applyRequirementsLocked, provider: network provider.isUseableLocked(): false isBatterySaverDisablingLocation: false isSettingsExemptLocked(record): false record: UpdateRecord[network com.vkontakte.android(10173 background) Request[POWER_LOW network requested=0 fastest=0 num=1] null]
01-15 17:19:59.286  1521  1521 D EventBus: [1521, u0]  -> ForcedResizableInfoActivityController [0xe5d95f1, P1] onBusEvent(AppTransitionFinishedEvent)
01-15 17:19:59.286  1521  1521 D EventBus: [1521, u0] onBusEvent(AppTransitionFinishedEvent) duration: 342 microseconds, avg: 44
01-15 17:19:59.286  1521  1521 D EventBus: [1521, u0] send(AppTransitionFinishedEvent)
01-15 17:19:59.286  1521  1521 D EventBus: [1521, u0]  -> ForcedResizableInfoActivityController [0xe5d95f1, P1] onBusEvent(AppTransitionFinishedEvent)
01-15 17:19:59.286  1521  1521 D EventBus: [1521, u0] onBusEvent(AppTransitionFinishedEvent) duration: 19 microseconds, avg: 44
01-15 17:19:59.286  1521  1521 D EventBus: [1521, u0] send(AppTransitionFinishedEvent)
01-15 17:19:59.286  1521  1521 D EventBus: [1521, u0]  -> ForcedResizableInfoActivityController [0xe5d95f1, P1] onBusEvent(AppTransitionFinishedEvent)
01-15 17:19:59.286  1521  1521 D EventBus: [1521, u0] onBusEvent(AppTransitionFinishedEvent) duration: 9 microseconds, avg: 44
01-15 17:19:59.287 12657 12827 D mali_winsys: EGLint new_window_surface(egl_winsys_display *, void *, EGLSurface, EGLConfig, egl_winsys_surface **, EGLBoolean) returns 0x3000
01-15 17:19:59.288 12657 12827 D Surface : Surface::setBufferCount(this=0xe8636000,bufferCount=3)
01-15 17:19:59.293 27991 27991 I ourCompany.Pro: Late-enabling -Xcheck:jni
01-15 17:19:59.293  1521  1993 D MobileSignalController: updateDataType mSelectedDataTypeIcon[0]=2131232929, mSelectedDataActivityIndex=6
01-15 17:19:59.294  1521  1993 D TelephonyIcons: getSignalStrengthIcon: slot=0, inetCondition=1, level=4, roaming=false, signalstrength=SignalStrength:{mCdma=CellSignalStrengthCdma: cdmaDbm=2147483647 cdmaEcio=2147483647 evdoDbm=2147483647 evdoEcio=2147483647 evdoSnr=2147483647 miuiLevel=0 level=0,mGsm=CellSignalStrengthGsm: rssi=2147483647 ber=2147483647 mTa=2147483647 miuiLevel=0 mLevel=0,mWcdma=CellSignalStrengthWcdma: ss=2147483647 ber=2147483647 rscp=2147483647 ecno=2147483647 miuiLevel=0 level=0,mTdscdma=CellSignalStrengthTdscdma: rssi=2147483647 ber=2147483647 rscp=2147483647 miuiLevel=0 level=0,mLte=CellSignalStrengthLte: rssi=2147483647 rsrp=-101 rsrq=-13 rssnr=70 cqi=0 ta=0 miuiLevel=4 level=3,mNr=CellSignalStrengthNr:{ csiRsrp = 2147483647 csiRsrq = 2147483647 csiSinr = 2147483647 ssRsrp = 2147483647 ssRsrq = 2147483647 ssSinr = 2147483647 miuiLevel = 0 level = 0 },primary=CellSignalStrengthLte}, phoneId=0, mMtkLevel=-1, mMtkRsrpOnly=true, mMtkLteRsrpThreshold=null, mMtkLteRssnrThreshold=null
01-15 17:19:59.294  1235  2169 I GED     : ged_boost_gpu_freq, level 100, eOrigin 2, final_idx 27, oppidx_max 27, oppidx_min 0
01-15 17:19:59.295  1521  1993 D TelephonyIcons: null signal icon name: drawable/stat_sys_signal_null
01-15 17:19:59.296  1521  1993 D TelephonyIcons: getDataTypeIcon sub=0
01-15 17:19:59.305  1235  1452 I MiuiNetworkPolicy: updateUidState uid = 99075, uidState = 5
01-15 17:19:59.305  1235  1452 I MiuiNetworkPolicy: updateUidState uid = 10023, uidState = 4
01-15 17:19:59.322 27991 27991 E ourCompany.Pro: Unknown bits set in runtime_flags: 0x8000
01-15 17:19:59.330   582   582 I BufferQueueProducer: [FramebufferSurface](this:0x7282501800,id:0,api:1,p:582,c:582) queueBuffer: fps=1.18 dur=21268.55 max=20869.08 min=14.89
01-15 17:19:59.336  1521  1840 D QSTile.BluetoothTile: handleUpdateState: mTargetEnable = falsemController.getBluetoothState() = 10
01-15 17:19:59.346  1235  1957 V ActivityManager: New death recipient com.android.server.am.ActivityManagerService$AppDeathRecipient@d457f61 for thread android.os.BinderProxy@96cfa86, pid:27991,mApp:null
01-15 17:19:59.350   582   582 I SurfaceFlinger: screenshot (Letterbox - left#1)
01-15 17:19:59.350   582   582 I SurfaceFlinger: isIncludeStatusBarAndNavBar (1)
01-15 17:19:59.350 27652 27743 E RequestUtils: parseContent exception
01-15 17:19:59.350 27652 27743 E RequestUtils: org.json.JSONException: No value for sample_ratio
01-15 17:19:59.350 27652 27743 E RequestUtils: 	at org.json.JSONObject.get(JSONObject.java:399)
01-15 17:19:59.350 27652 27743 E RequestUtils: 	at org.json.JSONObject.getInt(JSONObject.java:488)
01-15 17:19:59.350 27652 27743 E RequestUtils: 	at com.android.settings.cloud.p.hb(RequestUtils.java:7)
01-15 17:19:59.350 27652 27743 E RequestUtils: 	at com.android.settings.cloud.o.run(RequestThread.java:3)
01-15 17:19:59.351  1521  1521 V KeyguardUpdateMonitor: *** register callback for com.android.keyguard.CarrierText$1@53cd1e7
01-15 17:19:59.351  1521  1521 V KeyguardUpdateMonitor: *** unregister callback for null
01-15 17:19:59.352 27652 27743 E Settings::RequestThread: request error, operation: 100 , thread: Thread[Thread-2,5,main]
01-15 17:19:59.352 27652 27743 I RequestUtils: RequestUtils setValidRatioAnalytics: true
01-15 17:19:59.353 27652 27743 I RequestUtils: RequestUtils isValidRatioAnalytics: true
01-15 17:19:59.357  2739 24213 I ProcessMonitor: onForegroundInfoChanged: ForegroundInfo{mForegroundPackageName='com.YourCompany.Proj', mForegroundUid=10499, mForegroundPid=27991, mLastForegroundPackageName='com.vkontakte.android', mLastForegroundUid=10173, mLastForegroundPid=24625, mMultiWindowForegroundPackageName='null', mMultiWindowForegroundUid=-1, mFlags=1}
01-15 17:19:59.357  2739 24213 I GameBoosterService: onForegroundInfoChanged: Cur=com.YourCompany.Proj	 last=com.vkontakte.android
01-15 17:19:59.357  9180  9199 I GST     : forePkg: com.YourCompany.Proj, preForePkg: com.vkontakte.android
01-15 17:19:59.359  1235  1957 W ActivityTaskManager: Request to remove task ignored for non-existent task 542
01-15 17:19:59.360  1235  1957 D PowerHalWrapper: amsBoostNotify pid:27991,activity:com.epicgames.ue4.SplashActivity, package:com.YourCompany.Proj, mProcessCreatePackcom.YourCompany.Proj 
01-15 17:19:59.360   496  1100 I netd    : firewallSetUidRule(2, 10499, 1) <0.03ms>
01-15 17:19:59.361   538   597 I libPowerHal: [perfNotifyAppState] foreground:com.YourCompany.Proj, pid:27991, uid:10499
01-15 17:19:59.362   538   597 E UxUtility: notifyAppState error = NULL
01-15 17:19:59.362   538   597 I powerd  : [powerd_req] POWER_MSG_NOTIFY_STATE, pc:1, com.vkontakte.android => com.YourCompany.Proj
01-15 17:19:59.367  2739 24213 D GameBoosterService: onGameStatusChange foreground:ForegroundInfo{mForegroundPackageName='com.YourCompany.Proj', mForegroundUid=10499, mForegroundPid=27991, mLastForegroundPackageName='com.vkontakte.android', mLastForegroundUid=10173, mLastForegroundPid=24625, mMultiWindowForegroundPackageName='null', mMultiWindowForegroundUid=-1, mFlags=1}
01-15 17:19:59.367  2739 24213 I GameBoosterService: onForegroundInfoChanged: Exit
01-15 17:19:59.367  2739 24213 I VideoBoxUtils: isSupportVideoBox: false
01-15 17:19:59.367  2739 24213 I VideoToolBoxService: onForegroundInfoChanged: Exit Vtb
01-15 17:19:59.373 22920 22932 I putmethod.lati: Background young concurrent copying GC freed 175395(9538KB) AllocSpace objects, 23(1300KB) LOS objects, 46% free, 11MB/21MB, paused 15.600ms total 166.122ms
01-15 17:19:59.373 22920 22932 W putmethod.lati: Reducing the number of considered missed Gc histogram windows from 161 to 100
01-15 17:19:59.386  1235  1452 I MiuiNetworkPolicy: updateUidState uid = 10499, uidState = 2
01-15 17:19:59.389  1521  1521 D MobileSignalController: updateDataType mSelectedDataTypeIcon[0]=2131232929, mSelectedDataActivityIndex=6
01-15 17:19:59.389  1521  1521 D TelephonyIcons: getSignalStrengthIcon: slot=0, inetCondition=1, level=4, roaming=false, signalstrength=SignalStrength:{mCdma=CellSignalStrengthCdma: cdmaDbm=2147483647 cdmaEcio=2147483647 evdoDbm=2147483647 evdoEcio=2147483647 evdoSnr=2147483647 miuiLevel=0 level=0,mGsm=CellSignalStrengthGsm: rssi=2147483647 ber=2147483647 mTa=2147483647 miuiLevel=0 mLevel=0,mWcdma=CellSignalStrengthWcdma: ss=2147483647 ber=2147483647 rscp=2147483647 ecno=2147483647 miuiLevel=0 level=0,mTdscdma=CellSignalStrengthTdscdma: rssi=2147483647 ber=2147483647 rscp=2147483647 miuiLevel=0 level=0,mLte=CellSignalStrengthLte: rssi=2147483647 rsrp=-101 rsrq=-13 rssnr=70 cqi=0 ta=0 miuiLevel=4 level=3,mNr=CellSignalStrengthNr:{ csiRsrp = 2147483647 csiRsrq = 2147483647 csiSinr = 2147483647 ssRsrp = 2147483647 ssRsrq = 2147483647 ssSinr = 2147483647 miuiLevel = 0 level = 0 },primary=CellSignalStrengthLte}, phoneId=0, mMtkLevel=-1, mMtkRsrpOnly=true, mMtkLteRsrpThreshold=null, mMtkLteRssnrThreshold=null
01-15 17:19:59.390  1521  1521 D TelephonyIcons: null signal icon name: drawable/stat_sys_signal_null
01-15 17:19:59.390  1521  1521 D TelephonyIcons: getDataTypeIcon sub=0
01-15 17:19:59.391  1521  1521 D SlaveWifiSignalController: notifyListeners: false
01-15 17:19:59.391  1521  1521 V KeyguardUpdateMonitor: *** register callback for com.android.keyguard.CarrierText$1@241243d
01-15 17:19:59.391  1521  1521 V KeyguardUpdateMonitor: *** unregister callback for null
01-15 17:19:59.392 25501 21122 W NetworkScheduler: Error inserting flex_time=1486000 job_id=-1 period=2973000 source=16 requires_charging=0 preferred_network_type=1 target_class=com.google.android.gms.measurement.PackageMeasurementTaskService user_id=0 target_package=com.google.android.gms tag=Measurement.PackageMeasurementTaskService.UPLOAD_TASK_TAG task_type=0 required_idleness_state=0 service_kind=0 source_version=204714000 persistence_level=1 preferred_charging_state=1 required_network_type=0 runtime=1610720399389 retry_strategy={"maximum_backoff_seconds":{"3600":0},"initial_backoff_seconds":{"30":0},"retry_policy":{"0":0}} last_runtime=0, error message: UNIQUE constraint failed: pending_ops.tag, pending_ops.target_class, pending_ops.target_package, pending_ops.user_id (code 2067 SQLITE_CONSTRAINT_UNIQUE) [CONTEXT service_id=218 ]
01-15 17:19:59.398   582   625 I BufferQueueProducer: [com.vkontakte.android/com.vkontakte.android.MainActivity#0](this:0x729a055800,id:14191,api:1,p:24625,c:582) queueBuffer: fps=44.35 dur=1240.26 max=340.40 min=12.77
01-15 17:19:59.398 24625 24794 I GED     : ged_boost_gpu_freq, level 100, eOrigin 2, final_idx 27, oppidx_max 27, oppidx_min 0
01-15 17:19:59.407  1521  1521 D MobileSignalController: updateDataType mSelectedDataTypeIcon[0]=2131232929, mSelectedDataActivityIndex=6
01-15 17:19:59.407  1521  1521 D TelephonyIcons: getSignalStrengthIcon: slot=0, inetCondition=1, level=4, roaming=false, signalstrength=SignalStrength:{mCdma=CellSignalStrengthCdma: cdmaDbm=2147483647 cdmaEcio=2147483647 evdoDbm=2147483647 evdoEcio=2147483647 evdoSnr=2147483647 miuiLevel=0 level=0,mGsm=CellSignalStrengthGsm: rssi=2147483647 ber=2147483647 mTa=2147483647 miuiLevel=0 mLevel=0,mWcdma=CellSignalStrengthWcdma: ss=2147483647 ber=2147483647 rscp=2147483647 ecno=2147483647 miuiLevel=0 level=0,mTdscdma=CellSignalStrengthTdscdma: rssi=2147483647 ber=2147483647 rscp=2147483647 miuiLevel=0 level=0,mLte=CellSignalStrengthLte: rssi=2147483647 rsrp=-101 rsrq=-13 rssnr=70 cqi=0 ta=0 miuiLevel=4 level=3,mNr=CellSignalStrengthNr:{ csiRsrp = 2147483647 csiRsrq = 2147483647 csiSinr = 2147483647 ssRsrp = 2147483647 ssRsrq = 2147483647 ssSinr = 2147483647 miuiLevel = 0 level = 0 },primary=CellSignalStrengthLte}, phoneId=0, mMtkLevel=-1, mMtkRsrpOnly=true, mMtkLteRsrpThreshold=null, mMtkLteRssnrThreshold=null
01-15 17:19:59.409  1521  1521 D TelephonyIcons: null signal icon name: drawable/stat_sys_signal_null
01-15 17:19:59.409  1521  1521 D TelephonyIcons: getDataTypeIcon sub=0
01-15 17:19:59.410  1521  1521 D SlaveWifiSignalController: notifyListeners: false
01-15 17:19:59.420  1521  1521 D SignalClusterView: updateMobileTypeImage  0
01-15 17:19:59.424  1521  1521 D MobileSignalController: updateDataType mSelectedDataTypeIcon[0]=2131232929, mSelectedDataActivityIndex=6
01-15 17:19:59.424  1521  1521 D TelephonyIcons: getSignalStrengthIcon: slot=0, inetCondition=1, level=4, roaming=false, signalstrength=SignalStrength:{mCdma=CellSignalStrengthCdma: cdmaDbm=2147483647 cdmaEcio=2147483647 evdoDbm=2147483647 evdoEcio=2147483647 evdoSnr=2147483647 miuiLevel=0 level=0,mGsm=CellSignalStrengthGsm: rssi=2147483647 ber=2147483647 mTa=2147483647 miuiLevel=0 mLevel=0,mWcdma=CellSignalStrengthWcdma: ss=2147483647 ber=2147483647 rscp=2147483647 ecno=2147483647 miuiLevel=0 level=0,mTdscdma=CellSignalStrengthTdscdma: rssi=2147483647 ber=2147483647 rscp=2147483647 miuiLevel=0 level=0,mLte=CellSignalStrengthLte: rssi=2147483647 rsrp=-101 rsrq=-13 rssnr=70 cqi=0 ta=0 miuiLevel=4 level=3,mNr=CellSignalStrengthNr:{ csiRsrp = 2147483647 csiRsrq = 2147483647 csiSinr = 2147483647 ssRsrp = 2147483647 ssRsrq = 2147483647 ssSinr = 2147483647 miuiLevel = 0 level = 0 },primary=CellSignalStrengthLte}, phoneId=0, mMtkLevel=-1, mMtkRsrpOnly=true, mMtkLteRsrpThreshold=null, mMtkLteRssnrThreshold=null
01-15 17:19:59.425  1521  1521 D TelephonyIcons: null signal icon name: drawable/stat_sys_signal_null
01-15 17:19:59.425  1521  1521 D TelephonyIcons: getDataTypeIcon sub=0
01-15 17:19:59.425  1521  1521 D SignalClusterView: updateMobileTypeImage  0
01-15 17:19:59.426  1521  1521 D SlaveWifiSignalController: notifyListeners: false
01-15 17:19:59.427  1521  1521 V KeyguardUpdateMonitor: *** register callback for com.android.systemui.BatteryMeterView$1@382538e
01-15 17:19:59.427  1521  1521 V KeyguardUpdateMonitor: *** unregister callback for null
01-15 17:19:59.433  1521  1521 D PhoneStatusBar/NavigationBarView: scaleType CENTER
01-15 17:19:59.433  1521  1521 D StatusBar: disable<e i a s b h r c s > disable2<q i n g r >
01-15 17:19:59.433  1521  1521 D StatusBarClock:  isNormalMode= true clock visible=true
01-15 17:19:59.436  1521  1521 D SignalClusterView: updateMobileTypeImage  0
01-15 17:19:59.436  1521  1521 D SignalClusterView: updateMobileTypeImage  0
01-15 17:19:59.444  1521  1983 D Surface : Surface::disconnect(this=0x70ae2bb000,api=1)
01-15 17:19:59.444   582   625 I BufferQueueProducer: [StatusBar#0](this:0x729a054000,id:3,api:1,p:1521,c:582) disconnect(P): api 1
01-15 17:19:59.447  1521  1521 D SignalClusterView: updateMobileTypeImage  0
01-15 17:19:59.447  1521  1983 D Surface : Surface::connect(this=0x70ae2bb000,api=1)
01-15 17:19:59.448  1521  1521 D SignalClusterView: updateMobileTypeImage  0
01-15 17:19:59.448   582   625 I BufferQueueProducer: [StatusBar#0](this:0x729a054000,id:3,api:1,p:1521,c:582) connect(P): api=1 producer=(1521:com.android.systemui) producerControlledByApp=false
01-15 17:19:59.449  1521  1521 D SignalClusterView: updateMobileTypeImage  0
01-15 17:19:59.449  1521  1983 D mali_winsys: EGLint new_window_surface(egl_winsys_display *, void *, EGLSurface, EGLConfig, egl_winsys_surface **, EGLBoolean) returns 0x3000
01-15 17:19:59.449  1521  1983 D Surface : Surface::setBufferCount(this=0x70ae2bb000,bufferCount=3)
01-15 17:19:59.464   582   582 I SurfaceFlinger: screenshot (Letterbox - left#1)
01-15 17:19:59.464   582   582 I SurfaceFlinger: isIncludeStatusBarAndNavBar (1)
01-15 17:19:59.466   582  2228 I BufferQueueProducer: [StatusBar#0](this:0x729a054000,id:3,api:1,p:1521,c:582) queueBuffer: fps=9.79 dur=1634.58 max=1091.47 min=11.28
01-15 17:19:59.471  1521  1521 D PhoneStatusBar/NavigationBarView: setDisabledFlags back:false home:false recent:false
01-15 17:19:59.472  1521  1983 D Surface : Surface::disconnect(this=0x70be0e6000,api=1)
01-15 17:19:59.472   582  2228 I BufferQueueProducer: [NavigationBar#0](this:0x727c65c000,id:14190,api:1,p:1521,c:582) disconnect(P): api 1
01-15 17:19:59.472  1521  1983 D Surface : Surface::connect(this=0x70be0e6000,api=1)
01-15 17:19:59.472   582  2228 I BufferQueueProducer: [NavigationBar#0](this:0x727c65c000,id:14190,api:1,p:1521,c:582) connect(P): api=1 producer=(1521:com.android.systemui) producerControlledByApp=false
01-15 17:19:59.473  1521  1983 D mali_winsys: EGLint new_window_surface(egl_winsys_display *, void *, EGLSurface, EGLConfig, egl_winsys_surface **, EGLBoolean) returns 0x3000
01-15 17:19:59.473  1521  1983 D Surface : Surface::setBufferCount(this=0x70be0e6000,bufferCount=3)
01-15 17:19:59.473  1521  1521 D PhoneStatusBar/NavigationBarView: onDraw
01-15 17:19:59.479   582  2228 I BufferQueueProducer: [NavigationBar#0](this:0x727c65c000,id:14190,api:1,p:1521,c:582) queueBuffer: fps=0.04 dur=22717.26 max=22717.26 min=22717.26
01-15 17:19:59.480  1521  1521 D QSControlCenterTileLayout: onMeasure height:1147  showLines:5
01-15 17:19:59.486  1521  1521 D QSControlCenterTileLayout: onMeasure height:1147  showLines:5
01-15 17:19:59.487  1521  1521 D SignalClusterView: updateMobileTypeImage  0
01-15 17:19:59.491 24625 24625 I PlayCore: UID: [10173]  PID: [24625] AppUpdateListenerRegistry : unregisterListener
01-15 17:19:59.493  1521  1521 D StatusBarTypeControllerImpl:  statusbar cutout type from DRIP to NONE
01-15 17:19:59.494  1521  1521 D StatusBar: switchStatusBarFragment cutouttype: NONE targetFragment: CollapsedStatusBarFragment{27e7cb4 #1 id=0x7f0a0434 CollapsedStatusBarFragmentNONE}
01-15 17:19:59.496  1521  1521 D StatusBar: updateFragmentsVisibility cutouttype: NONE
01-15 17:19:59.502  1521  1521 D SignalClusterView: updateMobileTypeImage  0
01-15 17:19:59.503  1521  1521 I chatty  : uid=1000(system) com.android.systemui identical 6 lines
01-15 17:19:59.503  1521  1521 D SignalClusterView: updateMobileTypeImage  0
01-15 17:19:59.504  1521  1521 D BluetoothController: fireStateChange
01-15 17:19:59.504  1521  1521 D PhoneStatusBarPolicy: updateBluetooth bluetoothEnabled = false bluetoothBattery visible=false
01-15 17:19:59.504  1521  1521 D QSTile.BluetoothTile: onBluetoothStateChange: enabled = false
01-15 17:19:59.504  1521  1840 D QSTile.CellularTile: handleUpdateState: isMobileDataEnabled: true
01-15 17:19:59.505  1521  1521 D SignalClusterView: updateMobileTypeImage  0
01-15 17:19:59.507  1521  1521 I chatty  : uid=1000(system) com.android.systemui identical 10 lines
01-15 17:19:59.507  1521  1521 D SignalClusterView: updateMobileTypeImage  0
01-15 17:19:59.510  1521  1521 D StatusBar: onNotificationRemoved key=0|android|0|com.android.server.wm.AlertWindowNotification - com.miui.notes|1000 reason=8
01-15 17:19:59.516  1521  1840 D QSTile.BluetoothTile: handleUpdateState: mTargetEnable = falsemController.getBluetoothState() = 10
01-15 17:19:59.517  1521  1521 D EventBus: [1521, u0] send(AppTransitionFinishedEvent)
01-15 17:19:59.517  1521  1521 D EventBus: [1521, u0]  -> ForcedResizableInfoActivityController [0xe5d95f1, P1] onBusEvent(AppTransitionFinishedEvent)
01-15 17:19:59.517  1521  1521 D EventBus: [1521, u0] onBusEvent(AppTransitionFinishedEvent) duration: 20 microseconds, avg: 44
01-15 17:19:59.518  1521  1521 D EventBus: [1521, u0] send(AppTransitionFinishedEvent)
01-15 17:19:59.518  1521  1521 D EventBus: [1521, u0]  -> ForcedResizableInfoActivityController [0xe5d95f1, P1] onBusEvent(AppTransitionFinishedEvent)
01-15 17:19:59.518  1521  1521 D EventBus: [1521, u0] onBusEvent(AppTransitionFinishedEvent) duration: 19 microseconds, avg: 44
01-15 17:19:59.521  1521  1521 D SignalClusterView: updateMobileTypeImage  0
01-15 17:19:59.537  1521  1521 I chatty  : uid=1000(system) com.android.systemui identical 24 lines
01-15 17:19:59.537  1521  1521 D SignalClusterView: updateMobileTypeImage  0
01-15 17:19:59.544  1521  1521 D PhoneStatusBar/NavigationBarView: onDraw
01-15 17:19:59.546 24625 24625 V PhoneWindow: DecorView setVisiblity: visibility = 4, Parent = android.view.ViewRootImpl@85f8bcd, this = DecorView@ad52c82[MainActivity]
01-15 17:19:59.552  1521  1521 D PhoneStatusBarTintController: updateSamplingListener unregister 
01-15 17:19:59.552  1521  1521 D PhoneStatusBarTintController: updateSamplingListener register
01-15 17:19:59.552  1521  1521 D NavBarTintController:  updateSamplingListener false
01-15 17:19:59.552 24625 24794 D Surface : Surface::disconnect(this=0x6f85850000,api=1)
01-15 17:19:59.553   582   625 I BufferQueueProducer: [com.vkontakte.android/com.vkontakte.android.MainActivity#0](this:0x729a055800,id:14191,api:1,p:24625,c:582) disconnect(P): api 1
01-15 17:19:59.553  1521  1521 D CollapsedStatusBarFragment:  currentFragment:CollapsedStatusBarFragment{11220dd #0 id=0x7f0a0434 CollapsedStatusBarFragmentDRIP} type is: DRIP switch hidden to: true
01-15 17:19:59.554  1521  1521 D CollapsedStatusBarFragment:  currentFragment:CollapsedStatusBarFragment{27e7cb4 #1 id=0x7f0a0434 CollapsedStatusBarFragmentNONE} type is: NONE switch hidden to: false
01-15 17:19:59.558  1521  1521 D StatusBarClock:  isNormalMode= true clock visible=true
01-15 17:19:59.559  1521  1521 V KeyguardUpdateMonitor: *** unregister callback for com.android.systemui.BatteryMeterView$1@29596a7
01-15 17:19:59.565   582   582 I SurfaceFlinger: screenshot (Letterbox - left#1)
01-15 17:19:59.565   582   582 I SurfaceFlinger: isIncludeStatusBarAndNavBar (1)
01-15 17:19:59.565   582   582 I SurfaceFlinger: screenshot (NavigationBar#0)
01-15 17:19:59.565   582   582 I SurfaceFlinger: isIncludeStatusBarAndNavBar (1)
01-15 17:19:59.569  1235  1776 D PowerHalWrapper: amsBoostStop AMS_BOOST_PACK_SWITCH:true, AMS_BOOST_ACT_SWITCH:false, AMS_BOOST_PROCESS_CREATE:true 
01-15 17:19:59.569  1235  1776 D PowerHalWrapper: amsBoostStop AMS_BOOST_PACK_SWITCH:false, AMS_BOOST_ACT_SWITCH:false, AMS_BOOST_PROCESS_CREATE:false 
01-15 17:19:59.570   815   918 D AAL     : 01-15 05:19:59.369 BL= 393,ESS= 256, 01-15 05:19:59.420 BL= 392,ESS= 256, 01-15 05:19:59.452 BL= 391,ESS= 256, 01-15 05:19:59.534 BL= 392,ESS= 256, 01-15 05:19:59.570 BL= 393,ESS= 256, 
01-15 17:19:59.571  1521  1521 D SignalClusterView: updateMobileTypeImage  0
01-15 17:19:59.574  1521  1521 D MobileSignalController: updateDataType mSelectedDataTypeIcon[0]=2131232929, mSelectedDataActivityIndex=6
