11-30 15:55:15.302 31768 31792 D UE4     : [2020.11.30-12.55.15:302][  0]LogConfig: Setting CVar [[r.TranslucencyLightingVolumeDim:64]]

11-30 15:55:15.302 31768 31792 D UE4     : [2020.11.30-12.55.15:302][  0]LogConfig: Setting CVar [[r.RefractionQuality:2]]

11-30 15:55:15.302 31768 31792 D UE4     : [2020.11.30-12.55.15:302][  0]LogConfig: Setting CVar [[r.SSR.Quality:3]]

11-30 15:55:15.302 31768 31792 D UE4     : [2020.11.30-12.55.15:302][  0]LogConfig: Setting CVar [[r.SSR.HalfResSceneColor:0]]

11-30 15:55:15.302 31768 31792 D UE4     : [2020.11.30-12.55.15:302][  0]LogConfig: Setting CVar [[r.SceneColorFormat:4]]

11-30 15:55:15.302 31768 31792 D UE4     : [2020.11.30-12.55.15:302][  0]LogConfig: Setting CVar [[r.DetailMode:2]]

11-30 15:55:15.302 31768 31792 D UE4     : [2020.11.30-12.55.15:302][  0]LogConfig: Setting CVar [[r.TranslucencyVolumeBlur:1]]

11-30 15:55:15.302 31768 31792 D UE4     : [2020.11.30-12.55.15:302][  0]LogConfig: Setting CVar [[r.MaterialQualityLevel:1 ; High quality]]

11-30 15:55:15.303 31768 31792 D UE4     : [2020.11.30-12.55.15:303][  0]LogConfig: Setting CVar [[r.SSS.Scale:1]]

11-30 15:55:15.303 31768 31792 D UE4     : [2020.11.30-12.55.15:303][  0]LogConfig: Setting CVar [[r.SSS.SampleSet:2]]

11-30 15:55:15.303 31768 31792 D UE4     : [2020.11.30-12.55.15:303][  0]LogConfig: Setting CVar [[r.SSS.Quality:1]]

11-30 15:55:15.303 31768 31792 D UE4     : [2020.11.30-12.55.15:303][  0]LogConfig: Setting CVar [[r.SSS.HalfRes:0]]

11-30 15:55:15.303 31768 31792 D UE4     : [2020.11.30-12.55.15:303][  0]LogConfig: Setting CVar [[r.SSGI.Quality:3]]

11-30 15:55:15.303 31768 31792 D UE4     : [2020.11.30-12.55.15:303][  0]LogConfig: Setting CVar [[r.EmitterSpawnRateScale:1.0]]

11-30 15:55:15.303 31768 31792 D UE4     : [2020.11.30-12.55.15:303][  0]LogConfig: Setting CVar [[r.ParticleLightQuality:2]]

11-30 15:55:15.303 31768 31792 D UE4     : [2020.11.30-12.55.15:303][  0]LogConfig: Setting CVar [[r.SkyAtmosphere.AerialPerspectiveLUT.FastApplyOnOpaque:1 ; Always have FastSkyLUT 1 in this case to avoid wrong sky]]

11-30 15:55:15.303 31768 31792 D UE4     : [2020.11.30-12.55.15:303][  0]LogConfig: Setting CVar [[r.SkyAtmosphere.AerialPerspectiveLUT.SampleCountPerSlice:1]]

11-30 15:55:15.303 31768 31792 D UE4     : [2020.11.30-12.55.15:303][  0]LogConfig: Setting CVar [[r.SkyAtmosphere.AerialPerspectiveLUT.DepthResolution:4]]

11-30 15:55:15.303 31768 31792 D UE4     : [2020.11.30-12.55.15:303][  0]LogConfig: Setting CVar [[r.SkyAtmosphere.FastSkyLUT:1]]

11-30 15:55:15.303 31768 31792 D UE4     : [2020.11.30-12.55.15:303][  0]LogConfig: Setting CVar [[r.SkyAtmosphere.FastSkyLUT.SampleCountMin:1.0]]

11-30 15:55:15.303 31768 31792 D UE4     : [2020.11.30-12.55.15:303][  0]LogConfig: Setting CVar [[r.SkyAtmosphere.FastSkyLUT.SampleCountMax:8.0]]

11-30 15:55:15.304 31768 31792 D UE4     : [2020.11.30-12.55.15:304][  0]LogConfig: Setting CVar [[r.SkyAtmosphere.SampleCountMin:4.0]]

11-30 15:55:15.304 31768 31792 D UE4     : [2020.11.30-12.55.15:304][  0]LogConfig: Setting CVar [[r.SkyAtmosphere.SampleCountMax:32.0]]

11-30 15:55:15.304 31768 31792 D UE4     : [2020.11.30-12.55.15:304][  0]LogConfig: Setting CVar [[r.SkyAtmosphere.TransmittanceLUT.UseSmallFormat:1]]

11-30 15:55:15.304 31768 31792 D UE4     : [2020.11.30-12.55.15:304][  0]LogConfig: Setting CVar [[r.SkyAtmosphere.TransmittanceLUT.SampleCount:10.0]]

11-30 15:55:15.304 31768 31792 D UE4     : [2020.11.30-12.55.15:304][  0]LogConfig: Setting CVar [[r.SkyAtmosphere.MultiScatteringLUT.SampleCount:15.0]]

11-30 15:55:15.304 31768 31792 D UE4     : [2020.11.30-12.55.15:304][  0]LogConfig: Setting CVar [[fx.Niagara.QualityLevel:1]]

11-30 15:55:15.304 31768 31792 D UE4     : [2020.11.30-12.55.15:304][  0]LogConfig: Setting CVar [[r.SkyAtmosphere.FastSkyLUT.Width:96]]

11-30 15:55:15.304 31768 31792 D UE4     : [2020.11.30-12.55.15:304][  0]LogConfig: Setting CVar [[r.SkyAtmosphere.FastSkyLUT.Height:50]]

11-30 15:55:15.304 31768 31792 D UE4     : [2020.11.30-12.55.15:304][  0]LogConfig: Applying CVar settings from Section [FoliageQuality@3] File [../../../Proj/Saved/Config/Android/Scalability.ini]

11-30 15:55:15.304 31768 31792 D UE4     : [2020.11.30-12.55.15:304][  0]LogConfig: Setting CVar [[foliage.DensityScale:1.0]]

11-30 15:55:15.304 31768 31792 D UE4     : [2020.11.30-12.55.15:304][  0]LogConfig: Setting CVar [[grass.DensityScale:1.0]]

11-30 15:55:15.304 31768 31792 D UE4     : [2020.11.30-12.55.15:304][  0]LogConfig: Setting CVar [[grass.CullDistanceScale:1.0]]

11-30 15:55:15.304 31768 31792 D UE4     : [2020.11.30-12.55.15:304][  0]LogConfig: Applying CVar settings from Section [ShadingQuality@3] File [../../../Proj/Saved/Config/Android/Scalability.ini]

11-30 15:55:15.305 31768 31792 D UE4     : [2020.11.30-12.55.15:305][  0]LogConfig: Setting CVar [[r.HairStrands.SkyLighting.SampleCount:16]]

11-30 15:55:15.305 31768 31792 D UE4     : [2020.11.30-12.55.15:305][  0]LogConfig: Setting CVar [[r.HairStrands.SkyLighting.JitterIntegration:0]]

11-30 15:55:15.305 31768 31792 D UE4     : [2020.11.30-12.55.15:305][  0]LogConfig: Setting CVar [[r.HairStrands.SkyAO.SampleCount:16]]

11-30 15:55:15.305 31768 31792 D UE4     : [2020.11.30-12.55.15:305][  0]LogConfig: Setting CVar [[r.HairStrands.DeepShadow.SuperSampling:0]]

11-30 15:55:15.305 31768 31792 D UE4     : [2020.11.30-12.55.15:305][  0]LogConfig: Setting CVar [[r.HairStrands.VisibilityPPLL:0]]

11-30 15:55:15.305 31768 31792 D UE4     : [2020.11.30-12.55.15:305][  0]LogConfig: Setting CVar [[r.HairStrands.RasterizationScale:0.5]]

11-30 15:55:15.305 31768 31792 D UE4     : [2020.11.30-12.55.15:305][  0]LogConfig: Setting CVar [[r.HairStrands.VelocityRasterizationScale:1]]

11-30 15:55:15.307 31768 31792 D UE4     : [2020.11.30-12.55.15:307][  0]LogAndroid: Checking 23 rules from DeviceProfile ini file.

11-30 15:55:15.307 31768 31792 D UE4     : [2020.11.30-12.55.15:307][  0]LogAndroid:   Default profile: Android_Default

11-30 15:55:15.308 31768 31792 D UE4     : [2020.11.30-12.55.15:308][  0]LogAndroid:   GpuFamily: Mali-T880

11-30 15:55:15.308 31768 31792 D UE4     : [2020.11.30-12.55.15:308][  0]LogAndroid:   GlVersion: OpenGL ES 3.1 v1.r7p0-02rel0.948612737e9aa7b431a5c9b2a197dce2

11-30 15:55:15.308 31768 31792 D UE4     : [2020.11.30-12.55.15:308][  0]LogAndroid:   VulkanAvailable: false

11-30 15:55:15.308 31768 31792 D UE4     : [2020.11.30-12.55.15:308][  0]LogAndroid:   VulkanVersion: 0.0.0

11-30 15:55:15.308 31768 31792 D UE4     : [2020.11.30-12.55.15:308][  0]LogAndroid:   AndroidVersion: 6.0

11-30 15:55:15.308 31768 31792 D UE4     : [2020.11.30-12.55.15:308][  0]LogAndroid:   DeviceMake: Xiaomi

11-30 15:55:15.308 31768 31792 D UE4     : [2020.11.30-12.55.15:308][  0]LogAndroid:   DeviceModel: Redmi Note 4X

11-30 15:55:15.308 31768 31792 D UE4     : [2020.11.30-12.55.15:308][  0]LogAndroid:   DeviceBuildNumber: MRA58K

11-30 15:55:15.308 31768 31792 D UE4     : [2020.11.30-12.55.15:308][  0]LogAndroid:   UsingHoudini: false

11-30 15:55:15.308 31768 31792 D UE4     : [2020.11.30-12.55.15:308][  0]LogAndroid:   Hardware: MT6797M

11-30 15:55:15.308 31768 31792 D UE4     : [2020.11.30-12.55.15:308][  0]LogAndroid:   Chipset: unknown

11-30 15:55:15.313 31768 31792 D UE4     : [2020.11.30-12.55.15:313][  0]LogAndroid: Selected Device Profile: [Android_Mali_T8xx]

11-30 15:55:15.313 31768 31792 D UE4     : [2020.11.30-12.55.15:313][  0]LogInit: Applying CVar settings loaded from the selected device profile: [Android_Mali_T8xx]

11-30 15:55:15.314 31768 31792 D UE4     : [2020.11.30-12.55.15:314][  0]LogHAL: Display: Platform has ~ 4 GB [3908960256 / 4294967296 / 4], which maps to Default [LargestMinGB=8, LargerMinGB=6, DefaultMinGB=4, SmallerMinGB=3, SmallestMinGB=0)

11-30 15:55:15.314 31768 31792 D UE4     : [2020.11.30-12.55.15:314][  0]LogConfig: Setting CVar [[r.Android.MaliMidgardIndexingBug:1]]

11-30 15:55:15.314 31768 31792 D UE4     : [2020.11.30-12.55.15:314][  0]LogConfig: Setting CVar [[r.Android.DisableEarlyFragmentTests:1]]

11-30 15:55:15.314 31768 31792 D UE4     : [2020.11.30-12.55.15:314][  0]LogInit: Going up to parent DeviceProfile [Android_Mid]

11-30 15:55:15.314 31768 31792 D UE4     : [2020.11.30-12.55.15:314][  0]LogConfig: Setting CVar [[r.MobileContentScaleFactor:1.0]]

11-30 15:55:15.314 31768 31792 D UE4     : [2020.11.30-12.55.15:314][  0]LogConfig: Setting CVar [[sg.ViewDistanceQuality:1]]

11-30 15:55:15.314 31768 31792 D UE4     : [2020.11.30-12.55.15:314][  0]LogConfig: Applying CVar settings from Section [ViewDistanceQuality@1] File [../../../Proj/Saved/Config/Android/Scalability.ini]

11-30 15:55:15.314 31768 31792 D UE4     : [2020.11.30-12.55.15:314][  0]LogConfig: Setting CVar [[r.SkeletalMeshLODBias:1]]

11-30 15:55:15.314 31768 31792 D UE4     : [2020.11.30-12.55.15:314][  0]LogConfig: Setting CVar [[r.ViewDistanceScale:1.0]]

11-30 15:55:15.315 31768 31792 D UE4     : [2020.11.30-12.55.15:315][  0]LogConfig: Setting CVar [[r.NeverOcclusionTestDistance:2000]]

11-30 15:55:15.315 31768 31792 D UE4     : [2020.11.30-12.55.15:315][  0]LogConfig: Setting CVar [[sg.AntiAliasingQuality:1]]

11-30 15:55:15.315 31768 31792 D UE4     : [2020.11.30-12.55.15:315][  0]LogConfig: Applying CVar settings from Section [AntiAliasingQuality@1] File [../../../Proj/Saved/Config/Android/Scalability.ini]

11-30 15:55:15.315 31768 31792 D UE4     : [2020.11.30-12.55.15:315][  0]LogConfig: Setting CVar [[r.PostProcessAAQuality:2]]

11-30 15:55:15.315 31768 31792 D UE4     : [2020.11.30-12.55.15:315][  0]LogConfig: Setting CVar [[sg.ShadowQuality:1]]

11-30 15:55:15.315 31768 31792 D UE4     : [2020.11.30-12.55.15:315][  0]LogConfig: Applying CVar settings from Section [ShadowQuality@1] File [../../../Proj/Saved/Config/Android/Scalability.ini]

11-30 15:55:15.315 31768 31792 D UE4     : [2020.11.30-12.55.15:315][  0]LogConfig: Setting CVar [[r.LightFunctionQuality:1]]

11-30 15:55:15.315 31768 31792 D UE4     : [2020.11.30-12.55.15:315][  0]LogConfig: Setting CVar [[r.ShadowQuality:1]]

11-30 15:55:15.315 31768 31792 D UE4     : [2020.11.30-12.55.15:315][  0]LogConfig: Setting CVar [[r.Shadow.CSM.MaxCascades:1]]

11-30 15:55:15.315 31768 31792 D UE4     : [2020.11.30-12.55.15:315][  0]LogConfig: Setting CVar [[r.Shadow.MaxResolution:1024]]

11-30 15:55:15.315 31768 31792 D UE4     : [2020.11.30-12.55.15:315][  0]LogConfig: Setting CVar [[r.Shadow.MaxCSMResolution:1024]]

11-30 15:55:15.315 31768 31792 D UE4     : [2020.11.30-12.55.15:315][  0]LogConfig: Setting CVar [[r.Shadow.RadiusThreshold:0.06]]

11-30 15:55:15.316 31768 31792 D UE4     : [2020.11.30-12.55.15:316][  0]LogConfig: Setting CVar [[r.Shadow.DistanceScale:0.7]]

11-30 15:55:15.316 31768 31792 D UE4     : [2020.11.30-12.55.15:316][  0]LogConfig: Setting CVar [[r.Shadow.CSM.TransitionScale:0.25]]

11-30 15:55:15.316 31768 31792 D UE4     : [2020.11.30-12.55.15:316][  0]LogConfig: Setting CVar [[r.Shadow.PreShadowResolutionFactor:0.5]]

11-30 15:55:15.316 31768 31792 D UE4     : [2020.11.30-12.55.15:316][  0]LogConfig: Setting CVar [[r.DistanceFieldShadowing:0]]

11-30 15:55:15.316 31768 31792 D UE4     : [2020.11.30-12.55.15:316][  0]LogConfig: Setting CVar [[r.DistanceFieldAO:0]]

11-30 15:55:15.316 31768 31792 D UE4     : [2020.11.30-12.55.15:316][  0]LogConfig: Setting CVar [[r.VolumetricFog:0]]

11-30 15:55:15.316 31768 31792 D UE4     : [2020.11.30-12.55.15:316][  0]LogConfig: Setting CVar [[r.LightMaxDrawDistanceScale:.5]]

11-30 15:55:15.316 31768 31792 D UE4     : [2020.11.30-12.55.15:316][  0]LogConfig: Setting CVar [[r.CapsuleShadows:1]]

11-30 15:55:15.316 31768 31792 D UE4     : [2020.11.30-12.55.15:316][  0]LogConfig: Setting CVar [[sg.PostProcessQuality:1]]

11-30 15:55:15.316 31768 31792 D UE4     : [2020.11.30-12.55.15:316][  0]LogConfig: Applying CVar settings from Section [PostProcessQuality@1] File [../../../Proj/Saved/Config/Android/Scalability.ini]

11-30 15:55:15.316 31768 31792 D UE4     : [2020.11.30-12.55.15:316][  0]LogConfig: Setting CVar [[r.MotionBlurQuality:3]]

11-30 15:55:15.316 31768 31792 D UE4     : [2020.11.30-12.55.15:316][  0]LogConfig: Setting CVar [[r.AmbientOcclusionMipLevelFactor:1.0]]

11-30 15:55:15.317 31768 31792 D UE4     : [2020.11.30-12.55.15:316][  0]LogConfig: Setting CVar [[r.AmbientOcclusionMaxQuality:60]]

11-30 15:55:15.317 31768 31792 D UE4     : [2020.11.30-12.55.15:317][  0]LogConfig: Setting CVar [[r.AmbientOcclusionLevels:-1]]

11-30 15:55:15.317 31768 31792 D UE4     : [2020.11.30-12.55.15:317][  0]LogConfig: Setting CVar [[r.AmbientOcclusionRadiusScale:1.5]]

11-30 15:55:15.317 31768 31792 D UE4     : [2020.11.30-12.55.15:317][  0]LogConfig: Setting CVar [[r.DepthOfFieldQuality:1]]

11-30 15:55:15.317 31768 31792 D UE4     : [2020.11.30-12.55.15:317][  0]LogConfig: Setting CVar [[r.RenderTargetPoolMin:350]]

11-30 15:55:15.317 31768 31792 D UE4     : [2020.11.30-12.55.15:317][  0]LogConfig: Setting CVar [[r.LensFlareQuality:0]]

11-30 15:55:15.317 31768 31792 D UE4     : [2020.11.30-12.55.15:317][  0]LogConfig: Setting CVar [[r.SceneColorFringeQuality:0]]

11-30 15:55:15.317 31768 31792 D UE4     : [2020.11.30-12.55.15:317][  0]LogConfig: Setting CVar [[r.EyeAdaptationQuality:0]]

11-30 15:55:15.317 31768 31792 D UE4     : [2020.11.30-12.55.15:317][  0]LogConfig: Setting CVar [[r.BloomQuality:1]]

11-30 15:55:15.317 31768 31792 D UE4     : [2020.11.30-12.55.15:317][  0]LogConfig: Setting CVar [[r.FastBlurThreshold:2]]

11-30 15:55:15.317 31768 31792 D UE4     : [2020.11.30-12.55.15:317][  0]LogConfig: Setting CVar [[r.Upscale.Quality:2]]

11-30 15:55:15.317 31768 31792 D UE4     : [2020.11.30-12.55.15:317][  0]LogConfig: Setting CVar [[r.Tonemapper.GrainQuantization:0]]

11-30 15:55:15.317 31768 31792 D UE4     : [2020.11.30-12.55.15:317][  0]LogConfig: Setting CVar [[r.LightShaftQuality:1]]

11-30 15:55:15.318 31768 31792 D UE4     : [2020.11.30-12.55.15:317][  0]LogConfig: Setting CVar [[r.Filter.SizeScale:0.7]]

11-30 15:55:15.318 31768 31792 D UE4     : [2020.11.30-12.55.15:318][  0]LogConfig: Setting CVar [[r.Tonemapper.Quality:2]]

11-30 15:55:15.318 31768 31792 D UE4     : [2020.11.30-12.55.15:318][  0]LogConfig: Setting CVar [[r.DOF.Gather.AccumulatorQuality:0        ; lower gathering accumulator quality]]

11-30 15:55:15.318 31768 31792 D UE4     : [2020.11.30-12.55.15:318][  0]LogConfig: Setting CVar [[r.DOF.Gather.PostfilterMethod:2          ; Max3x3 postfilering method]]

11-30 15:55:15.318 31768 31792 D UE4     : [2020.11.30-12.55.15:318][  0]LogConfig: Setting CVar [[r.DOF.Gather.EnableBokehSettings:0       ; no bokeh simulation when gathering]]

11-30 15:55:15.318 31768 31792 D UE4     : [2020.11.30-12.55.15:318][  0]LogConfig: Setting CVar [[r.DOF.Gather.RingCount:3                 ; low number of samples when gathering]]

11-30 15:55:15.318 31768 31792 D UE4     : [2020.11.30-12.55.15:318][  0]LogConfig: Setting CVar [[r.DOF.Scatter.ForegroundCompositing:0    ; no foreground scattering]]

11-30 15:55:15.318 31768 31792 D UE4     : [2020.11.30-12.55.15:318][  0]LogConfig: Setting CVar [[r.DOF.Scatter.BackgroundCompositing:0    ; no foreground scattering]]

11-30 15:55:15.318 31768 31792 D UE4     : [2020.11.30-12.55.15:318][  0]LogConfig: Setting CVar [[r.DOF.Recombine.Quality:0                ; no slight out of focus]]

11-30 15:55:15.318 31768 31792 D UE4     : [2020.11.30-12.55.15:318][  0]LogConfig: Setting CVar [[r.DOF.TemporalAAQuality:0                ; faster temporal accumulation]]

11-30 15:55:15.318 31768 31792 D UE4     : [2020.11.30-12.55.15:318][  0]LogConfig: Setting CVar [[r.DOF.Kernel.MaxForegroundRadius:0.006   ; required because low gathering and no scattering and not looking great at 1080p]]

11-30 15:55:15.318 31768 31792 D UE4     : [2020.11.30-12.55.15:318][  0]LogConfig: Setting CVar [[r.DOF.Kernel.MaxBackgroundRadius:0.006   ; required because low gathering and no scattering and not looking great at 1080p]]

11-30 15:55:15.319 31768 31792 D UE4     : [2020.11.30-12.55.15:318][  0]LogConfig: Setting CVar [[r.RefractionQuality:1]]

11-30 15:55:15.319 31768 31792 D UE4     : [2020.11.30-12.55.15:319][  0]LogConfig: Setting CVar [[Slate.ForceBackgroundBlurLowQualityOverride:1]]

11-30 15:55:15.319 31768 31792 D UE4     : [2020.11.30-12.55.15:319][  0]LogConfig: Setting CVar [[sg.TextureQuality:1]]

11-30 15:55:15.319 31768 31792 D UE4     : [2020.11.30-12.55.15:319][  0]LogConfig: Applying CVar settings from Section [TextureQuality@1] File [../../../Proj/Saved/Config/Android/Scalability.ini]

11-30 15:55:15.319 31768 31792 D UE4     : [2020.11.30-12.55.15:319][  0]LogConfig: Setting CVar [[r.Streaming.MipBias:1]]

11-30 15:55:15.319 31768 31792 D UE4     : [2020.11.30-12.55.15:319][  0]LogConfig: Setting CVar [[r.Streaming.AmortizeCPUToGPUCopy:0]]

11-30 15:55:15.319 31768 31792 D UE4     : [2020.11.30-12.55.15:319][  0]LogConfig: Setting CVar [[r.Streaming.MaxNumTexturesToStreamPerFrame:0]]

11-30 15:55:15.319 31768 31792 D UE4     : [2020.11.30-12.55.15:319][  0]LogConfig: Setting CVar [[r.Streaming.Boost:1]]

11-30 15:55:15.319 31768 31792 D UE4     : [2020.11.30-12.55.15:319][  0]LogConfig: Setting CVar [[r.MaxAnisotropy:1]]

11-30 15:55:15.319 31768 31792 D UE4     : [2020.11.30-12.55.15:319][  0]LogConfig: Setting CVar [[r.VT.MaxAnisotropy:4]]

11-30 15:55:15.319 31768 31792 D UE4     : [2020.11.30-12.55.15:319][  0]LogConfig: Setting CVar [[r.Streaming.LimitPoolSizeToVRAM:1]]

11-30 15:55:15.319 31768 31792 D UE4     : [2020.11.30-12.55.15:319][  0]LogConfig: Setting CVar [[r.Streaming.PoolSize:600]]

11-30 15:55:15.319 31768 31792 D UE4     : [2020.11.30-12.55.15:319][  0]LogConfig: Setting CVar [[r.Streaming.MaxEffectiveScreenSize:0]]

11-30 15:55:15.320 31768 31792 D UE4     : [2020.11.30-12.55.15:320][  0]LogConfig: Setting CVar [[sg.EffectsQuality:1]]

11-30 15:55:15.320 31768 31792 D UE4     : [2020.11.30-12.55.15:320][  0]LogConfig: Applying CVar settings from Section [EffectsQuality@1] File [../../../Proj/Saved/Config/Android/Scalability.ini]

11-30 15:55:15.320 31768 31792 D UE4     : [2020.11.30-12.55.15:320][  0]LogConfig: Setting CVar [[r.TranslucencyLightingVolumeDim:32]]

11-30 15:55:15.320 31768 31792 D UE4     : [2020.11.30-12.55.15:320][  0]LogConfig: Setting CVar [[r.RefractionQuality:0]]

11-30 15:55:15.320 31768 31792 D UE4     : [2020.11.30-12.55.15:320][  0]LogConfig: Setting CVar [[r.SSR.Quality:0]]

11-30 15:55:15.320 31768 31792 D UE4     : [2020.11.30-12.55.15:320][  0]LogConfig: Setting CVar [[r.SSR.HalfResSceneColor:1]]

11-30 15:55:15.320 31768 31792 D UE4     : [2020.11.30-12.55.15:320][  0]LogConfig: Setting CVar [[r.SceneColorFormat:3]]

11-30 15:55:15.320 31768 31792 D UE4     : [2020.11.30-12.55.15:320][  0]LogConfig: Setting CVar [[r.DetailMode:1]]

11-30 15:55:15.320 31768 31792 D UE4     : [2020.11.30-12.55.15:320][  0]LogConfig: Setting CVar [[r.TranslucencyVolumeBlur:0]]

11-30 15:55:15.320 31768 31792 D UE4     : [2020.11.30-12.55.15:320][  0]LogConfig: Setting CVar [[r.MaterialQualityLevel:2 ; Medium quality]]

11-30 15:55:15.320 31768 31792 D UE4     : [2020.11.30-12.55.15:320][  0]LogConfig: Setting CVar [[r.SSS.Scale:0.75]]

11-30 15:55:15.320 31768 31792 D UE4     : [2020.11.30-12.55.15:320][  0]LogConfig: Setting CVar [[r.SSS.SampleSet:0]]

11-30 15:55:15.320 31768 31792 D UE4     : [2020.11.30-12.55.15:320][  0]LogConfig: Setting CVar [[r.SSS.Quality:0]]

11-30 15:55:15.321 31768 31792 D UE4     : [2020.11.30-12.55.15:321][  0]LogConfig: Setting CVar [[r.SSS.HalfRes:1]]

11-30 15:55:15.321 31768 31792 D UE4     : [2020.11.30-12.55.15:321][  0]LogConfig: Setting CVar [[r.SSGI.Quality:1]]

11-30 15:55:15.321 31768 31792 D UE4     : [2020.11.30-12.55.15:321][  0]LogConfig: Setting CVar [[r.EmitterSpawnRateScale:0.25]]

11-30 15:55:15.321 31768 31792 D UE4     : [2020.11.30-12.55.15:321][  0]LogConfig: Setting CVar [[r.ParticleLightQuality:0]]

11-30 15:55:15.321 31768 31792 D UE4     : [2020.11.30-12.55.15:321][  0]LogConfig: Setting CVar [[r.SkyAtmosphere.AerialPerspectiveLUT.FastApplyOnOpaque:1 ; Always have FastSkyLUT 1 in this case to avoid wrong sky]]

11-30 15:55:15.321 31768 31792 D UE4     : [2020.11.30-12.55.15:321][  0]LogConfig: Setting CVar [[r.SkyAtmosphere.AerialPerspectiveLUT.SampleCountPerSlice:1]]

11-30 15:55:15.321 31768 31792 D UE4     : [2020.11.30-12.55.15:321][  0]LogConfig: Setting CVar [[r.SkyAtmosphere.AerialPerspectiveLUT.DepthResolution:4]]

11-30 15:55:15.321 31768 31792 D UE4     : [2020.11.30-12.55.15:321][  0]LogConfig: Setting CVar [[r.SkyAtmosphere.FastSkyLUT:1]]

11-30 15:55:15.321 31768 31792 D UE4     : [2020.11.30-12.55.15:321][  0]LogConfig: Setting CVar [[r.SkyAtmosphere.FastSkyLUT.SampleCountMin:1.0]]

11-30 15:55:15.321 31768 31792 D UE4     : [2020.11.30-12.55.15:321][  0]LogConfig: Setting CVar [[r.SkyAtmosphere.FastSkyLUT.SampleCountMax:8.0]]

11-30 15:55:15.321 31768 31792 D UE4     : [2020.11.30-12.55.15:321][  0]LogConfig: Setting CVar [[r.SkyAtmosphere.SampleCountMin:4.0]]

11-30 15:55:15.321 31768 31792 D UE4     : [2020.11.30-12.55.15:321][  0]LogConfig: Setting CVar [[r.SkyAtmosphere.SampleCountMax:32.0]]

11-30 15:55:15.321 31768 31792 D UE4     : [2020.11.30-12.55.15:321][  0]LogConfig: Setting CVar [[r.SkyAtmosphere.TransmittanceLUT.UseSmallFormat:1]]

11-30 15:55:15.322 31768 31792 D UE4     : [2020.11.30-12.55.15:322][  0]LogConfig: Setting CVar [[r.SkyAtmosphere.TransmittanceLUT.SampleCount:10.0]]

11-30 15:55:15.322 31768 31792 D UE4     : [2020.11.30-12.55.15:322][  0]LogConfig: Setting CVar [[r.SkyAtmosphere.MultiScatteringLUT.SampleCount:15.0]]

11-30 15:55:15.322 31768 31792 D UE4     : [2020.11.30-12.55.15:322][  0]LogConfig: Setting CVar [[fx.Niagara.QualityLevel:0]]

11-30 15:55:15.322 31768 31792 D UE4     : [2020.11.30-12.55.15:322][  0]LogConfig: Setting CVar [[r.SkyAtmosphere.FastSkyLUT.Width:96]]

11-30 15:55:15.322 31768 31792 D UE4     : [2020.11.30-12.55.15:322][  0]LogConfig: Setting CVar [[r.SkyAtmosphere.FastSkyLUT.Height:50]]

11-30 15:55:15.322 31768 31792 D UE4     : [2020.11.30-12.55.15:322][  0]LogConfig: Setting CVar [[sg.FoliageQuality:1]]

11-30 15:55:15.322 31768 31792 D UE4     : [2020.11.30-12.55.15:322][  0]LogConfig: Applying CVar settings from Section [FoliageQuality@1] File [../../../Proj/Saved/Config/Android/Scalability.ini]

11-30 15:55:15.322 31768 31792 D UE4     : [2020.11.30-12.55.15:322][  0]LogConfig: Setting CVar [[foliage.DensityScale:0.8]]

11-30 15:55:15.322 31768 31792 D UE4     : [2020.11.30-12.55.15:322][  0]LogConfig: Setting CVar [[grass.DensityScale:0.8]]

11-30 15:55:15.322 31768 31792 D UE4     : [2020.11.30-12.55.15:322][  0]LogConfig: Setting CVar [[grass.CullDistanceScale:0.8]]

11-30 15:55:15.322 31768 31792 D UE4     : [2020.11.30-12.55.15:322][  0]LogInit: Going up to parent DeviceProfile [Android]

11-30 15:55:15.323 31768 31792 D UE4     : [2020.11.30-12.55.15:322][  0]LogConfig: Setting CVar [[slate.AbsoluteIndices:1]]

11-30 15:55:15.323 31768 31792 D UE4     : [2020.11.30-12.55.15:323][  0]LogConfig: Setting CVar [[r.Vulkan.DelayAcquireBackBuffer:2]]

11-30 15:55:15.323 31768 31792 D UE4     : [2020.11.30-12.55.15:323][  0]LogConfig: Setting CVar [[r.Vulkan.RobustBufferAccess:1]]

11-30 15:55:15.323 31768 31792 D UE4     : [2020.11.30-12.55.15:323][  0]LogConfig: Setting CVar [[r.Vulkan.DescriptorSetLayoutMode:2]]

11-30 15:55:15.323 31768 31792 D UE4     : [2020.11.30-12.55.15:323][  0]LogConfig: Setting CVar [[r.Android.DisableVulkanSupport:1]]

11-30 15:55:15.323 31768 31792 D UE4     : [2020.11.30-12.55.15:323][  0]LogConfig: Setting CVar [[r.Android.DisableVulkanSM5Support:1]]

11-30 15:55:15.323 31768 31792 D UE4     : [2020.11.30-12.55.15:323][  0]LogInit: Going up to parent DeviceProfile []

11-30 15:55:15.323 31768 31792 D UE4     : [2020.11.30-12.55.15:323][  0]LogConsoleManager: Setting the console variable 'sg.ViewDistanceQuality' with 'SetByScalability' was ignored as it is lower priority than the previous 'SetByDeviceProfile'. Value remains '1'

11-30 15:55:15.323 31768 31792 D UE4     : [2020.11.30-12.55.15:323][  0]LogConsoleManager: Setting the console variable 'sg.AntiAliasingQuality' with 'SetByScalability' was ignored as it is lower priority than the previous 'SetByDeviceProfile'. Value remains '1'

11-30 15:55:15.323 31768 31792 D UE4     : [2020.11.30-12.55.15:323][  0]LogConsoleManager: Setting the console variable 'sg.ShadowQuality' with 'SetByScalability' was ignored as it is lower priority than the previous 'SetByDeviceProfile'. Value remains '1'

11-30 15:55:15.324 31768 31792 D UE4     : [2020.11.30-12.55.15:324][  0]LogConsoleManager: Setting the console variable 'sg.PostProcessQuality' with 'SetByScalability' was ignored as it is lower priority than the previous 'SetByDeviceProfile'. Value remains '1'

11-30 15:55:15.324 31768 31792 D UE4     : [2020.11.30-12.55.15:324][  0]LogConsoleManager: Setting the console variable 'sg.TextureQuality' with 'SetByScalability' was ignored as it is lower priority than the previous 'SetByDeviceProfile'. Value remains '1'

11-30 15:55:15.324 31768 31792 D UE4     : [2020.11.30-12.55.15:324][  0]LogConsoleManager: Setting the console variable 'sg.EffectsQuality' with 'SetByScalability' was ignored as it is lower priority than the previous 'SetByDeviceProfile'. Value remains '1'

11-30 15:55:15.324 31768 31792 D UE4     : [2020.11.30-12.55.15:324][  0]LogConsoleManager: Setting the console variable 'sg.FoliageQuality' with 'SetByScalability' was ignored as it is lower priority than the previous 'SetByDeviceProfile'. Value remains '1'

11-30 15:55:15.324 31768 31792 D UE4     : [2020.11.30-12.55.15:324][  0]LogConfig: Applying CVar settings from Section [ShadingQuality@3] File [../../../Proj/Saved/Config/Android/Scalability.ini]

11-30 15:55:15.324 31768 31792 D UE4     : [2020.11.30-12.55.15:324][  0]LogConfig: Setting CVar [[r.HairStrands.SkyLighting.SampleCount:16]]

11-30 15:55:15.324 31768 31792 D UE4     : [2020.11.30-12.55.15:324][  0]LogConfig: Setting CVar [[r.HairStrands.SkyLighting.JitterIntegration:0]]

11-30 15:55:15.324 31768 31792 D UE4     : [2020.11.30-12.55.15:324][  0]LogConfig: Setting CVar [[r.HairStrands.SkyAO.SampleCount:16]]

11-30 15:55:15.324 31768 31792 D UE4     : [2020.11.30-12.55.15:324][  0]LogConfig: Setting CVar [[r.HairStrands.DeepShadow.SuperSampling:0]]

11-30 15:55:15.324 31768 31792 D UE4     : [2020.11.30-12.55.15:324][  0]LogConfig: Setting CVar [[r.HairStrands.VisibilityPPLL:0]]

11-30 15:55:15.324 31768 31792 D UE4     : [2020.11.30-12.55.15:324][  0]LogConfig: Setting CVar [[r.HairStrands.RasterizationScale:0.5]]

11-30 15:55:15.325 31768 31792 D UE4     : [2020.11.30-12.55.15:324][  0]LogConfig: Setting CVar [[r.HairStrands.VelocityRasterizationScale:1]]

11-30 15:55:15.325 31768 31792 D UE4     : [2020.11.30-12.55.15:325][  0]LogConfig: Applying CVar settings from Section [Startup] File [../../../Engine/Config/ConsoleVariables.ini]

11-30 15:55:15.326 31768 31792 D UE4     : [2020.11.30-12.55.15:325][  0]LogConfig: Setting CVar [[net.UseAdaptiveNetUpdateFrequency:0]]

11-30 15:55:15.326 31768 31792 D UE4     : [2020.11.30-12.55.15:326][  0]LogConfig: Setting CVar [[p.chaos.AllowCreatePhysxBodies:1]]

11-30 15:55:15.326 31768 31792 D UE4     : [2020.11.30-12.55.15:326][  0]LogConfig: Setting CVar [[fx.SkipVectorVMBackendOptimizations:1]]

11-30 15:55:15.326 31768 31792 D UE4     : [2020.11.30-12.55.15:326][  0]LogConfig: Applying CVar settings from Section [ConsoleVariables] File [../../../Proj/Saved/Config/Android/Engine.ini]

11-30 15:55:15.326 31768 31792 D UE4     : [2020.11.30-12.55.15:326][  0]LogConfig: Setting CVar [[r.VSync:1]]

11-30 15:55:15.326 31768 31792 D UE4     : [2020.11.30-12.55.15:326][  0]LogConfig: Setting CVar [[r.ParallelShadows:0]]

11-30 15:55:15.326 31768 31792 D UE4     : [2020.11.30-12.55.15:326][  0]LogConfig: Setting CVar [[TaskGraph.EnablePowerSavingThreadPriorityReduction:1]]

11-30 15:55:15.326 31768 31792 D UE4     : [2020.11.30-12.55.15:326][  0]LogConfig: Setting CVar [[r.Vulkan.Depth24Bit:1]]

11-30 15:55:15.326 31768 31792 D UE4     : [2020.11.30-12.55.15:326][  0]LogConfig: Setting CVar [[r.Shadow.ForceSerialSingleRenderPass:1]]

11-30 15:55:15.329 31768 31792 D UE4     : [2020.11.30-12.55.15:329][  0]LogInit: Memory total: Physical=3727.88MB (4GB approx) Available=1781.30MB PageSize=4.0KB

11-30 15:55:15.329 31768 31792 D UE4     : [2020.11.30-12.55.15:329][  0]LogInit: Physics initialised using underlying interface: PhysX

11-30 15:55:15.330 31768 31792 D UE4     : [2020.11.30-12.55.15:330][  0]LogInit: Using OS detected language (ru-RU).

11-30 15:55:15.330 31768 31792 D UE4     : [2020.11.30-12.55.15:330][  0]LogInit: Using OS detected locale (ru-RU).

11-30 15:55:15.331   517   935 E VT      : [SRV] [VT THREAD] [VT_Bind] Fail to connect . retry count: 351408

11-30 15:55:15.332 31768 31792 D UE4     : [2020.11.30-12.55.15:332][  0]LogTextLocalizationManager: No localization for 'ru-RU' exists, so 'en' will be used for the language.

11-30 15:55:15.333 31768 31792 D UE4     : [2020.11.30-12.55.15:333][  0]LogTextLocalizationManager: No localization for 'ru-RU' exists, so 'en' will be used for the locale.

11-30 15:55:15.378 31768 31792 D UE4     : [2020.11.30-12.55.15:378][  0]LogSlate: New Slate User Created.  User Index 0, Is Virtual User: 0

11-30 15:55:15.378 31768 31792 D UE4     : [2020.11.30-12.55.15:378][  0]LogSlate: Slate User Registered.  User Index 0, Is Virtual User: 0

11-30 15:55:15.382 31768 31792 D UE4     : [2020.11.30-12.55.15:382][  0]LogAndroid: VulkanRHI will NOT be used:

11-30 15:55:15.382 31768 31792 D UE4     : [2020.11.30-12.55.15:382][  0]LogAndroid:  ** Vulkan support is not available (Driver, RHI or shaders are missing, or disabled by cmdline, see above logging for details)

11-30 15:55:15.382 31768 31792 D UE4     : [2020.11.30-12.55.15:382][  0]LogAndroid:  ** Vulkan is disabled via console variable.

11-30 15:55:15.383 31768 31792 D UE4     : [2020.11.30-12.55.15:383][  0]LogAndroid: OpenGL ES will be used.

11-30 15:55:15.383 31768 31792 D UE4     : [2020.11.30-12.55.15:383][  0]LogAndroid: Vulkan SM5 is available but disabled for this device.

11-30 15:55:15.383 31768 31792 D UE4     : [2020.11.30-12.55.15:383][  0]LogRHI: App is packaged for OpenGL ES 3.1 and an ES 3.1-capable device was detected. Reinitializing OpenGL ES with a 3.1 context.

11-30 15:55:15.383 31768 31792 D UE4     : AndroidEGL:: Terminate! tid: 31792

11-30 15:55:15.383   363   847 I MAL-Daemon: mdfx_event_do_statistic(): [STATISTIC] TID = 847 has used 4387264 bytes!!

11-30 15:55:15.383 31768 31792 D UE4     : AndroidEGL::ResetDisplay()

11-30 15:55:15.383   363   847 W MAL-Daemon: event_get_last_addr(): No data available!!

11-30 15:55:15.383   363   847 I MAL-Daemon: mdfx_event_do_statistic(): [STATISTIC] TID = 847 has used 4341364 bytes!!

11-30 15:55:15.383   363   847 I MAL-Daemon: mdfx_event_do_statistic(): [STATISTIC] TID = 847 has used 4341368 bytes!!

11-30 15:55:15.383   363   847 I MAL-Daemon: mdfx_event_do_statistic(): [STATISTIC] TID = 847 has used 4341372 bytes!!

11-30 15:55:15.383   363   844 I MAL-Daemon: [SIM_MNGR] 1102 EN_SIM:atcmd = (AT+ESIMAPP=0,0)

11-30 15:55:15.383   363   847 I MAL-Daemon: mdfx_event_do_statistic(): [STATISTIC] TID = 847 has used 4341368 bytes!!

11-30 15:55:15.383   363   844 W MAL-Daemon: event_get_last_addr(): No data available!!

11-30 15:55:15.383   363   825 D MAL-Daemon: mdmngr_task_hdl(), receive event = 101 (vendor/mediatek/proprietary/frameworks/opt/mal/entity/mdmngr/mdmngr.c:36)

11-30 15:55:15.383   363   825 D MAL-Daemon: EVENT_MDMNGR_ATCMD_REQ@MDMNGR, priv_data = f719eb00, channel = 3, cmd = (AT+ESIMAPP=0,0) (vendor/mediatek/proprietary/frameworks/opt/mal/entity/mdmngr/mdmngr.c:67)

11-30 15:55:15.383   363   825 W MAL-Daemon: event_get_last_addr(): No data available!!

11-30 15:55:15.383   363   842 E MAL-Daemon: rilproxy_task_hdl(), receive event = 401

11-30 15:55:15.383   363   842 D MAL-Daemon: send ril request, request_id = 2130, serial_no = 116d000, length = 20000000, send_size = 32(20), fd = 30

11-30 15:55:15.384 31768 31792 D UE4     : AndroidEGL::DestroySurface()

11-30 15:55:15.384 31768 31792 D Surface : Surface::disconnect(this=0xef07b300,api=1)

11-30 15:55:15.384 31691 31732 I System.out: close [socket][********]

11-30 15:55:15.384   356  1477 I BufferQueueProducer: [SurfaceView](this:0x7fa3fa5000,id:3013,api:1,p:-1,c:356) disconnect(P): api 1

11-30 15:55:15.384   356  1477 I BufferQueueConsumer: [SurfaceView](this:0x7fa3fa5000,id:3013,api:1,p:-1,c:356) getReleasedBuffers: returning mask 0xffffffffffffffff

11-30 15:55:15.385 31768 31792 D Surface : Surface::disconnect(this=0xef07b300,api=1)

11-30 15:55:15.385   356   402 I BufferQueueProducer: [SurfaceView](this:0x7fa3fa5000,id:3013,api:1,p:-1,c:356) disconnect(P): api 1

11-30 15:55:15.385 31768 31792 D UE4     : EGL Extensions: 

11-30 15:55:15.385 31768 31792 D UE4     : EGL_KHR_get_all_proc_addresses EGL_ANDROID_presentation_time EGL_KHR_swap_buffers_with_damage EGL_KHR_image EGL_KHR_image_base EGL_KHR_gl_texture_2D_image EGL_KHR_gl_texture_cubemap_image EGL_KHR_gl_renderbuffer_image EGL_KHR_fence_sync EGL_KHR_create_context EGL_KHR_config_attribs EGL_KHR_surfaceless_context EGL_EXT_create_context_robustness EGL_ANDROID_image_native_buffer EGL_KHR_wait_sync EGL_ANDROID_recordable EGL_KHR_partial_update 

11-30 15:55:15.387   363   840 D MAL-Daemon: recv ril resp, length = 28, type = 0, result = 0, serial_no = 116d000

11-30 15:55:15.387   363   840 D MAL-Daemon: event_id = 401

11-30 15:55:15.387   363   840 I MAL-Daemon: mdfx_event_do_statistic(): [STATISTIC] TID = 840 has used 1739163744 bytes!!

11-30 15:55:15.387   363   840 I MAL-Daemon: mdfx_event_do_statistic(): [STATISTIC] TID = 840 has used 1739117844 bytes!!

11-30 15:55:15.387   363   840 I MAL-Daemon: mdfx_event_do_statistic(): [STATISTIC] TID = 840 has used 1739071944 bytes!!

11-30 15:55:15.387   363   825 D MAL-Daemon: mdmngr_task_hdl(), receive event = 102 (vendor/mediatek/proprietary/frameworks/opt/mal/entity/mdmngr/mdmngr.c:36)

11-30 15:55:15.387   363   825 D MAL-Daemon: EVENT_MDMNGR_ATCMD_RESP@MDMNGR (vendor/mediatek/proprietary/frameworks/opt/mal/entity/mdmngr/mdmngr.c:115)

11-30 15:55:15.387   363   825 D MAL-Daemon: event_req = f719eb00, ID = 101 (vendor/mediatek/proprietary/frameworks/opt/mal/entity/mdmngr/mdmngr.c:122)

11-30 15:55:15.387   363   825 D MAL-Daemon: atcmd_resp->priv_data = f719e600 (vendor/mediatek/proprietary/frameworks/opt/mal/entity/mdmngr/mdmngr.c:125)

11-30 15:55:15.387   363   844 E MAL-Daemon: [SIM_MNGR]  297 EN_SIM:Non cache data request()!!

11-30 15:55:15.387   363   844 I MAL-Daemon: [SIM_MNGR] 1434 EN_SIM:EVENT_MDMNGR_ATCMD_RESP,event_id = 205, event_req = 0xf719e600, result = 1, str = (ERROR


11-30 15:55:15.387   363   844 I MAL-Daemon: )

11-30 15:55:15.387   363   844 I MAL-Daemon: [SIM_MNGR] 1485 EN_SIM:atcmd = (AT+ESIMAPP=0)

11-30 15:55:15.387   363   844 W MAL-Daemon: event_get_last_addr(): No data available!!

11-30 15:55:15.387   363   825 D MAL-Daemon: mdmngr_task_hdl(), receive event = 101 (vendor/mediatek/proprietary/frameworks/opt/mal/entity/mdmngr/mdmngr.c:36)

11-30 15:55:15.387   363   825 D MAL-Daemon: EVENT_MDMNGR_ATCMD_REQ@MDMNGR, priv_data = f719ea80, channel = 3, cmd = (AT+ESIMAPP=0) (vendor/mediatek/proprietary/frameworks/opt/mal/entity/mdmngr/mdmngr.c:67)

11-30 15:55:15.387   363   825 W MAL-Daemon: event_get_last_addr(): No data available!!

11-30 15:55:15.387   363   842 E MAL-Daemon: rilproxy_task_hdl(), receive event = 401

11-30 15:55:15.387   363   842 D MAL-Daemon: send ril request, request_id = 2130, serial_no = 116d100, length = 20000000, send_size = 32(20), fd = 30

11-30 15:55:15.387 31768 31792 E libEGL  : call to OpenGL ES API with no current context (logged once per thread)

11-30 15:55:15.387 31768 31792 D UE4     : FPlatformOpenGLDevice:Init

11-30 15:55:15.387 31768 31792 D UE4     : AndroidEGL::InitSurface 0, 1

11-30 15:55:15.387 31768 31792 D UE4     : AndroidEGL::InitSurface, Using width: 1280, height 720 

11-30 15:55:15.387 31768 31792 D UE4     : [GameActivity] [JAVA] - SetDesiredViewSize width=1280 and height=720

11-30 15:55:15.388 31768 31792 D UE4     : AndroidEGL::InitSurface, wnd: 0xef07b308, width: 1280, height 720 

11-30 15:55:15.388 31768 31792 D Surface : Surface::setBuffersUserDimensions(this=0xef07b300,w=1280,h=720)

11-30 15:55:15.388 31768 31792 D Surface : Surface::connect(this=0xef07b300,api=1)

11-30 15:55:15.388   356  6433 I BufferQueueProducer: [SurfaceView](this:0x7fa3fa5000,id:3013,api:1,p:31768,c:356) connect(P): api=1 producer=(31768:com.YourCompany.Proj) producerControlledByApp=true

11-30 15:55:15.388 31768 31792 W libEGL  : [ANDROID_RECORDABLE] format: 2

11-30 15:55:15.389 31768 31792 D mali_winsys: new_window_surface returns 0x3000

11-30 15:55:15.389 31768 31792 D UE4     : AndroidEGL::CreateEGLSurface() 0xf4d574c0

11-30 15:55:15.389 31768 31792 D UE4     : AndroidEGL::CreateEGLSurface(1), auxSurface = eglCreatePbufferSurface(), 1280x720

11-30 15:55:15.390 31768 31792 D UE4     : [2020.11.30-12.55.15:389][  0]LogRHI: Extension eglPresentationTimeANDROID Present

11-30 15:55:15.390 31768 31792 D UE4     : [2020.11.30-12.55.15:390][  0]LogRHI: Extension eglGetNextFrameIdANDROID NOT Available

11-30 15:55:15.390 31768 31792 D UE4     : [2020.11.30-12.55.15:390][  0]LogRHI: Extension eglGetCompositorTimingANDROID NOT Available

11-30 15:55:15.390 31768 31792 D UE4     : [2020.11.30-12.55.15:390][  0]LogRHI: Extension eglGetFrameTimestampsANDROID NOT Available

11-30 15:55:15.390 31768 31792 D UE4     : [2020.11.30-12.55.15:390][  0]LogRHI: Extension eglQueryTimestampSupportedANDROID NOT Available

11-30 15:55:15.390 31768 31792 D UE4     : [2020.11.30-12.55.15:390][  0]LogRHI: Extension eglGetCompositorTimingSupportedANDROID NOT Available

11-30 15:55:15.390 31768 31792 D UE4     : [2020.11.30-12.55.15:390][  0]LogRHI: Extension eglGetFrameTimestampsSupportedANDROID NOT Available

11-30 15:55:15.390   363   840 D MAL-Daemon: recv ril resp, length = 28, type = 0, result = 0, serial_no = 116d100

11-30 15:55:15.390   363   840 D MAL-Daemon: event_id = 401

11-30 15:55:15.390   363   840 I MAL-Daemon: mdfx_event_do_statistic(): [STATISTIC] TID = 840 has used 1739117844 bytes!!

11-30 15:55:15.390   363   840 I MAL-Daemon: mdfx_event_do_statistic(): [STATISTIC] TID = 840 has used 1739071944 bytes!!

11-30 15:55:15.390   363   840 I MAL-Daemon: mdfx_event_do_statistic(): [STATISTIC] TID = 840 has used 1739026044 bytes!!

11-30 15:55:15.390   363   825 D MAL-Daemon: mdmngr_task_hdl(), receive event = 102 (vendor/mediatek/proprietary/frameworks/opt/mal/entity/mdmngr/mdmngr.c:36)

11-30 15:55:15.391   363   825 D MAL-Daemon: EVENT_MDMNGR_ATCMD_RESP@MDMNGR (vendor/mediatek/proprietary/frameworks/opt/mal/entity/mdmngr/mdmngr.c:115)

11-30 15:55:15.391   363   825 D MAL-Daemon: event_req = f719ea80, ID = 101 (vendor/mediatek/proprietary/frameworks/opt/mal/entity/mdmngr/mdmngr.c:122)

11-30 15:55:15.391   363   825 D MAL-Daemon: atcmd_resp->priv_data = f719e600 (vendor/mediatek/proprietary/frameworks/opt/mal/entity/mdmngr/mdmngr.c:125)

11-30 15:55:15.391   363   844 E MAL-Daemon: [SIM_MNGR]  297 EN_SIM:Non cache data request()!!

11-30 15:55:15.391   363   844 I MAL-Daemon: [SIM_MNGR] 1434 EN_SIM:EVENT_MDMNGR_ATCMD_RESP,event_id = 205, event_req = 0xf719e600, result = 1, str = (ERROR


11-30 15:55:15.391   363   844 I MAL-Daemon: )

11-30 15:55:15.391 31768 31792 D UE4     : [2020.11.30-12.55.15:391][  0]LogRHI: Initializing OpenGL RHI

11-30 15:55:15.391   363   847 I MAL-Daemon: mdfx_event_do_statistic(): [STATISTIC] TID = 847 has used 4387268 bytes!!

11-30 15:55:15.391   363   847 I MAL-Daemon: mdfx_event_do_statistic(): [STATISTIC] TID = 847 has used 4341368 bytes!!

11-30 15:55:15.391 31768 31792 D UE4     : [2020.11.30-12.55.15:391][  0]LogRHI:   GL_VENDOR: ARM

11-30 15:55:15.391   363   847 W MAL-Daemon: [SIM_MNGR]  185 EN_SIM:simmngr_cache_load() SIM Type need retry result=1!!

11-30 15:55:15.391 31768 31792 D UE4     : [2020.11.30-12.55.15:391][  0]LogRHI:   GL_RENDERER: Mali-T880

11-30 15:55:15.391 31768 31792 D UE4     : [2020.11.30-12.55.15:391][  0]LogRHI:   GL_VERSION: OpenGL ES 3.1 v1.r7p0-02rel0.948612737e9aa7b431a5c9b2a197dce2

11-30 15:55:15.391 31768 31792 D UE4     : [2020.11.30-12.55.15:391][  0]LogRHI:   GL_SHADING_LANGUAGE_VERSION: OpenGL ES GLSL ES 3.10

11-30 15:55:15.391 31768 31792 D UE4     : [2020.11.30-12.55.15:391][  0]LogRHI: OpenGL Extensions:

11-30 15:55:15.391 31768 31792 D UE4     : [2020.11.30-12.55.15:391][  0]LogRHI:   GL_EXT_debug_marker

11-30 15:55:15.391 31768 31792 D UE4     : [2020.11.30-12.55.15:391][  0]LogRHI:   GL_ARM_rgba8

11-30 15:55:15.391 31768 31792 D UE4     : [2020.11.30-12.55.15:391][  0]LogRHI:   GL_ARM_mali_shader_binary

11-30 15:55:15.391 31768 31792 D UE4     : [2020.11.30-12.55.15:391][  0]LogRHI:   GL_OES_depth24

11-30 15:55:15.392 31768 31792 D UE4     : [2020.11.30-12.55.15:392][  0]LogRHI:   GL_OES_depth_texture

11-30 15:55:15.392 31768 31792 D UE4     : [2020.11.30-12.55.15:392][  0]LogRHI:   GL_OES_depth_texture_cube_map

11-30 15:55:15.392 31768 31792 D UE4     : [2020.11.30-12.55.15:392][  0]LogRHI:   GL_OES_packed_depth_stencil

11-30 15:55:15.392 31768 31792 D UE4     : [2020.11.30-12.55.15:392][  0]LogRHI:   GL_OES_rgb8_rgba8

11-30 15:55:15.392 31768 31792 D UE4     : [2020.11.30-12.55.15:392][  0]LogRHI:   GL_EXT_read_format_bgra

11-30 15:55:15.392 31768 31792 D UE4     : [2020.11.30-12.55.15:392][  0]LogRHI:   GL_OES_compressed_paletted_texture

11-30 15:55:15.392 31768 31792 D UE4     : [2020.11.30-12.55.15:392][  0]LogRHI:   GL_OES_compressed_ETC1_RGB8_texture

11-30 15:55:15.392 31768 31792 D UE4     : [2020.11.30-12.55.15:392][  0]LogRHI:   GL_OES_standard_derivatives

11-30 15:55:15.392 31768 31792 D UE4     : [2020.11.30-12.55.15:392][  0]LogRHI:   GL_OES_EGL_image

11-30 15:55:15.392 31768 31792 D UE4     : [2020.11.30-12.55.15:392][  0]LogRHI:   GL_OES_EGL_image_external

11-30 15:55:15.392 31768 31792 D UE4     : [2020.11.30-12.55.15:392][  0]LogRHI:   GL_OES_EGL_sync

11-30 15:55:15.392 31768 31792 D UE4     : [2020.11.30-12.55.15:392][  0]LogRHI:   GL_OES_texture_npot

11-30 15:55:15.392 31768 31792 D UE4     : [2020.11.30-12.55.15:392][  0]LogRHI:   GL_OES_vertex_half_float

11-30 15:55:15.392 31768 31792 D UE4     : [2020.11.30-12.55.15:392][  0]LogRHI:   GL_OES_required_internalformat

11-30 15:55:15.393 31768 31792 D UE4     : [2020.11.30-12.55.15:392][  0]LogRHI:   GL_OES_vertex_array_object

11-30 15:55:15.393 31768 31792 D UE4     : [2020.11.30-12.55.15:393][  0]LogRHI:   GL_OES_mapbuffer

11-30 15:55:15.393 31768 31792 D UE4     : [2020.11.30-12.55.15:393][  0]LogRHI:   GL_EXT_texture_format_BGRA8888

11-30 15:55:15.393 31768 31792 D UE4     : [2020.11.30-12.55.15:393][  0]LogRHI:   GL_EXT_texture_rg

11-30 15:55:15.393 31768 31792 D UE4     : [2020.11.30-12.55.15:393][  0]LogRHI:   GL_EXT_texture_type_2_10_10_10_REV

11-30 15:55:15.393 31768 31792 D UE4     : [2020.11.30-12.55.15:393][  0]LogRHI:   GL_OES_fbo_render_mipmap

11-30 15:55:15.393 31768 31792 D UE4     : [2020.11.30-12.55.15:393][  0]LogRHI:   GL_OES_element_index_uint

11-30 15:55:15.393 31768 31792 D UE4     : [2020.11.30-12.55.15:393][  0]LogRHI:   GL_EXT_shadow_samplers

11-30 15:55:15.393 31768 31792 D UE4     : [2020.11.30-12.55.15:393][  0]LogRHI:   GL_OES_texture_compression_astc

11-30 15:55:15.393 31768 31792 D UE4     : [2020.11.30-12.55.15:393][  0]LogRHI:   GL_KHR_texture_compression_astc_ldr

11-30 15:55:15.393 31768 31792 D UE4     : [2020.11.30-12.55.15:393][  0]LogRHI:   GL_KHR_texture_compression_astc_hdr

11-30 15:55:15.393 31768 31792 D UE4     : [2020.11.30-12.55.15:393][  0]LogRHI:   GL_KHR_debug

11-30 15:55:15.393 31768 31792 D UE4     : [2020.11.30-12.55.15:393][  0]LogRHI:   GL_EXT_occlusion_query_boolean

11-30 15:55:15.393 31768 31792 D UE4     : [2020.11.30-12.55.15:393][  0]LogRHI:   GL_EXT_disjoint_timer_query

11-30 15:55:15.393 31768 31792 D UE4     : [2020.11.30-12.55.15:393][  0]LogRHI:   GL_EXT_blend_minmax

11-30 15:55:15.394 31768 31792 D UE4     : [2020.11.30-12.55.15:394][  0]LogRHI:   GL_EXT_discard_framebuffer

11-30 15:55:15.394 31768 31792 D UE4     : [2020.11.30-12.55.15:394][  0]LogRHI:   GL_OES_get_program_binary

11-30 15:55:15.394 31768 31792 D UE4     : [2020.11.30-12.55.15:394][  0]LogRHI:   GL_OES_texture_3D

11-30 15:55:15.394 31768 31792 D UE4     : [2020.11.30-12.55.15:394][  0]LogRHI:   GL_EXT_texture_storage

11-30 15:55:15.394 31768 31792 D UE4     : [2020.11.30-12.55.15:394][  0]LogRHI:   GL_EXT_multisampled_render_to_texture

11-30 15:55:15.394 31768 31792 D UE4     : [2020.11.30-12.55.15:394][  0]LogRHI:   GL_OES_surfaceless_context

11-30 15:55:15.394 31768 31792 D UE4     : [2020.11.30-12.55.15:394][  0]LogRHI:   GL_OES_texture_stencil8

11-30 15:55:15.394 31768 31792 D UE4     : [2020.11.30-12.55.15:394][  0]LogRHI:   GL_EXT_shader_pixel_local_storage

11-30 15:55:15.394 31768 31792 D UE4     : [2020.11.30-12.55.15:394][  0]LogRHI:   GL_ARM_shader_framebuffer_fetch

11-30 15:55:15.394 31768 31792 D UE4     : [2020.11.30-12.55.15:394][  0]LogRHI:   GL_ARM_shader_framebuffer_fetch_depth_stencil

11-30 15:55:15.394 31768 31792 D UE4     : [2020.11.30-12.55.15:394][  0]LogRHI:   GL_ARM_mali_program_binary

11-30 15:55:15.394 31768 31792 D UE4     : [2020.11.30-12.55.15:394][  0]LogRHI:   GL_EXT_sRGB

11-30 15:55:15.394 31768 31792 D UE4     : [2020.11.30-12.55.15:394][  0]LogRHI:   GL_EXT_sRGB_write_control

11-30 15:55:15.394 31768 31792 D UE4     : [2020.11.30-12.55.15:394][  0]LogRHI:   GL_EXT_texture_sRGB_decode

11-30 15:55:15.395 31768 31792 D UE4     : [2020.11.30-12.55.15:395][  0]LogRHI:   GL_KHR_blend_equation_advanced

11-30 15:55:15.395 31768 31792 D UE4     : [2020.11.30-12.55.15:395][  0]LogRHI:   GL_KHR_blend_equation_advanced_coherent

11-30 15:55:15.395 31768 31792 D UE4     : [2020.11.30-12.55.15:395][  0]LogRHI:   GL_OES_texture_storage_multisample_2d_array

11-30 15:55:15.395 31768 31792 D UE4     : [2020.11.30-12.55.15:395][  0]LogRHI:   GL_OES_shader_image_atomic

11-30 15:55:15.395 31768 31792 D UE4     : [2020.11.30-12.55.15:395][  0]LogRHI:   GL_EXT_robustness

11-30 15:55:15.395 31768 31792 D UE4     : [2020.11.30-12.55.15:395][  0]LogRHI:   GL_EXT_draw_buffers_indexed

11-30 15:55:15.395 31768 31792 D UE4     : [2020.11.30-12.55.15:395][  0]LogRHI:   GL_OES_draw_buffers_indexed

11-30 15:55:15.395 31768 31792 D UE4     : [2020.11.30-12.55.15:395][  0]LogRHI:   GL_EXT_texture_border_clamp

11-30 15:55:15.395 31768 31792 D UE4     : [2020.11.30-12.55.15:395][  0]LogRHI:   GL_OES_texture_border_clamp

11-30 15:55:15.395 31768 31792 D UE4     : [2020.11.30-12.55.15:395][  0]LogRHI:   GL_EXT_texture_cube_map_array

11-30 15:55:15.395 31768 31792 D UE4     : [2020.11.30-12.55.15:395][  0]LogRHI:   GL_OES_texture_cube_map_array

11-30 15:55:15.395 31768 31792 D UE4     : [2020.11.30-12.55.15:395][  0]LogRHI:   GL_OES_sample_variables

11-30 15:55:15.395 31768 31792 D UE4     : [2020.11.30-12.55.15:395][  0]LogRHI:   GL_OES_sample_shading

11-30 15:55:15.395 31768 31792 D UE4     : [2020.11.30-12.55.15:395][  0]LogRHI:   GL_OES_shader_multisample_interpolation

11-30 15:55:15.396 31768 31792 D UE4     : [2020.11.30-12.55.15:396][  0]LogRHI:   GL_EXT_shader_io_blocks

11-30 15:55:15.396 31768 31792 D UE4     : [2020.11.30-12.55.15:396][  0]LogRHI:   GL_OES_shader_io_blocks

11-30 15:55:15.396 31768 31792 D UE4     : [2020.11.30-12.55.15:396][  0]LogRHI:   GL_EXT_tessellation_shader

11-30 15:55:15.396 31768 31792 D UE4     : [2020.11.30-12.55.15:396][  0]LogRHI:   GL_OES_tessellation_shader

11-30 15:55:15.396 31768 31792 D UE4     : [2020.11.30-12.55.15:396][  0]LogRHI:   GL_EXT_primitive_bounding_box

11-30 15:55:15.396 31768 31792 D UE4     : [2020.11.30-12.55.15:396][  0]LogRHI:   GL_OES_primitive_bounding_box

11-30 15:55:15.396 31768 31792 D UE4     : [2020.11.30-12.55.15:396][  0]LogRHI:   GL_EXT_geometry_shader

11-30 15:55:15.396 31768 31792 D UE4     : [2020.11.30-12.55.15:396][  0]LogRHI:   GL_OES_geometry_shader

11-30 15:55:15.396 31768 31792 D UE4     : [2020.11.30-12.55.15:396][  0]LogRHI:   GL_ANDROID_extension_pack_es31a

11-30 15:55:15.396 31768 31792 D UE4     : [2020.11.30-12.55.15:396][  0]LogRHI:   GL_EXT_gpu_shader5

11-30 15:55:15.396 31768 31792 D UE4     : [2020.11.30-12.55.15:396][  0]LogRHI:   GL_OES_gpu_shader5

11-30 15:55:15.396 31768 31792 D UE4     : [2020.11.30-12.55.15:396][  0]LogRHI:   GL_EXT_texture_buffer

11-30 15:55:15.396 31768 31792 D UE4     : [2020.11.30-12.55.15:396][  0]LogRHI:   GL_OES_texture_buffer

11-30 15:55:15.396 31768 31792 D UE4     : [2020.11.30-12.55.15:396][  0]LogRHI:   GL_EXT_copy_image

11-30 15:55:15.396 31768 31792 D UE4     : [2020.11.30-12.55.15:396][  0]LogRHI:   GL_OES_copy_image

11-30 15:55:15.397 31768 31792 D UE4     : [2020.11.30-12.55.15:397][  0]LogRHI:   GL_EXT_color_buffer_half_float

11-30 15:55:15.397 31768 31792 D UE4     : [2020.11.30-12.55.15:397][  0]LogRHI:   GL_EXT_color_buffer_float

11-30 15:55:15.397 31768 31792 D UE4     : [2020.11.30-12.55.15:397][  0]LogRHI:   GL_MAX_VERTEX_ATTRIBS: 16

11-30 15:55:15.397 31768 31792 D UE4     : [2020.11.30-12.55.15:397][  0]LogRHI:   GL_MAX_VARYING_VECTORS: 15

11-30 15:55:15.397 31768 31792 D UE4     : [2020.11.30-12.55.15:397][  0]LogRHI:   GL_MAX_VERTEX_UNIFORM_VECTORS: 1024

11-30 15:55:15.397 31768 31792 D UE4     : [2020.11.30-12.55.15:397][  0]LogRHI:   GL_MAX_FRAGMENT_UNIFORM_VECTORS: 1024

11-30 15:55:15.397 31768 31792 D UE4     : [2020.11.30-12.55.15:397][  0]LogRHI:   GL_TEXTURE_BUFFER_OFFSET_ALIGNMENT: 64

11-30 15:55:15.397 31768 31792 D UE4     : [2020.11.30-12.55.15:397][  0]LogRHI: Fragment shader lowp precision: 10

